[0.093s] Invoking command in '/home/rhobtor/PHD/j8_control/J8_control/build/path_manager_interfaces': CMAKE_PREFIX_PATH=${CMAKE_PREFIX_PATH}:/home/rhobtor/PHD/path_dem/install_navigation/path_dem:/home/rhobtor/PHD/path_dem/install/path_dem:/home/rhobtor/PHD/install_global_belief_final/path_dem:/home/rhobtor/PHD/ARGOSJ8_IA/ARGOSJ8_IA_/install/car:/home/rhobtor/PHD/ARGOSJ8_IA/ARGOSJ8_IA_/install/ntrip_client:/home/rhobtor/PHD/ARGOSJ8_IA/ARGOSJ8_IA_/install/j8_gui:/home/rhobtor/PHD/ARGOSJ8_IA/ARGOSJ8_IA_/install/gui:/home/rhobtor/PHD/ARGOSJ8_IA/ARGOSJ8_IA_/install/android_ros2_server:/home/rhobtor/PHD/ARGOSJ8_IA/ARGOSJ8_IA_/install/GUI_pkg:/home/rhobtor/PHD/model_terrain_ugv/Model_terrain_ugv/install/model_terrain:/opt/ros/humble /usr/bin/cmake /home/rhobtor/PHD/j8_control/J8_control/src/path_manager/path_manager_interfaces -DCMAKE_INSTALL_PREFIX=/home/rhobtor/PHD/j8_control/J8_control/install/path_manager_interfaces
[1.338s] -- The C compiler identification is GNU 11.4.0
[1.338s] -- The CXX compiler identification is GNU 11.4.0
[1.338s] -- Detecting C compiler ABI info
[1.339s] -- Detecting C compiler ABI info - done
[1.339s] -- Check for working C compiler: /usr/bin/cc - skipped
[1.339s] -- Detecting C compile features
[1.339s] -- Detecting C compile features - done
[1.339s] -- Detecting CXX compiler ABI info
[1.339s] -- Detecting CXX compiler ABI info - done
[1.339s] -- Check for working CXX compiler: /usr/bin/c++ - skipped
[1.339s] -- Detecting CXX compile features
[1.339s] -- Detecting CXX compile features - done
[1.339s] -- Found ament_cmake: 1.3.14 (/opt/ros/humble/share/ament_cmake/cmake)
[1.339s] -- Found Python3: /usr/bin/python3 (found version "3.10.12") found components: Interpreter 
[1.339s] -- Found rosidl_default_generators: 1.2.1 (/opt/ros/humble/share/rosidl_default_generators/cmake)
[1.339s] -- Using all available rosidl_typesupport_c: rosidl_typesupport_fastrtps_c;rosidl_typesupport_introspection_c
[1.339s] -- Found rosidl_adapter: 3.1.9 (/opt/ros/humble/share/rosidl_adapter/cmake)
[1.339s] -- Using all available rosidl_typesupport_cpp: rosidl_typesupport_fastrtps_cpp;rosidl_typesupport_introspection_cpp
[1.339s] -- Found std_msgs: 4.9.2 (/opt/ros/humble/share/std_msgs/cmake)
[1.340s] -- Found nav_msgs: 4.9.2 (/opt/ros/humble/share/nav_msgs/cmake)
[1.619s] -- Found ament_cmake_ros: 0.10.0 (/opt/ros/humble/share/ament_cmake_ros/cmake)
[1.966s] -- Using all available rosidl_typesupport_c: rosidl_typesupport_fastrtps_c;rosidl_typesupport_introspection_c
[2.489s] -- Using all available rosidl_typesupport_cpp: rosidl_typesupport_fastrtps_cpp;rosidl_typesupport_introspection_cpp
[2.529s] -- Found PythonInterp: /usr/bin/python3 (found suitable version "3.10.12", minimum required is "3.6") 
[2.533s] -- Found python_cmake_module: 0.10.0 (/opt/ros/humble/share/python_cmake_module/cmake)
[2.568s] -- Found PythonLibs: /usr/lib/x86_64-linux-gnu/libpython3.10.so (found suitable version "3.10.12", minimum required is "3.5") 
[2.568s] -- Using PYTHON_EXECUTABLE: /usr/bin/python3
[2.568s] -- Using PYTHON_INCLUDE_DIRS: /usr/include/python3.10
[2.568s] -- Using PYTHON_LIBRARIES: /usr/lib/x86_64-linux-gnu/libpython3.10.so
[2.601s] -- Found PythonExtra: .so  
[2.938s] -- Configuring done
[3.040s] -- Generating done
[3.061s] -- Build files have been written to: /home/rhobtor/PHD/j8_control/J8_control/build/path_manager_interfaces
[3.121s] Invoked command in '/home/rhobtor/PHD/j8_control/J8_control/build/path_manager_interfaces' returned '0': CMAKE_PREFIX_PATH=${CMAKE_PREFIX_PATH}:/home/rhobtor/PHD/path_dem/install_navigation/path_dem:/home/rhobtor/PHD/path_dem/install/path_dem:/home/rhobtor/PHD/install_global_belief_final/path_dem:/home/rhobtor/PHD/ARGOSJ8_IA/ARGOSJ8_IA_/install/car:/home/rhobtor/PHD/ARGOSJ8_IA/ARGOSJ8_IA_/install/ntrip_client:/home/rhobtor/PHD/ARGOSJ8_IA/ARGOSJ8_IA_/install/j8_gui:/home/rhobtor/PHD/ARGOSJ8_IA/ARGOSJ8_IA_/install/gui:/home/rhobtor/PHD/ARGOSJ8_IA/ARGOSJ8_IA_/install/android_ros2_server:/home/rhobtor/PHD/ARGOSJ8_IA/ARGOSJ8_IA_/install/GUI_pkg:/home/rhobtor/PHD/model_terrain_ugv/Model_terrain_ugv/install/model_terrain:/opt/ros/humble /usr/bin/cmake /home/rhobtor/PHD/j8_control/J8_control/src/path_manager/path_manager_interfaces -DCMAKE_INSTALL_PREFIX=/home/rhobtor/PHD/j8_control/J8_control/install/path_manager_interfaces
[3.122s] Invoking command in '/home/rhobtor/PHD/j8_control/J8_control/build/path_manager_interfaces': CMAKE_PREFIX_PATH=${CMAKE_PREFIX_PATH}:/home/rhobtor/PHD/path_dem/install_navigation/path_dem:/home/rhobtor/PHD/path_dem/install/path_dem:/home/rhobtor/PHD/install_global_belief_final/path_dem:/home/rhobtor/PHD/ARGOSJ8_IA/ARGOSJ8_IA_/install/car:/home/rhobtor/PHD/ARGOSJ8_IA/ARGOSJ8_IA_/install/ntrip_client:/home/rhobtor/PHD/ARGOSJ8_IA/ARGOSJ8_IA_/install/j8_gui:/home/rhobtor/PHD/ARGOSJ8_IA/ARGOSJ8_IA_/install/gui:/home/rhobtor/PHD/ARGOSJ8_IA/ARGOSJ8_IA_/install/android_ros2_server:/home/rhobtor/PHD/ARGOSJ8_IA/ARGOSJ8_IA_/install/GUI_pkg:/home/rhobtor/PHD/model_terrain_ugv/Model_terrain_ugv/install/model_terrain:/opt/ros/humble /usr/bin/cmake --build /home/rhobtor/PHD/j8_control/J8_control/build/path_manager_interfaces -- -j20 -l20
[3.891s] [  1%] [34m[1mGenerating C code for ROS interfaces[0m
[3.891s] [  2%] [34m[1mGenerating Rust code for ROS interfaces[0m
[3.891s] [  2%] Built target ament_cmake_python_copy_path_manager_interfaces
[3.891s] [  3%] [34m[1mGenerating C++ code for ROS interfaces[0m
[3.980s] running egg_info
[4.052s] creating path_manager_interfaces.egg-info
[4.055s] writing path_manager_interfaces.egg-info/PKG-INFO
[4.055s] writing dependency_links to path_manager_interfaces.egg-info/dependency_links.txt
[4.056s] writing top-level names to path_manager_interfaces.egg-info/top_level.txt
[4.056s] writing manifest file 'path_manager_interfaces.egg-info/SOURCES.txt'
[4.196s] reading manifest file 'path_manager_interfaces.egg-info/SOURCES.txt'
[4.196s] writing manifest file 'path_manager_interfaces.egg-info/SOURCES.txt'
[4.394s] [  3%] Built target ament_cmake_python_build_path_manager_interfaces_egg
[4.638s] [  3%] Built target path_manager_interfaces__rs
[6.088s] [  3%] Built target path_manager_interfaces__cpp
[6.143s] [  4%] [34m[1mGenerating C++ type support for eProsima Fast-RTPS[0m
[6.155s] [  5%] [34m[1mGenerating C++ introspection for ROS interfaces[0m
[6.170s] [  6%] [34m[1mGenerating C++ type support dispatch for ROS interfaces[0m
[6.224s] [  7%] [32mBuilding C object CMakeFiles/path_manager_interfaces__rosidl_generator_c.dir/rosidl_generator_c/path_manager_interfaces/srv/detail/write_path_to_file__functions.c.o[0m
[6.252s] [  9%] [32mBuilding C object CMakeFiles/path_manager_interfaces__rosidl_generator_c.dir/rosidl_generator_c/path_manager_interfaces/srv/detail/read_path_from_file__functions.c.o[0m
[6.263s] [ 10%] [32mBuilding C object CMakeFiles/path_manager_interfaces__rosidl_generator_c.dir/rosidl_generator_c/path_manager_interfaces/srv/detail/get_fix_frame_path__functions.c.o[0m
[6.263s] [ 11%] [32mBuilding C object CMakeFiles/path_manager_interfaces__rosidl_generator_c.dir/rosidl_generator_c/path_manager_interfaces/srv/detail/robot_path__functions.c.o[0m
[6.263s] [ 13%] [32mBuilding C object CMakeFiles/path_manager_interfaces__rosidl_generator_c.dir/rosidl_generator_c/path_manager_interfaces/srv/detail/get_ll_path__functions.c.o[0m
[6.265s] [ 13%] [32mBuilding C object CMakeFiles/path_manager_interfaces__rosidl_generator_c.dir/rosidl_generator_c/path_manager_interfaces/srv/detail/plan_path__functions.c.o[0m
[6.269s] [ 14%] [32mBuilding C object CMakeFiles/path_manager_interfaces__rosidl_generator_c.dir/rosidl_generator_c/path_manager_interfaces/srv/detail/return_robot_path__functions.c.o[0m
[6.297s] [ 15%] [32mBuilding C object CMakeFiles/path_manager_interfaces__rosidl_generator_c.dir/rosidl_generator_c/path_manager_interfaces/srv/detail/assist_emergency__functions.c.o[0m
[6.551s] [ 17%] [32m[1mLinking C shared library libpath_manager_interfaces__rosidl_generator_c.so[0m
[6.821s] [ 17%] Built target path_manager_interfaces__rosidl_generator_c
[6.871s] [ 18%] [34m[1mGenerating C type support for eProsima Fast-RTPS[0m
[6.875s] [ 19%] [34m[1mGenerating C type support dispatch for ROS interfaces[0m
[6.880s] [ 20%] [34m[1mGenerating C introspection for ROS interfaces[0m
[8.323s] [ 21%] [32mBuilding CXX object CMakeFiles/path_manager_interfaces__rosidl_typesupport_introspection_cpp.dir/rosidl_typesupport_introspection_cpp/path_manager_interfaces/srv/detail/write_path_to_file__type_support.cpp.o[0m
[8.326s] [ 23%] [32mBuilding CXX object CMakeFiles/path_manager_interfaces__rosidl_typesupport_introspection_cpp.dir/rosidl_typesupport_introspection_cpp/path_manager_interfaces/srv/detail/read_path_from_file__type_support.cpp.o[0m
[8.326s] [ 23%] [32mBuilding CXX object CMakeFiles/path_manager_interfaces__rosidl_typesupport_introspection_cpp.dir/rosidl_typesupport_introspection_cpp/path_manager_interfaces/srv/detail/get_ll_path__type_support.cpp.o[0m
[8.332s] [ 25%] [32mBuilding CXX object CMakeFiles/path_manager_interfaces__rosidl_typesupport_introspection_cpp.dir/rosidl_typesupport_introspection_cpp/path_manager_interfaces/srv/detail/return_robot_path__type_support.cpp.o[0m
[8.336s] [ 26%] [32mBuilding CXX object CMakeFiles/path_manager_interfaces__rosidl_typesupport_introspection_cpp.dir/rosidl_typesupport_introspection_cpp/path_manager_interfaces/srv/detail/robot_path__type_support.cpp.o[0m
[8.336s] [ 27%] [32mBuilding CXX object CMakeFiles/path_manager_interfaces__rosidl_typesupport_introspection_cpp.dir/rosidl_typesupport_introspection_cpp/path_manager_interfaces/srv/detail/get_fix_frame_path__type_support.cpp.o[0m
[8.357s] [ 29%] [32mBuilding CXX object CMakeFiles/path_manager_interfaces__rosidl_typesupport_introspection_cpp.dir/rosidl_typesupport_introspection_cpp/path_manager_interfaces/srv/detail/assist_emergency__type_support.cpp.o[0m
[8.357s] [ 29%] [32mBuilding CXX object CMakeFiles/path_manager_interfaces__rosidl_typesupport_introspection_cpp.dir/rosidl_typesupport_introspection_cpp/path_manager_interfaces/srv/detail/plan_path__type_support.cpp.o[0m
[9.116s] [ 31%] [32mBuilding CXX object CMakeFiles/path_manager_interfaces__rosidl_typesupport_cpp.dir/rosidl_typesupport_cpp/path_manager_interfaces/srv/write_path_to_file__type_support.cpp.o[0m
[9.122s] [ 31%] [32mBuilding CXX object CMakeFiles/path_manager_interfaces__rosidl_typesupport_cpp.dir/rosidl_typesupport_cpp/path_manager_interfaces/srv/read_path_from_file__type_support.cpp.o[0m
[9.136s] [ 32%] [32mBuilding CXX object CMakeFiles/path_manager_interfaces__rosidl_typesupport_cpp.dir/rosidl_typesupport_cpp/path_manager_interfaces/srv/return_robot_path__type_support.cpp.o[0m
[9.151s] [ 34%] [32mBuilding CXX object CMakeFiles/path_manager_interfaces__rosidl_typesupport_cpp.dir/rosidl_typesupport_cpp/path_manager_interfaces/srv/robot_path__type_support.cpp.o[0m
[9.151s] [ 35%] [32mBuilding CXX object CMakeFiles/path_manager_interfaces__rosidl_typesupport_cpp.dir/rosidl_typesupport_cpp/path_manager_interfaces/srv/get_ll_path__type_support.cpp.o[0m
[9.151s] [ 36%] [32mBuilding CXX object CMakeFiles/path_manager_interfaces__rosidl_typesupport_cpp.dir/rosidl_typesupport_cpp/path_manager_interfaces/srv/get_fix_frame_path__type_support.cpp.o[0m
[9.156s] [ 37%] [32mBuilding CXX object CMakeFiles/path_manager_interfaces__rosidl_typesupport_cpp.dir/rosidl_typesupport_cpp/path_manager_interfaces/srv/assist_emergency__type_support.cpp.o[0m
[9.175s] [ 38%] [32mBuilding CXX object CMakeFiles/path_manager_interfaces__rosidl_typesupport_cpp.dir/rosidl_typesupport_cpp/path_manager_interfaces/srv/plan_path__type_support.cpp.o[0m
[9.602s] [ 39%] [32mBuilding CXX object CMakeFiles/path_manager_interfaces__rosidl_typesupport_c.dir/rosidl_typesupport_c/path_manager_interfaces/srv/write_path_to_file__type_support.cpp.o[0m
[9.609s] [ 40%] [32mBuilding CXX object CMakeFiles/path_manager_interfaces__rosidl_typesupport_c.dir/rosidl_typesupport_c/path_manager_interfaces/srv/read_path_from_file__type_support.cpp.o[0m
[9.618s] [ 42%] [32mBuilding CXX object CMakeFiles/path_manager_interfaces__rosidl_typesupport_c.dir/rosidl_typesupport_c/path_manager_interfaces/srv/robot_path__type_support.cpp.o[0m
[9.624s] [ 43%] [32mBuilding CXX object CMakeFiles/path_manager_interfaces__rosidl_typesupport_c.dir/rosidl_typesupport_c/path_manager_interfaces/srv/return_robot_path__type_support.cpp.o[0m
[9.735s] [ 44%] [32mBuilding CXX object CMakeFiles/path_manager_interfaces__rosidl_typesupport_c.dir/rosidl_typesupport_c/path_manager_interfaces/srv/get_fix_frame_path__type_support.cpp.o[0m
[9.759s] [ 45%] [32mBuilding CXX object CMakeFiles/path_manager_interfaces__rosidl_typesupport_c.dir/rosidl_typesupport_c/path_manager_interfaces/srv/get_ll_path__type_support.cpp.o[0m
[9.761s] [ 46%] [32mBuilding CXX object CMakeFiles/path_manager_interfaces__rosidl_typesupport_c.dir/rosidl_typesupport_c/path_manager_interfaces/srv/plan_path__type_support.cpp.o[0m
[9.853s] [ 47%] [32mBuilding CXX object CMakeFiles/path_manager_interfaces__rosidl_typesupport_c.dir/rosidl_typesupport_c/path_manager_interfaces/srv/assist_emergency__type_support.cpp.o[0m
[9.963s] [ 48%] [32m[1mLinking CXX shared library libpath_manager_interfaces__rosidl_typesupport_c.so[0m
[10.087s] [ 50%] [32mBuilding CXX object CMakeFiles/path_manager_interfaces__rosidl_typesupport_fastrtps_cpp.dir/rosidl_typesupport_fastrtps_cpp/path_manager_interfaces/srv/detail/dds_fastrtps/read_path_from_file__type_support.cpp.o[0m
[10.087s] [ 51%] [32mBuilding CXX object CMakeFiles/path_manager_interfaces__rosidl_typesupport_fastrtps_cpp.dir/rosidl_typesupport_fastrtps_cpp/path_manager_interfaces/srv/detail/dds_fastrtps/write_path_to_file__type_support.cpp.o[0m
[10.088s] [ 52%] [32mBuilding C object CMakeFiles/path_manager_interfaces__rosidl_typesupport_introspection_c.dir/rosidl_typesupport_introspection_c/path_manager_interfaces/srv/detail/read_path_from_file__type_support.c.o[0m
[10.101s] [ 53%] [32mBuilding C object CMakeFiles/path_manager_interfaces__rosidl_typesupport_introspection_c.dir/rosidl_typesupport_introspection_c/path_manager_interfaces/srv/detail/write_path_to_file__type_support.c.o[0m
[10.101s] [ 54%] [32mBuilding CXX object CMakeFiles/path_manager_interfaces__rosidl_typesupport_fastrtps_cpp.dir/rosidl_typesupport_fastrtps_cpp/path_manager_interfaces/srv/detail/dds_fastrtps/robot_path__type_support.cpp.o[0m
[10.101s] [ 55%] [32mBuilding CXX object CMakeFiles/path_manager_interfaces__rosidl_typesupport_fastrtps_cpp.dir/rosidl_typesupport_fastrtps_cpp/path_manager_interfaces/srv/detail/dds_fastrtps/return_robot_path__type_support.cpp.o[0m
[10.109s] [ 56%] [32mBuilding C object CMakeFiles/path_manager_interfaces__rosidl_typesupport_introspection_c.dir/rosidl_typesupport_introspection_c/path_manager_interfaces/srv/detail/return_robot_path__type_support.c.o[0m
[10.109s] [ 56%] Built target path_manager_interfaces__rosidl_typesupport_c
[10.116s] [ 57%] [32mBuilding C object CMakeFiles/path_manager_interfaces__rosidl_typesupport_introspection_c.dir/rosidl_typesupport_introspection_c/path_manager_interfaces/srv/detail/get_fix_frame_path__type_support.c.o[0m
[10.116s] [ 59%] [32mBuilding CXX object CMakeFiles/path_manager_interfaces__rosidl_typesupport_fastrtps_cpp.dir/rosidl_typesupport_fastrtps_cpp/path_manager_interfaces/srv/detail/dds_fastrtps/get_fix_frame_path__type_support.cpp.o[0m
[10.122s] [ 60%] [32mBuilding C object CMakeFiles/path_manager_interfaces__rosidl_typesupport_introspection_c.dir/rosidl_typesupport_introspection_c/path_manager_interfaces/srv/detail/robot_path__type_support.c.o[0m
[10.131s] [ 61%] [32mBuilding CXX object CMakeFiles/path_manager_interfaces__rosidl_typesupport_fastrtps_cpp.dir/rosidl_typesupport_fastrtps_cpp/path_manager_interfaces/srv/detail/dds_fastrtps/get_ll_path__type_support.cpp.o[0m
[10.147s] [ 62%] [32mBuilding CXX object CMakeFiles/path_manager_interfaces__rosidl_typesupport_fastrtps_cpp.dir/rosidl_typesupport_fastrtps_cpp/path_manager_interfaces/srv/detail/dds_fastrtps/plan_path__type_support.cpp.o[0m
[10.151s] [ 63%] [32mBuilding C object CMakeFiles/path_manager_interfaces__rosidl_typesupport_introspection_c.dir/rosidl_typesupport_introspection_c/path_manager_interfaces/srv/detail/get_ll_path__type_support.c.o[0m
[10.184s] [ 64%] [32mBuilding CXX object CMakeFiles/path_manager_interfaces__rosidl_typesupport_fastrtps_cpp.dir/rosidl_typesupport_fastrtps_cpp/path_manager_interfaces/srv/detail/dds_fastrtps/assist_emergency__type_support.cpp.o[0m
[10.184s] [ 65%] [32mBuilding C object CMakeFiles/path_manager_interfaces__rosidl_typesupport_introspection_c.dir/rosidl_typesupport_introspection_c/path_manager_interfaces/srv/detail/plan_path__type_support.c.o[0m
[10.184s] [ 67%] [32mBuilding C object CMakeFiles/path_manager_interfaces__rosidl_typesupport_introspection_c.dir/rosidl_typesupport_introspection_c/path_manager_interfaces/srv/detail/assist_emergency__type_support.c.o[0m
[10.213s] [ 68%] [32m[1mLinking CXX shared library libpath_manager_interfaces__rosidl_typesupport_cpp.so[0m
[10.361s] [ 69%] [32m[1mLinking C shared library libpath_manager_interfaces__rosidl_typesupport_introspection_c.so[0m
[10.372s] [ 70%] [32m[1mLinking CXX shared library libpath_manager_interfaces__rosidl_typesupport_introspection_cpp.so[0m
[10.402s] [ 70%] Built target path_manager_interfaces__rosidl_typesupport_cpp
[10.532s] [ 70%] Built target path_manager_interfaces__rosidl_typesupport_introspection_c
[10.606s] [ 71%] [32mBuilding CXX object CMakeFiles/path_manager_interfaces__rosidl_typesupport_fastrtps_c.dir/rosidl_typesupport_fastrtps_c/path_manager_interfaces/srv/detail/write_path_to_file__type_support_c.cpp.o[0m
[10.613s] [ 72%] [32mBuilding CXX object CMakeFiles/path_manager_interfaces__rosidl_typesupport_fastrtps_c.dir/rosidl_typesupport_fastrtps_c/path_manager_interfaces/srv/detail/return_robot_path__type_support_c.cpp.o[0m
[10.625s] [ 73%] [32mBuilding CXX object CMakeFiles/path_manager_interfaces__rosidl_typesupport_fastrtps_c.dir/rosidl_typesupport_fastrtps_c/path_manager_interfaces/srv/detail/robot_path__type_support_c.cpp.o[0m
[10.633s] [ 75%] [32mBuilding CXX object CMakeFiles/path_manager_interfaces__rosidl_typesupport_fastrtps_c.dir/rosidl_typesupport_fastrtps_c/path_manager_interfaces/srv/detail/get_fix_frame_path__type_support_c.cpp.o[0m
[10.634s] [ 76%] [32mBuilding CXX object CMakeFiles/path_manager_interfaces__rosidl_typesupport_fastrtps_c.dir/rosidl_typesupport_fastrtps_c/path_manager_interfaces/srv/detail/read_path_from_file__type_support_c.cpp.o[0m
[10.651s] [ 77%] [32mBuilding CXX object CMakeFiles/path_manager_interfaces__rosidl_typesupport_fastrtps_c.dir/rosidl_typesupport_fastrtps_c/path_manager_interfaces/srv/detail/get_ll_path__type_support_c.cpp.o[0m
[10.651s] [ 78%] [32mBuilding CXX object CMakeFiles/path_manager_interfaces__rosidl_typesupport_fastrtps_c.dir/rosidl_typesupport_fastrtps_c/path_manager_interfaces/srv/detail/plan_path__type_support_c.cpp.o[0m
[10.669s] [ 79%] [32mBuilding CXX object CMakeFiles/path_manager_interfaces__rosidl_typesupport_fastrtps_c.dir/rosidl_typesupport_fastrtps_c/path_manager_interfaces/srv/detail/assist_emergency__type_support_c.cpp.o[0m
[10.748s] [ 79%] Built target path_manager_interfaces__rosidl_typesupport_introspection_cpp
[11.895s] [ 80%] [32m[1mLinking CXX shared library libpath_manager_interfaces__rosidl_typesupport_fastrtps_cpp.so[0m
[12.047s] [ 80%] Built target path_manager_interfaces__rosidl_typesupport_fastrtps_cpp
[12.097s] [ 81%] [32m[1mLinking CXX shared library libpath_manager_interfaces__rosidl_typesupport_fastrtps_c.so[0m
[12.401s] [ 81%] Built target path_manager_interfaces__rosidl_typesupport_fastrtps_c
[12.478s] [ 81%] Built target path_manager_interfaces
[12.535s] [ 82%] [34m[1mGenerating Python code for ROS interfaces[0m
[17.066s] [ 82%] Built target path_manager_interfaces__py
[17.146s] [ 84%] [32mBuilding C object CMakeFiles/path_manager_interfaces__rosidl_generator_py.dir/rosidl_generator_py/path_manager_interfaces/srv/_write_path_to_file_s.c.o[0m
[17.159s] [ 85%] [32mBuilding C object CMakeFiles/path_manager_interfaces__rosidl_generator_py.dir/rosidl_generator_py/path_manager_interfaces/srv/_return_robot_path_s.c.o[0m
[17.159s] [ 86%] [32mBuilding C object CMakeFiles/path_manager_interfaces__rosidl_generator_py.dir/rosidl_generator_py/path_manager_interfaces/srv/_get_fix_frame_path_s.c.o[0m
[17.165s] [ 87%] [32mBuilding C object CMakeFiles/path_manager_interfaces__rosidl_generator_py.dir/rosidl_generator_py/path_manager_interfaces/srv/_read_path_from_file_s.c.o[0m
[17.181s] [ 88%] [32mBuilding C object CMakeFiles/path_manager_interfaces__rosidl_generator_py.dir/rosidl_generator_py/path_manager_interfaces/srv/_get_ll_path_s.c.o[0m
[17.184s] [ 89%] [32mBuilding C object CMakeFiles/path_manager_interfaces__rosidl_generator_py.dir/rosidl_generator_py/path_manager_interfaces/srv/_plan_path_s.c.o[0m
[17.205s] [ 90%] [32mBuilding C object CMakeFiles/path_manager_interfaces__rosidl_generator_py.dir/rosidl_generator_py/path_manager_interfaces/srv/_robot_path_s.c.o[0m
[17.631s] [ 92%] [32mBuilding C object CMakeFiles/path_manager_interfaces__rosidl_generator_py.dir/rosidl_generator_py/path_manager_interfaces/srv/_assist_emergency_s.c.o[0m
[17.948s] [ 93%] [32m[1mLinking C shared library rosidl_generator_py/path_manager_interfaces/libpath_manager_interfaces__rosidl_generator_py.so[0m
[18.069s] [ 93%] Built target path_manager_interfaces__rosidl_generator_py
[18.120s] [ 94%] [32mBuilding C object CMakeFiles/path_manager_interfaces__rosidl_typesupport_fastrtps_c__pyext.dir/rosidl_generator_py/path_manager_interfaces/_path_manager_interfaces_s.ep.rosidl_typesupport_fastrtps_c.c.o[0m
[18.487s] [ 95%] [32m[1mLinking C shared library rosidl_generator_py/path_manager_interfaces/path_manager_interfaces_s__rosidl_typesupport_fastrtps_c.cpython-310-x86_64-linux-gnu.so[0m
[18.641s] [ 95%] Built target path_manager_interfaces__rosidl_typesupport_fastrtps_c__pyext
[18.697s] [ 96%] [32mBuilding C object CMakeFiles/path_manager_interfaces__rosidl_typesupport_c__pyext.dir/rosidl_generator_py/path_manager_interfaces/_path_manager_interfaces_s.ep.rosidl_typesupport_c.c.o[0m
[18.926s] [ 97%] [32m[1mLinking C shared library rosidl_generator_py/path_manager_interfaces/path_manager_interfaces_s__rosidl_typesupport_c.cpython-310-x86_64-linux-gnu.so[0m
[18.994s] [ 97%] Built target path_manager_interfaces__rosidl_typesupport_c__pyext
[19.051s] [ 98%] [32mBuilding C object CMakeFiles/path_manager_interfaces__rosidl_typesupport_introspection_c__pyext.dir/rosidl_generator_py/path_manager_interfaces/_path_manager_interfaces_s.ep.rosidl_typesupport_introspection_c.c.o[0m
[19.284s] [100%] [32m[1mLinking C shared library rosidl_generator_py/path_manager_interfaces/path_manager_interfaces_s__rosidl_typesupport_introspection_c.cpython-310-x86_64-linux-gnu.so[0m
[19.364s] [100%] Built target path_manager_interfaces__rosidl_typesupport_introspection_c__pyext
[19.408s] Invoked command in '/home/rhobtor/PHD/j8_control/J8_control/build/path_manager_interfaces' returned '0': CMAKE_PREFIX_PATH=${CMAKE_PREFIX_PATH}:/home/rhobtor/PHD/path_dem/install_navigation/path_dem:/home/rhobtor/PHD/path_dem/install/path_dem:/home/rhobtor/PHD/install_global_belief_final/path_dem:/home/rhobtor/PHD/ARGOSJ8_IA/ARGOSJ8_IA_/install/car:/home/rhobtor/PHD/ARGOSJ8_IA/ARGOSJ8_IA_/install/ntrip_client:/home/rhobtor/PHD/ARGOSJ8_IA/ARGOSJ8_IA_/install/j8_gui:/home/rhobtor/PHD/ARGOSJ8_IA/ARGOSJ8_IA_/install/gui:/home/rhobtor/PHD/ARGOSJ8_IA/ARGOSJ8_IA_/install/android_ros2_server:/home/rhobtor/PHD/ARGOSJ8_IA/ARGOSJ8_IA_/install/GUI_pkg:/home/rhobtor/PHD/model_terrain_ugv/Model_terrain_ugv/install/model_terrain:/opt/ros/humble /usr/bin/cmake --build /home/rhobtor/PHD/j8_control/J8_control/build/path_manager_interfaces -- -j20 -l20
[19.408s] Invoking command in '/home/rhobtor/PHD/j8_control/J8_control/build/path_manager_interfaces': CMAKE_PREFIX_PATH=${CMAKE_PREFIX_PATH}:/home/rhobtor/PHD/path_dem/install_navigation/path_dem:/home/rhobtor/PHD/path_dem/install/path_dem:/home/rhobtor/PHD/install_global_belief_final/path_dem:/home/rhobtor/PHD/ARGOSJ8_IA/ARGOSJ8_IA_/install/car:/home/rhobtor/PHD/ARGOSJ8_IA/ARGOSJ8_IA_/install/ntrip_client:/home/rhobtor/PHD/ARGOSJ8_IA/ARGOSJ8_IA_/install/j8_gui:/home/rhobtor/PHD/ARGOSJ8_IA/ARGOSJ8_IA_/install/gui:/home/rhobtor/PHD/ARGOSJ8_IA/ARGOSJ8_IA_/install/android_ros2_server:/home/rhobtor/PHD/ARGOSJ8_IA/ARGOSJ8_IA_/install/GUI_pkg:/home/rhobtor/PHD/model_terrain_ugv/Model_terrain_ugv/install/model_terrain:/opt/ros/humble /usr/bin/cmake --install /home/rhobtor/PHD/j8_control/J8_control/build/path_manager_interfaces
[20.948s] -- Install configuration: ""
[20.948s] -- Installing: /home/rhobtor/PHD/j8_control/J8_control/install/path_manager_interfaces/share/ament_index/resource_index/rosidl_interfaces/path_manager_interfaces
[20.948s] -- Installing: /home/rhobtor/PHD/j8_control/J8_control/install/path_manager_interfaces/include/path_manager_interfaces/path_manager_interfaces
[20.948s] -- Installing: /home/rhobtor/PHD/j8_control/J8_control/install/path_manager_interfaces/include/path_manager_interfaces/path_manager_interfaces/srv
[20.948s] -- Installing: /home/rhobtor/PHD/j8_control/J8_control/install/path_manager_interfaces/include/path_manager_interfaces/path_manager_interfaces/srv/plan_path.h
[20.948s] -- Installing: /home/rhobtor/PHD/j8_control/J8_control/install/path_manager_interfaces/include/path_manager_interfaces/path_manager_interfaces/srv/return_robot_path.h
[20.948s] -- Installing: /home/rhobtor/PHD/j8_control/J8_control/install/path_manager_interfaces/include/path_manager_interfaces/path_manager_interfaces/srv/get_ll_path.h
[20.948s] -- Installing: /home/rhobtor/PHD/j8_control/J8_control/install/path_manager_interfaces/include/path_manager_interfaces/path_manager_interfaces/srv/get_fix_frame_path.h
[20.948s] -- Installing: /home/rhobtor/PHD/j8_control/J8_control/install/path_manager_interfaces/include/path_manager_interfaces/path_manager_interfaces/srv/detail
[20.948s] -- Installing: /home/rhobtor/PHD/j8_control/J8_control/install/path_manager_interfaces/include/path_manager_interfaces/path_manager_interfaces/srv/detail/return_robot_path__functions.h
[20.949s] -- Installing: /home/rhobtor/PHD/j8_control/J8_control/install/path_manager_interfaces/include/path_manager_interfaces/path_manager_interfaces/srv/detail/write_path_to_file__functions.h
[20.949s] -- Installing: /home/rhobtor/PHD/j8_control/J8_control/install/path_manager_interfaces/include/path_manager_interfaces/path_manager_interfaces/srv/detail/robot_path__functions.c
[20.949s] -- Installing: /home/rhobtor/PHD/j8_control/J8_control/install/path_manager_interfaces/include/path_manager_interfaces/path_manager_interfaces/srv/detail/get_ll_path__type_support.h
[20.949s] -- Installing: /home/rhobtor/PHD/j8_control/J8_control/install/path_manager_interfaces/include/path_manager_interfaces/path_manager_interfaces/srv/detail/get_fix_frame_path__struct.h
[20.949s] -- Installing: /home/rhobtor/PHD/j8_control/J8_control/install/path_manager_interfaces/include/path_manager_interfaces/path_manager_interfaces/srv/detail/read_path_from_file__functions.h
[20.949s] -- Installing: /home/rhobtor/PHD/j8_control/J8_control/install/path_manager_interfaces/include/path_manager_interfaces/path_manager_interfaces/srv/detail/read_path_from_file__functions.c
[20.949s] -- Installing: /home/rhobtor/PHD/j8_control/J8_control/install/path_manager_interfaces/include/path_manager_interfaces/path_manager_interfaces/srv/detail/return_robot_path__struct.h
[20.949s] -- Installing: /home/rhobtor/PHD/j8_control/J8_control/install/path_manager_interfaces/include/path_manager_interfaces/path_manager_interfaces/srv/detail/get_fix_frame_path__functions.h
[20.949s] -- Installing: /home/rhobtor/PHD/j8_control/J8_control/install/path_manager_interfaces/include/path_manager_interfaces/path_manager_interfaces/srv/detail/plan_path__type_support.h
[20.949s] -- Installing: /home/rhobtor/PHD/j8_control/J8_control/install/path_manager_interfaces/include/path_manager_interfaces/path_manager_interfaces/srv/detail/write_path_to_file__functions.c
[20.949s] -- Installing: /home/rhobtor/PHD/j8_control/J8_control/install/path_manager_interfaces/include/path_manager_interfaces/path_manager_interfaces/srv/detail/get_ll_path__functions.h
[20.949s] -- Installing: /home/rhobtor/PHD/j8_control/J8_control/install/path_manager_interfaces/include/path_manager_interfaces/path_manager_interfaces/srv/detail/read_path_from_file__struct.h
[20.949s] -- Installing: /home/rhobtor/PHD/j8_control/J8_control/install/path_manager_interfaces/include/path_manager_interfaces/path_manager_interfaces/srv/detail/write_path_to_file__struct.h
[20.949s] -- Installing: /home/rhobtor/PHD/j8_control/J8_control/install/path_manager_interfaces/include/path_manager_interfaces/path_manager_interfaces/srv/detail/get_ll_path__functions.c
[20.949s] -- Installing: /home/rhobtor/PHD/j8_control/J8_control/install/path_manager_interfaces/include/path_manager_interfaces/path_manager_interfaces/srv/detail/assist_emergency__functions.h
[20.949s] -- Installing: /home/rhobtor/PHD/j8_control/J8_control/install/path_manager_interfaces/include/path_manager_interfaces/path_manager_interfaces/srv/detail/plan_path__functions.c
[20.949s] -- Installing: /home/rhobtor/PHD/j8_control/J8_control/install/path_manager_interfaces/include/path_manager_interfaces/path_manager_interfaces/srv/detail/robot_path__functions.h
[20.949s] -- Installing: /home/rhobtor/PHD/j8_control/J8_control/install/path_manager_interfaces/include/path_manager_interfaces/path_manager_interfaces/srv/detail/get_ll_path__struct.h
[20.949s] -- Installing: /home/rhobtor/PHD/j8_control/J8_control/install/path_manager_interfaces/include/path_manager_interfaces/path_manager_interfaces/srv/detail/return_robot_path__type_support.h
[20.949s] -- Installing: /home/rhobtor/PHD/j8_control/J8_control/install/path_manager_interfaces/include/path_manager_interfaces/path_manager_interfaces/srv/detail/get_fix_frame_path__type_support.h
[20.949s] -- Installing: /home/rhobtor/PHD/j8_control/J8_control/install/path_manager_interfaces/include/path_manager_interfaces/path_manager_interfaces/srv/detail/assist_emergency__functions.c
[20.949s] -- Installing: /home/rhobtor/PHD/j8_control/J8_control/install/path_manager_interfaces/include/path_manager_interfaces/path_manager_interfaces/srv/detail/get_fix_frame_path__functions.c
[20.950s] -- Installing: /home/rhobtor/PHD/j8_control/J8_control/install/path_manager_interfaces/include/path_manager_interfaces/path_manager_interfaces/srv/detail/read_path_from_file__type_support.h
[20.950s] -- Installing: /home/rhobtor/PHD/j8_control/J8_control/install/path_manager_interfaces/include/path_manager_interfaces/path_manager_interfaces/srv/detail/assist_emergency__struct.h
[20.950s] -- Installing: /home/rhobtor/PHD/j8_control/J8_control/install/path_manager_interfaces/include/path_manager_interfaces/path_manager_interfaces/srv/detail/write_path_to_file__type_support.h
[20.955s] -- Installing: /home/rhobtor/PHD/j8_control/J8_control/install/path_manager_interfaces/include/path_manager_interfaces/path_manager_interfaces/srv/detail/robot_path__type_support.h
[20.955s] -- Installing: /home/rhobtor/PHD/j8_control/J8_control/install/path_manager_interfaces/include/path_manager_interfaces/path_manager_interfaces/srv/detail/plan_path__struct.h
[20.956s] -- Installing: /home/rhobtor/PHD/j8_control/J8_control/install/path_manager_interfaces/include/path_manager_interfaces/path_manager_interfaces/srv/detail/assist_emergency__type_support.h
[20.956s] -- Installing: /home/rhobtor/PHD/j8_control/J8_control/install/path_manager_interfaces/include/path_manager_interfaces/path_manager_interfaces/srv/detail/plan_path__functions.h
[20.956s] -- Installing: /home/rhobtor/PHD/j8_control/J8_control/install/path_manager_interfaces/include/path_manager_interfaces/path_manager_interfaces/srv/detail/robot_path__struct.h
[20.956s] -- Installing: /home/rhobtor/PHD/j8_control/J8_control/install/path_manager_interfaces/include/path_manager_interfaces/path_manager_interfaces/srv/detail/return_robot_path__functions.c
[20.956s] -- Installing: /home/rhobtor/PHD/j8_control/J8_control/install/path_manager_interfaces/include/path_manager_interfaces/path_manager_interfaces/srv/assist_emergency.h
[20.956s] -- Installing: /home/rhobtor/PHD/j8_control/J8_control/install/path_manager_interfaces/include/path_manager_interfaces/path_manager_interfaces/srv/write_path_to_file.h
[20.957s] -- Installing: /home/rhobtor/PHD/j8_control/J8_control/install/path_manager_interfaces/include/path_manager_interfaces/path_manager_interfaces/srv/robot_path.h
[20.957s] -- Installing: /home/rhobtor/PHD/j8_control/J8_control/install/path_manager_interfaces/include/path_manager_interfaces/path_manager_interfaces/srv/read_path_from_file.h
[20.958s] -- Installing: /home/rhobtor/PHD/j8_control/J8_control/install/path_manager_interfaces/include/path_manager_interfaces/path_manager_interfaces/msg
[20.958s] -- Installing: /home/rhobtor/PHD/j8_control/J8_control/install/path_manager_interfaces/include/path_manager_interfaces/path_manager_interfaces/msg/rosidl_generator_c__visibility_control.h
[20.958s] -- Installing: /home/rhobtor/PHD/j8_control/J8_control/install/path_manager_interfaces/share/path_manager_interfaces/environment/library_path.sh
[20.958s] -- Installing: /home/rhobtor/PHD/j8_control/J8_control/install/path_manager_interfaces/share/path_manager_interfaces/environment/library_path.dsv
[20.961s] -- Installing: /home/rhobtor/PHD/j8_control/J8_control/install/path_manager_interfaces/lib/libpath_manager_interfaces__rosidl_generator_c.so
[20.961s] -- Set runtime path of "/home/rhobtor/PHD/j8_control/J8_control/install/path_manager_interfaces/lib/libpath_manager_interfaces__rosidl_generator_c.so" to ""
[20.961s] -- Up-to-date: /home/rhobtor/PHD/j8_control/J8_control/install/path_manager_interfaces/include/path_manager_interfaces/path_manager_interfaces
[20.961s] -- Up-to-date: /home/rhobtor/PHD/j8_control/J8_control/install/path_manager_interfaces/include/path_manager_interfaces/path_manager_interfaces/srv
[20.961s] -- Up-to-date: /home/rhobtor/PHD/j8_control/J8_control/install/path_manager_interfaces/include/path_manager_interfaces/path_manager_interfaces/srv/detail
[20.961s] -- Installing: /home/rhobtor/PHD/j8_control/J8_control/install/path_manager_interfaces/include/path_manager_interfaces/path_manager_interfaces/srv/detail/assist_emergency__rosidl_typesupport_fastrtps_c.h
[20.961s] -- Installing: /home/rhobtor/PHD/j8_control/J8_control/install/path_manager_interfaces/include/path_manager_interfaces/path_manager_interfaces/srv/detail/read_path_from_file__rosidl_typesupport_fastrtps_c.h
[20.961s] -- Installing: /home/rhobtor/PHD/j8_control/J8_control/install/path_manager_interfaces/include/path_manager_interfaces/path_manager_interfaces/srv/detail/write_path_to_file__rosidl_typesupport_fastrtps_c.h
[20.961s] -- Installing: /home/rhobtor/PHD/j8_control/J8_control/install/path_manager_interfaces/include/path_manager_interfaces/path_manager_interfaces/srv/detail/get_ll_path__rosidl_typesupport_fastrtps_c.h
[20.961s] -- Installing: /home/rhobtor/PHD/j8_control/J8_control/install/path_manager_interfaces/include/path_manager_interfaces/path_manager_interfaces/srv/detail/plan_path__rosidl_typesupport_fastrtps_c.h
[20.961s] -- Installing: /home/rhobtor/PHD/j8_control/J8_control/install/path_manager_interfaces/include/path_manager_interfaces/path_manager_interfaces/srv/detail/get_fix_frame_path__rosidl_typesupport_fastrtps_c.h
[20.961s] -- Installing: /home/rhobtor/PHD/j8_control/J8_control/install/path_manager_interfaces/include/path_manager_interfaces/path_manager_interfaces/srv/detail/return_robot_path__rosidl_typesupport_fastrtps_c.h
[20.961s] -- Installing: /home/rhobtor/PHD/j8_control/J8_control/install/path_manager_interfaces/include/path_manager_interfaces/path_manager_interfaces/srv/detail/robot_path__rosidl_typesupport_fastrtps_c.h
[20.961s] -- Up-to-date: /home/rhobtor/PHD/j8_control/J8_control/install/path_manager_interfaces/include/path_manager_interfaces/path_manager_interfaces/msg
[20.961s] -- Installing: /home/rhobtor/PHD/j8_control/J8_control/install/path_manager_interfaces/include/path_manager_interfaces/path_manager_interfaces/msg/rosidl_typesupport_fastrtps_c__visibility_control.h
[20.961s] -- Installing: /home/rhobtor/PHD/j8_control/J8_control/install/path_manager_interfaces/lib/libpath_manager_interfaces__rosidl_typesupport_fastrtps_c.so
[20.961s] -- Set runtime path of "/home/rhobtor/PHD/j8_control/J8_control/install/path_manager_interfaces/lib/libpath_manager_interfaces__rosidl_typesupport_fastrtps_c.so" to ""
[20.962s] -- Up-to-date: /home/rhobtor/PHD/j8_control/J8_control/install/path_manager_interfaces/include/path_manager_interfaces/path_manager_interfaces
[20.962s] -- Up-to-date: /home/rhobtor/PHD/j8_control/J8_control/install/path_manager_interfaces/include/path_manager_interfaces/path_manager_interfaces/srv
[20.962s] -- Up-to-date: /home/rhobtor/PHD/j8_control/J8_control/install/path_manager_interfaces/include/path_manager_interfaces/path_manager_interfaces/srv/detail
[20.962s] -- Installing: /home/rhobtor/PHD/j8_control/J8_control/install/path_manager_interfaces/include/path_manager_interfaces/path_manager_interfaces/srv/detail/plan_path__type_support.c
[20.962s] -- Installing: /home/rhobtor/PHD/j8_control/J8_control/install/path_manager_interfaces/include/path_manager_interfaces/path_manager_interfaces/srv/detail/robot_path__rosidl_typesupport_introspection_c.h
[20.962s] -- Installing: /home/rhobtor/PHD/j8_control/J8_control/install/path_manager_interfaces/include/path_manager_interfaces/path_manager_interfaces/srv/detail/robot_path__type_support.c
[20.962s] -- Installing: /home/rhobtor/PHD/j8_control/J8_control/install/path_manager_interfaces/include/path_manager_interfaces/path_manager_interfaces/srv/detail/plan_path__rosidl_typesupport_introspection_c.h
[20.962s] -- Installing: /home/rhobtor/PHD/j8_control/J8_control/install/path_manager_interfaces/include/path_manager_interfaces/path_manager_interfaces/srv/detail/read_path_from_file__type_support.c
[20.962s] -- Installing: /home/rhobtor/PHD/j8_control/J8_control/install/path_manager_interfaces/include/path_manager_interfaces/path_manager_interfaces/srv/detail/read_path_from_file__rosidl_typesupport_introspection_c.h
[20.962s] -- Installing: /home/rhobtor/PHD/j8_control/J8_control/install/path_manager_interfaces/include/path_manager_interfaces/path_manager_interfaces/srv/detail/get_fix_frame_path__type_support.c
[20.962s] -- Installing: /home/rhobtor/PHD/j8_control/J8_control/install/path_manager_interfaces/include/path_manager_interfaces/path_manager_interfaces/srv/detail/return_robot_path__rosidl_typesupport_introspection_c.h
[20.962s] -- Installing: /home/rhobtor/PHD/j8_control/J8_control/install/path_manager_interfaces/include/path_manager_interfaces/path_manager_interfaces/srv/detail/write_path_to_file__type_support.c
[20.962s] -- Installing: /home/rhobtor/PHD/j8_control/J8_control/install/path_manager_interfaces/include/path_manager_interfaces/path_manager_interfaces/srv/detail/get_fix_frame_path__rosidl_typesupport_introspection_c.h
[20.962s] -- Installing: /home/rhobtor/PHD/j8_control/J8_control/install/path_manager_interfaces/include/path_manager_interfaces/path_manager_interfaces/srv/detail/assist_emergency__type_support.c
[20.962s] -- Installing: /home/rhobtor/PHD/j8_control/J8_control/install/path_manager_interfaces/include/path_manager_interfaces/path_manager_interfaces/srv/detail/write_path_to_file__rosidl_typesupport_introspection_c.h
[20.962s] -- Installing: /home/rhobtor/PHD/j8_control/J8_control/install/path_manager_interfaces/include/path_manager_interfaces/path_manager_interfaces/srv/detail/get_ll_path__rosidl_typesupport_introspection_c.h
[20.963s] -- Installing: /home/rhobtor/PHD/j8_control/J8_control/install/path_manager_interfaces/include/path_manager_interfaces/path_manager_interfaces/srv/detail/get_ll_path__type_support.c
[20.963s] -- Installing: /home/rhobtor/PHD/j8_control/J8_control/install/path_manager_interfaces/include/path_manager_interfaces/path_manager_interfaces/srv/detail/assist_emergency__rosidl_typesupport_introspection_c.h
[20.963s] -- Installing: /home/rhobtor/PHD/j8_control/J8_control/install/path_manager_interfaces/include/path_manager_interfaces/path_manager_interfaces/srv/detail/return_robot_path__type_support.c
[20.963s] -- Up-to-date: /home/rhobtor/PHD/j8_control/J8_control/install/path_manager_interfaces/include/path_manager_interfaces/path_manager_interfaces/msg
[20.963s] -- Installing: /home/rhobtor/PHD/j8_control/J8_control/install/path_manager_interfaces/include/path_manager_interfaces/path_manager_interfaces/msg/rosidl_typesupport_introspection_c__visibility_control.h
[20.964s] -- Installing: /home/rhobtor/PHD/j8_control/J8_control/install/path_manager_interfaces/lib/libpath_manager_interfaces__rosidl_typesupport_introspection_c.so
[20.964s] -- Set runtime path of "/home/rhobtor/PHD/j8_control/J8_control/install/path_manager_interfaces/lib/libpath_manager_interfaces__rosidl_typesupport_introspection_c.so" to ""
[20.964s] -- Installing: /home/rhobtor/PHD/j8_control/J8_control/install/path_manager_interfaces/lib/libpath_manager_interfaces__rosidl_typesupport_c.so
[20.965s] -- Set runtime path of "/home/rhobtor/PHD/j8_control/J8_control/install/path_manager_interfaces/lib/libpath_manager_interfaces__rosidl_typesupport_c.so" to ""
[20.965s] -- Up-to-date: /home/rhobtor/PHD/j8_control/J8_control/install/path_manager_interfaces/include/path_manager_interfaces/path_manager_interfaces
[20.965s] -- Up-to-date: /home/rhobtor/PHD/j8_control/J8_control/install/path_manager_interfaces/include/path_manager_interfaces/path_manager_interfaces/srv
[20.965s] -- Installing: /home/rhobtor/PHD/j8_control/J8_control/install/path_manager_interfaces/include/path_manager_interfaces/path_manager_interfaces/srv/write_path_to_file.hpp
[20.965s] -- Installing: /home/rhobtor/PHD/j8_control/J8_control/install/path_manager_interfaces/include/path_manager_interfaces/path_manager_interfaces/srv/return_robot_path.hpp
[20.965s] -- Installing: /home/rhobtor/PHD/j8_control/J8_control/install/path_manager_interfaces/include/path_manager_interfaces/path_manager_interfaces/srv/assist_emergency.hpp
[20.968s] -- Installing: /home/rhobtor/PHD/j8_control/J8_control/install/path_manager_interfaces/include/path_manager_interfaces/path_manager_interfaces/srv/get_ll_path.hpp
[20.968s] -- Installing: /home/rhobtor/PHD/j8_control/J8_control/install/path_manager_interfaces/include/path_manager_interfaces/path_manager_interfaces/srv/read_path_from_file.hpp
[20.968s] -- Up-to-date: /home/rhobtor/PHD/j8_control/J8_control/install/path_manager_interfaces/include/path_manager_interfaces/path_manager_interfaces/srv/detail
[20.968s] -- Installing: /home/rhobtor/PHD/j8_control/J8_control/install/path_manager_interfaces/include/path_manager_interfaces/path_manager_interfaces/srv/detail/return_robot_path__builder.hpp
[20.968s] -- Installing: /home/rhobtor/PHD/j8_control/J8_control/install/path_manager_interfaces/include/path_manager_interfaces/path_manager_interfaces/srv/detail/get_fix_frame_path__traits.hpp
[20.968s] -- Installing: /home/rhobtor/PHD/j8_control/J8_control/install/path_manager_interfaces/include/path_manager_interfaces/path_manager_interfaces/srv/detail/write_path_to_file__traits.hpp
[20.968s] -- Installing: /home/rhobtor/PHD/j8_control/J8_control/install/path_manager_interfaces/include/path_manager_interfaces/path_manager_interfaces/srv/detail/get_fix_frame_path__builder.hpp
[20.968s] -- Installing: /home/rhobtor/PHD/j8_control/J8_control/install/path_manager_interfaces/include/path_manager_interfaces/path_manager_interfaces/srv/detail/plan_path__type_support.hpp
[20.968s] -- Installing: /home/rhobtor/PHD/j8_control/J8_control/install/path_manager_interfaces/include/path_manager_interfaces/path_manager_interfaces/srv/detail/plan_path__builder.hpp
[20.969s] -- Installing: /home/rhobtor/PHD/j8_control/J8_control/install/path_manager_interfaces/include/path_manager_interfaces/path_manager_interfaces/srv/detail/plan_path__struct.hpp
[20.969s] -- Installing: /home/rhobtor/PHD/j8_control/J8_control/install/path_manager_interfaces/include/path_manager_interfaces/path_manager_interfaces/srv/detail/robot_path__builder.hpp
[20.969s] -- Installing: /home/rhobtor/PHD/j8_control/J8_control/install/path_manager_interfaces/include/path_manager_interfaces/path_manager_interfaces/srv/detail/assist_emergency__traits.hpp
[20.969s] -- Installing: /home/rhobtor/PHD/j8_control/J8_control/install/path_manager_interfaces/include/path_manager_interfaces/path_manager_interfaces/srv/detail/robot_path__struct.hpp
[20.969s] -- Installing: /home/rhobtor/PHD/j8_control/J8_control/install/path_manager_interfaces/include/path_manager_interfaces/path_manager_interfaces/srv/detail/read_path_from_file__struct.hpp
[20.969s] -- Installing: /home/rhobtor/PHD/j8_control/J8_control/install/path_manager_interfaces/include/path_manager_interfaces/path_manager_interfaces/srv/detail/robot_path__traits.hpp
[20.969s] -- Installing: /home/rhobtor/PHD/j8_control/J8_control/install/path_manager_interfaces/include/path_manager_interfaces/path_manager_interfaces/srv/detail/get_ll_path__builder.hpp
[20.969s] -- Installing: /home/rhobtor/PHD/j8_control/J8_control/install/path_manager_interfaces/include/path_manager_interfaces/path_manager_interfaces/srv/detail/read_path_from_file__type_support.hpp
[20.969s] -- Installing: /home/rhobtor/PHD/j8_control/J8_control/install/path_manager_interfaces/include/path_manager_interfaces/path_manager_interfaces/srv/detail/robot_path__type_support.hpp
[20.969s] -- Installing: /home/rhobtor/PHD/j8_control/J8_control/install/path_manager_interfaces/include/path_manager_interfaces/path_manager_interfaces/srv/detail/get_ll_path__traits.hpp
[20.969s] -- Installing: /home/rhobtor/PHD/j8_control/J8_control/install/path_manager_interfaces/include/path_manager_interfaces/path_manager_interfaces/srv/detail/read_path_from_file__builder.hpp
[20.969s] -- Installing: /home/rhobtor/PHD/j8_control/J8_control/install/path_manager_interfaces/include/path_manager_interfaces/path_manager_interfaces/srv/detail/write_path_to_file__builder.hpp
[20.969s] -- Installing: /home/rhobtor/PHD/j8_control/J8_control/install/path_manager_interfaces/include/path_manager_interfaces/path_manager_interfaces/srv/detail/plan_path__traits.hpp
[20.969s] -- Installing: /home/rhobtor/PHD/j8_control/J8_control/install/path_manager_interfaces/include/path_manager_interfaces/path_manager_interfaces/srv/detail/write_path_to_file__struct.hpp
[20.970s] -- Installing: /home/rhobtor/PHD/j8_control/J8_control/install/path_manager_interfaces/include/path_manager_interfaces/path_manager_interfaces/srv/detail/return_robot_path__traits.hpp
[20.970s] -- Installing: /home/rhobtor/PHD/j8_control/J8_control/install/path_manager_interfaces/include/path_manager_interfaces/path_manager_interfaces/srv/detail/get_fix_frame_path__struct.hpp
[20.970s] -- Installing: /home/rhobtor/PHD/j8_control/J8_control/install/path_manager_interfaces/include/path_manager_interfaces/path_manager_interfaces/srv/detail/get_ll_path__type_support.hpp
[20.970s] -- Installing: /home/rhobtor/PHD/j8_control/J8_control/install/path_manager_interfaces/include/path_manager_interfaces/path_manager_interfaces/srv/detail/assist_emergency__builder.hpp
[20.970s] -- Installing: /home/rhobtor/PHD/j8_control/J8_control/install/path_manager_interfaces/include/path_manager_interfaces/path_manager_interfaces/srv/detail/write_path_to_file__type_support.hpp
[20.970s] -- Installing: /home/rhobtor/PHD/j8_control/J8_control/install/path_manager_interfaces/include/path_manager_interfaces/path_manager_interfaces/srv/detail/get_ll_path__struct.hpp
[20.970s] -- Installing: /home/rhobtor/PHD/j8_control/J8_control/install/path_manager_interfaces/include/path_manager_interfaces/path_manager_interfaces/srv/detail/get_fix_frame_path__type_support.hpp
[20.970s] -- Installing: /home/rhobtor/PHD/j8_control/J8_control/install/path_manager_interfaces/include/path_manager_interfaces/path_manager_interfaces/srv/detail/assist_emergency__struct.hpp
[20.970s] -- Installing: /home/rhobtor/PHD/j8_control/J8_control/install/path_manager_interfaces/include/path_manager_interfaces/path_manager_interfaces/srv/detail/return_robot_path__struct.hpp
[20.970s] -- Installing: /home/rhobtor/PHD/j8_control/J8_control/install/path_manager_interfaces/include/path_manager_interfaces/path_manager_interfaces/srv/detail/read_path_from_file__traits.hpp
[20.970s] -- Installing: /home/rhobtor/PHD/j8_control/J8_control/install/path_manager_interfaces/include/path_manager_interfaces/path_manager_interfaces/srv/detail/return_robot_path__type_support.hpp
[20.970s] -- Installing: /home/rhobtor/PHD/j8_control/J8_control/install/path_manager_interfaces/include/path_manager_interfaces/path_manager_interfaces/srv/detail/assist_emergency__type_support.hpp
[20.970s] -- Installing: /home/rhobtor/PHD/j8_control/J8_control/install/path_manager_interfaces/include/path_manager_interfaces/path_manager_interfaces/srv/robot_path.hpp
[20.970s] -- Installing: /home/rhobtor/PHD/j8_control/J8_control/install/path_manager_interfaces/include/path_manager_interfaces/path_manager_interfaces/srv/plan_path.hpp
[20.970s] -- Installing: /home/rhobtor/PHD/j8_control/J8_control/install/path_manager_interfaces/include/path_manager_interfaces/path_manager_interfaces/srv/get_fix_frame_path.hpp
[20.970s] -- Up-to-date: /home/rhobtor/PHD/j8_control/J8_control/install/path_manager_interfaces/include/path_manager_interfaces/path_manager_interfaces/msg
[20.970s] -- Installing: /home/rhobtor/PHD/j8_control/J8_control/install/path_manager_interfaces/include/path_manager_interfaces/path_manager_interfaces/msg/rosidl_generator_cpp__visibility_control.hpp
[20.970s] -- Up-to-date: /home/rhobtor/PHD/j8_control/J8_control/install/path_manager_interfaces/include/path_manager_interfaces/path_manager_interfaces
[20.970s] -- Up-to-date: /home/rhobtor/PHD/j8_control/J8_control/install/path_manager_interfaces/include/path_manager_interfaces/path_manager_interfaces/srv
[20.970s] -- Up-to-date: /home/rhobtor/PHD/j8_control/J8_control/install/path_manager_interfaces/include/path_manager_interfaces/path_manager_interfaces/srv/detail
[20.970s] -- Installing: /home/rhobtor/PHD/j8_control/J8_control/install/path_manager_interfaces/include/path_manager_interfaces/path_manager_interfaces/srv/detail/get_ll_path__rosidl_typesupport_fastrtps_cpp.hpp
[20.970s] -- Installing: /home/rhobtor/PHD/j8_control/J8_control/install/path_manager_interfaces/include/path_manager_interfaces/path_manager_interfaces/srv/detail/robot_path__rosidl_typesupport_fastrtps_cpp.hpp
[20.971s] -- Installing: /home/rhobtor/PHD/j8_control/J8_control/install/path_manager_interfaces/include/path_manager_interfaces/path_manager_interfaces/srv/detail/get_fix_frame_path__rosidl_typesupport_fastrtps_cpp.hpp
[20.971s] -- Installing: /home/rhobtor/PHD/j8_control/J8_control/install/path_manager_interfaces/include/path_manager_interfaces/path_manager_interfaces/srv/detail/dds_fastrtps
[20.971s] -- Installing: /home/rhobtor/PHD/j8_control/J8_control/install/path_manager_interfaces/include/path_manager_interfaces/path_manager_interfaces/srv/detail/read_path_from_file__rosidl_typesupport_fastrtps_cpp.hpp
[20.971s] -- Installing: /home/rhobtor/PHD/j8_control/J8_control/install/path_manager_interfaces/include/path_manager_interfaces/path_manager_interfaces/srv/detail/write_path_to_file__rosidl_typesupport_fastrtps_cpp.hpp
[20.971s] -- Installing: /home/rhobtor/PHD/j8_control/J8_control/install/path_manager_interfaces/include/path_manager_interfaces/path_manager_interfaces/srv/detail/return_robot_path__rosidl_typesupport_fastrtps_cpp.hpp
[20.971s] -- Installing: /home/rhobtor/PHD/j8_control/J8_control/install/path_manager_interfaces/include/path_manager_interfaces/path_manager_interfaces/srv/detail/plan_path__rosidl_typesupport_fastrtps_cpp.hpp
[20.971s] -- Installing: /home/rhobtor/PHD/j8_control/J8_control/install/path_manager_interfaces/include/path_manager_interfaces/path_manager_interfaces/srv/detail/assist_emergency__rosidl_typesupport_fastrtps_cpp.hpp
[20.971s] -- Up-to-date: /home/rhobtor/PHD/j8_control/J8_control/install/path_manager_interfaces/include/path_manager_interfaces/path_manager_interfaces/msg
[20.971s] -- Installing: /home/rhobtor/PHD/j8_control/J8_control/install/path_manager_interfaces/include/path_manager_interfaces/path_manager_interfaces/msg/rosidl_typesupport_fastrtps_cpp__visibility_control.h
[20.971s] -- Installing: /home/rhobtor/PHD/j8_control/J8_control/install/path_manager_interfaces/lib/libpath_manager_interfaces__rosidl_typesupport_fastrtps_cpp.so
[20.971s] -- Set runtime path of "/home/rhobtor/PHD/j8_control/J8_control/install/path_manager_interfaces/lib/libpath_manager_interfaces__rosidl_typesupport_fastrtps_cpp.so" to ""
[20.971s] -- Up-to-date: /home/rhobtor/PHD/j8_control/J8_control/install/path_manager_interfaces/include/path_manager_interfaces/path_manager_interfaces
[20.971s] -- Up-to-date: /home/rhobtor/PHD/j8_control/J8_control/install/path_manager_interfaces/include/path_manager_interfaces/path_manager_interfaces/srv
[20.971s] -- Up-to-date: /home/rhobtor/PHD/j8_control/J8_control/install/path_manager_interfaces/include/path_manager_interfaces/path_manager_interfaces/srv/detail
[20.971s] -- Installing: /home/rhobtor/PHD/j8_control/J8_control/install/path_manager_interfaces/include/path_manager_interfaces/path_manager_interfaces/srv/detail/robot_path__type_support.cpp
[20.971s] -- Installing: /home/rhobtor/PHD/j8_control/J8_control/install/path_manager_interfaces/include/path_manager_interfaces/path_manager_interfaces/srv/detail/read_path_from_file__rosidl_typesupport_introspection_cpp.hpp
[20.971s] -- Installing: /home/rhobtor/PHD/j8_control/J8_control/install/path_manager_interfaces/include/path_manager_interfaces/path_manager_interfaces/srv/detail/plan_path__type_support.cpp
[20.971s] -- Installing: /home/rhobtor/PHD/j8_control/J8_control/install/path_manager_interfaces/include/path_manager_interfaces/path_manager_interfaces/srv/detail/write_path_to_file__rosidl_typesupport_introspection_cpp.hpp
[20.971s] -- Installing: /home/rhobtor/PHD/j8_control/J8_control/install/path_manager_interfaces/include/path_manager_interfaces/path_manager_interfaces/srv/detail/get_fix_frame_path__rosidl_typesupport_introspection_cpp.hpp
[20.971s] -- Installing: /home/rhobtor/PHD/j8_control/J8_control/install/path_manager_interfaces/include/path_manager_interfaces/path_manager_interfaces/srv/detail/plan_path__rosidl_typesupport_introspection_cpp.hpp
[20.971s] -- Installing: /home/rhobtor/PHD/j8_control/J8_control/install/path_manager_interfaces/include/path_manager_interfaces/path_manager_interfaces/srv/detail/write_path_to_file__type_support.cpp
[20.971s] -- Installing: /home/rhobtor/PHD/j8_control/J8_control/install/path_manager_interfaces/include/path_manager_interfaces/path_manager_interfaces/srv/detail/get_fix_frame_path__type_support.cpp
[20.971s] -- Installing: /home/rhobtor/PHD/j8_control/J8_control/install/path_manager_interfaces/include/path_manager_interfaces/path_manager_interfaces/srv/detail/read_path_from_file__type_support.cpp
[20.971s] -- Installing: /home/rhobtor/PHD/j8_control/J8_control/install/path_manager_interfaces/include/path_manager_interfaces/path_manager_interfaces/srv/detail/return_robot_path__rosidl_typesupport_introspection_cpp.hpp
[20.972s] -- Installing: /home/rhobtor/PHD/j8_control/J8_control/install/path_manager_interfaces/include/path_manager_interfaces/path_manager_interfaces/srv/detail/assist_emergency__type_support.cpp
[20.972s] -- Installing: /home/rhobtor/PHD/j8_control/J8_control/install/path_manager_interfaces/include/path_manager_interfaces/path_manager_interfaces/srv/detail/robot_path__rosidl_typesupport_introspection_cpp.hpp
[20.972s] -- Installing: /home/rhobtor/PHD/j8_control/J8_control/install/path_manager_interfaces/include/path_manager_interfaces/path_manager_interfaces/srv/detail/get_ll_path__type_support.cpp
[20.972s] -- Installing: /home/rhobtor/PHD/j8_control/J8_control/install/path_manager_interfaces/include/path_manager_interfaces/path_manager_interfaces/srv/detail/assist_emergency__rosidl_typesupport_introspection_cpp.hpp
[20.972s] -- Installing: /home/rhobtor/PHD/j8_control/J8_control/install/path_manager_interfaces/include/path_manager_interfaces/path_manager_interfaces/srv/detail/return_robot_path__type_support.cpp
[20.972s] -- Installing: /home/rhobtor/PHD/j8_control/J8_control/install/path_manager_interfaces/include/path_manager_interfaces/path_manager_interfaces/srv/detail/get_ll_path__rosidl_typesupport_introspection_cpp.hpp
[20.972s] -- Installing: /home/rhobtor/PHD/j8_control/J8_control/install/path_manager_interfaces/lib/libpath_manager_interfaces__rosidl_typesupport_introspection_cpp.so
[20.972s] -- Set runtime path of "/home/rhobtor/PHD/j8_control/J8_control/install/path_manager_interfaces/lib/libpath_manager_interfaces__rosidl_typesupport_introspection_cpp.so" to ""
[20.972s] -- Installing: /home/rhobtor/PHD/j8_control/J8_control/install/path_manager_interfaces/lib/libpath_manager_interfaces__rosidl_typesupport_cpp.so
[20.972s] -- Set runtime path of "/home/rhobtor/PHD/j8_control/J8_control/install/path_manager_interfaces/lib/libpath_manager_interfaces__rosidl_typesupport_cpp.so" to ""
[20.972s] -- Installing: /home/rhobtor/PHD/j8_control/J8_control/install/path_manager_interfaces/share/path_manager_interfaces/environment/pythonpath.sh
[20.972s] -- Installing: /home/rhobtor/PHD/j8_control/J8_control/install/path_manager_interfaces/share/path_manager_interfaces/environment/pythonpath.dsv
[20.972s] -- Installing: /home/rhobtor/PHD/j8_control/J8_control/install/path_manager_interfaces/local/lib/python3.10/dist-packages/path_manager_interfaces-0.0.0-py3.10.egg-info
[20.972s] -- Installing: /home/rhobtor/PHD/j8_control/J8_control/install/path_manager_interfaces/local/lib/python3.10/dist-packages/path_manager_interfaces-0.0.0-py3.10.egg-info/dependency_links.txt
[20.972s] -- Installing: /home/rhobtor/PHD/j8_control/J8_control/install/path_manager_interfaces/local/lib/python3.10/dist-packages/path_manager_interfaces-0.0.0-py3.10.egg-info/top_level.txt
[20.972s] -- Installing: /home/rhobtor/PHD/j8_control/J8_control/install/path_manager_interfaces/local/lib/python3.10/dist-packages/path_manager_interfaces-0.0.0-py3.10.egg-info/PKG-INFO
[20.972s] -- Installing: /home/rhobtor/PHD/j8_control/J8_control/install/path_manager_interfaces/local/lib/python3.10/dist-packages/path_manager_interfaces-0.0.0-py3.10.egg-info/SOURCES.txt
[20.972s] -- Installing: /home/rhobtor/PHD/j8_control/J8_control/install/path_manager_interfaces/local/lib/python3.10/dist-packages/path_manager_interfaces
[20.972s] -- Installing: /home/rhobtor/PHD/j8_control/J8_control/install/path_manager_interfaces/local/lib/python3.10/dist-packages/path_manager_interfaces/__init__.py
[20.972s] -- Installing: /home/rhobtor/PHD/j8_control/J8_control/install/path_manager_interfaces/local/lib/python3.10/dist-packages/path_manager_interfaces/_path_manager_interfaces_s.ep.rosidl_typesupport_introspection_c.c
[20.972s] -- Installing: /home/rhobtor/PHD/j8_control/J8_control/install/path_manager_interfaces/local/lib/python3.10/dist-packages/path_manager_interfaces/_path_manager_interfaces_s.ep.rosidl_typesupport_fastrtps_c.c
[20.972s] -- Installing: /home/rhobtor/PHD/j8_control/J8_control/install/path_manager_interfaces/local/lib/python3.10/dist-packages/path_manager_interfaces/_path_manager_interfaces_s.ep.rosidl_typesupport_c.c
[20.972s] -- Installing: /home/rhobtor/PHD/j8_control/J8_control/install/path_manager_interfaces/local/lib/python3.10/dist-packages/path_manager_interfaces/path_manager_interfaces_s__rosidl_typesupport_c.cpython-310-x86_64-linux-gnu.so
[20.977s] -- Installing: /home/rhobtor/PHD/j8_control/J8_control/install/path_manager_interfaces/local/lib/python3.10/dist-packages/path_manager_interfaces/path_manager_interfaces_s__rosidl_typesupport_introspection_c.cpython-310-x86_64-linux-gnu.so
[20.977s] -- Installing: /home/rhobtor/PHD/j8_control/J8_control/install/path_manager_interfaces/local/lib/python3.10/dist-packages/path_manager_interfaces/srv
[20.977s] -- Installing: /home/rhobtor/PHD/j8_control/J8_control/install/path_manager_interfaces/local/lib/python3.10/dist-packages/path_manager_interfaces/srv/_plan_path.py
[20.977s] -- Installing: /home/rhobtor/PHD/j8_control/J8_control/install/path_manager_interfaces/local/lib/python3.10/dist-packages/path_manager_interfaces/srv/_get_ll_path_s.c
[20.977s] -- Installing: /home/rhobtor/PHD/j8_control/J8_control/install/path_manager_interfaces/local/lib/python3.10/dist-packages/path_manager_interfaces/srv/__init__.py
[20.977s] -- Installing: /home/rhobtor/PHD/j8_control/J8_control/install/path_manager_interfaces/local/lib/python3.10/dist-packages/path_manager_interfaces/srv/_return_robot_path.py
[20.977s] -- Installing: /home/rhobtor/PHD/j8_control/J8_control/install/path_manager_interfaces/local/lib/python3.10/dist-packages/path_manager_interfaces/srv/_write_path_to_file.py
[20.977s] -- Installing: /home/rhobtor/PHD/j8_control/J8_control/install/path_manager_interfaces/local/lib/python3.10/dist-packages/path_manager_interfaces/srv/_write_path_to_file_s.c
[20.977s] -- Installing: /home/rhobtor/PHD/j8_control/J8_control/install/path_manager_interfaces/local/lib/python3.10/dist-packages/path_manager_interfaces/srv/_read_path_from_file.py
[20.977s] -- Installing: /home/rhobtor/PHD/j8_control/J8_control/install/path_manager_interfaces/local/lib/python3.10/dist-packages/path_manager_interfaces/srv/_read_path_from_file_s.c
[20.978s] -- Installing: /home/rhobtor/PHD/j8_control/J8_control/install/path_manager_interfaces/local/lib/python3.10/dist-packages/path_manager_interfaces/srv/_robot_path.py
[20.978s] -- Installing: /home/rhobtor/PHD/j8_control/J8_control/install/path_manager_interfaces/local/lib/python3.10/dist-packages/path_manager_interfaces/srv/_get_fix_frame_path_s.c
[20.978s] -- Installing: /home/rhobtor/PHD/j8_control/J8_control/install/path_manager_interfaces/local/lib/python3.10/dist-packages/path_manager_interfaces/srv/_get_ll_path.py
[20.978s] -- Installing: /home/rhobtor/PHD/j8_control/J8_control/install/path_manager_interfaces/local/lib/python3.10/dist-packages/path_manager_interfaces/srv/_get_fix_frame_path.py
[20.978s] -- Installing: /home/rhobtor/PHD/j8_control/J8_control/install/path_manager_interfaces/local/lib/python3.10/dist-packages/path_manager_interfaces/srv/_plan_path_s.c
[20.978s] -- Installing: /home/rhobtor/PHD/j8_control/J8_control/install/path_manager_interfaces/local/lib/python3.10/dist-packages/path_manager_interfaces/srv/_assist_emergency.py
[20.982s] -- Installing: /home/rhobtor/PHD/j8_control/J8_control/install/path_manager_interfaces/local/lib/python3.10/dist-packages/path_manager_interfaces/srv/_robot_path_s.c
[20.982s] -- Installing: /home/rhobtor/PHD/j8_control/J8_control/install/path_manager_interfaces/local/lib/python3.10/dist-packages/path_manager_interfaces/srv/_return_robot_path_s.c
[20.982s] -- Installing: /home/rhobtor/PHD/j8_control/J8_control/install/path_manager_interfaces/local/lib/python3.10/dist-packages/path_manager_interfaces/srv/_assist_emergency_s.c
[20.982s] -- Installing: /home/rhobtor/PHD/j8_control/J8_control/install/path_manager_interfaces/local/lib/python3.10/dist-packages/path_manager_interfaces/libpath_manager_interfaces__rosidl_generator_py.so
[20.982s] -- Installing: /home/rhobtor/PHD/j8_control/J8_control/install/path_manager_interfaces/local/lib/python3.10/dist-packages/path_manager_interfaces/path_manager_interfaces_s__rosidl_typesupport_fastrtps_c.cpython-310-x86_64-linux-gnu.so
[21.129s] Listing '/home/rhobtor/PHD/j8_control/J8_control/install/path_manager_interfaces/local/lib/python3.10/dist-packages/path_manager_interfaces'...
[21.129s] Compiling '/home/rhobtor/PHD/j8_control/J8_control/install/path_manager_interfaces/local/lib/python3.10/dist-packages/path_manager_interfaces/__init__.py'...
[21.129s] Listing '/home/rhobtor/PHD/j8_control/J8_control/install/path_manager_interfaces/local/lib/python3.10/dist-packages/path_manager_interfaces/srv'...
[21.129s] Compiling '/home/rhobtor/PHD/j8_control/J8_control/install/path_manager_interfaces/local/lib/python3.10/dist-packages/path_manager_interfaces/srv/__init__.py'...
[21.129s] Compiling '/home/rhobtor/PHD/j8_control/J8_control/install/path_manager_interfaces/local/lib/python3.10/dist-packages/path_manager_interfaces/srv/_assist_emergency.py'...
[21.129s] Compiling '/home/rhobtor/PHD/j8_control/J8_control/install/path_manager_interfaces/local/lib/python3.10/dist-packages/path_manager_interfaces/srv/_get_fix_frame_path.py'...
[21.129s] Compiling '/home/rhobtor/PHD/j8_control/J8_control/install/path_manager_interfaces/local/lib/python3.10/dist-packages/path_manager_interfaces/srv/_get_ll_path.py'...
[21.129s] Compiling '/home/rhobtor/PHD/j8_control/J8_control/install/path_manager_interfaces/local/lib/python3.10/dist-packages/path_manager_interfaces/srv/_plan_path.py'...
[21.129s] Compiling '/home/rhobtor/PHD/j8_control/J8_control/install/path_manager_interfaces/local/lib/python3.10/dist-packages/path_manager_interfaces/srv/_read_path_from_file.py'...
[21.129s] Compiling '/home/rhobtor/PHD/j8_control/J8_control/install/path_manager_interfaces/local/lib/python3.10/dist-packages/path_manager_interfaces/srv/_return_robot_path.py'...
[21.130s] Compiling '/home/rhobtor/PHD/j8_control/J8_control/install/path_manager_interfaces/local/lib/python3.10/dist-packages/path_manager_interfaces/srv/_robot_path.py'...
[21.130s] Compiling '/home/rhobtor/PHD/j8_control/J8_control/install/path_manager_interfaces/local/lib/python3.10/dist-packages/path_manager_interfaces/srv/_write_path_to_file.py'...
[21.135s] -- Installing: /home/rhobtor/PHD/j8_control/J8_control/install/path_manager_interfaces/local/lib/python3.10/dist-packages/path_manager_interfaces/path_manager_interfaces_s__rosidl_typesupport_fastrtps_c.cpython-310-x86_64-linux-gnu.so
[21.136s] -- Set runtime path of "/home/rhobtor/PHD/j8_control/J8_control/install/path_manager_interfaces/local/lib/python3.10/dist-packages/path_manager_interfaces/path_manager_interfaces_s__rosidl_typesupport_fastrtps_c.cpython-310-x86_64-linux-gnu.so" to ""
[21.137s] -- Installing: /home/rhobtor/PHD/j8_control/J8_control/install/path_manager_interfaces/local/lib/python3.10/dist-packages/path_manager_interfaces/path_manager_interfaces_s__rosidl_typesupport_introspection_c.cpython-310-x86_64-linux-gnu.so
[21.137s] -- Set runtime path of "/home/rhobtor/PHD/j8_control/J8_control/install/path_manager_interfaces/local/lib/python3.10/dist-packages/path_manager_interfaces/path_manager_interfaces_s__rosidl_typesupport_introspection_c.cpython-310-x86_64-linux-gnu.so" to ""
[21.138s] -- Installing: /home/rhobtor/PHD/j8_control/J8_control/install/path_manager_interfaces/local/lib/python3.10/dist-packages/path_manager_interfaces/path_manager_interfaces_s__rosidl_typesupport_c.cpython-310-x86_64-linux-gnu.so
[21.139s] -- Set runtime path of "/home/rhobtor/PHD/j8_control/J8_control/install/path_manager_interfaces/local/lib/python3.10/dist-packages/path_manager_interfaces/path_manager_interfaces_s__rosidl_typesupport_c.cpython-310-x86_64-linux-gnu.so" to ""
[21.139s] -- Installing: /home/rhobtor/PHD/j8_control/J8_control/install/path_manager_interfaces/lib/libpath_manager_interfaces__rosidl_generator_py.so
[21.140s] -- Set runtime path of "/home/rhobtor/PHD/j8_control/J8_control/install/path_manager_interfaces/lib/libpath_manager_interfaces__rosidl_generator_py.so" to ""
[21.140s] -- Installing: /home/rhobtor/PHD/j8_control/J8_control/install/path_manager_interfaces/share/ament_index/resource_index/rust_packages/path_manager_interfaces
[21.140s] -- Installing: /home/rhobtor/PHD/j8_control/J8_control/install/path_manager_interfaces/share/path_manager_interfaces/rust
[21.141s] -- Installing: /home/rhobtor/PHD/j8_control/J8_control/install/path_manager_interfaces/share/path_manager_interfaces/rust/build.rs
[21.141s] -- Installing: /home/rhobtor/PHD/j8_control/J8_control/install/path_manager_interfaces/share/path_manager_interfaces/rust/src
[21.141s] -- Installing: /home/rhobtor/PHD/j8_control/J8_control/install/path_manager_interfaces/share/path_manager_interfaces/rust/src/srv.rs
[21.141s] -- Installing: /home/rhobtor/PHD/j8_control/J8_control/install/path_manager_interfaces/share/path_manager_interfaces/rust/src/srv
[21.141s] -- Installing: /home/rhobtor/PHD/j8_control/J8_control/install/path_manager_interfaces/share/path_manager_interfaces/rust/src/srv/rmw.rs
[21.142s] -- Installing: /home/rhobtor/PHD/j8_control/J8_control/install/path_manager_interfaces/share/path_manager_interfaces/rust/src/lib.rs
[21.142s] -- Installing: /home/rhobtor/PHD/j8_control/J8_control/install/path_manager_interfaces/share/path_manager_interfaces/rust/Cargo.toml
[21.142s] -- Installing: /home/rhobtor/PHD/j8_control/J8_control/install/path_manager_interfaces/share/path_manager_interfaces/srv/WritePathToFile.idl
[21.143s] -- Installing: /home/rhobtor/PHD/j8_control/J8_control/install/path_manager_interfaces/share/path_manager_interfaces/srv/ReadPathFromFile.idl
[21.143s] -- Installing: /home/rhobtor/PHD/j8_control/J8_control/install/path_manager_interfaces/share/path_manager_interfaces/srv/ReturnRobotPath.idl
[21.144s] -- Installing: /home/rhobtor/PHD/j8_control/J8_control/install/path_manager_interfaces/share/path_manager_interfaces/srv/RobotPath.idl
[21.144s] -- Installing: /home/rhobtor/PHD/j8_control/J8_control/install/path_manager_interfaces/share/path_manager_interfaces/srv/GetFixFramePath.idl
[21.144s] -- Installing: /home/rhobtor/PHD/j8_control/J8_control/install/path_manager_interfaces/share/path_manager_interfaces/srv/GetLLPath.idl
[21.145s] -- Installing: /home/rhobtor/PHD/j8_control/J8_control/install/path_manager_interfaces/share/path_manager_interfaces/srv/PlanPath.idl
[21.145s] -- Installing: /home/rhobtor/PHD/j8_control/J8_control/install/path_manager_interfaces/share/path_manager_interfaces/srv/AssistEmergency.idl
[21.145s] -- Installing: /home/rhobtor/PHD/j8_control/J8_control/install/path_manager_interfaces/share/path_manager_interfaces/srv/WritePathToFile.srv
[21.145s] -- Installing: /home/rhobtor/PHD/j8_control/J8_control/install/path_manager_interfaces/share/path_manager_interfaces/srv/WritePathToFile_Request.msg
[21.146s] -- Installing: /home/rhobtor/PHD/j8_control/J8_control/install/path_manager_interfaces/share/path_manager_interfaces/srv/WritePathToFile_Response.msg
[21.146s] -- Installing: /home/rhobtor/PHD/j8_control/J8_control/install/path_manager_interfaces/share/path_manager_interfaces/srv/ReadPathFromFile.srv
[21.146s] -- Installing: /home/rhobtor/PHD/j8_control/J8_control/install/path_manager_interfaces/share/path_manager_interfaces/srv/ReadPathFromFile_Request.msg
[21.147s] -- Installing: /home/rhobtor/PHD/j8_control/J8_control/install/path_manager_interfaces/share/path_manager_interfaces/srv/ReadPathFromFile_Response.msg
[21.147s] -- Installing: /home/rhobtor/PHD/j8_control/J8_control/install/path_manager_interfaces/share/path_manager_interfaces/srv/ReturnRobotPath.srv
[21.147s] -- Installing: /home/rhobtor/PHD/j8_control/J8_control/install/path_manager_interfaces/share/path_manager_interfaces/srv/ReturnRobotPath_Request.msg
[21.147s] -- Installing: /home/rhobtor/PHD/j8_control/J8_control/install/path_manager_interfaces/share/path_manager_interfaces/srv/ReturnRobotPath_Response.msg
[21.148s] -- Installing: /home/rhobtor/PHD/j8_control/J8_control/install/path_manager_interfaces/share/path_manager_interfaces/srv/RobotPath.srv
[21.148s] -- Installing: /home/rhobtor/PHD/j8_control/J8_control/install/path_manager_interfaces/share/path_manager_interfaces/srv/RobotPath_Request.msg
[21.148s] -- Installing: /home/rhobtor/PHD/j8_control/J8_control/install/path_manager_interfaces/share/path_manager_interfaces/srv/RobotPath_Response.msg
[21.148s] -- Installing: /home/rhobtor/PHD/j8_control/J8_control/install/path_manager_interfaces/share/path_manager_interfaces/srv/GetFixFramePath.srv
[21.149s] -- Installing: /home/rhobtor/PHD/j8_control/J8_control/install/path_manager_interfaces/share/path_manager_interfaces/srv/GetFixFramePath_Request.msg
[21.149s] -- Installing: /home/rhobtor/PHD/j8_control/J8_control/install/path_manager_interfaces/share/path_manager_interfaces/srv/GetFixFramePath_Response.msg
[21.149s] -- Installing: /home/rhobtor/PHD/j8_control/J8_control/install/path_manager_interfaces/share/path_manager_interfaces/srv/GetLLPath.srv
[21.150s] -- Installing: /home/rhobtor/PHD/j8_control/J8_control/install/path_manager_interfaces/share/path_manager_interfaces/srv/GetLLPath_Request.msg
[21.150s] -- Installing: /home/rhobtor/PHD/j8_control/J8_control/install/path_manager_interfaces/share/path_manager_interfaces/srv/GetLLPath_Response.msg
[21.150s] -- Installing: /home/rhobtor/PHD/j8_control/J8_control/install/path_manager_interfaces/share/path_manager_interfaces/srv/PlanPath.srv
[21.151s] -- Installing: /home/rhobtor/PHD/j8_control/J8_control/install/path_manager_interfaces/share/path_manager_interfaces/srv/PlanPath_Request.msg
[21.151s] -- Installing: /home/rhobtor/PHD/j8_control/J8_control/install/path_manager_interfaces/share/path_manager_interfaces/srv/PlanPath_Response.msg
[21.151s] -- Installing: /home/rhobtor/PHD/j8_control/J8_control/install/path_manager_interfaces/share/path_manager_interfaces/srv/AssistEmergency.srv
[21.152s] -- Installing: /home/rhobtor/PHD/j8_control/J8_control/install/path_manager_interfaces/share/path_manager_interfaces/srv/AssistEmergency_Request.msg
[21.152s] -- Installing: /home/rhobtor/PHD/j8_control/J8_control/install/path_manager_interfaces/share/path_manager_interfaces/srv/AssistEmergency_Response.msg
[21.152s] -- Installing: /home/rhobtor/PHD/j8_control/J8_control/install/path_manager_interfaces/share/ament_index/resource_index/package_run_dependencies/path_manager_interfaces
[21.153s] -- Installing: /home/rhobtor/PHD/j8_control/J8_control/install/path_manager_interfaces/share/ament_index/resource_index/parent_prefix_path/path_manager_interfaces
[21.153s] -- Installing: /home/rhobtor/PHD/j8_control/J8_control/install/path_manager_interfaces/share/path_manager_interfaces/environment/ament_prefix_path.sh
[21.153s] -- Installing: /home/rhobtor/PHD/j8_control/J8_control/install/path_manager_interfaces/share/path_manager_interfaces/environment/ament_prefix_path.dsv
[21.154s] -- Installing: /home/rhobtor/PHD/j8_control/J8_control/install/path_manager_interfaces/share/path_manager_interfaces/environment/path.sh
[21.154s] -- Installing: /home/rhobtor/PHD/j8_control/J8_control/install/path_manager_interfaces/share/path_manager_interfaces/environment/path.dsv
[21.154s] -- Installing: /home/rhobtor/PHD/j8_control/J8_control/install/path_manager_interfaces/share/path_manager_interfaces/local_setup.bash
[21.155s] -- Installing: /home/rhobtor/PHD/j8_control/J8_control/install/path_manager_interfaces/share/path_manager_interfaces/local_setup.sh
[21.155s] -- Installing: /home/rhobtor/PHD/j8_control/J8_control/install/path_manager_interfaces/share/path_manager_interfaces/local_setup.zsh
[21.155s] -- Installing: /home/rhobtor/PHD/j8_control/J8_control/install/path_manager_interfaces/share/path_manager_interfaces/local_setup.dsv
[21.156s] -- Installing: /home/rhobtor/PHD/j8_control/J8_control/install/path_manager_interfaces/share/path_manager_interfaces/package.dsv
[21.156s] -- Installing: /home/rhobtor/PHD/j8_control/J8_control/install/path_manager_interfaces/share/ament_index/resource_index/packages/path_manager_interfaces
[21.156s] -- Installing: /home/rhobtor/PHD/j8_control/J8_control/install/path_manager_interfaces/share/path_manager_interfaces/cmake/export_path_manager_interfaces__rosidl_generator_cExport.cmake
[21.157s] -- Installing: /home/rhobtor/PHD/j8_control/J8_control/install/path_manager_interfaces/share/path_manager_interfaces/cmake/export_path_manager_interfaces__rosidl_generator_cExport-noconfig.cmake
[21.157s] -- Installing: /home/rhobtor/PHD/j8_control/J8_control/install/path_manager_interfaces/share/path_manager_interfaces/cmake/export_path_manager_interfaces__rosidl_typesupport_fastrtps_cExport.cmake
[21.157s] -- Installing: /home/rhobtor/PHD/j8_control/J8_control/install/path_manager_interfaces/share/path_manager_interfaces/cmake/export_path_manager_interfaces__rosidl_typesupport_fastrtps_cExport-noconfig.cmake
[21.158s] -- Installing: /home/rhobtor/PHD/j8_control/J8_control/install/path_manager_interfaces/share/path_manager_interfaces/cmake/path_manager_interfaces__rosidl_typesupport_introspection_cExport.cmake
[21.158s] -- Installing: /home/rhobtor/PHD/j8_control/J8_control/install/path_manager_interfaces/share/path_manager_interfaces/cmake/path_manager_interfaces__rosidl_typesupport_introspection_cExport-noconfig.cmake
[21.158s] -- Installing: /home/rhobtor/PHD/j8_control/J8_control/install/path_manager_interfaces/share/path_manager_interfaces/cmake/path_manager_interfaces__rosidl_typesupport_cExport.cmake
[21.159s] -- Installing: /home/rhobtor/PHD/j8_control/J8_control/install/path_manager_interfaces/share/path_manager_interfaces/cmake/path_manager_interfaces__rosidl_typesupport_cExport-noconfig.cmake
[21.159s] -- Installing: /home/rhobtor/PHD/j8_control/J8_control/install/path_manager_interfaces/share/path_manager_interfaces/cmake/export_path_manager_interfaces__rosidl_generator_cppExport.cmake
[21.159s] -- Installing: /home/rhobtor/PHD/j8_control/J8_control/install/path_manager_interfaces/share/path_manager_interfaces/cmake/export_path_manager_interfaces__rosidl_typesupport_fastrtps_cppExport.cmake
[21.160s] -- Installing: /home/rhobtor/PHD/j8_control/J8_control/install/path_manager_interfaces/share/path_manager_interfaces/cmake/export_path_manager_interfaces__rosidl_typesupport_fastrtps_cppExport-noconfig.cmake
[21.160s] -- Installing: /home/rhobtor/PHD/j8_control/J8_control/install/path_manager_interfaces/share/path_manager_interfaces/cmake/path_manager_interfaces__rosidl_typesupport_introspection_cppExport.cmake
[21.160s] -- Installing: /home/rhobtor/PHD/j8_control/J8_control/install/path_manager_interfaces/share/path_manager_interfaces/cmake/path_manager_interfaces__rosidl_typesupport_introspection_cppExport-noconfig.cmake
[21.160s] -- Installing: /home/rhobtor/PHD/j8_control/J8_control/install/path_manager_interfaces/share/path_manager_interfaces/cmake/path_manager_interfaces__rosidl_typesupport_cppExport.cmake
[21.161s] -- Installing: /home/rhobtor/PHD/j8_control/J8_control/install/path_manager_interfaces/share/path_manager_interfaces/cmake/path_manager_interfaces__rosidl_typesupport_cppExport-noconfig.cmake
[21.161s] -- Installing: /home/rhobtor/PHD/j8_control/J8_control/install/path_manager_interfaces/share/path_manager_interfaces/cmake/export_path_manager_interfaces__rosidl_generator_pyExport.cmake
[21.161s] -- Installing: /home/rhobtor/PHD/j8_control/J8_control/install/path_manager_interfaces/share/path_manager_interfaces/cmake/export_path_manager_interfaces__rosidl_generator_pyExport-noconfig.cmake
[21.162s] -- Installing: /home/rhobtor/PHD/j8_control/J8_control/install/path_manager_interfaces/share/path_manager_interfaces/cmake/rosidl_cmake-extras.cmake
[21.162s] -- Installing: /home/rhobtor/PHD/j8_control/J8_control/install/path_manager_interfaces/share/path_manager_interfaces/cmake/ament_cmake_export_dependencies-extras.cmake
[21.162s] -- Installing: /home/rhobtor/PHD/j8_control/J8_control/install/path_manager_interfaces/share/path_manager_interfaces/cmake/ament_cmake_export_include_directories-extras.cmake
[21.162s] -- Installing: /home/rhobtor/PHD/j8_control/J8_control/install/path_manager_interfaces/share/path_manager_interfaces/cmake/ament_cmake_export_libraries-extras.cmake
[21.163s] -- Installing: /home/rhobtor/PHD/j8_control/J8_control/install/path_manager_interfaces/share/path_manager_interfaces/cmake/ament_cmake_export_targets-extras.cmake
[21.163s] -- Installing: /home/rhobtor/PHD/j8_control/J8_control/install/path_manager_interfaces/share/path_manager_interfaces/cmake/rosidl_cmake_export_typesupport_targets-extras.cmake
[21.163s] -- Installing: /home/rhobtor/PHD/j8_control/J8_control/install/path_manager_interfaces/share/path_manager_interfaces/cmake/rosidl_cmake_export_typesupport_libraries-extras.cmake
[21.164s] -- Installing: /home/rhobtor/PHD/j8_control/J8_control/install/path_manager_interfaces/share/path_manager_interfaces/cmake/rosidl_cmake_aggregate_target-extras.cmake
[21.164s] -- Installing: /home/rhobtor/PHD/j8_control/J8_control/install/path_manager_interfaces/share/path_manager_interfaces/cmake/path_manager_interfacesConfig.cmake
[21.164s] -- Installing: /home/rhobtor/PHD/j8_control/J8_control/install/path_manager_interfaces/share/path_manager_interfaces/cmake/path_manager_interfacesConfig-version.cmake
[21.165s] -- Installing: /home/rhobtor/PHD/j8_control/J8_control/install/path_manager_interfaces/share/path_manager_interfaces/package.xml
[21.206s] Invoked command in '/home/rhobtor/PHD/j8_control/J8_control/build/path_manager_interfaces' returned '0': CMAKE_PREFIX_PATH=${CMAKE_PREFIX_PATH}:/home/rhobtor/PHD/path_dem/install_navigation/path_dem:/home/rhobtor/PHD/path_dem/install/path_dem:/home/rhobtor/PHD/install_global_belief_final/path_dem:/home/rhobtor/PHD/ARGOSJ8_IA/ARGOSJ8_IA_/install/car:/home/rhobtor/PHD/ARGOSJ8_IA/ARGOSJ8_IA_/install/ntrip_client:/home/rhobtor/PHD/ARGOSJ8_IA/ARGOSJ8_IA_/install/j8_gui:/home/rhobtor/PHD/ARGOSJ8_IA/ARGOSJ8_IA_/install/gui:/home/rhobtor/PHD/ARGOSJ8_IA/ARGOSJ8_IA_/install/android_ros2_server:/home/rhobtor/PHD/ARGOSJ8_IA/ARGOSJ8_IA_/install/GUI_pkg:/home/rhobtor/PHD/model_terrain_ugv/Model_terrain_ugv/install/model_terrain:/opt/ros/humble /usr/bin/cmake --install /home/rhobtor/PHD/j8_control/J8_control/build/path_manager_interfaces
