[0.786s] Invoking command in '/home/roverj8/LUIS/ARGJ08/ARGOSJ8_IA_/build/joy_linux': /usr/bin/cmake /home/roverj8/LUIS/ARGJ08/ARGOSJ8_IA_/src/j8_joystick/joy_linux -DCMAKE_INSTALL_PREFIX=/home/roverj8/LUIS/ARGJ08/ARGOSJ8_IA_/install/joy_linux
[0.997s] -- The C compiler identification is GNU 11.4.0
[0.997s] -- The CXX compiler identification is GNU 11.4.0
[0.997s] -- Detecting C compiler ABI info
[0.997s] -- Detecting C compiler ABI info - done
[0.997s] -- Check for working C compiler: /usr/bin/cc - skipped
[0.998s] -- Detecting C compile features
[0.998s] -- Detecting C compile features - done
[0.998s] -- Detecting CXX compiler ABI info
[0.999s] -- Detecting CXX compiler ABI info - done
[0.999s] -- Check for working CXX compiler: /usr/bin/c++ - skipped
[0.999s] -- Detecting CXX compile features
[1.000s] -- Detecting CXX compile features - done
[1.002s] [31mCMake Error at CMakeLists.txt:13 (find_package):
[1.002s]   By not providing "Findament_cmake.cmake" in CMAKE_MODULE_PATH this project
[1.003s]   has asked CMake to find a package configuration file provided by
[1.003s]   "ament_cmake", but CMake did not find one.
[1.003s] 
[1.004s]   Could not find a package configuration file provided by "ament_cmake" with
[1.004s]   any of the following names:
[1.005s] 
[1.005s]     ament_cmakeConfig.cmake
[1.005s]     ament_cmake-config.cmake
[1.006s] 
[1.006s]   Add the installation prefix of "ament_cmake" to CMAKE_PREFIX_PATH or set
[1.006s]   "ament_cmake_DIR" to a directory containing one of the above files.  If
[1.007s]   "ament_cmake" provides a separate development package or SDK, be sure it
[1.007s]   has been installed.
[1.008s] 
[1.008s] [0m
[1.008s] -- Configuring incomplete, errors occurred!
[1.008s] See also "/home/roverj8/LUIS/ARGJ08/ARGOSJ8_IA_/build/joy_linux/CMakeFiles/CMakeOutput.log".
[1.015s] Invoked command in '/home/roverj8/LUIS/ARGJ08/ARGOSJ8_IA_/build/joy_linux' returned '1': /usr/bin/cmake /home/roverj8/LUIS/ARGJ08/ARGOSJ8_IA_/src/j8_joystick/joy_linux -DCMAKE_INSTALL_PREFIX=/home/roverj8/LUIS/ARGJ08/ARGOSJ8_IA_/install/joy_linux
