[0.010s] Invoking command in '/home/rhobtor/PHD/j8_control/J8_control/build/ublox_gps': AMENT_PREFIX_PATH=/home/rhobtor/PHD/j8_control/J8_control/install/ublox_msgs:/home/rhobtor/PHD/j8_control/J8_control/install/ublox_serialization:${AMENT_PREFIX_PATH} CMAKE_PREFIX_PATH=/home/rhobtor/PHD/j8_control/J8_control/install/ublox_msgs:/home/rhobtor/PHD/j8_control/J8_control/install/ublox_serialization:/home/rhobtor/PHD/ARGOSJ8_IA/ARGOSJ8_IA_/install/wiimote_msgs:/home/rhobtor/PHD/ARGOSJ8_IA/ARGOSJ8_IA_/install/ublox:/home/rhobtor/PHD/ARGOSJ8_IA/ARGOSJ8_IA_/install/ublox_gps:/home/rhobtor/PHD/ARGOSJ8_IA/ARGOSJ8_IA_/install/security_check:/home/rhobtor/PHD/ARGOSJ8_IA/ARGOSJ8_IA_/install/ctl_mission:/home/rhobtor/PHD/ARGOSJ8_IA/ARGOSJ8_IA_/install/ublox_msgs:/home/rhobtor/PHD/ARGOSJ8_IA/ARGOSJ8_IA_/install/ublox_serialization:/home/rhobtor/PHD/ARGOSJ8_IA/ARGOSJ8_IA_/install/spacenav:/home/rhobtor/PHD/ARGOSJ8_IA/ARGOSJ8_IA_/install/laser_segmentation:/home/rhobtor/PHD/ARGOSJ8_IA/ARGOSJ8_IA_/install/slg_msgs:/home/rhobtor/PHD/ARGOSJ8_IA/ARGOSJ8_IA_/install/security_check_interfaces:/home/rhobtor/PHD/ARGOSJ8_IA/ARGOSJ8_IA_/install/joy:/home/rhobtor/PHD/ARGOSJ8_IA/ARGOSJ8_IA_/install/sdl2_vendor:/home/rhobtor/PHD/ARGOSJ8_IA/ARGOSJ8_IA_/install/path_manager:/home/rhobtor/PHD/ARGOSJ8_IA/ARGOSJ8_IA_/install/path_manager_interfaces:/home/rhobtor/PHD/ARGOSJ8_IA/ARGOSJ8_IA_/install/joy_linux:/home/rhobtor/PHD/ARGOSJ8_IA/ARGOSJ8_IA_/install/j8_xacro_model:/home/rhobtor/PHD/ARGOSJ8_IA/ARGOSJ8_IA_/install/hikmicro_thermal_camera:/home/rhobtor/PHD/ARGOSJ8_IA/ARGOSJ8_IA_/install/hector_gazebo_plugins:/home/rhobtor/PHD/ARGOSJ8_IA/ARGOSJ8_IA_/install/fixposition_sensor_pkg:/home/rhobtor/PHD/ARGOSJ8_IA/ARGOSJ8_IA_/install/fixposition_odometry_converter_ros2:/home/rhobtor/PHD/ARGOSJ8_IA/ARGOSJ8_IA_/install/fixposition_driver_ros2:/home/rhobtor/PHD/ARGOSJ8_IA/ARGOSJ8_IA_/install/fixposition_driver_lib:/home/rhobtor/PHD/ARGOSJ8_IA/ARGOSJ8_IA_/install/fixposition_gnss_tf:/home/rhobtor/PHD/ARGOSJ8_IA/ARGOSJ8_IA_/install/ctl_mission_interfaces:/home/rhobtor/PHD/ARGOSJ8_IA/ARGOSJ8_IA_/install/car_cpp:/home/rhobtor/PHD/ARGOSJ8_IA/ARGOSJ8_IA_/install/car_interfaces:/home/rhobtor/PHD/ARGOSJ8_IA/ARGOSJ8_IA_/install/argj801_setup:/home/rhobtor/PHD/ARGOSJ8_IA/ARGOSJ8_IA_/install/argj801_sensors:/home/rhobtor/PHD/ARGOSJ8_IA/ARGOSJ8_IA_/install/argj801_sensors_msgs:/home/rhobtor/PHD/ARGOSJ8_IA/ARGOSJ8_IA_/install/argj801_ctl_platform:/home/rhobtor/PHD/ARGOSJ8_IA/ARGOSJ8_IA_/install/argj801_ctl_platform_interfaces:/home/rhobtor/PHD/model_terrain_ugv/Model_terrain_ugv/install/model_terrain_cpp:/home/rhobtor/PHD/path_dem/install_navigation/path_dem:/home/rhobtor/PHD/path_dem/install/path_dem:/home/rhobtor/PHD/install_global_belief_final/path_dem:/home/rhobtor/PHD/ARGOSJ8_IA/ARGOSJ8_IA_/install/car:/home/rhobtor/PHD/ARGOSJ8_IA/ARGOSJ8_IA_/install/ntrip_client:/home/rhobtor/PHD/ARGOSJ8_IA/ARGOSJ8_IA_/install/j8_gui:/home/rhobtor/PHD/ARGOSJ8_IA/ARGOSJ8_IA_/install/gui:/home/rhobtor/PHD/ARGOSJ8_IA/ARGOSJ8_IA_/install/android_ros2_server:/home/rhobtor/PHD/ARGOSJ8_IA/ARGOSJ8_IA_/install/GUI_pkg:/home/rhobtor/PHD/model_terrain_ugv/Model_terrain_ugv/install/model_terrain:/opt/ros/humble LD_LIBRARY_PATH=/home/rhobtor/PHD/j8_control/J8_control/install/ublox_msgs/lib:${LD_LIBRARY_PATH} PYTHONPATH=/home/rhobtor/PHD/j8_control/J8_control/install/ublox_msgs/local/lib/python3.10/dist-packages:${PYTHONPATH} /usr/bin/cmake /home/rhobtor/PHD/j8_control/J8_control/src/argo_drivers_pkgs/ublox/ublox_gps -DCMAKE_INSTALL_PREFIX=/home/rhobtor/PHD/j8_control/J8_control/install/ublox_gps
[0.053s] -- The C compiler identification is GNU 11.4.0
[0.092s] -- The CXX compiler identification is GNU 11.4.0
[0.097s] -- Detecting C compiler ABI info
[0.155s] -- Detecting C compiler ABI info - done
[0.159s] -- Check for working C compiler: /usr/bin/cc - skipped
[0.159s] -- Detecting C compile features
[0.159s] -- Detecting C compile features - done
[0.161s] -- Detecting CXX compiler ABI info
[0.225s] -- Detecting CXX compiler ABI info - done
[0.229s] -- Check for working CXX compiler: /usr/bin/c++ - skipped
[0.229s] -- Detecting CXX compile features
[0.230s] -- Detecting CXX compile features - done
[0.233s] -- Found ament_cmake_ros: 0.10.0 (/opt/ros/humble/share/ament_cmake_ros/cmake)
[0.541s] -- Found Python3: /usr/bin/python3 (found version "3.10.12") found components: Interpreter 
[0.635s] -- Found asio: /usr/include  
[0.638s] -- Found diagnostic_msgs: 4.9.2 (/opt/ros/humble/share/diagnostic_msgs/cmake)
[0.679s] -- Found rosidl_generator_c: 3.1.9 (/opt/ros/humble/share/rosidl_generator_c/cmake)
[0.686s] -- Found rosidl_adapter: 3.1.9 (/opt/ros/humble/share/rosidl_adapter/cmake)
[0.695s] -- Found rosidl_generator_cpp: 3.1.9 (/opt/ros/humble/share/rosidl_generator_cpp/cmake)
[0.706s] -- Using all available rosidl_typesupport_c: rosidl_typesupport_fastrtps_c;rosidl_typesupport_introspection_c
[0.723s] -- Using all available rosidl_typesupport_cpp: rosidl_typesupport_fastrtps_cpp;rosidl_typesupport_introspection_cpp
[0.752s] -- Found diagnostic_updater: 4.0.7 (/opt/ros/humble/share/diagnostic_updater/cmake)
[0.796s] -- Found rmw_implementation_cmake: 6.1.3 (/opt/ros/humble/share/rmw_implementation_cmake/cmake)
[0.801s] -- Found rmw_fastrtps_cpp: 6.2.10 (/opt/ros/humble/share/rmw_fastrtps_cpp/cmake)
[0.883s] -- Found OpenSSL: /usr/lib/x86_64-linux-gnu/libcrypto.so (found version "3.0.2")  
[0.905s] -- Found FastRTPS: /opt/ros/humble/include  
[0.941s] -- Using RMW implementation 'rmw_fastrtps_cpp' as default
[0.952s] -- Looking for pthread.h
[1.011s] -- Looking for pthread.h - found
[1.011s] -- Performing Test CMAKE_HAVE_LIBC_PTHREAD
[1.071s] -- Performing Test CMAKE_HAVE_LIBC_PTHREAD - Success
[1.072s] -- Found Threads: TRUE  
[1.112s] -- Found geometry_msgs: 4.9.2 (/opt/ros/humble/share/geometry_msgs/cmake)
[1.121s] -- Found rclcpp_components: 16.0.19 (/opt/ros/humble/share/rclcpp_components/cmake)
[1.149s] -- Found sensor_msgs: 4.9.2 (/opt/ros/humble/share/sensor_msgs/cmake)
[1.163s] -- Found tf2: 0.25.22 (/opt/ros/humble/share/tf2/cmake)
[1.165s] -- Found ublox_msgs: 2.3.0 (/home/rhobtor/PHD/j8_control/J8_control/install/ublox_msgs/share/ublox_msgs/cmake)
[1.178s] -- Found rtcm_msgs: 1.1.6 (/opt/ros/humble/share/rtcm_msgs/cmake)
[1.238s] -- Configuring done
[1.276s] -- Generating done
[1.284s] -- Build files have been written to: /home/rhobtor/PHD/j8_control/J8_control/build/ublox_gps
[1.291s] Invoked command in '/home/rhobtor/PHD/j8_control/J8_control/build/ublox_gps' returned '0': AMENT_PREFIX_PATH=/home/rhobtor/PHD/j8_control/J8_control/install/ublox_msgs:/home/rhobtor/PHD/j8_control/J8_control/install/ublox_serialization:${AMENT_PREFIX_PATH} CMAKE_PREFIX_PATH=/home/rhobtor/PHD/j8_control/J8_control/install/ublox_msgs:/home/rhobtor/PHD/j8_control/J8_control/install/ublox_serialization:/home/rhobtor/PHD/ARGOSJ8_IA/ARGOSJ8_IA_/install/wiimote_msgs:/home/rhobtor/PHD/ARGOSJ8_IA/ARGOSJ8_IA_/install/ublox:/home/rhobtor/PHD/ARGOSJ8_IA/ARGOSJ8_IA_/install/ublox_gps:/home/rhobtor/PHD/ARGOSJ8_IA/ARGOSJ8_IA_/install/security_check:/home/rhobtor/PHD/ARGOSJ8_IA/ARGOSJ8_IA_/install/ctl_mission:/home/rhobtor/PHD/ARGOSJ8_IA/ARGOSJ8_IA_/install/ublox_msgs:/home/rhobtor/PHD/ARGOSJ8_IA/ARGOSJ8_IA_/install/ublox_serialization:/home/rhobtor/PHD/ARGOSJ8_IA/ARGOSJ8_IA_/install/spacenav:/home/rhobtor/PHD/ARGOSJ8_IA/ARGOSJ8_IA_/install/laser_segmentation:/home/rhobtor/PHD/ARGOSJ8_IA/ARGOSJ8_IA_/install/slg_msgs:/home/rhobtor/PHD/ARGOSJ8_IA/ARGOSJ8_IA_/install/security_check_interfaces:/home/rhobtor/PHD/ARGOSJ8_IA/ARGOSJ8_IA_/install/joy:/home/rhobtor/PHD/ARGOSJ8_IA/ARGOSJ8_IA_/install/sdl2_vendor:/home/rhobtor/PHD/ARGOSJ8_IA/ARGOSJ8_IA_/install/path_manager:/home/rhobtor/PHD/ARGOSJ8_IA/ARGOSJ8_IA_/install/path_manager_interfaces:/home/rhobtor/PHD/ARGOSJ8_IA/ARGOSJ8_IA_/install/joy_linux:/home/rhobtor/PHD/ARGOSJ8_IA/ARGOSJ8_IA_/install/j8_xacro_model:/home/rhobtor/PHD/ARGOSJ8_IA/ARGOSJ8_IA_/install/hikmicro_thermal_camera:/home/rhobtor/PHD/ARGOSJ8_IA/ARGOSJ8_IA_/install/hector_gazebo_plugins:/home/rhobtor/PHD/ARGOSJ8_IA/ARGOSJ8_IA_/install/fixposition_sensor_pkg:/home/rhobtor/PHD/ARGOSJ8_IA/ARGOSJ8_IA_/install/fixposition_odometry_converter_ros2:/home/rhobtor/PHD/ARGOSJ8_IA/ARGOSJ8_IA_/install/fixposition_driver_ros2:/home/rhobtor/PHD/ARGOSJ8_IA/ARGOSJ8_IA_/install/fixposition_driver_lib:/home/rhobtor/PHD/ARGOSJ8_IA/ARGOSJ8_IA_/install/fixposition_gnss_tf:/home/rhobtor/PHD/ARGOSJ8_IA/ARGOSJ8_IA_/install/ctl_mission_interfaces:/home/rhobtor/PHD/ARGOSJ8_IA/ARGOSJ8_IA_/install/car_cpp:/home/rhobtor/PHD/ARGOSJ8_IA/ARGOSJ8_IA_/install/car_interfaces:/home/rhobtor/PHD/ARGOSJ8_IA/ARGOSJ8_IA_/install/argj801_setup:/home/rhobtor/PHD/ARGOSJ8_IA/ARGOSJ8_IA_/install/argj801_sensors:/home/rhobtor/PHD/ARGOSJ8_IA/ARGOSJ8_IA_/install/argj801_sensors_msgs:/home/rhobtor/PHD/ARGOSJ8_IA/ARGOSJ8_IA_/install/argj801_ctl_platform:/home/rhobtor/PHD/ARGOSJ8_IA/ARGOSJ8_IA_/install/argj801_ctl_platform_interfaces:/home/rhobtor/PHD/model_terrain_ugv/Model_terrain_ugv/install/model_terrain_cpp:/home/rhobtor/PHD/path_dem/install_navigation/path_dem:/home/rhobtor/PHD/path_dem/install/path_dem:/home/rhobtor/PHD/install_global_belief_final/path_dem:/home/rhobtor/PHD/ARGOSJ8_IA/ARGOSJ8_IA_/install/car:/home/rhobtor/PHD/ARGOSJ8_IA/ARGOSJ8_IA_/install/ntrip_client:/home/rhobtor/PHD/ARGOSJ8_IA/ARGOSJ8_IA_/install/j8_gui:/home/rhobtor/PHD/ARGOSJ8_IA/ARGOSJ8_IA_/install/gui:/home/rhobtor/PHD/ARGOSJ8_IA/ARGOSJ8_IA_/install/android_ros2_server:/home/rhobtor/PHD/ARGOSJ8_IA/ARGOSJ8_IA_/install/GUI_pkg:/home/rhobtor/PHD/model_terrain_ugv/Model_terrain_ugv/install/model_terrain:/opt/ros/humble LD_LIBRARY_PATH=/home/rhobtor/PHD/j8_control/J8_control/install/ublox_msgs/lib:${LD_LIBRARY_PATH} PYTHONPATH=/home/rhobtor/PHD/j8_control/J8_control/install/ublox_msgs/local/lib/python3.10/dist-packages:${PYTHONPATH} /usr/bin/cmake /home/rhobtor/PHD/j8_control/J8_control/src/argo_drivers_pkgs/ublox/ublox_gps -DCMAKE_INSTALL_PREFIX=/home/rhobtor/PHD/j8_control/J8_control/install/ublox_gps
[1.292s] Invoking command in '/home/rhobtor/PHD/j8_control/J8_control/build/ublox_gps': AMENT_PREFIX_PATH=/home/rhobtor/PHD/j8_control/J8_control/install/ublox_msgs:/home/rhobtor/PHD/j8_control/J8_control/install/ublox_serialization:${AMENT_PREFIX_PATH} CMAKE_PREFIX_PATH=/home/rhobtor/PHD/j8_control/J8_control/install/ublox_msgs:/home/rhobtor/PHD/j8_control/J8_control/install/ublox_serialization:/home/rhobtor/PHD/ARGOSJ8_IA/ARGOSJ8_IA_/install/wiimote_msgs:/home/rhobtor/PHD/ARGOSJ8_IA/ARGOSJ8_IA_/install/ublox:/home/rhobtor/PHD/ARGOSJ8_IA/ARGOSJ8_IA_/install/ublox_gps:/home/rhobtor/PHD/ARGOSJ8_IA/ARGOSJ8_IA_/install/security_check:/home/rhobtor/PHD/ARGOSJ8_IA/ARGOSJ8_IA_/install/ctl_mission:/home/rhobtor/PHD/ARGOSJ8_IA/ARGOSJ8_IA_/install/ublox_msgs:/home/rhobtor/PHD/ARGOSJ8_IA/ARGOSJ8_IA_/install/ublox_serialization:/home/rhobtor/PHD/ARGOSJ8_IA/ARGOSJ8_IA_/install/spacenav:/home/rhobtor/PHD/ARGOSJ8_IA/ARGOSJ8_IA_/install/laser_segmentation:/home/rhobtor/PHD/ARGOSJ8_IA/ARGOSJ8_IA_/install/slg_msgs:/home/rhobtor/PHD/ARGOSJ8_IA/ARGOSJ8_IA_/install/security_check_interfaces:/home/rhobtor/PHD/ARGOSJ8_IA/ARGOSJ8_IA_/install/joy:/home/rhobtor/PHD/ARGOSJ8_IA/ARGOSJ8_IA_/install/sdl2_vendor:/home/rhobtor/PHD/ARGOSJ8_IA/ARGOSJ8_IA_/install/path_manager:/home/rhobtor/PHD/ARGOSJ8_IA/ARGOSJ8_IA_/install/path_manager_interfaces:/home/rhobtor/PHD/ARGOSJ8_IA/ARGOSJ8_IA_/install/joy_linux:/home/rhobtor/PHD/ARGOSJ8_IA/ARGOSJ8_IA_/install/j8_xacro_model:/home/rhobtor/PHD/ARGOSJ8_IA/ARGOSJ8_IA_/install/hikmicro_thermal_camera:/home/rhobtor/PHD/ARGOSJ8_IA/ARGOSJ8_IA_/install/hector_gazebo_plugins:/home/rhobtor/PHD/ARGOSJ8_IA/ARGOSJ8_IA_/install/fixposition_sensor_pkg:/home/rhobtor/PHD/ARGOSJ8_IA/ARGOSJ8_IA_/install/fixposition_odometry_converter_ros2:/home/rhobtor/PHD/ARGOSJ8_IA/ARGOSJ8_IA_/install/fixposition_driver_ros2:/home/rhobtor/PHD/ARGOSJ8_IA/ARGOSJ8_IA_/install/fixposition_driver_lib:/home/rhobtor/PHD/ARGOSJ8_IA/ARGOSJ8_IA_/install/fixposition_gnss_tf:/home/rhobtor/PHD/ARGOSJ8_IA/ARGOSJ8_IA_/install/ctl_mission_interfaces:/home/rhobtor/PHD/ARGOSJ8_IA/ARGOSJ8_IA_/install/car_cpp:/home/rhobtor/PHD/ARGOSJ8_IA/ARGOSJ8_IA_/install/car_interfaces:/home/rhobtor/PHD/ARGOSJ8_IA/ARGOSJ8_IA_/install/argj801_setup:/home/rhobtor/PHD/ARGOSJ8_IA/ARGOSJ8_IA_/install/argj801_sensors:/home/rhobtor/PHD/ARGOSJ8_IA/ARGOSJ8_IA_/install/argj801_sensors_msgs:/home/rhobtor/PHD/ARGOSJ8_IA/ARGOSJ8_IA_/install/argj801_ctl_platform:/home/rhobtor/PHD/ARGOSJ8_IA/ARGOSJ8_IA_/install/argj801_ctl_platform_interfaces:/home/rhobtor/PHD/model_terrain_ugv/Model_terrain_ugv/install/model_terrain_cpp:/home/rhobtor/PHD/path_dem/install_navigation/path_dem:/home/rhobtor/PHD/path_dem/install/path_dem:/home/rhobtor/PHD/install_global_belief_final/path_dem:/home/rhobtor/PHD/ARGOSJ8_IA/ARGOSJ8_IA_/install/car:/home/rhobtor/PHD/ARGOSJ8_IA/ARGOSJ8_IA_/install/ntrip_client:/home/rhobtor/PHD/ARGOSJ8_IA/ARGOSJ8_IA_/install/j8_gui:/home/rhobtor/PHD/ARGOSJ8_IA/ARGOSJ8_IA_/install/gui:/home/rhobtor/PHD/ARGOSJ8_IA/ARGOSJ8_IA_/install/android_ros2_server:/home/rhobtor/PHD/ARGOSJ8_IA/ARGOSJ8_IA_/install/GUI_pkg:/home/rhobtor/PHD/model_terrain_ugv/Model_terrain_ugv/install/model_terrain:/opt/ros/humble LD_LIBRARY_PATH=/home/rhobtor/PHD/j8_control/J8_control/install/ublox_msgs/lib:${LD_LIBRARY_PATH} PYTHONPATH=/home/rhobtor/PHD/j8_control/J8_control/install/ublox_msgs/local/lib/python3.10/dist-packages:${PYTHONPATH} /usr/bin/cmake --build /home/rhobtor/PHD/j8_control/J8_control/build/ublox_gps -- -j20 -l20
[1.337s] [ 22%] [32mBuilding CXX object CMakeFiles/ublox_gps.dir/src/gps.cpp.o[0m
[1.337s] [ 22%] [32mBuilding CXX object CMakeFiles/ublox_gps.dir/src/hpg_rov_product.cpp.o[0m
[1.337s] [ 22%] [32mBuilding CXX object CMakeFiles/ublox_gps.dir/src/hpg_ref_product.cpp.o[0m
[1.337s] [ 22%] [32mBuilding CXX object CMakeFiles/ublox_gps.dir/src/adr_udr_product.cpp.o[0m
[1.337s] [ 22%] [32mBuilding CXX object CMakeFiles/ublox_gps.dir/src/raw_data_product.cpp.o[0m
[1.337s] [ 27%] [32mBuilding CXX object CMakeFiles/ublox_gps.dir/src/node.cpp.o[0m
[1.337s] [ 31%] [32mBuilding CXX object CMakeFiles/ublox_gps.dir/src/gnss.cpp.o[0m
[1.338s] [ 36%] [32mBuilding CXX object CMakeFiles/ublox_gps.dir/src/tim_product.cpp.o[0m
[1.338s] [ 40%] [32mBuilding CXX object CMakeFiles/ublox_gps.dir/src/hp_pos_rec_product.cpp.o[0m
[1.338s] [ 45%] [32mBuilding CXX object CMakeFiles/ublox_gps.dir/src/ublox_firmware.cpp.o[0m
[1.338s] [ 50%] [32mBuilding CXX object CMakeFiles/ublox_gps.dir/src/ublox_firmware6.cpp.o[0m
[1.339s] [ 54%] [32mBuilding CXX object CMakeFiles/ublox_gps.dir/src/ublox_firmware8.cpp.o[0m
[1.339s] [ 63%] [32mBuilding C object CMakeFiles/ublox_gps.dir/src/mkgmtime.c.o[0m
[1.339s] [ 63%] [32mBuilding CXX object CMakeFiles/ublox_gps.dir/src/ublox_firmware7.cpp.o[0m
[1.340s] [ 68%] [32mBuilding CXX object CMakeFiles/ublox_gps.dir/src/raw_data_pa.cpp.o[0m
[1.384s] [ 72%] [32mBuilding CXX object CMakeFiles/ublox_gps.dir/src/ublox_firmware9.cpp.o[0m
[26.379s] [ 77%] [32m[1mLinking CXX shared library libublox_gps.so[0m
[29.437s] [ 77%] Built target ublox_gps
[29.477s] [ 81%] [32mBuilding CXX object CMakeFiles/ublox_gps_node.dir/src/node_main.cpp.o[0m
[33.282s] [ 86%] [32m[1mLinking CXX executable ublox_gps_node[0m
[34.242s] [ 86%] Built target ublox_gps_node
[34.263s] [ 90%] [32mBuilding CXX object CMakeFiles/ublox_logger.dir/src/logger_node_pa.cpp.o[0m
[36.088s] [ 95%] [32mBuilding CXX object CMakeFiles/ublox_logger.dir/src/raw_data_pa.cpp.o[0m
[41.561s] [100%] [32m[1mLinking CXX executable ublox_logger[0m
[41.950s] [100%] Built target ublox_logger
[41.979s] Invoked command in '/home/rhobtor/PHD/j8_control/J8_control/build/ublox_gps' returned '0': AMENT_PREFIX_PATH=/home/rhobtor/PHD/j8_control/J8_control/install/ublox_msgs:/home/rhobtor/PHD/j8_control/J8_control/install/ublox_serialization:${AMENT_PREFIX_PATH} CMAKE_PREFIX_PATH=/home/rhobtor/PHD/j8_control/J8_control/install/ublox_msgs:/home/rhobtor/PHD/j8_control/J8_control/install/ublox_serialization:/home/rhobtor/PHD/ARGOSJ8_IA/ARGOSJ8_IA_/install/wiimote_msgs:/home/rhobtor/PHD/ARGOSJ8_IA/ARGOSJ8_IA_/install/ublox:/home/rhobtor/PHD/ARGOSJ8_IA/ARGOSJ8_IA_/install/ublox_gps:/home/rhobtor/PHD/ARGOSJ8_IA/ARGOSJ8_IA_/install/security_check:/home/rhobtor/PHD/ARGOSJ8_IA/ARGOSJ8_IA_/install/ctl_mission:/home/rhobtor/PHD/ARGOSJ8_IA/ARGOSJ8_IA_/install/ublox_msgs:/home/rhobtor/PHD/ARGOSJ8_IA/ARGOSJ8_IA_/install/ublox_serialization:/home/rhobtor/PHD/ARGOSJ8_IA/ARGOSJ8_IA_/install/spacenav:/home/rhobtor/PHD/ARGOSJ8_IA/ARGOSJ8_IA_/install/laser_segmentation:/home/rhobtor/PHD/ARGOSJ8_IA/ARGOSJ8_IA_/install/slg_msgs:/home/rhobtor/PHD/ARGOSJ8_IA/ARGOSJ8_IA_/install/security_check_interfaces:/home/rhobtor/PHD/ARGOSJ8_IA/ARGOSJ8_IA_/install/joy:/home/rhobtor/PHD/ARGOSJ8_IA/ARGOSJ8_IA_/install/sdl2_vendor:/home/rhobtor/PHD/ARGOSJ8_IA/ARGOSJ8_IA_/install/path_manager:/home/rhobtor/PHD/ARGOSJ8_IA/ARGOSJ8_IA_/install/path_manager_interfaces:/home/rhobtor/PHD/ARGOSJ8_IA/ARGOSJ8_IA_/install/joy_linux:/home/rhobtor/PHD/ARGOSJ8_IA/ARGOSJ8_IA_/install/j8_xacro_model:/home/rhobtor/PHD/ARGOSJ8_IA/ARGOSJ8_IA_/install/hikmicro_thermal_camera:/home/rhobtor/PHD/ARGOSJ8_IA/ARGOSJ8_IA_/install/hector_gazebo_plugins:/home/rhobtor/PHD/ARGOSJ8_IA/ARGOSJ8_IA_/install/fixposition_sensor_pkg:/home/rhobtor/PHD/ARGOSJ8_IA/ARGOSJ8_IA_/install/fixposition_odometry_converter_ros2:/home/rhobtor/PHD/ARGOSJ8_IA/ARGOSJ8_IA_/install/fixposition_driver_ros2:/home/rhobtor/PHD/ARGOSJ8_IA/ARGOSJ8_IA_/install/fixposition_driver_lib:/home/rhobtor/PHD/ARGOSJ8_IA/ARGOSJ8_IA_/install/fixposition_gnss_tf:/home/rhobtor/PHD/ARGOSJ8_IA/ARGOSJ8_IA_/install/ctl_mission_interfaces:/home/rhobtor/PHD/ARGOSJ8_IA/ARGOSJ8_IA_/install/car_cpp:/home/rhobtor/PHD/ARGOSJ8_IA/ARGOSJ8_IA_/install/car_interfaces:/home/rhobtor/PHD/ARGOSJ8_IA/ARGOSJ8_IA_/install/argj801_setup:/home/rhobtor/PHD/ARGOSJ8_IA/ARGOSJ8_IA_/install/argj801_sensors:/home/rhobtor/PHD/ARGOSJ8_IA/ARGOSJ8_IA_/install/argj801_sensors_msgs:/home/rhobtor/PHD/ARGOSJ8_IA/ARGOSJ8_IA_/install/argj801_ctl_platform:/home/rhobtor/PHD/ARGOSJ8_IA/ARGOSJ8_IA_/install/argj801_ctl_platform_interfaces:/home/rhobtor/PHD/model_terrain_ugv/Model_terrain_ugv/install/model_terrain_cpp:/home/rhobtor/PHD/path_dem/install_navigation/path_dem:/home/rhobtor/PHD/path_dem/install/path_dem:/home/rhobtor/PHD/install_global_belief_final/path_dem:/home/rhobtor/PHD/ARGOSJ8_IA/ARGOSJ8_IA_/install/car:/home/rhobtor/PHD/ARGOSJ8_IA/ARGOSJ8_IA_/install/ntrip_client:/home/rhobtor/PHD/ARGOSJ8_IA/ARGOSJ8_IA_/install/j8_gui:/home/rhobtor/PHD/ARGOSJ8_IA/ARGOSJ8_IA_/install/gui:/home/rhobtor/PHD/ARGOSJ8_IA/ARGOSJ8_IA_/install/android_ros2_server:/home/rhobtor/PHD/ARGOSJ8_IA/ARGOSJ8_IA_/install/GUI_pkg:/home/rhobtor/PHD/model_terrain_ugv/Model_terrain_ugv/install/model_terrain:/opt/ros/humble LD_LIBRARY_PATH=/home/rhobtor/PHD/j8_control/J8_control/install/ublox_msgs/lib:${LD_LIBRARY_PATH} PYTHONPATH=/home/rhobtor/PHD/j8_control/J8_control/install/ublox_msgs/local/lib/python3.10/dist-packages:${PYTHONPATH} /usr/bin/cmake --build /home/rhobtor/PHD/j8_control/J8_control/build/ublox_gps -- -j20 -l20
[41.999s] Invoking command in '/home/rhobtor/PHD/j8_control/J8_control/build/ublox_gps': AMENT_PREFIX_PATH=/home/rhobtor/PHD/j8_control/J8_control/install/ublox_msgs:/home/rhobtor/PHD/j8_control/J8_control/install/ublox_serialization:${AMENT_PREFIX_PATH} CMAKE_PREFIX_PATH=/home/rhobtor/PHD/j8_control/J8_control/install/ublox_msgs:/home/rhobtor/PHD/j8_control/J8_control/install/ublox_serialization:/home/rhobtor/PHD/ARGOSJ8_IA/ARGOSJ8_IA_/install/wiimote_msgs:/home/rhobtor/PHD/ARGOSJ8_IA/ARGOSJ8_IA_/install/ublox:/home/rhobtor/PHD/ARGOSJ8_IA/ARGOSJ8_IA_/install/ublox_gps:/home/rhobtor/PHD/ARGOSJ8_IA/ARGOSJ8_IA_/install/security_check:/home/rhobtor/PHD/ARGOSJ8_IA/ARGOSJ8_IA_/install/ctl_mission:/home/rhobtor/PHD/ARGOSJ8_IA/ARGOSJ8_IA_/install/ublox_msgs:/home/rhobtor/PHD/ARGOSJ8_IA/ARGOSJ8_IA_/install/ublox_serialization:/home/rhobtor/PHD/ARGOSJ8_IA/ARGOSJ8_IA_/install/spacenav:/home/rhobtor/PHD/ARGOSJ8_IA/ARGOSJ8_IA_/install/laser_segmentation:/home/rhobtor/PHD/ARGOSJ8_IA/ARGOSJ8_IA_/install/slg_msgs:/home/rhobtor/PHD/ARGOSJ8_IA/ARGOSJ8_IA_/install/security_check_interfaces:/home/rhobtor/PHD/ARGOSJ8_IA/ARGOSJ8_IA_/install/joy:/home/rhobtor/PHD/ARGOSJ8_IA/ARGOSJ8_IA_/install/sdl2_vendor:/home/rhobtor/PHD/ARGOSJ8_IA/ARGOSJ8_IA_/install/path_manager:/home/rhobtor/PHD/ARGOSJ8_IA/ARGOSJ8_IA_/install/path_manager_interfaces:/home/rhobtor/PHD/ARGOSJ8_IA/ARGOSJ8_IA_/install/joy_linux:/home/rhobtor/PHD/ARGOSJ8_IA/ARGOSJ8_IA_/install/j8_xacro_model:/home/rhobtor/PHD/ARGOSJ8_IA/ARGOSJ8_IA_/install/hikmicro_thermal_camera:/home/rhobtor/PHD/ARGOSJ8_IA/ARGOSJ8_IA_/install/hector_gazebo_plugins:/home/rhobtor/PHD/ARGOSJ8_IA/ARGOSJ8_IA_/install/fixposition_sensor_pkg:/home/rhobtor/PHD/ARGOSJ8_IA/ARGOSJ8_IA_/install/fixposition_odometry_converter_ros2:/home/rhobtor/PHD/ARGOSJ8_IA/ARGOSJ8_IA_/install/fixposition_driver_ros2:/home/rhobtor/PHD/ARGOSJ8_IA/ARGOSJ8_IA_/install/fixposition_driver_lib:/home/rhobtor/PHD/ARGOSJ8_IA/ARGOSJ8_IA_/install/fixposition_gnss_tf:/home/rhobtor/PHD/ARGOSJ8_IA/ARGOSJ8_IA_/install/ctl_mission_interfaces:/home/rhobtor/PHD/ARGOSJ8_IA/ARGOSJ8_IA_/install/car_cpp:/home/rhobtor/PHD/ARGOSJ8_IA/ARGOSJ8_IA_/install/car_interfaces:/home/rhobtor/PHD/ARGOSJ8_IA/ARGOSJ8_IA_/install/argj801_setup:/home/rhobtor/PHD/ARGOSJ8_IA/ARGOSJ8_IA_/install/argj801_sensors:/home/rhobtor/PHD/ARGOSJ8_IA/ARGOSJ8_IA_/install/argj801_sensors_msgs:/home/rhobtor/PHD/ARGOSJ8_IA/ARGOSJ8_IA_/install/argj801_ctl_platform:/home/rhobtor/PHD/ARGOSJ8_IA/ARGOSJ8_IA_/install/argj801_ctl_platform_interfaces:/home/rhobtor/PHD/model_terrain_ugv/Model_terrain_ugv/install/model_terrain_cpp:/home/rhobtor/PHD/path_dem/install_navigation/path_dem:/home/rhobtor/PHD/path_dem/install/path_dem:/home/rhobtor/PHD/install_global_belief_final/path_dem:/home/rhobtor/PHD/ARGOSJ8_IA/ARGOSJ8_IA_/install/car:/home/rhobtor/PHD/ARGOSJ8_IA/ARGOSJ8_IA_/install/ntrip_client:/home/rhobtor/PHD/ARGOSJ8_IA/ARGOSJ8_IA_/install/j8_gui:/home/rhobtor/PHD/ARGOSJ8_IA/ARGOSJ8_IA_/install/gui:/home/rhobtor/PHD/ARGOSJ8_IA/ARGOSJ8_IA_/install/android_ros2_server:/home/rhobtor/PHD/ARGOSJ8_IA/ARGOSJ8_IA_/install/GUI_pkg:/home/rhobtor/PHD/model_terrain_ugv/Model_terrain_ugv/install/model_terrain:/opt/ros/humble LD_LIBRARY_PATH=/home/rhobtor/PHD/j8_control/J8_control/install/ublox_msgs/lib:${LD_LIBRARY_PATH} PYTHONPATH=/home/rhobtor/PHD/j8_control/J8_control/install/ublox_msgs/local/lib/python3.10/dist-packages:${PYTHONPATH} /usr/bin/cmake --install /home/rhobtor/PHD/j8_control/J8_control/build/ublox_gps
[42.007s] -- Install configuration: ""
[42.007s] -- Installing: /home/rhobtor/PHD/j8_control/J8_control/install/ublox_gps/lib/libublox_gps.so
[42.028s] -- Set runtime path of "/home/rhobtor/PHD/j8_control/J8_control/install/ublox_gps/lib/libublox_gps.so" to ""
[42.028s] -- Installing: /home/rhobtor/PHD/j8_control/J8_control/install/ublox_gps/lib/ublox_gps/ublox_gps_node
[42.029s] -- Set runtime path of "/home/rhobtor/PHD/j8_control/J8_control/install/ublox_gps/lib/ublox_gps/ublox_gps_node" to ""
[42.029s] -- Installing: /home/rhobtor/PHD/j8_control/J8_control/install/ublox_gps/lib/ublox_gps/ublox_logger
[42.032s] -- Set runtime path of "/home/rhobtor/PHD/j8_control/J8_control/install/ublox_gps/lib/ublox_gps/ublox_logger" to ""
[42.032s] -- Installing: /home/rhobtor/PHD/j8_control/J8_control/install/ublox_gps/include/ublox_gps
[42.052s] -- Installing: /home/rhobtor/PHD/j8_control/J8_control/install/ublox_gps/include/ublox_gps/ublox_gps
[42.053s] -- Installing: /home/rhobtor/PHD/j8_control/J8_control/install/ublox_gps/include/ublox_gps/ublox_gps/mkgmtime.h
[42.068s] -- Installing: /home/rhobtor/PHD/j8_control/J8_control/install/ublox_gps/include/ublox_gps/ublox_gps/gps.hpp
[42.068s] -- Installing: /home/rhobtor/PHD/j8_control/J8_control/install/ublox_gps/include/ublox_gps/ublox_gps/component_interface.hpp
[42.068s] -- Installing: /home/rhobtor/PHD/j8_control/J8_control/install/ublox_gps/include/ublox_gps/ublox_gps/callback.hpp
[42.068s] -- Installing: /home/rhobtor/PHD/j8_control/J8_control/install/ublox_gps/include/ublox_gps/ublox_gps/rtcm.hpp
[42.068s] -- Installing: /home/rhobtor/PHD/j8_control/J8_control/install/ublox_gps/include/ublox_gps/ublox_gps/tim_product.hpp
[42.068s] -- Installing: /home/rhobtor/PHD/j8_control/J8_control/install/ublox_gps/include/ublox_gps/ublox_gps/fix_diagnostic.hpp
[42.069s] -- Installing: /home/rhobtor/PHD/j8_control/J8_control/install/ublox_gps/include/ublox_gps/ublox_gps/ublox_firmware.hpp
[42.069s] -- Installing: /home/rhobtor/PHD/j8_control/J8_control/install/ublox_gps/include/ublox_gps/ublox_gps/hpg_ref_product.hpp
[42.069s] -- Installing: /home/rhobtor/PHD/j8_control/J8_control/install/ublox_gps/include/ublox_gps/ublox_gps/hpg_rov_product.hpp
[42.069s] -- Installing: /home/rhobtor/PHD/j8_control/J8_control/install/ublox_gps/include/ublox_gps/ublox_gps/ublox_firmware9.hpp
[42.069s] -- Installing: /home/rhobtor/PHD/j8_control/J8_control/install/ublox_gps/include/ublox_gps/ublox_gps/worker.hpp
[42.069s] -- Installing: /home/rhobtor/PHD/j8_control/J8_control/install/ublox_gps/include/ublox_gps/ublox_gps/ublox_firmware7plus.hpp
[42.069s] -- Installing: /home/rhobtor/PHD/j8_control/J8_control/install/ublox_gps/include/ublox_gps/ublox_gps/ublox_firmware6.hpp
[42.069s] -- Installing: /home/rhobtor/PHD/j8_control/J8_control/install/ublox_gps/include/ublox_gps/ublox_gps/gnss.hpp
[42.069s] -- Installing: /home/rhobtor/PHD/j8_control/J8_control/install/ublox_gps/include/ublox_gps/ublox_gps/ublox_firmware8.hpp
[42.069s] -- Installing: /home/rhobtor/PHD/j8_control/J8_control/install/ublox_gps/include/ublox_gps/ublox_gps/node.hpp
[42.069s] -- Installing: /home/rhobtor/PHD/j8_control/J8_control/install/ublox_gps/include/ublox_gps/ublox_gps/raw_data_pa.hpp
[42.069s] -- Installing: /home/rhobtor/PHD/j8_control/J8_control/install/ublox_gps/include/ublox_gps/ublox_gps/fts_product.hpp
[42.069s] -- Installing: /home/rhobtor/PHD/j8_control/J8_control/install/ublox_gps/include/ublox_gps/ublox_gps/raw_data_product.hpp
[42.069s] -- Installing: /home/rhobtor/PHD/j8_control/J8_control/install/ublox_gps/include/ublox_gps/ublox_gps/hp_pos_rec_product.hpp
[42.069s] -- Installing: /home/rhobtor/PHD/j8_control/J8_control/install/ublox_gps/include/ublox_gps/ublox_gps/async_worker.hpp
[42.069s] -- Installing: /home/rhobtor/PHD/j8_control/J8_control/install/ublox_gps/include/ublox_gps/ublox_gps/adr_udr_product.hpp
[42.069s] -- Installing: /home/rhobtor/PHD/j8_control/J8_control/install/ublox_gps/include/ublox_gps/ublox_gps/utils.hpp
[42.069s] -- Installing: /home/rhobtor/PHD/j8_control/J8_control/install/ublox_gps/include/ublox_gps/ublox_gps/ublox_firmware7.hpp
[42.070s] -- Installing: /home/rhobtor/PHD/j8_control/J8_control/install/ublox_gps/include/ublox_gps/ublox_gps/ublox_topic_diagnostic.hpp
[42.070s] -- Installing: /home/rhobtor/PHD/j8_control/J8_control/install/ublox_gps/share/ublox_gps/launch
[42.070s] -- Installing: /home/rhobtor/PHD/j8_control/J8_control/install/ublox_gps/share/ublox_gps/launch/ublox_gps_node-composed-launch.py
[42.070s] -- Installing: /home/rhobtor/PHD/j8_control/J8_control/install/ublox_gps/share/ublox_gps/launch/gps_ntrip_nodes-launch.py
[42.070s] -- Installing: /home/rhobtor/PHD/j8_control/J8_control/install/ublox_gps/share/ublox_gps/launch/ublox_gps_rover_node-launch.py
[42.070s] -- Installing: /home/rhobtor/PHD/j8_control/J8_control/install/ublox_gps/share/ublox_gps/launch/ublox_gps_base_node-launch.py
[42.070s] -- Installing: /home/rhobtor/PHD/j8_control/J8_control/install/ublox_gps/share/ublox_gps/launch/ublox_gps_node-launch.py
[42.070s] -- Installing: /home/rhobtor/PHD/j8_control/J8_control/install/ublox_gps/share/ublox_gps/launch/ublox_gps_node-composed-base_launch.py
[42.070s] -- Installing: /home/rhobtor/PHD/j8_control/J8_control/install/ublox_gps/share/ublox_gps/config
[42.071s] -- Installing: /home/rhobtor/PHD/j8_control/J8_control/install/ublox_gps/share/ublox_gps/config/zed_f9p.yaml
[42.071s] -- Installing: /home/rhobtor/PHD/j8_control/J8_control/install/ublox_gps/share/ublox_gps/config/nmea.yaml
[42.071s] -- Installing: /home/rhobtor/PHD/j8_control/J8_control/install/ublox_gps/share/ublox_gps/config/zed_base.yaml
[42.071s] -- Installing: /home/rhobtor/PHD/j8_control/J8_control/install/ublox_gps/share/ublox_gps/config/zed_rover.yaml
[42.071s] -- Installing: /home/rhobtor/PHD/j8_control/J8_control/install/ublox_gps/share/ament_index/resource_index/package_run_dependencies/ublox_gps
[42.071s] -- Installing: /home/rhobtor/PHD/j8_control/J8_control/install/ublox_gps/share/ament_index/resource_index/parent_prefix_path/ublox_gps
[42.071s] -- Installing: /home/rhobtor/PHD/j8_control/J8_control/install/ublox_gps/share/ublox_gps/environment/ament_prefix_path.sh
[42.071s] -- Installing: /home/rhobtor/PHD/j8_control/J8_control/install/ublox_gps/share/ublox_gps/environment/ament_prefix_path.dsv
[42.071s] -- Installing: /home/rhobtor/PHD/j8_control/J8_control/install/ublox_gps/share/ublox_gps/environment/path.sh
[42.071s] -- Installing: /home/rhobtor/PHD/j8_control/J8_control/install/ublox_gps/share/ublox_gps/environment/path.dsv
[42.071s] -- Installing: /home/rhobtor/PHD/j8_control/J8_control/install/ublox_gps/share/ublox_gps/local_setup.bash
[42.071s] -- Installing: /home/rhobtor/PHD/j8_control/J8_control/install/ublox_gps/share/ublox_gps/local_setup.sh
[42.071s] -- Installing: /home/rhobtor/PHD/j8_control/J8_control/install/ublox_gps/share/ublox_gps/local_setup.zsh
[42.072s] -- Installing: /home/rhobtor/PHD/j8_control/J8_control/install/ublox_gps/share/ublox_gps/local_setup.dsv
[42.072s] -- Installing: /home/rhobtor/PHD/j8_control/J8_control/install/ublox_gps/share/ublox_gps/package.dsv
[42.072s] -- Installing: /home/rhobtor/PHD/j8_control/J8_control/install/ublox_gps/share/ament_index/resource_index/packages/ublox_gps
[42.072s] -- Installing: /home/rhobtor/PHD/j8_control/J8_control/install/ublox_gps/share/ament_index/resource_index/rclcpp_components/ublox_gps
[42.072s] -- Installing: /home/rhobtor/PHD/j8_control/J8_control/install/ublox_gps/share/ublox_gps/cmake/export_ublox_gpsExport.cmake
[42.072s] -- Installing: /home/rhobtor/PHD/j8_control/J8_control/install/ublox_gps/share/ublox_gps/cmake/export_ublox_gpsExport-noconfig.cmake
[42.072s] -- Installing: /home/rhobtor/PHD/j8_control/J8_control/install/ublox_gps/share/ublox_gps/cmake/ament_cmake_export_include_directories-extras.cmake
[42.072s] -- Installing: /home/rhobtor/PHD/j8_control/J8_control/install/ublox_gps/share/ublox_gps/cmake/ament_cmake_export_targets-extras.cmake
[42.072s] -- Installing: /home/rhobtor/PHD/j8_control/J8_control/install/ublox_gps/share/ublox_gps/cmake/ublox_gpsConfig.cmake
[42.072s] -- Installing: /home/rhobtor/PHD/j8_control/J8_control/install/ublox_gps/share/ublox_gps/cmake/ublox_gpsConfig-version.cmake
[42.072s] -- Installing: /home/rhobtor/PHD/j8_control/J8_control/install/ublox_gps/share/ublox_gps/package.xml
[42.074s] Invoked command in '/home/rhobtor/PHD/j8_control/J8_control/build/ublox_gps' returned '0': AMENT_PREFIX_PATH=/home/rhobtor/PHD/j8_control/J8_control/install/ublox_msgs:/home/rhobtor/PHD/j8_control/J8_control/install/ublox_serialization:${AMENT_PREFIX_PATH} CMAKE_PREFIX_PATH=/home/rhobtor/PHD/j8_control/J8_control/install/ublox_msgs:/home/rhobtor/PHD/j8_control/J8_control/install/ublox_serialization:/home/rhobtor/PHD/ARGOSJ8_IA/ARGOSJ8_IA_/install/wiimote_msgs:/home/rhobtor/PHD/ARGOSJ8_IA/ARGOSJ8_IA_/install/ublox:/home/rhobtor/PHD/ARGOSJ8_IA/ARGOSJ8_IA_/install/ublox_gps:/home/rhobtor/PHD/ARGOSJ8_IA/ARGOSJ8_IA_/install/security_check:/home/rhobtor/PHD/ARGOSJ8_IA/ARGOSJ8_IA_/install/ctl_mission:/home/rhobtor/PHD/ARGOSJ8_IA/ARGOSJ8_IA_/install/ublox_msgs:/home/rhobtor/PHD/ARGOSJ8_IA/ARGOSJ8_IA_/install/ublox_serialization:/home/rhobtor/PHD/ARGOSJ8_IA/ARGOSJ8_IA_/install/spacenav:/home/rhobtor/PHD/ARGOSJ8_IA/ARGOSJ8_IA_/install/laser_segmentation:/home/rhobtor/PHD/ARGOSJ8_IA/ARGOSJ8_IA_/install/slg_msgs:/home/rhobtor/PHD/ARGOSJ8_IA/ARGOSJ8_IA_/install/security_check_interfaces:/home/rhobtor/PHD/ARGOSJ8_IA/ARGOSJ8_IA_/install/joy:/home/rhobtor/PHD/ARGOSJ8_IA/ARGOSJ8_IA_/install/sdl2_vendor:/home/rhobtor/PHD/ARGOSJ8_IA/ARGOSJ8_IA_/install/path_manager:/home/rhobtor/PHD/ARGOSJ8_IA/ARGOSJ8_IA_/install/path_manager_interfaces:/home/rhobtor/PHD/ARGOSJ8_IA/ARGOSJ8_IA_/install/joy_linux:/home/rhobtor/PHD/ARGOSJ8_IA/ARGOSJ8_IA_/install/j8_xacro_model:/home/rhobtor/PHD/ARGOSJ8_IA/ARGOSJ8_IA_/install/hikmicro_thermal_camera:/home/rhobtor/PHD/ARGOSJ8_IA/ARGOSJ8_IA_/install/hector_gazebo_plugins:/home/rhobtor/PHD/ARGOSJ8_IA/ARGOSJ8_IA_/install/fixposition_sensor_pkg:/home/rhobtor/PHD/ARGOSJ8_IA/ARGOSJ8_IA_/install/fixposition_odometry_converter_ros2:/home/rhobtor/PHD/ARGOSJ8_IA/ARGOSJ8_IA_/install/fixposition_driver_ros2:/home/rhobtor/PHD/ARGOSJ8_IA/ARGOSJ8_IA_/install/fixposition_driver_lib:/home/rhobtor/PHD/ARGOSJ8_IA/ARGOSJ8_IA_/install/fixposition_gnss_tf:/home/rhobtor/PHD/ARGOSJ8_IA/ARGOSJ8_IA_/install/ctl_mission_interfaces:/home/rhobtor/PHD/ARGOSJ8_IA/ARGOSJ8_IA_/install/car_cpp:/home/rhobtor/PHD/ARGOSJ8_IA/ARGOSJ8_IA_/install/car_interfaces:/home/rhobtor/PHD/ARGOSJ8_IA/ARGOSJ8_IA_/install/argj801_setup:/home/rhobtor/PHD/ARGOSJ8_IA/ARGOSJ8_IA_/install/argj801_sensors:/home/rhobtor/PHD/ARGOSJ8_IA/ARGOSJ8_IA_/install/argj801_sensors_msgs:/home/rhobtor/PHD/ARGOSJ8_IA/ARGOSJ8_IA_/install/argj801_ctl_platform:/home/rhobtor/PHD/ARGOSJ8_IA/ARGOSJ8_IA_/install/argj801_ctl_platform_interfaces:/home/rhobtor/PHD/model_terrain_ugv/Model_terrain_ugv/install/model_terrain_cpp:/home/rhobtor/PHD/path_dem/install_navigation/path_dem:/home/rhobtor/PHD/path_dem/install/path_dem:/home/rhobtor/PHD/install_global_belief_final/path_dem:/home/rhobtor/PHD/ARGOSJ8_IA/ARGOSJ8_IA_/install/car:/home/rhobtor/PHD/ARGOSJ8_IA/ARGOSJ8_IA_/install/ntrip_client:/home/rhobtor/PHD/ARGOSJ8_IA/ARGOSJ8_IA_/install/j8_gui:/home/rhobtor/PHD/ARGOSJ8_IA/ARGOSJ8_IA_/install/gui:/home/rhobtor/PHD/ARGOSJ8_IA/ARGOSJ8_IA_/install/android_ros2_server:/home/rhobtor/PHD/ARGOSJ8_IA/ARGOSJ8_IA_/install/GUI_pkg:/home/rhobtor/PHD/model_terrain_ugv/Model_terrain_ugv/install/model_terrain:/opt/ros/humble LD_LIBRARY_PATH=/home/rhobtor/PHD/j8_control/J8_control/install/ublox_msgs/lib:${LD_LIBRARY_PATH} PYTHONPATH=/home/rhobtor/PHD/j8_control/J8_control/install/ublox_msgs/local/lib/python3.10/dist-packages:${PYTHONPATH} /usr/bin/cmake --install /home/rhobtor/PHD/j8_control/J8_control/build/ublox_gps
