-- Found ament_cmake: 1.3.14 (/opt/ros/humble/share/ament_cmake/cmake)
-- Found Python3: /usr/bin/python3 (found version "3.10.12") found components: Interpreter 
-- Found geometry_msgs: 4.9.1 (/opt/ros/humble/share/geometry_msgs/cmake)
-- Found rosidl_generator_c: 3.1.8 (/opt/ros/humble/share/rosidl_generator_c/cmake)
-- Found rosidl_adapter: 3.1.8 (/opt/ros/humble/share/rosidl_adapter/cmake)
-- Found rosidl_generator_cpp: 3.1.8 (/opt/ros/humble/share/rosidl_generator_cpp/cmake)
-- Using all available rosidl_typesupport_c: rosidl_typesupport_fastrtps_c;rosidl_typesupport_introspection_c
-- Using all available rosidl_typesupport_cpp: rosidl_typesupport_fastrtps_cpp;rosidl_typesupport_introspection_cpp
-- Found rosidl_default_generators: 1.2.1 (/opt/ros/humble/share/rosidl_default_generators/cmake)
-- Found ament_cmake_ros: 0.10.0 (/opt/ros/humble/share/ament_cmake_ros/cmake)
-- Using all available rosidl_typesupport_c: rosidl_typesupport_fastrtps_c;rosidl_typesupport_introspection_c
-- Using all available rosidl_typesupport_cpp: rosidl_typesupport_fastrtps_cpp;rosidl_typesupport_introspection_cpp
-- Found PythonInterp: /usr/bin/python3 (found suitable version "3.10.12", minimum required is "3.6") 
-- Found python_cmake_module: 0.10.0 (/opt/ros/humble/share/python_cmake_module/cmake)
-- Found PythonLibs: /usr/lib/x86_64-linux-gnu/libpython3.10.so (found suitable version "3.10.12", minimum required is "3.5") 
-- Using PYTHON_EXECUTABLE: /usr/bin/python3
-- Using PYTHON_INCLUDE_DIRS: /usr/include/python3.10
-- Using PYTHON_LIBRARIES: /usr/lib/x86_64-linux-gnu/libpython3.10.so
-- Found PythonExtra: .so  
-- Configuring done
-- Generating done
-- Build files have been written to: /home/roverj8/LUIS/ARGJ08/ARGOSJ8_IA_/build/car_interfaces
[  3%] [34m[1mGenerating C code for ROS interfaces[0m
[  6%] [34m[1mGenerating C++ code for ROS interfaces[0m
[  9%] [34m[1mGenerating Rust code for ROS interfaces[0m
[  9%] Built target ament_cmake_python_copy_car_interfaces
[ 12%] [32mBuilding C object CMakeFiles/car_interfaces__rosidl_generator_c.dir/rosidl_generator_c/car_interfaces/msg/detail/graph__functions.c.o[0m
[ 12%] Built target car_interfaces__rs
[ 15%] [32m[1mLinking C shared library libcar_interfaces__rosidl_generator_c.so[0m
[ 15%] Built target car_interfaces__rosidl_generator_c
[ 15%] Built target car_interfaces__cpp
[ 18%] [34m[1mGenerating C type support dispatch for ROS interfaces[0m
[ 21%] [34m[1mGenerating C introspection for ROS interfaces[0m
[ 25%] [34m[1mGenerating C++ type support for eProsima Fast-RTPS[0m
[ 28%] [34m[1mGenerating C type support for eProsima Fast-RTPS[0m
[ 31%] [34m[1mGenerating C++ introspection for ROS interfaces[0m
[ 34%] [34m[1mGenerating C++ type support dispatch for ROS interfaces[0m
running egg_info
creating car_interfaces.egg-info
writing car_interfaces.egg-info/PKG-INFO
writing dependency_links to car_interfaces.egg-info/dependency_links.txt
writing top-level names to car_interfaces.egg-info/top_level.txt
writing manifest file 'car_interfaces.egg-info/SOURCES.txt'
reading manifest file 'car_interfaces.egg-info/SOURCES.txt'
writing manifest file 'car_interfaces.egg-info/SOURCES.txt'
[ 34%] Built target ament_cmake_python_build_car_interfaces_egg
[ 37%] [32mBuilding CXX object CMakeFiles/car_interfaces__rosidl_typesupport_cpp.dir/rosidl_typesupport_cpp/car_interfaces/msg/graph__type_support.cpp.o[0m
[ 40%] [32mBuilding CXX object CMakeFiles/car_interfaces__rosidl_typesupport_c.dir/rosidl_typesupport_c/car_interfaces/msg/graph__type_support.cpp.o[0m
[ 43%] [32mBuilding CXX object CMakeFiles/car_interfaces__rosidl_typesupport_fastrtps_cpp.dir/rosidl_typesupport_fastrtps_cpp/car_interfaces/msg/detail/dds_fastrtps/graph__type_support.cpp.o[0m
[ 46%] [32mBuilding C object CMakeFiles/car_interfaces__rosidl_typesupport_introspection_c.dir/rosidl_typesupport_introspection_c/car_interfaces/msg/detail/graph__type_support.c.o[0m
[ 50%] [32m[1mLinking CXX shared library libcar_interfaces__rosidl_typesupport_c.so[0m
[ 53%] [32m[1mLinking C shared library libcar_interfaces__rosidl_typesupport_introspection_c.so[0m
[ 56%] [32mBuilding CXX object CMakeFiles/car_interfaces__rosidl_typesupport_fastrtps_c.dir/rosidl_typesupport_fastrtps_c/car_interfaces/msg/detail/graph__type_support_c.cpp.o[0m
[ 56%] Built target car_interfaces__rosidl_typesupport_c
[ 59%] [32mBuilding CXX object CMakeFiles/car_interfaces__rosidl_typesupport_introspection_cpp.dir/rosidl_typesupport_introspection_cpp/car_interfaces/msg/detail/graph__type_support.cpp.o[0m
[ 59%] Built target car_interfaces__rosidl_typesupport_introspection_c
[ 62%] [32m[1mLinking CXX shared library libcar_interfaces__rosidl_typesupport_cpp.so[0m
[ 62%] Built target car_interfaces__rosidl_typesupport_cpp
[ 65%] [32m[1mLinking CXX shared library libcar_interfaces__rosidl_typesupport_fastrtps_cpp.so[0m
[ 68%] [32m[1mLinking CXX shared library libcar_interfaces__rosidl_typesupport_introspection_cpp.so[0m
[ 68%] Built target car_interfaces__rosidl_typesupport_fastrtps_cpp
[ 68%] Built target car_interfaces__rosidl_typesupport_introspection_cpp
[ 71%] [32m[1mLinking CXX shared library libcar_interfaces__rosidl_typesupport_fastrtps_c.so[0m
[ 71%] Built target car_interfaces__rosidl_typesupport_fastrtps_c
[ 71%] Built target car_interfaces
[ 75%] [34m[1mGenerating Python code for ROS interfaces[0m
[ 75%] Built target car_interfaces__py
[ 78%] [32mBuilding C object CMakeFiles/car_interfaces__rosidl_generator_py.dir/rosidl_generator_py/car_interfaces/msg/_graph_s.c.o[0m
[ 81%] [32m[1mLinking C shared library rosidl_generator_py/car_interfaces/libcar_interfaces__rosidl_generator_py.so[0m
[ 81%] Built target car_interfaces__rosidl_generator_py
[ 84%] [32mBuilding C object CMakeFiles/car_interfaces__rosidl_typesupport_introspection_c__pyext.dir/rosidl_generator_py/car_interfaces/_car_interfaces_s.ep.rosidl_typesupport_introspection_c.c.o[0m
[ 87%] [32mBuilding C object CMakeFiles/car_interfaces__rosidl_typesupport_fastrtps_c__pyext.dir/rosidl_generator_py/car_interfaces/_car_interfaces_s.ep.rosidl_typesupport_fastrtps_c.c.o[0m
[ 90%] [32mBuilding C object CMakeFiles/car_interfaces__rosidl_typesupport_c__pyext.dir/rosidl_generator_py/car_interfaces/_car_interfaces_s.ep.rosidl_typesupport_c.c.o[0m
[ 93%] [32m[1mLinking C shared library rosidl_generator_py/car_interfaces/car_interfaces_s__rosidl_typesupport_c.cpython-310-x86_64-linux-gnu.so[0m
[ 96%] [32m[1mLinking C shared library rosidl_generator_py/car_interfaces/car_interfaces_s__rosidl_typesupport_introspection_c.cpython-310-x86_64-linux-gnu.so[0m
[ 96%] Built target car_interfaces__rosidl_typesupport_c__pyext
[ 96%] Built target car_interfaces__rosidl_typesupport_introspection_c__pyext
[100%] [32m[1mLinking C shared library rosidl_generator_py/car_interfaces/car_interfaces_s__rosidl_typesupport_fastrtps_c.cpython-310-x86_64-linux-gnu.so[0m
[100%] Built target car_interfaces__rosidl_typesupport_fastrtps_c__pyext
-- Install configuration: ""
-- Installing: /home/roverj8/LUIS/ARGJ08/ARGOSJ8_IA_/install/car_interfaces/share/ament_index/resource_index/rosidl_interfaces/car_interfaces
-- Installing: /home/roverj8/LUIS/ARGJ08/ARGOSJ8_IA_/install/car_interfaces/include/car_interfaces/car_interfaces
-- Installing: /home/roverj8/LUIS/ARGJ08/ARGOSJ8_IA_/install/car_interfaces/include/car_interfaces/car_interfaces/msg
-- Installing: /home/roverj8/LUIS/ARGJ08/ARGOSJ8_IA_/install/car_interfaces/include/car_interfaces/car_interfaces/msg/graph.h
-- Installing: /home/roverj8/LUIS/ARGJ08/ARGOSJ8_IA_/install/car_interfaces/include/car_interfaces/car_interfaces/msg/detail
-- Installing: /home/roverj8/LUIS/ARGJ08/ARGOSJ8_IA_/install/car_interfaces/include/car_interfaces/car_interfaces/msg/detail/graph__struct.h
-- Installing: /home/roverj8/LUIS/ARGJ08/ARGOSJ8_IA_/install/car_interfaces/include/car_interfaces/car_interfaces/msg/detail/graph__functions.c
-- Installing: /home/roverj8/LUIS/ARGJ08/ARGOSJ8_IA_/install/car_interfaces/include/car_interfaces/car_interfaces/msg/detail/graph__type_support.h
-- Installing: /home/roverj8/LUIS/ARGJ08/ARGOSJ8_IA_/install/car_interfaces/include/car_interfaces/car_interfaces/msg/detail/graph__functions.h
-- Installing: /home/roverj8/LUIS/ARGJ08/ARGOSJ8_IA_/install/car_interfaces/include/car_interfaces/car_interfaces/msg/rosidl_generator_c__visibility_control.h
-- Installing: /home/roverj8/LUIS/ARGJ08/ARGOSJ8_IA_/install/car_interfaces/share/car_interfaces/environment/library_path.sh
-- Installing: /home/roverj8/LUIS/ARGJ08/ARGOSJ8_IA_/install/car_interfaces/share/car_interfaces/environment/library_path.dsv
-- Installing: /home/roverj8/LUIS/ARGJ08/ARGOSJ8_IA_/install/car_interfaces/lib/libcar_interfaces__rosidl_generator_c.so
-- Set runtime path of "/home/roverj8/LUIS/ARGJ08/ARGOSJ8_IA_/install/car_interfaces/lib/libcar_interfaces__rosidl_generator_c.so" to ""
-- Up-to-date: /home/roverj8/LUIS/ARGJ08/ARGOSJ8_IA_/install/car_interfaces/include/car_interfaces/car_interfaces
-- Up-to-date: /home/roverj8/LUIS/ARGJ08/ARGOSJ8_IA_/install/car_interfaces/include/car_interfaces/car_interfaces/msg
-- Installing: /home/roverj8/LUIS/ARGJ08/ARGOSJ8_IA_/install/car_interfaces/include/car_interfaces/car_interfaces/msg/rosidl_typesupport_fastrtps_c__visibility_control.h
-- Up-to-date: /home/roverj8/LUIS/ARGJ08/ARGOSJ8_IA_/install/car_interfaces/include/car_interfaces/car_interfaces/msg/detail
-- Installing: /home/roverj8/LUIS/ARGJ08/ARGOSJ8_IA_/install/car_interfaces/include/car_interfaces/car_interfaces/msg/detail/graph__rosidl_typesupport_fastrtps_c.h
-- Installing: /home/roverj8/LUIS/ARGJ08/ARGOSJ8_IA_/install/car_interfaces/lib/libcar_interfaces__rosidl_typesupport_fastrtps_c.so
-- Set runtime path of "/home/roverj8/LUIS/ARGJ08/ARGOSJ8_IA_/install/car_interfaces/lib/libcar_interfaces__rosidl_typesupport_fastrtps_c.so" to ""
-- Up-to-date: /home/roverj8/LUIS/ARGJ08/ARGOSJ8_IA_/install/car_interfaces/include/car_interfaces/car_interfaces
-- Up-to-date: /home/roverj8/LUIS/ARGJ08/ARGOSJ8_IA_/install/car_interfaces/include/car_interfaces/car_interfaces/msg
-- Up-to-date: /home/roverj8/LUIS/ARGJ08/ARGOSJ8_IA_/install/car_interfaces/include/car_interfaces/car_interfaces/msg/detail
-- Installing: /home/roverj8/LUIS/ARGJ08/ARGOSJ8_IA_/install/car_interfaces/include/car_interfaces/car_interfaces/msg/detail/graph__struct.hpp
-- Installing: /home/roverj8/LUIS/ARGJ08/ARGOSJ8_IA_/install/car_interfaces/include/car_interfaces/car_interfaces/msg/detail/graph__builder.hpp
-- Installing: /home/roverj8/LUIS/ARGJ08/ARGOSJ8_IA_/install/car_interfaces/include/car_interfaces/car_interfaces/msg/detail/graph__traits.hpp
-- Installing: /home/roverj8/LUIS/ARGJ08/ARGOSJ8_IA_/install/car_interfaces/include/car_interfaces/car_interfaces/msg/detail/graph__type_support.hpp
-- Installing: /home/roverj8/LUIS/ARGJ08/ARGOSJ8_IA_/install/car_interfaces/include/car_interfaces/car_interfaces/msg/rosidl_generator_cpp__visibility_control.hpp
-- Installing: /home/roverj8/LUIS/ARGJ08/ARGOSJ8_IA_/install/car_interfaces/include/car_interfaces/car_interfaces/msg/graph.hpp
-- Up-to-date: /home/roverj8/LUIS/ARGJ08/ARGOSJ8_IA_/install/car_interfaces/include/car_interfaces/car_interfaces
-- Up-to-date: /home/roverj8/LUIS/ARGJ08/ARGOSJ8_IA_/install/car_interfaces/include/car_interfaces/car_interfaces/msg
-- Up-to-date: /home/roverj8/LUIS/ARGJ08/ARGOSJ8_IA_/install/car_interfaces/include/car_interfaces/car_interfaces/msg/detail
-- Installing: /home/roverj8/LUIS/ARGJ08/ARGOSJ8_IA_/install/car_interfaces/include/car_interfaces/car_interfaces/msg/detail/graph__rosidl_typesupport_fastrtps_cpp.hpp
-- Installing: /home/roverj8/LUIS/ARGJ08/ARGOSJ8_IA_/install/car_interfaces/include/car_interfaces/car_interfaces/msg/detail/dds_fastrtps
-- Installing: /home/roverj8/LUIS/ARGJ08/ARGOSJ8_IA_/install/car_interfaces/include/car_interfaces/car_interfaces/msg/rosidl_typesupport_fastrtps_cpp__visibility_control.h
-- Installing: /home/roverj8/LUIS/ARGJ08/ARGOSJ8_IA_/install/car_interfaces/lib/libcar_interfaces__rosidl_typesupport_fastrtps_cpp.so
-- Set runtime path of "/home/roverj8/LUIS/ARGJ08/ARGOSJ8_IA_/install/car_interfaces/lib/libcar_interfaces__rosidl_typesupport_fastrtps_cpp.so" to ""
-- Up-to-date: /home/roverj8/LUIS/ARGJ08/ARGOSJ8_IA_/install/car_interfaces/include/car_interfaces/car_interfaces
-- Up-to-date: /home/roverj8/LUIS/ARGJ08/ARGOSJ8_IA_/install/car_interfaces/include/car_interfaces/car_interfaces/msg
-- Installing: /home/roverj8/LUIS/ARGJ08/ARGOSJ8_IA_/install/car_interfaces/include/car_interfaces/car_interfaces/msg/rosidl_typesupport_introspection_c__visibility_control.h
-- Up-to-date: /home/roverj8/LUIS/ARGJ08/ARGOSJ8_IA_/install/car_interfaces/include/car_interfaces/car_interfaces/msg/detail
-- Installing: /home/roverj8/LUIS/ARGJ08/ARGOSJ8_IA_/install/car_interfaces/include/car_interfaces/car_interfaces/msg/detail/graph__rosidl_typesupport_introspection_c.h
-- Installing: /home/roverj8/LUIS/ARGJ08/ARGOSJ8_IA_/install/car_interfaces/include/car_interfaces/car_interfaces/msg/detail/graph__type_support.c
-- Installing: /home/roverj8/LUIS/ARGJ08/ARGOSJ8_IA_/install/car_interfaces/lib/libcar_interfaces__rosidl_typesupport_introspection_c.so
-- Set runtime path of "/home/roverj8/LUIS/ARGJ08/ARGOSJ8_IA_/install/car_interfaces/lib/libcar_interfaces__rosidl_typesupport_introspection_c.so" to ""
-- Installing: /home/roverj8/LUIS/ARGJ08/ARGOSJ8_IA_/install/car_interfaces/lib/libcar_interfaces__rosidl_typesupport_c.so
-- Set runtime path of "/home/roverj8/LUIS/ARGJ08/ARGOSJ8_IA_/install/car_interfaces/lib/libcar_interfaces__rosidl_typesupport_c.so" to ""
-- Up-to-date: /home/roverj8/LUIS/ARGJ08/ARGOSJ8_IA_/install/car_interfaces/include/car_interfaces/car_interfaces
-- Up-to-date: /home/roverj8/LUIS/ARGJ08/ARGOSJ8_IA_/install/car_interfaces/include/car_interfaces/car_interfaces/msg
-- Up-to-date: /home/roverj8/LUIS/ARGJ08/ARGOSJ8_IA_/install/car_interfaces/include/car_interfaces/car_interfaces/msg/detail
-- Installing: /home/roverj8/LUIS/ARGJ08/ARGOSJ8_IA_/install/car_interfaces/include/car_interfaces/car_interfaces/msg/detail/graph__type_support.cpp
-- Installing: /home/roverj8/LUIS/ARGJ08/ARGOSJ8_IA_/install/car_interfaces/include/car_interfaces/car_interfaces/msg/detail/graph__rosidl_typesupport_introspection_cpp.hpp
-- Installing: /home/roverj8/LUIS/ARGJ08/ARGOSJ8_IA_/install/car_interfaces/lib/libcar_interfaces__rosidl_typesupport_introspection_cpp.so
-- Set runtime path of "/home/roverj8/LUIS/ARGJ08/ARGOSJ8_IA_/install/car_interfaces/lib/libcar_interfaces__rosidl_typesupport_introspection_cpp.so" to ""
-- Installing: /home/roverj8/LUIS/ARGJ08/ARGOSJ8_IA_/install/car_interfaces/lib/libcar_interfaces__rosidl_typesupport_cpp.so
-- Set runtime path of "/home/roverj8/LUIS/ARGJ08/ARGOSJ8_IA_/install/car_interfaces/lib/libcar_interfaces__rosidl_typesupport_cpp.so" to ""
-- Installing: /home/roverj8/LUIS/ARGJ08/ARGOSJ8_IA_/install/car_interfaces/share/car_interfaces/environment/pythonpath.sh
-- Installing: /home/roverj8/LUIS/ARGJ08/ARGOSJ8_IA_/install/car_interfaces/share/car_interfaces/environment/pythonpath.dsv
-- Installing: /home/roverj8/LUIS/ARGJ08/ARGOSJ8_IA_/install/car_interfaces/local/lib/python3.10/dist-packages/car_interfaces-0.0.0-py3.10.egg-info
-- Installing: /home/roverj8/LUIS/ARGJ08/ARGOSJ8_IA_/install/car_interfaces/local/lib/python3.10/dist-packages/car_interfaces-0.0.0-py3.10.egg-info/PKG-INFO
-- Installing: /home/roverj8/LUIS/ARGJ08/ARGOSJ8_IA_/install/car_interfaces/local/lib/python3.10/dist-packages/car_interfaces-0.0.0-py3.10.egg-info/top_level.txt
-- Installing: /home/roverj8/LUIS/ARGJ08/ARGOSJ8_IA_/install/car_interfaces/local/lib/python3.10/dist-packages/car_interfaces-0.0.0-py3.10.egg-info/dependency_links.txt
-- Installing: /home/roverj8/LUIS/ARGJ08/ARGOSJ8_IA_/install/car_interfaces/local/lib/python3.10/dist-packages/car_interfaces-0.0.0-py3.10.egg-info/SOURCES.txt
-- Installing: /home/roverj8/LUIS/ARGJ08/ARGOSJ8_IA_/install/car_interfaces/local/lib/python3.10/dist-packages/car_interfaces
-- Installing: /home/roverj8/LUIS/ARGJ08/ARGOSJ8_IA_/install/car_interfaces/local/lib/python3.10/dist-packages/car_interfaces/_car_interfaces_s.ep.rosidl_typesupport_introspection_c.c
-- Installing: /home/roverj8/LUIS/ARGJ08/ARGOSJ8_IA_/install/car_interfaces/local/lib/python3.10/dist-packages/car_interfaces/__init__.py
-- Installing: /home/roverj8/LUIS/ARGJ08/ARGOSJ8_IA_/install/car_interfaces/local/lib/python3.10/dist-packages/car_interfaces/libcar_interfaces__rosidl_generator_py.so
-- Installing: /home/roverj8/LUIS/ARGJ08/ARGOSJ8_IA_/install/car_interfaces/local/lib/python3.10/dist-packages/car_interfaces/_car_interfaces_s.ep.rosidl_typesupport_fastrtps_c.c
-- Installing: /home/roverj8/LUIS/ARGJ08/ARGOSJ8_IA_/install/car_interfaces/local/lib/python3.10/dist-packages/car_interfaces/car_interfaces_s__rosidl_typesupport_introspection_c.cpython-310-x86_64-linux-gnu.so
-- Installing: /home/roverj8/LUIS/ARGJ08/ARGOSJ8_IA_/install/car_interfaces/local/lib/python3.10/dist-packages/car_interfaces/car_interfaces_s__rosidl_typesupport_fastrtps_c.cpython-310-x86_64-linux-gnu.so
-- Installing: /home/roverj8/LUIS/ARGJ08/ARGOSJ8_IA_/install/car_interfaces/local/lib/python3.10/dist-packages/car_interfaces/_car_interfaces_s.ep.rosidl_typesupport_c.c
-- Installing: /home/roverj8/LUIS/ARGJ08/ARGOSJ8_IA_/install/car_interfaces/local/lib/python3.10/dist-packages/car_interfaces/msg
-- Installing: /home/roverj8/LUIS/ARGJ08/ARGOSJ8_IA_/install/car_interfaces/local/lib/python3.10/dist-packages/car_interfaces/msg/_graph_s.c
-- Installing: /home/roverj8/LUIS/ARGJ08/ARGOSJ8_IA_/install/car_interfaces/local/lib/python3.10/dist-packages/car_interfaces/msg/__init__.py
-- Installing: /home/roverj8/LUIS/ARGJ08/ARGOSJ8_IA_/install/car_interfaces/local/lib/python3.10/dist-packages/car_interfaces/msg/_graph.py
-- Installing: /home/roverj8/LUIS/ARGJ08/ARGOSJ8_IA_/install/car_interfaces/local/lib/python3.10/dist-packages/car_interfaces/car_interfaces_s__rosidl_typesupport_c.cpython-310-x86_64-linux-gnu.so
Listing '/home/roverj8/LUIS/ARGJ08/ARGOSJ8_IA_/install/car_interfaces/local/lib/python3.10/dist-packages/car_interfaces'...
Compiling '/home/roverj8/LUIS/ARGJ08/ARGOSJ8_IA_/install/car_interfaces/local/lib/python3.10/dist-packages/car_interfaces/__init__.py'...
Listing '/home/roverj8/LUIS/ARGJ08/ARGOSJ8_IA_/install/car_interfaces/local/lib/python3.10/dist-packages/car_interfaces/msg'...
Compiling '/home/roverj8/LUIS/ARGJ08/ARGOSJ8_IA_/install/car_interfaces/local/lib/python3.10/dist-packages/car_interfaces/msg/__init__.py'...
Compiling '/home/roverj8/LUIS/ARGJ08/ARGOSJ8_IA_/install/car_interfaces/local/lib/python3.10/dist-packages/car_interfaces/msg/_graph.py'...
-- Installing: /home/roverj8/LUIS/ARGJ08/ARGOSJ8_IA_/install/car_interfaces/local/lib/python3.10/dist-packages/car_interfaces/car_interfaces_s__rosidl_typesupport_fastrtps_c.cpython-310-x86_64-linux-gnu.so
-- Set runtime path of "/home/roverj8/LUIS/ARGJ08/ARGOSJ8_IA_/install/car_interfaces/local/lib/python3.10/dist-packages/car_interfaces/car_interfaces_s__rosidl_typesupport_fastrtps_c.cpython-310-x86_64-linux-gnu.so" to ""
-- Installing: /home/roverj8/LUIS/ARGJ08/ARGOSJ8_IA_/install/car_interfaces/local/lib/python3.10/dist-packages/car_interfaces/car_interfaces_s__rosidl_typesupport_introspection_c.cpython-310-x86_64-linux-gnu.so
-- Set runtime path of "/home/roverj8/LUIS/ARGJ08/ARGOSJ8_IA_/install/car_interfaces/local/lib/python3.10/dist-packages/car_interfaces/car_interfaces_s__rosidl_typesupport_introspection_c.cpython-310-x86_64-linux-gnu.so" to ""
-- Installing: /home/roverj8/LUIS/ARGJ08/ARGOSJ8_IA_/install/car_interfaces/local/lib/python3.10/dist-packages/car_interfaces/car_interfaces_s__rosidl_typesupport_c.cpython-310-x86_64-linux-gnu.so
-- Set runtime path of "/home/roverj8/LUIS/ARGJ08/ARGOSJ8_IA_/install/car_interfaces/local/lib/python3.10/dist-packages/car_interfaces/car_interfaces_s__rosidl_typesupport_c.cpython-310-x86_64-linux-gnu.so" to ""
-- Installing: /home/roverj8/LUIS/ARGJ08/ARGOSJ8_IA_/install/car_interfaces/lib/libcar_interfaces__rosidl_generator_py.so
-- Set runtime path of "/home/roverj8/LUIS/ARGJ08/ARGOSJ8_IA_/install/car_interfaces/lib/libcar_interfaces__rosidl_generator_py.so" to ""
-- Installing: /home/roverj8/LUIS/ARGJ08/ARGOSJ8_IA_/install/car_interfaces/share/ament_index/resource_index/rust_packages/car_interfaces
-- Installing: /home/roverj8/LUIS/ARGJ08/ARGOSJ8_IA_/install/car_interfaces/share/car_interfaces/rust
-- Installing: /home/roverj8/LUIS/ARGJ08/ARGOSJ8_IA_/install/car_interfaces/share/car_interfaces/rust/src
-- Installing: /home/roverj8/LUIS/ARGJ08/ARGOSJ8_IA_/install/car_interfaces/share/car_interfaces/rust/src/lib.rs
-- Installing: /home/roverj8/LUIS/ARGJ08/ARGOSJ8_IA_/install/car_interfaces/share/car_interfaces/rust/src/msg
-- Installing: /home/roverj8/LUIS/ARGJ08/ARGOSJ8_IA_/install/car_interfaces/share/car_interfaces/rust/src/msg/rmw.rs
-- Installing: /home/roverj8/LUIS/ARGJ08/ARGOSJ8_IA_/install/car_interfaces/share/car_interfaces/rust/src/msg.rs
-- Installing: /home/roverj8/LUIS/ARGJ08/ARGOSJ8_IA_/install/car_interfaces/share/car_interfaces/rust/build.rs
-- Installing: /home/roverj8/LUIS/ARGJ08/ARGOSJ8_IA_/install/car_interfaces/share/car_interfaces/rust/Cargo.toml
-- Installing: /home/roverj8/LUIS/ARGJ08/ARGOSJ8_IA_/install/car_interfaces/share/car_interfaces/msg/Graph.idl
-- Installing: /home/roverj8/LUIS/ARGJ08/ARGOSJ8_IA_/install/car_interfaces/share/car_interfaces/msg/Graph.msg
-- Installing: /home/roverj8/LUIS/ARGJ08/ARGOSJ8_IA_/install/car_interfaces/share/ament_index/resource_index/package_run_dependencies/car_interfaces
-- Installing: /home/roverj8/LUIS/ARGJ08/ARGOSJ8_IA_/install/car_interfaces/share/ament_index/resource_index/parent_prefix_path/car_interfaces
-- Installing: /home/roverj8/LUIS/ARGJ08/ARGOSJ8_IA_/install/car_interfaces/share/car_interfaces/environment/ament_prefix_path.sh
-- Installing: /home/roverj8/LUIS/ARGJ08/ARGOSJ8_IA_/install/car_interfaces/share/car_interfaces/environment/ament_prefix_path.dsv
-- Installing: /home/roverj8/LUIS/ARGJ08/ARGOSJ8_IA_/install/car_interfaces/share/car_interfaces/environment/path.sh
-- Installing: /home/roverj8/LUIS/ARGJ08/ARGOSJ8_IA_/install/car_interfaces/share/car_interfaces/environment/path.dsv
-- Installing: /home/roverj8/LUIS/ARGJ08/ARGOSJ8_IA_/install/car_interfaces/share/car_interfaces/local_setup.bash
-- Installing: /home/roverj8/LUIS/ARGJ08/ARGOSJ8_IA_/install/car_interfaces/share/car_interfaces/local_setup.sh
-- Installing: /home/roverj8/LUIS/ARGJ08/ARGOSJ8_IA_/install/car_interfaces/share/car_interfaces/local_setup.zsh
-- Installing: /home/roverj8/LUIS/ARGJ08/ARGOSJ8_IA_/install/car_interfaces/share/car_interfaces/local_setup.dsv
-- Installing: /home/roverj8/LUIS/ARGJ08/ARGOSJ8_IA_/install/car_interfaces/share/car_interfaces/package.dsv
-- Installing: /home/roverj8/LUIS/ARGJ08/ARGOSJ8_IA_/install/car_interfaces/share/ament_index/resource_index/packages/car_interfaces
-- Installing: /home/roverj8/LUIS/ARGJ08/ARGOSJ8_IA_/install/car_interfaces/share/car_interfaces/cmake/export_car_interfaces__rosidl_generator_cExport.cmake
-- Installing: /home/roverj8/LUIS/ARGJ08/ARGOSJ8_IA_/install/car_interfaces/share/car_interfaces/cmake/export_car_interfaces__rosidl_generator_cExport-noconfig.cmake
-- Installing: /home/roverj8/LUIS/ARGJ08/ARGOSJ8_IA_/install/car_interfaces/share/car_interfaces/cmake/export_car_interfaces__rosidl_typesupport_fastrtps_cExport.cmake
-- Installing: /home/roverj8/LUIS/ARGJ08/ARGOSJ8_IA_/install/car_interfaces/share/car_interfaces/cmake/export_car_interfaces__rosidl_typesupport_fastrtps_cExport-noconfig.cmake
-- Installing: /home/roverj8/LUIS/ARGJ08/ARGOSJ8_IA_/install/car_interfaces/share/car_interfaces/cmake/export_car_interfaces__rosidl_generator_cppExport.cmake
-- Installing: /home/roverj8/LUIS/ARGJ08/ARGOSJ8_IA_/install/car_interfaces/share/car_interfaces/cmake/export_car_interfaces__rosidl_typesupport_fastrtps_cppExport.cmake
-- Installing: /home/roverj8/LUIS/ARGJ08/ARGOSJ8_IA_/install/car_interfaces/share/car_interfaces/cmake/export_car_interfaces__rosidl_typesupport_fastrtps_cppExport-noconfig.cmake
-- Installing: /home/roverj8/LUIS/ARGJ08/ARGOSJ8_IA_/install/car_interfaces/share/car_interfaces/cmake/car_interfaces__rosidl_typesupport_introspection_cExport.cmake
-- Installing: /home/roverj8/LUIS/ARGJ08/ARGOSJ8_IA_/install/car_interfaces/share/car_interfaces/cmake/car_interfaces__rosidl_typesupport_introspection_cExport-noconfig.cmake
-- Installing: /home/roverj8/LUIS/ARGJ08/ARGOSJ8_IA_/install/car_interfaces/share/car_interfaces/cmake/car_interfaces__rosidl_typesupport_cExport.cmake
-- Installing: /home/roverj8/LUIS/ARGJ08/ARGOSJ8_IA_/install/car_interfaces/share/car_interfaces/cmake/car_interfaces__rosidl_typesupport_cExport-noconfig.cmake
-- Installing: /home/roverj8/LUIS/ARGJ08/ARGOSJ8_IA_/install/car_interfaces/share/car_interfaces/cmake/car_interfaces__rosidl_typesupport_introspection_cppExport.cmake
-- Installing: /home/roverj8/LUIS/ARGJ08/ARGOSJ8_IA_/install/car_interfaces/share/car_interfaces/cmake/car_interfaces__rosidl_typesupport_introspection_cppExport-noconfig.cmake
-- Installing: /home/roverj8/LUIS/ARGJ08/ARGOSJ8_IA_/install/car_interfaces/share/car_interfaces/cmake/car_interfaces__rosidl_typesupport_cppExport.cmake
-- Installing: /home/roverj8/LUIS/ARGJ08/ARGOSJ8_IA_/install/car_interfaces/share/car_interfaces/cmake/car_interfaces__rosidl_typesupport_cppExport-noconfig.cmake
-- Installing: /home/roverj8/LUIS/ARGJ08/ARGOSJ8_IA_/install/car_interfaces/share/car_interfaces/cmake/export_car_interfaces__rosidl_generator_pyExport.cmake
-- Installing: /home/roverj8/LUIS/ARGJ08/ARGOSJ8_IA_/install/car_interfaces/share/car_interfaces/cmake/export_car_interfaces__rosidl_generator_pyExport-noconfig.cmake
-- Installing: /home/roverj8/LUIS/ARGJ08/ARGOSJ8_IA_/install/car_interfaces/share/car_interfaces/cmake/rosidl_cmake-extras.cmake
-- Installing: /home/roverj8/LUIS/ARGJ08/ARGOSJ8_IA_/install/car_interfaces/share/car_interfaces/cmake/ament_cmake_export_dependencies-extras.cmake
-- Installing: /home/roverj8/LUIS/ARGJ08/ARGOSJ8_IA_/install/car_interfaces/share/car_interfaces/cmake/ament_cmake_export_include_directories-extras.cmake
-- Installing: /home/roverj8/LUIS/ARGJ08/ARGOSJ8_IA_/install/car_interfaces/share/car_interfaces/cmake/ament_cmake_export_libraries-extras.cmake
-- Installing: /home/roverj8/LUIS/ARGJ08/ARGOSJ8_IA_/install/car_interfaces/share/car_interfaces/cmake/ament_cmake_export_targets-extras.cmake
-- Installing: /home/roverj8/LUIS/ARGJ08/ARGOSJ8_IA_/install/car_interfaces/share/car_interfaces/cmake/rosidl_cmake_export_typesupport_targets-extras.cmake
-- Installing: /home/roverj8/LUIS/ARGJ08/ARGOSJ8_IA_/install/car_interfaces/share/car_interfaces/cmake/rosidl_cmake_export_typesupport_libraries-extras.cmake
-- Installing: /home/roverj8/LUIS/ARGJ08/ARGOSJ8_IA_/install/car_interfaces/share/car_interfaces/cmake/car_interfacesConfig.cmake
-- Installing: /home/roverj8/LUIS/ARGJ08/ARGOSJ8_IA_/install/car_interfaces/share/car_interfaces/cmake/car_interfacesConfig-version.cmake
-- Installing: /home/roverj8/LUIS/ARGJ08/ARGOSJ8_IA_/install/car_interfaces/share/car_interfaces/package.xml
