[0.060s] Invoking command in '/home/roverj8/LUIS/ARGJ08/ARGOSJ8_IA_/build/car_interfaces': CMAKE_PREFIX_PATH=/opt/ros/humble /usr/bin/cmake /home/roverj8/LUIS/ARGJ08/ARGOSJ8_IA_/src/car_interfaces -DCMAKE_INSTALL_PREFIX=/home/roverj8/LUIS/ARGJ08/ARGOSJ8_IA_/install/car_interfaces
[2.470s] -- Found ament_cmake: 1.3.14 (/opt/ros/humble/share/ament_cmake/cmake)
[2.471s] -- Found Python3: /usr/bin/python3 (found version "3.10.12") found components: Interpreter 
[2.472s] -- Found geometry_msgs: 4.9.1 (/opt/ros/humble/share/geometry_msgs/cmake)
[2.472s] -- Found rosidl_generator_c: 3.1.8 (/opt/ros/humble/share/rosidl_generator_c/cmake)
[2.472s] -- Found rosidl_adapter: 3.1.8 (/opt/ros/humble/share/rosidl_adapter/cmake)
[2.473s] -- Found rosidl_generator_cpp: 3.1.8 (/opt/ros/humble/share/rosidl_generator_cpp/cmake)
[2.474s] -- Using all available rosidl_typesupport_c: rosidl_typesupport_fastrtps_c;rosidl_typesupport_introspection_c
[2.474s] -- Using all available rosidl_typesupport_cpp: rosidl_typesupport_fastrtps_cpp;rosidl_typesupport_introspection_cpp
[2.474s] -- Found rosidl_default_generators: 1.2.1 (/opt/ros/humble/share/rosidl_default_generators/cmake)
[2.476s] -- Found ament_cmake_ros: 0.10.0 (/opt/ros/humble/share/ament_cmake_ros/cmake)
[2.477s] -- Using all available rosidl_typesupport_c: rosidl_typesupport_fastrtps_c;rosidl_typesupport_introspection_c
[2.477s] -- Using all available rosidl_typesupport_cpp: rosidl_typesupport_fastrtps_cpp;rosidl_typesupport_introspection_cpp
[2.477s] -- Found PythonInterp: /usr/bin/python3 (found suitable version "3.10.12", minimum required is "3.6") 
[2.477s] -- Found python_cmake_module: 0.10.0 (/opt/ros/humble/share/python_cmake_module/cmake)
[2.477s] -- Found PythonLibs: /usr/lib/x86_64-linux-gnu/libpython3.10.so (found suitable version "3.10.12", minimum required is "3.5") 
[2.477s] -- Using PYTHON_EXECUTABLE: /usr/bin/python3
[2.477s] -- Using PYTHON_INCLUDE_DIRS: /usr/include/python3.10
[2.477s] -- Using PYTHON_LIBRARIES: /usr/lib/x86_64-linux-gnu/libpython3.10.so
[2.478s] -- Found PythonExtra: .so  
[2.580s] -- Configuring done
[2.685s] -- Generating done
[2.765s] -- Build files have been written to: /home/roverj8/LUIS/ARGJ08/ARGOSJ8_IA_/build/car_interfaces
[2.922s] Invoked command in '/home/roverj8/LUIS/ARGJ08/ARGOSJ8_IA_/build/car_interfaces' returned '0': CMAKE_PREFIX_PATH=/opt/ros/humble /usr/bin/cmake /home/roverj8/LUIS/ARGJ08/ARGOSJ8_IA_/src/car_interfaces -DCMAKE_INSTALL_PREFIX=/home/roverj8/LUIS/ARGJ08/ARGOSJ8_IA_/install/car_interfaces
[2.924s] Invoking command in '/home/roverj8/LUIS/ARGJ08/ARGOSJ8_IA_/build/car_interfaces': CMAKE_PREFIX_PATH=/opt/ros/humble /usr/bin/cmake --build /home/roverj8/LUIS/ARGJ08/ARGOSJ8_IA_/build/car_interfaces -- -j24 -l24
[3.109s] [  3%] [34m[1mGenerating C code for ROS interfaces[0m
[3.222s] [  6%] [34m[1mGenerating C++ code for ROS interfaces[0m
[3.254s] [  9%] [34m[1mGenerating Rust code for ROS interfaces[0m
[3.306s] [  9%] Built target ament_cmake_python_copy_car_interfaces
[4.080s] [ 12%] [32mBuilding C object CMakeFiles/car_interfaces__rosidl_generator_c.dir/rosidl_generator_c/car_interfaces/msg/detail/graph__functions.c.o[0m
[4.549s] [ 12%] Built target car_interfaces__rs
[4.554s] [ 15%] [32m[1mLinking C shared library libcar_interfaces__rosidl_generator_c.so[0m
[4.705s] [ 15%] Built target car_interfaces__rosidl_generator_c
[4.716s] [ 15%] Built target car_interfaces__cpp
[4.730s] [ 18%] [34m[1mGenerating C type support dispatch for ROS interfaces[0m
[4.740s] [ 21%] [34m[1mGenerating C introspection for ROS interfaces[0m
[4.774s] [ 25%] [34m[1mGenerating C++ type support for eProsima Fast-RTPS[0m
[4.796s] [ 28%] [34m[1mGenerating C type support for eProsima Fast-RTPS[0m
[4.807s] [ 31%] [34m[1mGenerating C++ introspection for ROS interfaces[0m
[4.816s] [ 34%] [34m[1mGenerating C++ type support dispatch for ROS interfaces[0m
[5.236s] running egg_info
[5.238s] creating car_interfaces.egg-info
[5.239s] writing car_interfaces.egg-info/PKG-INFO
[5.239s] writing dependency_links to car_interfaces.egg-info/dependency_links.txt
[5.239s] writing top-level names to car_interfaces.egg-info/top_level.txt
[5.286s] writing manifest file 'car_interfaces.egg-info/SOURCES.txt'
[5.326s] reading manifest file 'car_interfaces.egg-info/SOURCES.txt'
[5.332s] writing manifest file 'car_interfaces.egg-info/SOURCES.txt'
[5.627s] [ 34%] Built target ament_cmake_python_build_car_interfaces_egg
[5.628s] [ 37%] [32mBuilding CXX object CMakeFiles/car_interfaces__rosidl_typesupport_cpp.dir/rosidl_typesupport_cpp/car_interfaces/msg/graph__type_support.cpp.o[0m
[5.824s] [ 40%] [32mBuilding CXX object CMakeFiles/car_interfaces__rosidl_typesupport_c.dir/rosidl_typesupport_c/car_interfaces/msg/graph__type_support.cpp.o[0m
[5.833s] [ 43%] [32mBuilding CXX object CMakeFiles/car_interfaces__rosidl_typesupport_fastrtps_cpp.dir/rosidl_typesupport_fastrtps_cpp/car_interfaces/msg/detail/dds_fastrtps/graph__type_support.cpp.o[0m
[5.834s] [ 46%] [32mBuilding C object CMakeFiles/car_interfaces__rosidl_typesupport_introspection_c.dir/rosidl_typesupport_introspection_c/car_interfaces/msg/detail/graph__type_support.c.o[0m
[6.077s] [ 50%] [32m[1mLinking CXX shared library libcar_interfaces__rosidl_typesupport_c.so[0m
[6.119s] [ 53%] [32m[1mLinking C shared library libcar_interfaces__rosidl_typesupport_introspection_c.so[0m
[6.178s] [ 56%] [32mBuilding CXX object CMakeFiles/car_interfaces__rosidl_typesupport_fastrtps_c.dir/rosidl_typesupport_fastrtps_c/car_interfaces/msg/detail/graph__type_support_c.cpp.o[0m
[6.208s] [ 56%] Built target car_interfaces__rosidl_typesupport_c
[6.294s] [ 59%] [32mBuilding CXX object CMakeFiles/car_interfaces__rosidl_typesupport_introspection_cpp.dir/rosidl_typesupport_introspection_cpp/car_interfaces/msg/detail/graph__type_support.cpp.o[0m
[6.401s] [ 59%] Built target car_interfaces__rosidl_typesupport_introspection_c
[7.072s] [ 62%] [32m[1mLinking CXX shared library libcar_interfaces__rosidl_typesupport_cpp.so[0m
[7.198s] [ 62%] Built target car_interfaces__rosidl_typesupport_cpp
[7.528s] [ 65%] [32m[1mLinking CXX shared library libcar_interfaces__rosidl_typesupport_fastrtps_cpp.so[0m
[8.037s] [ 68%] [32m[1mLinking CXX shared library libcar_interfaces__rosidl_typesupport_introspection_cpp.so[0m
[8.047s] [ 68%] Built target car_interfaces__rosidl_typesupport_fastrtps_cpp
[8.528s] [ 68%] Built target car_interfaces__rosidl_typesupport_introspection_cpp
[8.785s] [ 71%] [32m[1mLinking CXX shared library libcar_interfaces__rosidl_typesupport_fastrtps_c.so[0m
[9.500s] [ 71%] Built target car_interfaces__rosidl_typesupport_fastrtps_c
[9.665s] [ 71%] Built target car_interfaces
[9.837s] [ 75%] [34m[1mGenerating Python code for ROS interfaces[0m
[12.902s] [ 75%] Built target car_interfaces__py
[13.018s] [ 78%] [32mBuilding C object CMakeFiles/car_interfaces__rosidl_generator_py.dir/rosidl_generator_py/car_interfaces/msg/_graph_s.c.o[0m
[13.859s] [ 81%] [32m[1mLinking C shared library rosidl_generator_py/car_interfaces/libcar_interfaces__rosidl_generator_py.so[0m
[14.131s] [ 81%] Built target car_interfaces__rosidl_generator_py
[14.257s] [ 84%] [32mBuilding C object CMakeFiles/car_interfaces__rosidl_typesupport_introspection_c__pyext.dir/rosidl_generator_py/car_interfaces/_car_interfaces_s.ep.rosidl_typesupport_introspection_c.c.o[0m
[14.332s] [ 87%] [32mBuilding C object CMakeFiles/car_interfaces__rosidl_typesupport_fastrtps_c__pyext.dir/rosidl_generator_py/car_interfaces/_car_interfaces_s.ep.rosidl_typesupport_fastrtps_c.c.o[0m
[14.401s] [ 90%] [32mBuilding C object CMakeFiles/car_interfaces__rosidl_typesupport_c__pyext.dir/rosidl_generator_py/car_interfaces/_car_interfaces_s.ep.rosidl_typesupport_c.c.o[0m
[14.825s] [ 93%] [32m[1mLinking C shared library rosidl_generator_py/car_interfaces/car_interfaces_s__rosidl_typesupport_c.cpython-310-x86_64-linux-gnu.so[0m
[14.931s] [ 96%] [32m[1mLinking C shared library rosidl_generator_py/car_interfaces/car_interfaces_s__rosidl_typesupport_introspection_c.cpython-310-x86_64-linux-gnu.so[0m
[15.157s] [ 96%] Built target car_interfaces__rosidl_typesupport_c__pyext
[15.177s] [ 96%] Built target car_interfaces__rosidl_typesupport_introspection_c__pyext
[15.379s] [100%] [32m[1mLinking C shared library rosidl_generator_py/car_interfaces/car_interfaces_s__rosidl_typesupport_fastrtps_c.cpython-310-x86_64-linux-gnu.so[0m
[15.655s] [100%] Built target car_interfaces__rosidl_typesupport_fastrtps_c__pyext
[15.768s] Invoked command in '/home/roverj8/LUIS/ARGJ08/ARGOSJ8_IA_/build/car_interfaces' returned '0': CMAKE_PREFIX_PATH=/opt/ros/humble /usr/bin/cmake --build /home/roverj8/LUIS/ARGJ08/ARGOSJ8_IA_/build/car_interfaces -- -j24 -l24
[15.769s] Invoking command in '/home/roverj8/LUIS/ARGJ08/ARGOSJ8_IA_/build/car_interfaces': CMAKE_PREFIX_PATH=/opt/ros/humble /usr/bin/cmake --install /home/roverj8/LUIS/ARGJ08/ARGOSJ8_IA_/build/car_interfaces
[20.041s] -- Install configuration: ""
[20.042s] -- Installing: /home/roverj8/LUIS/ARGJ08/ARGOSJ8_IA_/install/car_interfaces/share/ament_index/resource_index/rosidl_interfaces/car_interfaces
[20.042s] -- Installing: /home/roverj8/LUIS/ARGJ08/ARGOSJ8_IA_/install/car_interfaces/include/car_interfaces/car_interfaces
[20.042s] -- Installing: /home/roverj8/LUIS/ARGJ08/ARGOSJ8_IA_/install/car_interfaces/include/car_interfaces/car_interfaces/msg
[20.042s] -- Installing: /home/roverj8/LUIS/ARGJ08/ARGOSJ8_IA_/install/car_interfaces/include/car_interfaces/car_interfaces/msg/graph.h
[20.042s] -- Installing: /home/roverj8/LUIS/ARGJ08/ARGOSJ8_IA_/install/car_interfaces/include/car_interfaces/car_interfaces/msg/detail
[20.042s] -- Installing: /home/roverj8/LUIS/ARGJ08/ARGOSJ8_IA_/install/car_interfaces/include/car_interfaces/car_interfaces/msg/detail/graph__struct.h
[20.042s] -- Installing: /home/roverj8/LUIS/ARGJ08/ARGOSJ8_IA_/install/car_interfaces/include/car_interfaces/car_interfaces/msg/detail/graph__functions.c
[20.043s] -- Installing: /home/roverj8/LUIS/ARGJ08/ARGOSJ8_IA_/install/car_interfaces/include/car_interfaces/car_interfaces/msg/detail/graph__type_support.h
[20.043s] -- Installing: /home/roverj8/LUIS/ARGJ08/ARGOSJ8_IA_/install/car_interfaces/include/car_interfaces/car_interfaces/msg/detail/graph__functions.h
[20.043s] -- Installing: /home/roverj8/LUIS/ARGJ08/ARGOSJ8_IA_/install/car_interfaces/include/car_interfaces/car_interfaces/msg/rosidl_generator_c__visibility_control.h
[20.043s] -- Installing: /home/roverj8/LUIS/ARGJ08/ARGOSJ8_IA_/install/car_interfaces/share/car_interfaces/environment/library_path.sh
[20.043s] -- Installing: /home/roverj8/LUIS/ARGJ08/ARGOSJ8_IA_/install/car_interfaces/share/car_interfaces/environment/library_path.dsv
[20.043s] -- Installing: /home/roverj8/LUIS/ARGJ08/ARGOSJ8_IA_/install/car_interfaces/lib/libcar_interfaces__rosidl_generator_c.so
[20.043s] -- Set runtime path of "/home/roverj8/LUIS/ARGJ08/ARGOSJ8_IA_/install/car_interfaces/lib/libcar_interfaces__rosidl_generator_c.so" to ""
[20.043s] -- Up-to-date: /home/roverj8/LUIS/ARGJ08/ARGOSJ8_IA_/install/car_interfaces/include/car_interfaces/car_interfaces
[20.043s] -- Up-to-date: /home/roverj8/LUIS/ARGJ08/ARGOSJ8_IA_/install/car_interfaces/include/car_interfaces/car_interfaces/msg
[20.044s] -- Installing: /home/roverj8/LUIS/ARGJ08/ARGOSJ8_IA_/install/car_interfaces/include/car_interfaces/car_interfaces/msg/rosidl_typesupport_fastrtps_c__visibility_control.h
[20.044s] -- Up-to-date: /home/roverj8/LUIS/ARGJ08/ARGOSJ8_IA_/install/car_interfaces/include/car_interfaces/car_interfaces/msg/detail
[20.044s] -- Installing: /home/roverj8/LUIS/ARGJ08/ARGOSJ8_IA_/install/car_interfaces/include/car_interfaces/car_interfaces/msg/detail/graph__rosidl_typesupport_fastrtps_c.h
[20.044s] -- Installing: /home/roverj8/LUIS/ARGJ08/ARGOSJ8_IA_/install/car_interfaces/lib/libcar_interfaces__rosidl_typesupport_fastrtps_c.so
[20.044s] -- Set runtime path of "/home/roverj8/LUIS/ARGJ08/ARGOSJ8_IA_/install/car_interfaces/lib/libcar_interfaces__rosidl_typesupport_fastrtps_c.so" to ""
[20.044s] -- Up-to-date: /home/roverj8/LUIS/ARGJ08/ARGOSJ8_IA_/install/car_interfaces/include/car_interfaces/car_interfaces
[20.044s] -- Up-to-date: /home/roverj8/LUIS/ARGJ08/ARGOSJ8_IA_/install/car_interfaces/include/car_interfaces/car_interfaces/msg
[20.044s] -- Up-to-date: /home/roverj8/LUIS/ARGJ08/ARGOSJ8_IA_/install/car_interfaces/include/car_interfaces/car_interfaces/msg/detail
[20.044s] -- Installing: /home/roverj8/LUIS/ARGJ08/ARGOSJ8_IA_/install/car_interfaces/include/car_interfaces/car_interfaces/msg/detail/graph__struct.hpp
[20.045s] -- Installing: /home/roverj8/LUIS/ARGJ08/ARGOSJ8_IA_/install/car_interfaces/include/car_interfaces/car_interfaces/msg/detail/graph__builder.hpp
[20.045s] -- Installing: /home/roverj8/LUIS/ARGJ08/ARGOSJ8_IA_/install/car_interfaces/include/car_interfaces/car_interfaces/msg/detail/graph__traits.hpp
[20.045s] -- Installing: /home/roverj8/LUIS/ARGJ08/ARGOSJ8_IA_/install/car_interfaces/include/car_interfaces/car_interfaces/msg/detail/graph__type_support.hpp
[20.045s] -- Installing: /home/roverj8/LUIS/ARGJ08/ARGOSJ8_IA_/install/car_interfaces/include/car_interfaces/car_interfaces/msg/rosidl_generator_cpp__visibility_control.hpp
[20.045s] -- Installing: /home/roverj8/LUIS/ARGJ08/ARGOSJ8_IA_/install/car_interfaces/include/car_interfaces/car_interfaces/msg/graph.hpp
[20.045s] -- Up-to-date: /home/roverj8/LUIS/ARGJ08/ARGOSJ8_IA_/install/car_interfaces/include/car_interfaces/car_interfaces
[20.045s] -- Up-to-date: /home/roverj8/LUIS/ARGJ08/ARGOSJ8_IA_/install/car_interfaces/include/car_interfaces/car_interfaces/msg
[20.045s] -- Up-to-date: /home/roverj8/LUIS/ARGJ08/ARGOSJ8_IA_/install/car_interfaces/include/car_interfaces/car_interfaces/msg/detail
[20.045s] -- Installing: /home/roverj8/LUIS/ARGJ08/ARGOSJ8_IA_/install/car_interfaces/include/car_interfaces/car_interfaces/msg/detail/graph__rosidl_typesupport_fastrtps_cpp.hpp
[20.046s] -- Installing: /home/roverj8/LUIS/ARGJ08/ARGOSJ8_IA_/install/car_interfaces/include/car_interfaces/car_interfaces/msg/detail/dds_fastrtps
[20.046s] -- Installing: /home/roverj8/LUIS/ARGJ08/ARGOSJ8_IA_/install/car_interfaces/include/car_interfaces/car_interfaces/msg/rosidl_typesupport_fastrtps_cpp__visibility_control.h
[20.046s] -- Installing: /home/roverj8/LUIS/ARGJ08/ARGOSJ8_IA_/install/car_interfaces/lib/libcar_interfaces__rosidl_typesupport_fastrtps_cpp.so
[20.046s] -- Set runtime path of "/home/roverj8/LUIS/ARGJ08/ARGOSJ8_IA_/install/car_interfaces/lib/libcar_interfaces__rosidl_typesupport_fastrtps_cpp.so" to ""
[20.046s] -- Up-to-date: /home/roverj8/LUIS/ARGJ08/ARGOSJ8_IA_/install/car_interfaces/include/car_interfaces/car_interfaces
[20.046s] -- Up-to-date: /home/roverj8/LUIS/ARGJ08/ARGOSJ8_IA_/install/car_interfaces/include/car_interfaces/car_interfaces/msg
[20.046s] -- Installing: /home/roverj8/LUIS/ARGJ08/ARGOSJ8_IA_/install/car_interfaces/include/car_interfaces/car_interfaces/msg/rosidl_typesupport_introspection_c__visibility_control.h
[20.055s] -- Up-to-date: /home/roverj8/LUIS/ARGJ08/ARGOSJ8_IA_/install/car_interfaces/include/car_interfaces/car_interfaces/msg/detail
[20.056s] -- Installing: /home/roverj8/LUIS/ARGJ08/ARGOSJ8_IA_/install/car_interfaces/include/car_interfaces/car_interfaces/msg/detail/graph__rosidl_typesupport_introspection_c.h
[20.056s] -- Installing: /home/roverj8/LUIS/ARGJ08/ARGOSJ8_IA_/install/car_interfaces/include/car_interfaces/car_interfaces/msg/detail/graph__type_support.c
[20.056s] -- Installing: /home/roverj8/LUIS/ARGJ08/ARGOSJ8_IA_/install/car_interfaces/lib/libcar_interfaces__rosidl_typesupport_introspection_c.so
[20.056s] -- Set runtime path of "/home/roverj8/LUIS/ARGJ08/ARGOSJ8_IA_/install/car_interfaces/lib/libcar_interfaces__rosidl_typesupport_introspection_c.so" to ""
[20.056s] -- Installing: /home/roverj8/LUIS/ARGJ08/ARGOSJ8_IA_/install/car_interfaces/lib/libcar_interfaces__rosidl_typesupport_c.so
[20.056s] -- Set runtime path of "/home/roverj8/LUIS/ARGJ08/ARGOSJ8_IA_/install/car_interfaces/lib/libcar_interfaces__rosidl_typesupport_c.so" to ""
[20.056s] -- Up-to-date: /home/roverj8/LUIS/ARGJ08/ARGOSJ8_IA_/install/car_interfaces/include/car_interfaces/car_interfaces
[20.057s] -- Up-to-date: /home/roverj8/LUIS/ARGJ08/ARGOSJ8_IA_/install/car_interfaces/include/car_interfaces/car_interfaces/msg
[20.057s] -- Up-to-date: /home/roverj8/LUIS/ARGJ08/ARGOSJ8_IA_/install/car_interfaces/include/car_interfaces/car_interfaces/msg/detail
[20.057s] -- Installing: /home/roverj8/LUIS/ARGJ08/ARGOSJ8_IA_/install/car_interfaces/include/car_interfaces/car_interfaces/msg/detail/graph__type_support.cpp
[20.057s] -- Installing: /home/roverj8/LUIS/ARGJ08/ARGOSJ8_IA_/install/car_interfaces/include/car_interfaces/car_interfaces/msg/detail/graph__rosidl_typesupport_introspection_cpp.hpp
[20.057s] -- Installing: /home/roverj8/LUIS/ARGJ08/ARGOSJ8_IA_/install/car_interfaces/lib/libcar_interfaces__rosidl_typesupport_introspection_cpp.so
[20.057s] -- Set runtime path of "/home/roverj8/LUIS/ARGJ08/ARGOSJ8_IA_/install/car_interfaces/lib/libcar_interfaces__rosidl_typesupport_introspection_cpp.so" to ""
[20.057s] -- Installing: /home/roverj8/LUIS/ARGJ08/ARGOSJ8_IA_/install/car_interfaces/lib/libcar_interfaces__rosidl_typesupport_cpp.so
[20.057s] -- Set runtime path of "/home/roverj8/LUIS/ARGJ08/ARGOSJ8_IA_/install/car_interfaces/lib/libcar_interfaces__rosidl_typesupport_cpp.so" to ""
[20.057s] -- Installing: /home/roverj8/LUIS/ARGJ08/ARGOSJ8_IA_/install/car_interfaces/share/car_interfaces/environment/pythonpath.sh
[20.057s] -- Installing: /home/roverj8/LUIS/ARGJ08/ARGOSJ8_IA_/install/car_interfaces/share/car_interfaces/environment/pythonpath.dsv
[20.058s] -- Installing: /home/roverj8/LUIS/ARGJ08/ARGOSJ8_IA_/install/car_interfaces/local/lib/python3.10/dist-packages/car_interfaces-0.0.0-py3.10.egg-info
[20.058s] -- Installing: /home/roverj8/LUIS/ARGJ08/ARGOSJ8_IA_/install/car_interfaces/local/lib/python3.10/dist-packages/car_interfaces-0.0.0-py3.10.egg-info/PKG-INFO
[20.058s] -- Installing: /home/roverj8/LUIS/ARGJ08/ARGOSJ8_IA_/install/car_interfaces/local/lib/python3.10/dist-packages/car_interfaces-0.0.0-py3.10.egg-info/top_level.txt
[20.058s] -- Installing: /home/roverj8/LUIS/ARGJ08/ARGOSJ8_IA_/install/car_interfaces/local/lib/python3.10/dist-packages/car_interfaces-0.0.0-py3.10.egg-info/dependency_links.txt
[20.058s] -- Installing: /home/roverj8/LUIS/ARGJ08/ARGOSJ8_IA_/install/car_interfaces/local/lib/python3.10/dist-packages/car_interfaces-0.0.0-py3.10.egg-info/SOURCES.txt
[20.058s] -- Installing: /home/roverj8/LUIS/ARGJ08/ARGOSJ8_IA_/install/car_interfaces/local/lib/python3.10/dist-packages/car_interfaces
[20.059s] -- Installing: /home/roverj8/LUIS/ARGJ08/ARGOSJ8_IA_/install/car_interfaces/local/lib/python3.10/dist-packages/car_interfaces/_car_interfaces_s.ep.rosidl_typesupport_introspection_c.c
[20.059s] -- Installing: /home/roverj8/LUIS/ARGJ08/ARGOSJ8_IA_/install/car_interfaces/local/lib/python3.10/dist-packages/car_interfaces/__init__.py
[20.059s] -- Installing: /home/roverj8/LUIS/ARGJ08/ARGOSJ8_IA_/install/car_interfaces/local/lib/python3.10/dist-packages/car_interfaces/libcar_interfaces__rosidl_generator_py.so
[20.059s] -- Installing: /home/roverj8/LUIS/ARGJ08/ARGOSJ8_IA_/install/car_interfaces/local/lib/python3.10/dist-packages/car_interfaces/_car_interfaces_s.ep.rosidl_typesupport_fastrtps_c.c
[20.059s] -- Installing: /home/roverj8/LUIS/ARGJ08/ARGOSJ8_IA_/install/car_interfaces/local/lib/python3.10/dist-packages/car_interfaces/car_interfaces_s__rosidl_typesupport_introspection_c.cpython-310-x86_64-linux-gnu.so
[20.059s] -- Installing: /home/roverj8/LUIS/ARGJ08/ARGOSJ8_IA_/install/car_interfaces/local/lib/python3.10/dist-packages/car_interfaces/car_interfaces_s__rosidl_typesupport_fastrtps_c.cpython-310-x86_64-linux-gnu.so
[20.059s] -- Installing: /home/roverj8/LUIS/ARGJ08/ARGOSJ8_IA_/install/car_interfaces/local/lib/python3.10/dist-packages/car_interfaces/_car_interfaces_s.ep.rosidl_typesupport_c.c
[20.059s] -- Installing: /home/roverj8/LUIS/ARGJ08/ARGOSJ8_IA_/install/car_interfaces/local/lib/python3.10/dist-packages/car_interfaces/msg
[20.059s] -- Installing: /home/roverj8/LUIS/ARGJ08/ARGOSJ8_IA_/install/car_interfaces/local/lib/python3.10/dist-packages/car_interfaces/msg/_graph_s.c
[20.060s] -- Installing: /home/roverj8/LUIS/ARGJ08/ARGOSJ8_IA_/install/car_interfaces/local/lib/python3.10/dist-packages/car_interfaces/msg/__init__.py
[20.060s] -- Installing: /home/roverj8/LUIS/ARGJ08/ARGOSJ8_IA_/install/car_interfaces/local/lib/python3.10/dist-packages/car_interfaces/msg/_graph.py
[20.060s] -- Installing: /home/roverj8/LUIS/ARGJ08/ARGOSJ8_IA_/install/car_interfaces/local/lib/python3.10/dist-packages/car_interfaces/car_interfaces_s__rosidl_typesupport_c.cpython-310-x86_64-linux-gnu.so
[20.060s] Listing '/home/roverj8/LUIS/ARGJ08/ARGOSJ8_IA_/install/car_interfaces/local/lib/python3.10/dist-packages/car_interfaces'...
[20.060s] Compiling '/home/roverj8/LUIS/ARGJ08/ARGOSJ8_IA_/install/car_interfaces/local/lib/python3.10/dist-packages/car_interfaces/__init__.py'...
[20.060s] Listing '/home/roverj8/LUIS/ARGJ08/ARGOSJ8_IA_/install/car_interfaces/local/lib/python3.10/dist-packages/car_interfaces/msg'...
[20.060s] Compiling '/home/roverj8/LUIS/ARGJ08/ARGOSJ8_IA_/install/car_interfaces/local/lib/python3.10/dist-packages/car_interfaces/msg/__init__.py'...
[20.060s] Compiling '/home/roverj8/LUIS/ARGJ08/ARGOSJ8_IA_/install/car_interfaces/local/lib/python3.10/dist-packages/car_interfaces/msg/_graph.py'...
[20.060s] -- Installing: /home/roverj8/LUIS/ARGJ08/ARGOSJ8_IA_/install/car_interfaces/local/lib/python3.10/dist-packages/car_interfaces/car_interfaces_s__rosidl_typesupport_fastrtps_c.cpython-310-x86_64-linux-gnu.so
[20.061s] -- Set runtime path of "/home/roverj8/LUIS/ARGJ08/ARGOSJ8_IA_/install/car_interfaces/local/lib/python3.10/dist-packages/car_interfaces/car_interfaces_s__rosidl_typesupport_fastrtps_c.cpython-310-x86_64-linux-gnu.so" to ""
[20.061s] -- Installing: /home/roverj8/LUIS/ARGJ08/ARGOSJ8_IA_/install/car_interfaces/local/lib/python3.10/dist-packages/car_interfaces/car_interfaces_s__rosidl_typesupport_introspection_c.cpython-310-x86_64-linux-gnu.so
[20.061s] -- Set runtime path of "/home/roverj8/LUIS/ARGJ08/ARGOSJ8_IA_/install/car_interfaces/local/lib/python3.10/dist-packages/car_interfaces/car_interfaces_s__rosidl_typesupport_introspection_c.cpython-310-x86_64-linux-gnu.so" to ""
[20.061s] -- Installing: /home/roverj8/LUIS/ARGJ08/ARGOSJ8_IA_/install/car_interfaces/local/lib/python3.10/dist-packages/car_interfaces/car_interfaces_s__rosidl_typesupport_c.cpython-310-x86_64-linux-gnu.so
[20.061s] -- Set runtime path of "/home/roverj8/LUIS/ARGJ08/ARGOSJ8_IA_/install/car_interfaces/local/lib/python3.10/dist-packages/car_interfaces/car_interfaces_s__rosidl_typesupport_c.cpython-310-x86_64-linux-gnu.so" to ""
[20.061s] -- Installing: /home/roverj8/LUIS/ARGJ08/ARGOSJ8_IA_/install/car_interfaces/lib/libcar_interfaces__rosidl_generator_py.so
[20.061s] -- Set runtime path of "/home/roverj8/LUIS/ARGJ08/ARGOSJ8_IA_/install/car_interfaces/lib/libcar_interfaces__rosidl_generator_py.so" to ""
[20.061s] -- Installing: /home/roverj8/LUIS/ARGJ08/ARGOSJ8_IA_/install/car_interfaces/share/ament_index/resource_index/rust_packages/car_interfaces
[20.061s] -- Installing: /home/roverj8/LUIS/ARGJ08/ARGOSJ8_IA_/install/car_interfaces/share/car_interfaces/rust
[20.062s] -- Installing: /home/roverj8/LUIS/ARGJ08/ARGOSJ8_IA_/install/car_interfaces/share/car_interfaces/rust/src
[20.062s] -- Installing: /home/roverj8/LUIS/ARGJ08/ARGOSJ8_IA_/install/car_interfaces/share/car_interfaces/rust/src/lib.rs
[20.062s] -- Installing: /home/roverj8/LUIS/ARGJ08/ARGOSJ8_IA_/install/car_interfaces/share/car_interfaces/rust/src/msg
[20.062s] -- Installing: /home/roverj8/LUIS/ARGJ08/ARGOSJ8_IA_/install/car_interfaces/share/car_interfaces/rust/src/msg/rmw.rs
[20.062s] -- Installing: /home/roverj8/LUIS/ARGJ08/ARGOSJ8_IA_/install/car_interfaces/share/car_interfaces/rust/src/msg.rs
[20.062s] -- Installing: /home/roverj8/LUIS/ARGJ08/ARGOSJ8_IA_/install/car_interfaces/share/car_interfaces/rust/build.rs
[20.062s] -- Installing: /home/roverj8/LUIS/ARGJ08/ARGOSJ8_IA_/install/car_interfaces/share/car_interfaces/rust/Cargo.toml
[20.084s] -- Installing: /home/roverj8/LUIS/ARGJ08/ARGOSJ8_IA_/install/car_interfaces/share/car_interfaces/msg/Graph.idl
[20.084s] -- Installing: /home/roverj8/LUIS/ARGJ08/ARGOSJ8_IA_/install/car_interfaces/share/car_interfaces/msg/Graph.msg
[20.084s] -- Installing: /home/roverj8/LUIS/ARGJ08/ARGOSJ8_IA_/install/car_interfaces/share/ament_index/resource_index/package_run_dependencies/car_interfaces
[20.084s] -- Installing: /home/roverj8/LUIS/ARGJ08/ARGOSJ8_IA_/install/car_interfaces/share/ament_index/resource_index/parent_prefix_path/car_interfaces
[20.085s] -- Installing: /home/roverj8/LUIS/ARGJ08/ARGOSJ8_IA_/install/car_interfaces/share/car_interfaces/environment/ament_prefix_path.sh
[20.085s] -- Installing: /home/roverj8/LUIS/ARGJ08/ARGOSJ8_IA_/install/car_interfaces/share/car_interfaces/environment/ament_prefix_path.dsv
[20.085s] -- Installing: /home/roverj8/LUIS/ARGJ08/ARGOSJ8_IA_/install/car_interfaces/share/car_interfaces/environment/path.sh
[20.085s] -- Installing: /home/roverj8/LUIS/ARGJ08/ARGOSJ8_IA_/install/car_interfaces/share/car_interfaces/environment/path.dsv
[20.085s] -- Installing: /home/roverj8/LUIS/ARGJ08/ARGOSJ8_IA_/install/car_interfaces/share/car_interfaces/local_setup.bash
[20.085s] -- Installing: /home/roverj8/LUIS/ARGJ08/ARGOSJ8_IA_/install/car_interfaces/share/car_interfaces/local_setup.sh
[20.085s] -- Installing: /home/roverj8/LUIS/ARGJ08/ARGOSJ8_IA_/install/car_interfaces/share/car_interfaces/local_setup.zsh
[20.085s] -- Installing: /home/roverj8/LUIS/ARGJ08/ARGOSJ8_IA_/install/car_interfaces/share/car_interfaces/local_setup.dsv
[20.085s] -- Installing: /home/roverj8/LUIS/ARGJ08/ARGOSJ8_IA_/install/car_interfaces/share/car_interfaces/package.dsv
[20.085s] -- Installing: /home/roverj8/LUIS/ARGJ08/ARGOSJ8_IA_/install/car_interfaces/share/ament_index/resource_index/packages/car_interfaces
[20.086s] -- Installing: /home/roverj8/LUIS/ARGJ08/ARGOSJ8_IA_/install/car_interfaces/share/car_interfaces/cmake/export_car_interfaces__rosidl_generator_cExport.cmake
[20.086s] -- Installing: /home/roverj8/LUIS/ARGJ08/ARGOSJ8_IA_/install/car_interfaces/share/car_interfaces/cmake/export_car_interfaces__rosidl_generator_cExport-noconfig.cmake
[20.086s] -- Installing: /home/roverj8/LUIS/ARGJ08/ARGOSJ8_IA_/install/car_interfaces/share/car_interfaces/cmake/export_car_interfaces__rosidl_typesupport_fastrtps_cExport.cmake
[20.086s] -- Installing: /home/roverj8/LUIS/ARGJ08/ARGOSJ8_IA_/install/car_interfaces/share/car_interfaces/cmake/export_car_interfaces__rosidl_typesupport_fastrtps_cExport-noconfig.cmake
[20.086s] -- Installing: /home/roverj8/LUIS/ARGJ08/ARGOSJ8_IA_/install/car_interfaces/share/car_interfaces/cmake/export_car_interfaces__rosidl_generator_cppExport.cmake
[20.086s] -- Installing: /home/roverj8/LUIS/ARGJ08/ARGOSJ8_IA_/install/car_interfaces/share/car_interfaces/cmake/export_car_interfaces__rosidl_typesupport_fastrtps_cppExport.cmake
[20.087s] -- Installing: /home/roverj8/LUIS/ARGJ08/ARGOSJ8_IA_/install/car_interfaces/share/car_interfaces/cmake/export_car_interfaces__rosidl_typesupport_fastrtps_cppExport-noconfig.cmake
[20.088s] -- Installing: /home/roverj8/LUIS/ARGJ08/ARGOSJ8_IA_/install/car_interfaces/share/car_interfaces/cmake/car_interfaces__rosidl_typesupport_introspection_cExport.cmake
[20.088s] -- Installing: /home/roverj8/LUIS/ARGJ08/ARGOSJ8_IA_/install/car_interfaces/share/car_interfaces/cmake/car_interfaces__rosidl_typesupport_introspection_cExport-noconfig.cmake
[20.088s] -- Installing: /home/roverj8/LUIS/ARGJ08/ARGOSJ8_IA_/install/car_interfaces/share/car_interfaces/cmake/car_interfaces__rosidl_typesupport_cExport.cmake
[20.088s] -- Installing: /home/roverj8/LUIS/ARGJ08/ARGOSJ8_IA_/install/car_interfaces/share/car_interfaces/cmake/car_interfaces__rosidl_typesupport_cExport-noconfig.cmake
[20.088s] -- Installing: /home/roverj8/LUIS/ARGJ08/ARGOSJ8_IA_/install/car_interfaces/share/car_interfaces/cmake/car_interfaces__rosidl_typesupport_introspection_cppExport.cmake
[20.089s] -- Installing: /home/roverj8/LUIS/ARGJ08/ARGOSJ8_IA_/install/car_interfaces/share/car_interfaces/cmake/car_interfaces__rosidl_typesupport_introspection_cppExport-noconfig.cmake
[20.090s] -- Installing: /home/roverj8/LUIS/ARGJ08/ARGOSJ8_IA_/install/car_interfaces/share/car_interfaces/cmake/car_interfaces__rosidl_typesupport_cppExport.cmake
[20.090s] -- Installing: /home/roverj8/LUIS/ARGJ08/ARGOSJ8_IA_/install/car_interfaces/share/car_interfaces/cmake/car_interfaces__rosidl_typesupport_cppExport-noconfig.cmake
[20.090s] -- Installing: /home/roverj8/LUIS/ARGJ08/ARGOSJ8_IA_/install/car_interfaces/share/car_interfaces/cmake/export_car_interfaces__rosidl_generator_pyExport.cmake
[20.090s] -- Installing: /home/roverj8/LUIS/ARGJ08/ARGOSJ8_IA_/install/car_interfaces/share/car_interfaces/cmake/export_car_interfaces__rosidl_generator_pyExport-noconfig.cmake
[20.090s] -- Installing: /home/roverj8/LUIS/ARGJ08/ARGOSJ8_IA_/install/car_interfaces/share/car_interfaces/cmake/rosidl_cmake-extras.cmake
[20.090s] -- Installing: /home/roverj8/LUIS/ARGJ08/ARGOSJ8_IA_/install/car_interfaces/share/car_interfaces/cmake/ament_cmake_export_dependencies-extras.cmake
[20.090s] -- Installing: /home/roverj8/LUIS/ARGJ08/ARGOSJ8_IA_/install/car_interfaces/share/car_interfaces/cmake/ament_cmake_export_include_directories-extras.cmake
[20.090s] -- Installing: /home/roverj8/LUIS/ARGJ08/ARGOSJ8_IA_/install/car_interfaces/share/car_interfaces/cmake/ament_cmake_export_libraries-extras.cmake
[20.090s] -- Installing: /home/roverj8/LUIS/ARGJ08/ARGOSJ8_IA_/install/car_interfaces/share/car_interfaces/cmake/ament_cmake_export_targets-extras.cmake
[20.091s] -- Installing: /home/roverj8/LUIS/ARGJ08/ARGOSJ8_IA_/install/car_interfaces/share/car_interfaces/cmake/rosidl_cmake_export_typesupport_targets-extras.cmake
[20.091s] -- Installing: /home/roverj8/LUIS/ARGJ08/ARGOSJ8_IA_/install/car_interfaces/share/car_interfaces/cmake/rosidl_cmake_export_typesupport_libraries-extras.cmake
[20.091s] -- Installing: /home/roverj8/LUIS/ARGJ08/ARGOSJ8_IA_/install/car_interfaces/share/car_interfaces/cmake/car_interfacesConfig.cmake
[20.091s] -- Installing: /home/roverj8/LUIS/ARGJ08/ARGOSJ8_IA_/install/car_interfaces/share/car_interfaces/cmake/car_interfacesConfig-version.cmake
[20.091s] -- Installing: /home/roverj8/LUIS/ARGJ08/ARGOSJ8_IA_/install/car_interfaces/share/car_interfaces/package.xml
[20.149s] Invoked command in '/home/roverj8/LUIS/ARGJ08/ARGOSJ8_IA_/build/car_interfaces' returned '0': CMAKE_PREFIX_PATH=/opt/ros/humble /usr/bin/cmake --install /home/roverj8/LUIS/ARGJ08/ARGOSJ8_IA_/build/car_interfaces
