[0.054s] Invoking command in '/home/roverj8/LUIS/ARGJ08/ARGOSJ8_IA_/build/security_check_interfaces': /usr/bin/cmake /home/roverj8/LUIS/ARGJ08/ARGOSJ8_IA_/src/security_check/security_check_interfaces -DCMAKE_INSTALL_PREFIX=/home/roverj8/LUIS/ARGJ08/ARGOSJ8_IA_/install/security_check_interfaces
[0.858s] -- Configuring incomplete, errors occurred!
[0.858s] See also "/home/roverj8/LUIS/ARGJ08/ARGOSJ8_IA_/build/security_check_interfaces/CMakeFiles/CMakeOutput.log".
[0.858s] [31mCMake Error at CMakeLists.txt:8 (find_package):
[0.858s]   By not providing "Findament_cmake.cmake" in CMAKE_MODULE_PATH this project
[0.858s]   has asked CMake to find a package configuration file provided by
[0.859s]   "ament_cmake", but CMake did not find one.
[0.859s] 
[0.859s]   Could not find a package configuration file provided by "ament_cmake" with
[0.860s]   any of the following names:
[0.860s] 
[0.860s]     ament_cmakeConfig.cmake
[0.860s]     ament_cmake-config.cmake
[0.860s] 
[0.860s]   Add the installation prefix of "ament_cmake" to CMAKE_PREFIX_PATH or set
[0.861s]   "ament_cmake_DIR" to a directory containing one of the above files.  If
[0.861s]   "ament_cmake" provides a separate development package or SDK, be sure it
[0.861s]   has been installed.
[0.861s] 
[0.861s] [0m
[0.888s] Invoked command in '/home/roverj8/LUIS/ARGJ08/ARGOSJ8_IA_/build/security_check_interfaces' returned '1': /usr/bin/cmake /home/roverj8/LUIS/ARGJ08/ARGOSJ8_IA_/src/security_check/security_check_interfaces -DCMAKE_INSTALL_PREFIX=/home/roverj8/LUIS/ARGJ08/ARGOSJ8_IA_/install/security_check_interfaces
