[0.401s] Invoking command in '/home/roverj8/LUIS/ARGJ08/ARGOSJ8_IA_/build/argj801_setup': /usr/bin/cmake /home/roverj8/LUIS/ARGJ08/ARGOSJ8_IA_/src/argj801_setup -DCMAKE_INSTALL_PREFIX=/home/roverj8/LUIS/ARGJ08/ARGOSJ8_IA_/install/argj801_setup
[0.993s] -- The C compiler identification is GNU 11.4.0
[0.993s] -- The CXX compiler identification is GNU 11.4.0
[0.993s] -- Detecting C compiler ABI info
[0.993s] -- Detecting C compiler ABI info - done
[0.993s] -- Check for working C compiler: /usr/bin/cc - skipped
[0.993s] -- Detecting C compile features
[0.993s] -- Detecting C compile features - done
[0.993s] -- Detecting CXX compiler ABI info
[0.993s] -- Detecting CXX compiler ABI info - done
[0.993s] -- Check for working CXX compiler: /usr/bin/c++ - skipped
[0.993s] -- Detecting CXX compile features
[0.993s] -- Detecting CXX compile features - done
[0.993s] -- Configuring incomplete, errors occurred!
[0.993s] See also "/home/roverj8/LUIS/ARGJ08/ARGOSJ8_IA_/build/argj801_setup/CMakeFiles/CMakeOutput.log".
[0.993s] [31mCMake Error at CMakeLists.txt:14 (find_package):
[0.994s]   By not providing "Findament_cmake.cmake" in CMAKE_MODULE_PATH this project
[0.994s]   has asked CMake to find a package configuration file provided by
[0.994s]   "ament_cmake", but CMake did not find one.
[0.994s] 
[0.994s]   Could not find a package configuration file provided by "ament_cmake" with
[0.994s]   any of the following names:
[0.994s] 
[0.994s]     ament_cmakeConfig.cmake
[0.994s]     ament_cmake-config.cmake
[0.994s] 
[0.994s]   Add the installation prefix of "ament_cmake" to CMAKE_PREFIX_PATH or set
[0.994s]   "ament_cmake_DIR" to a directory containing one of the above files.  If
[0.994s]   "ament_cmake" provides a separate development package or SDK, be sure it
[0.994s]   has been installed.
[0.994s] 
[0.994s] [0m
[1.017s] Invoked command in '/home/roverj8/LUIS/ARGJ08/ARGOSJ8_IA_/build/argj801_setup' returned '1': /usr/bin/cmake /home/roverj8/LUIS/ARGJ08/ARGOSJ8_IA_/src/argj801_setup -DCMAKE_INSTALL_PREFIX=/home/roverj8/LUIS/ARGJ08/ARGOSJ8_IA_/install/argj801_setup
