[2.020s] Invoking command in '/home/rhobtor/PHD/j8_control/J8_control/src/argo_drivers_pkgs/ntrip_client': PYTHONPATH=/home/rhobtor/PHD/j8_control/J8_control/build/ntrip_client/prefix_override:/usr/lib/python3/dist-packages/colcon_core/task/python/colcon_distutils_commands:/home/rhobtor/PHD/j8_control/J8_control/install/ntrip_client/lib/python3.10/site-packages:${PYTHONPATH} /usr/bin/python3 -W ignore:setup.py install is deprecated -W ignore:easy_install command is deprecated setup.py egg_info --egg-base ../../../build/ntrip_client build --build-base /home/rhobtor/PHD/j8_control/J8_control/build/ntrip_client/build install --record /home/rhobtor/PHD/j8_control/J8_control/build/ntrip_client/install.log --install-scripts $base/lib/ntrip_client --single-version-externally-managed install_data
[2.670s] running egg_info
[2.670s] creating ../../../build/ntrip_client/ntrip_client.egg-info
[2.670s] writing ../../../build/ntrip_client/ntrip_client.egg-info/PKG-INFO
[2.670s] writing dependency_links to ../../../build/ntrip_client/ntrip_client.egg-info/dependency_links.txt
[2.670s] writing requirements to ../../../build/ntrip_client/ntrip_client.egg-info/requires.txt
[2.670s] writing top-level names to ../../../build/ntrip_client/ntrip_client.egg-info/top_level.txt
[2.670s] writing manifest file '../../../build/ntrip_client/ntrip_client.egg-info/SOURCES.txt'
[2.670s] reading manifest file '../../../build/ntrip_client/ntrip_client.egg-info/SOURCES.txt'
[2.670s] adding license file 'LICENSE'
[2.670s] writing manifest file '../../../build/ntrip_client/ntrip_client.egg-info/SOURCES.txt'
[2.670s] running build
[2.670s] running build_py
[2.670s] creating /home/rhobtor/PHD/j8_control/J8_control/build/ntrip_client/build/lib/ntrip_client
[2.671s] copying src/ntrip_client/__init__.py -> /home/rhobtor/PHD/j8_control/J8_control/build/ntrip_client/build/lib/ntrip_client
[2.671s] copying src/ntrip_client/rtcm_parser.py -> /home/rhobtor/PHD/j8_control/J8_control/build/ntrip_client/build/lib/ntrip_client
[2.671s] copying src/ntrip_client/nmea_parser.py -> /home/rhobtor/PHD/j8_control/J8_control/build/ntrip_client/build/lib/ntrip_client
[2.671s] copying src/ntrip_client/ntrip_client.py -> /home/rhobtor/PHD/j8_control/J8_control/build/ntrip_client/build/lib/ntrip_client
[2.671s] running build_scripts
[2.671s] creating /home/rhobtor/PHD/j8_control/J8_control/build/ntrip_client/build/scripts-3.10
[2.671s] copying and adjusting scripts/ntrip_ros.py -> /home/rhobtor/PHD/j8_control/J8_control/build/ntrip_client/build/scripts-3.10
[2.671s] changing mode of /home/rhobtor/PHD/j8_control/J8_control/build/ntrip_client/build/scripts-3.10/ntrip_ros.py from 664 to 775
[2.671s] running install
[2.671s] running install_lib
[2.672s] /home/rhobtor/.local/lib/python3.10/site-packages/setuptools/_distutils/dist.py:287: UserWarning: Unknown distribution option: 'tests_require'
[2.672s]   warnings.warn(msg)
[2.674s] /home/rhobtor/.local/lib/python3.10/site-packages/setuptools/dist.py:765: SetuptoolsDeprecationWarning: License classifiers are deprecated.
[2.674s] !!
[2.674s] 
[2.674s]         ********************************************************************************
[2.675s]         Please consider removing the following classifiers in favor of a SPDX license expression:
[2.675s] 
[2.675s]         License :: OSI Approved :: MIT Software License
[2.675s] 
[2.675s]         See https://packaging.python.org/en/latest/guides/writing-pyproject-toml/#license for details.
[2.675s]         ********************************************************************************
[2.675s] 
[2.675s] !!
[2.675s]   self._finalize_license_expression()
[2.679s] creating /home/rhobtor/PHD/j8_control/J8_control/install/ntrip_client/lib/python3.10/site-packages/ntrip_client
[2.679s] copying /home/rhobtor/PHD/j8_control/J8_control/build/ntrip_client/build/lib/ntrip_client/__init__.py -> /home/rhobtor/PHD/j8_control/J8_control/install/ntrip_client/lib/python3.10/site-packages/ntrip_client
[2.679s] copying /home/rhobtor/PHD/j8_control/J8_control/build/ntrip_client/build/lib/ntrip_client/rtcm_parser.py -> /home/rhobtor/PHD/j8_control/J8_control/install/ntrip_client/lib/python3.10/site-packages/ntrip_client
[2.679s] copying /home/rhobtor/PHD/j8_control/J8_control/build/ntrip_client/build/lib/ntrip_client/nmea_parser.py -> /home/rhobtor/PHD/j8_control/J8_control/install/ntrip_client/lib/python3.10/site-packages/ntrip_client
[2.679s] copying /home/rhobtor/PHD/j8_control/J8_control/build/ntrip_client/build/lib/ntrip_client/ntrip_client.py -> /home/rhobtor/PHD/j8_control/J8_control/install/ntrip_client/lib/python3.10/site-packages/ntrip_client
[2.679s] byte-compiling /home/rhobtor/PHD/j8_control/J8_control/install/ntrip_client/lib/python3.10/site-packages/ntrip_client/__init__.py to __init__.cpython-310.pyc
[2.679s] byte-compiling /home/rhobtor/PHD/j8_control/J8_control/install/ntrip_client/lib/python3.10/site-packages/ntrip_client/rtcm_parser.py to rtcm_parser.cpython-310.pyc
[2.679s] byte-compiling /home/rhobtor/PHD/j8_control/J8_control/install/ntrip_client/lib/python3.10/site-packages/ntrip_client/nmea_parser.py to nmea_parser.cpython-310.pyc
[2.683s] byte-compiling /home/rhobtor/PHD/j8_control/J8_control/install/ntrip_client/lib/python3.10/site-packages/ntrip_client/ntrip_client.py to ntrip_client.cpython-310.pyc
[2.685s] running install_data
[2.694s] creating /home/rhobtor/PHD/j8_control/J8_control/install/ntrip_client/share/ament_index/resource_index/packages
[2.694s] copying resource/ntrip_client -> /home/rhobtor/PHD/j8_control/J8_control/install/ntrip_client/share/ament_index/resource_index/packages
[2.694s] copying package.xml -> /home/rhobtor/PHD/j8_control/J8_control/install/ntrip_client/share/ntrip_client
[2.694s] copying launch/ntrip_client_launch.py -> /home/rhobtor/PHD/j8_control/J8_control/install/ntrip_client/share/ntrip_client
[2.694s] copying launch/gps_ntrip_launch.py -> /home/rhobtor/PHD/j8_control/J8_control/install/ntrip_client/share/ntrip_client
[2.694s] running install_egg_info
[2.755s] Copying ../../../build/ntrip_client/ntrip_client.egg-info to /home/rhobtor/PHD/j8_control/J8_control/install/ntrip_client/lib/python3.10/site-packages/ntrip_client-1.2.0-py3.10.egg-info
[2.758s] running install_scripts
[2.816s] creating /home/rhobtor/PHD/j8_control/J8_control/install/ntrip_client/lib/ntrip_client
[2.816s] copying /home/rhobtor/PHD/j8_control/J8_control/build/ntrip_client/build/scripts-3.10/ntrip_ros.py -> /home/rhobtor/PHD/j8_control/J8_control/install/ntrip_client/lib/ntrip_client
[2.816s] changing mode of /home/rhobtor/PHD/j8_control/J8_control/install/ntrip_client/lib/ntrip_client/ntrip_ros.py to 775
[2.820s] writing list of installed files to '/home/rhobtor/PHD/j8_control/J8_control/build/ntrip_client/install.log'
[2.996s] Invoked command in '/home/rhobtor/PHD/j8_control/J8_control/src/argo_drivers_pkgs/ntrip_client' returned '0': PYTHONPATH=/home/rhobtor/PHD/j8_control/J8_control/build/ntrip_client/prefix_override:/usr/lib/python3/dist-packages/colcon_core/task/python/colcon_distutils_commands:/home/rhobtor/PHD/j8_control/J8_control/install/ntrip_client/lib/python3.10/site-packages:${PYTHONPATH} /usr/bin/python3 -W ignore:setup.py install is deprecated -W ignore:easy_install command is deprecated setup.py egg_info --egg-base ../../../build/ntrip_client build --build-base /home/rhobtor/PHD/j8_control/J8_control/build/ntrip_client/build install --record /home/rhobtor/PHD/j8_control/J8_control/build/ntrip_client/install.log --install-scripts $base/lib/ntrip_client --single-version-externally-managed install_data
