[0.060s] Invoking command in '/home/roverj8/LUIS/ARGJ08/ARGOSJ8_IA_/build/slg_msgs': /usr/bin/cmake /home/roverj8/LUIS/ARGJ08/ARGOSJ8_IA_/src/lidar_process_pkgs/slg_msgs -DCMAKE_INSTALL_PREFIX=/home/roverj8/LUIS/ARGJ08/ARGOSJ8_IA_/install/slg_msgs
[0.860s] -- Configuring incomplete, errors occurred!
[0.860s] See also "/home/roverj8/LUIS/ARGJ08/ARGOSJ8_IA_/build/slg_msgs/CMakeFiles/CMakeOutput.log".
[0.860s] [31mCMake Error at CMakeLists.txt:52 (find_package):
[0.860s]   By not providing "Findament_cmake.cmake" in CMAKE_MODULE_PATH this project
[0.860s]   has asked CMake to find a package configuration file provided by
[0.860s]   "ament_cmake", but CMake did not find one.
[0.860s] 
[0.860s]   Could not find a package configuration file provided by "ament_cmake" with
[0.860s]   any of the following names:
[0.860s] 
[0.860s]     ament_cmakeConfig.cmake
[0.860s]     ament_cmake-config.cmake
[0.860s] 
[0.860s]   Add the installation prefix of "ament_cmake" to CMAKE_PREFIX_PATH or set
[0.860s]   "ament_cmake_DIR" to a directory containing one of the above files.  If
[0.861s]   "ament_cmake" provides a separate development package or SDK, be sure it
[0.861s]   has been installed.
[0.861s] 
[0.861s] [0m
[0.889s] Invoked command in '/home/roverj8/LUIS/ARGJ08/ARGOSJ8_IA_/build/slg_msgs' returned '1': /usr/bin/cmake /home/roverj8/LUIS/ARGJ08/ARGOSJ8_IA_/src/lidar_process_pkgs/slg_msgs -DCMAKE_INSTALL_PREFIX=/home/roverj8/LUIS/ARGJ08/ARGOSJ8_IA_/install/slg_msgs
