running egg_info
creating ../../../../build/j8_gui/j8_gui.egg-info
writing ../../../../build/j8_gui/j8_gui.egg-info/PKG-INFO
writing dependency_links to ../../../../build/j8_gui/j8_gui.egg-info/dependency_links.txt
writing entry points to ../../../../build/j8_gui/j8_gui.egg-info/entry_points.txt
writing requirements to ../../../../build/j8_gui/j8_gui.egg-info/requires.txt
writing top-level names to ../../../../build/j8_gui/j8_gui.egg-info/top_level.txt
writing manifest file '../../../../build/j8_gui/j8_gui.egg-info/SOURCES.txt'
reading manifest file '../../../../build/j8_gui/j8_gui.egg-info/SOURCES.txt'
writing manifest file '../../../../build/j8_gui/j8_gui.egg-info/SOURCES.txt'
running build
running build_py
creating /home/roverj8/LUIS/ARGJ08/ARGOSJ8_IA_/build/j8_gui/build
creating /home/roverj8/LUIS/ARGJ08/ARGOSJ8_IA_/build/j8_gui/build/lib
creating /home/roverj8/LUIS/ARGJ08/ARGOSJ8_IA_/build/j8_gui/build/lib/j8_gui
copying j8_gui/gui_node.py -> /home/roverj8/LUIS/ARGJ08/ARGOSJ8_IA_/build/j8_gui/build/lib/j8_gui
copying j8_gui/__init__.py -> /home/roverj8/LUIS/ARGJ08/ARGOSJ8_IA_/build/j8_gui/build/lib/j8_gui
copying j8_gui/ros_api.py -> /home/roverj8/LUIS/ARGJ08/ARGOSJ8_IA_/build/j8_gui/build/lib/j8_gui
creating /home/roverj8/LUIS/ARGJ08/ARGOSJ8_IA_/build/j8_gui/build/lib/j8_gui/app
copying j8_gui/app/state_widget.py -> /home/roverj8/LUIS/ARGJ08/ARGOSJ8_IA_/build/j8_gui/build/lib/j8_gui/app
copying j8_gui/app/__init__.py -> /home/roverj8/LUIS/ARGJ08/ARGOSJ8_IA_/build/j8_gui/build/lib/j8_gui/app
copying j8_gui/app/main_window.py -> /home/roverj8/LUIS/ARGJ08/ARGOSJ8_IA_/build/j8_gui/build/lib/j8_gui/app
copying j8_gui/app/followzed_widget.py -> /home/roverj8/LUIS/ARGJ08/ARGOSJ8_IA_/build/j8_gui/build/lib/j8_gui/app
copying j8_gui/app/geo_local.py -> /home/roverj8/LUIS/ARGJ08/ARGOSJ8_IA_/build/j8_gui/build/lib/j8_gui/app
copying j8_gui/app/person_manager_widget.py -> /home/roverj8/LUIS/ARGJ08/ARGOSJ8_IA_/build/j8_gui/build/lib/j8_gui/app
copying j8_gui/app/map_bridge.py -> /home/roverj8/LUIS/ARGJ08/ARGOSJ8_IA_/build/j8_gui/build/lib/j8_gui/app
copying j8_gui/app/control_widget.py -> /home/roverj8/LUIS/ARGJ08/ARGOSJ8_IA_/build/j8_gui/build/lib/j8_gui/app
running install
running install_lib
creating /home/roverj8/LUIS/ARGJ08/ARGOSJ8_IA_/install/j8_gui/lib/python3.10/site-packages/j8_gui
copying /home/roverj8/LUIS/ARGJ08/ARGOSJ8_IA_/build/j8_gui/build/lib/j8_gui/gui_node.py -> /home/roverj8/LUIS/ARGJ08/ARGOSJ8_IA_/install/j8_gui/lib/python3.10/site-packages/j8_gui
copying /home/roverj8/LUIS/ARGJ08/ARGOSJ8_IA_/build/j8_gui/build/lib/j8_gui/__init__.py -> /home/roverj8/LUIS/ARGJ08/ARGOSJ8_IA_/install/j8_gui/lib/python3.10/site-packages/j8_gui
copying /home/roverj8/LUIS/ARGJ08/ARGOSJ8_IA_/build/j8_gui/build/lib/j8_gui/ros_api.py -> /home/roverj8/LUIS/ARGJ08/ARGOSJ8_IA_/install/j8_gui/lib/python3.10/site-packages/j8_gui
creating /home/roverj8/LUIS/ARGJ08/ARGOSJ8_IA_/install/j8_gui/lib/python3.10/site-packages/j8_gui/app
copying /home/roverj8/LUIS/ARGJ08/ARGOSJ8_IA_/build/j8_gui/build/lib/j8_gui/app/state_widget.py -> /home/roverj8/LUIS/ARGJ08/ARGOSJ8_IA_/install/j8_gui/lib/python3.10/site-packages/j8_gui/app
copying /home/roverj8/LUIS/ARGJ08/ARGOSJ8_IA_/build/j8_gui/build/lib/j8_gui/app/__init__.py -> /home/roverj8/LUIS/ARGJ08/ARGOSJ8_IA_/install/j8_gui/lib/python3.10/site-packages/j8_gui/app
copying /home/roverj8/LUIS/ARGJ08/ARGOSJ8_IA_/build/j8_gui/build/lib/j8_gui/app/main_window.py -> /home/roverj8/LUIS/ARGJ08/ARGOSJ8_IA_/install/j8_gui/lib/python3.10/site-packages/j8_gui/app
copying /home/roverj8/LUIS/ARGJ08/ARGOSJ8_IA_/build/j8_gui/build/lib/j8_gui/app/followzed_widget.py -> /home/roverj8/LUIS/ARGJ08/ARGOSJ8_IA_/install/j8_gui/lib/python3.10/site-packages/j8_gui/app
copying /home/roverj8/LUIS/ARGJ08/ARGOSJ8_IA_/build/j8_gui/build/lib/j8_gui/app/geo_local.py -> /home/roverj8/LUIS/ARGJ08/ARGOSJ8_IA_/install/j8_gui/lib/python3.10/site-packages/j8_gui/app
copying /home/roverj8/LUIS/ARGJ08/ARGOSJ8_IA_/build/j8_gui/build/lib/j8_gui/app/person_manager_widget.py -> /home/roverj8/LUIS/ARGJ08/ARGOSJ8_IA_/install/j8_gui/lib/python3.10/site-packages/j8_gui/app
copying /home/roverj8/LUIS/ARGJ08/ARGOSJ8_IA_/build/j8_gui/build/lib/j8_gui/app/map_bridge.py -> /home/roverj8/LUIS/ARGJ08/ARGOSJ8_IA_/install/j8_gui/lib/python3.10/site-packages/j8_gui/app
copying /home/roverj8/LUIS/ARGJ08/ARGOSJ8_IA_/build/j8_gui/build/lib/j8_gui/app/control_widget.py -> /home/roverj8/LUIS/ARGJ08/ARGOSJ8_IA_/install/j8_gui/lib/python3.10/site-packages/j8_gui/app
byte-compiling /home/roverj8/LUIS/ARGJ08/ARGOSJ8_IA_/install/j8_gui/lib/python3.10/site-packages/j8_gui/gui_node.py to gui_node.cpython-310.pyc
byte-compiling /home/roverj8/LUIS/ARGJ08/ARGOSJ8_IA_/install/j8_gui/lib/python3.10/site-packages/j8_gui/__init__.py to __init__.cpython-310.pyc
byte-compiling /home/roverj8/LUIS/ARGJ08/ARGOSJ8_IA_/install/j8_gui/lib/python3.10/site-packages/j8_gui/ros_api.py to ros_api.cpython-310.pyc
byte-compiling /home/roverj8/LUIS/ARGJ08/ARGOSJ8_IA_/install/j8_gui/lib/python3.10/site-packages/j8_gui/app/state_widget.py to state_widget.cpython-310.pyc
byte-compiling /home/roverj8/LUIS/ARGJ08/ARGOSJ8_IA_/install/j8_gui/lib/python3.10/site-packages/j8_gui/app/__init__.py to __init__.cpython-310.pyc
byte-compiling /home/roverj8/LUIS/ARGJ08/ARGOSJ8_IA_/install/j8_gui/lib/python3.10/site-packages/j8_gui/app/main_window.py to main_window.cpython-310.pyc
byte-compiling /home/roverj8/LUIS/ARGJ08/ARGOSJ8_IA_/install/j8_gui/lib/python3.10/site-packages/j8_gui/app/followzed_widget.py to followzed_widget.cpython-310.pyc
byte-compiling /home/roverj8/LUIS/ARGJ08/ARGOSJ8_IA_/install/j8_gui/lib/python3.10/site-packages/j8_gui/app/geo_local.py to geo_local.cpython-310.pyc
byte-compiling /home/roverj8/LUIS/ARGJ08/ARGOSJ8_IA_/install/j8_gui/lib/python3.10/site-packages/j8_gui/app/person_manager_widget.py to person_manager_widget.cpython-310.pyc
byte-compiling /home/roverj8/LUIS/ARGJ08/ARGOSJ8_IA_/install/j8_gui/lib/python3.10/site-packages/j8_gui/app/map_bridge.py to map_bridge.cpython-310.pyc
byte-compiling /home/roverj8/LUIS/ARGJ08/ARGOSJ8_IA_/install/j8_gui/lib/python3.10/site-packages/j8_gui/app/control_widget.py to control_widget.cpython-310.pyc
running install_data
creating /home/roverj8/LUIS/ARGJ08/ARGOSJ8_IA_/install/j8_gui/share/ament_index
creating /home/roverj8/LUIS/ARGJ08/ARGOSJ8_IA_/install/j8_gui/share/ament_index/resource_index
creating /home/roverj8/LUIS/ARGJ08/ARGOSJ8_IA_/install/j8_gui/share/ament_index/resource_index/packages
copying resource/j8_gui -> /home/roverj8/LUIS/ARGJ08/ARGOSJ8_IA_/install/j8_gui/share/ament_index/resource_index/packages
copying package.xml -> /home/roverj8/LUIS/ARGJ08/ARGOSJ8_IA_/install/j8_gui/share/j8_gui
creating /home/roverj8/LUIS/ARGJ08/ARGOSJ8_IA_/install/j8_gui/share/j8_gui/resources
copying j8_gui/resources/map.html -> /home/roverj8/LUIS/ARGJ08/ARGOSJ8_IA_/install/j8_gui/share/j8_gui/resources
creating /home/roverj8/LUIS/ARGJ08/ARGOSJ8_IA_/install/j8_gui/share/j8_gui/resources/vendor
creating /home/roverj8/LUIS/ARGJ08/ARGOSJ8_IA_/install/j8_gui/share/j8_gui/resources/vendor/leaflet
copying j8_gui/resources/vendor/leaflet/leaflet.js -> /home/roverj8/LUIS/ARGJ08/ARGOSJ8_IA_/install/j8_gui/share/j8_gui/resources/vendor/leaflet
copying j8_gui/resources/vendor/leaflet/leaflet.css -> /home/roverj8/LUIS/ARGJ08/ARGOSJ8_IA_/install/j8_gui/share/j8_gui/resources/vendor/leaflet
creating /home/roverj8/LUIS/ARGJ08/ARGOSJ8_IA_/install/j8_gui/share/j8_gui/resources/vendor/leaflet/images
copying j8_gui/resources/vendor/leaflet/images/marker-icon.png -> /home/roverj8/LUIS/ARGJ08/ARGOSJ8_IA_/install/j8_gui/share/j8_gui/resources/vendor/leaflet/images
copying j8_gui/resources/vendor/leaflet/images/marker-icon-2x.png -> /home/roverj8/LUIS/ARGJ08/ARGOSJ8_IA_/install/j8_gui/share/j8_gui/resources/vendor/leaflet/images
copying j8_gui/resources/vendor/leaflet/images/marker-shadow.png -> /home/roverj8/LUIS/ARGJ08/ARGOSJ8_IA_/install/j8_gui/share/j8_gui/resources/vendor/leaflet/images
running install_egg_info
Copying ../../../../build/j8_gui/j8_gui.egg-info to /home/roverj8/LUIS/ARGJ08/ARGOSJ8_IA_/install/j8_gui/lib/python3.10/site-packages/j8_gui-0.1.0-py3.10.egg-info
running install_scripts
Installing gui script to /home/roverj8/LUIS/ARGJ08/ARGOSJ8_IA_/install/j8_gui/lib/j8_gui
writing list of installed files to '/home/roverj8/LUIS/ARGJ08/ARGOSJ8_IA_/build/j8_gui/install.log'
