[0.028s] Invoking command in '/home/roverj8/LUIS/ARGJ08/ARGOSJ8_IA_/build/security_check_interfaces': /usr/bin/cmake /home/roverj8/LUIS/ARGJ08/ARGOSJ8_IA_/src/security_check/security_check_interfaces -DCMAKE_INSTALL_PREFIX=/home/roverj8/LUIS/ARGJ08/ARGOSJ8_IA_/install/security_check_interfaces
[0.991s] [31mCMake Error at CMakeLists.txt:8 (find_package):
[0.991s]   By not providing "Findament_cmake.cmake" in CMAKE_MODULE_PATH this project
[0.991s]   has asked CMake to find a package configuration file provided by
[0.992s]   "ament_cmake", but CMake did not find one.
[0.992s] 
[0.992s]   Could not find a package configuration file provided by "ament_cmake" with
[0.992s]   any of the following names:
[0.992s] 
[0.992s]     ament_cmakeConfig.cmake
[0.992s]     ament_cmake-config.cmake
[0.992s] 
[0.992s]   Add the installation prefix of "ament_cmake" to CMAKE_PREFIX_PATH or set
[0.992s]   "ament_cmake_DIR" to a directory containing one of the above files.  If
[0.992s]   "ament_cmake" provides a separate development package or SDK, be sure it
[0.992s]   has been installed.
[0.992s] 
[0.992s] [0m
[0.996s] -- The C compiler identification is GNU 11.4.0
[0.996s] -- The CXX compiler identification is GNU 11.4.0
[0.996s] -- Detecting C compiler ABI info
[0.996s] -- Detecting C compiler ABI info - done
[0.996s] -- Check for working C compiler: /usr/bin/cc - skipped
[0.996s] -- Detecting C compile features
[0.996s] -- Detecting C compile features - done
[0.996s] -- Detecting CXX compiler ABI info
[0.996s] -- Detecting CXX compiler ABI info - done
[0.996s] -- Check for working CXX compiler: /usr/bin/c++ - skipped
[0.996s] -- Detecting CXX compile features
[0.996s] -- Detecting CXX compile features - done
[0.996s] -- Configuring incomplete, errors occurred!
[0.996s] See also "/home/roverj8/LUIS/ARGJ08/ARGOSJ8_IA_/build/security_check_interfaces/CMakeFiles/CMakeOutput.log".
[1.010s] Invoked command in '/home/roverj8/LUIS/ARGJ08/ARGOSJ8_IA_/build/security_check_interfaces' returned '1': /usr/bin/cmake /home/roverj8/LUIS/ARGJ08/ARGOSJ8_IA_/src/security_check/security_check_interfaces -DCMAKE_INSTALL_PREFIX=/home/roverj8/LUIS/ARGJ08/ARGOSJ8_IA_/install/security_check_interfaces
