[0.939s] Invoking command in '/home/roverj8/LUIS/ARGJ08/ARGOSJ8_IA_/build/spacenav': /usr/bin/cmake /home/roverj8/LUIS/ARGJ08/ARGOSJ8_IA_/src/j8_joystick/spacenav -DCMAKE_INSTALL_PREFIX=/home/roverj8/LUIS/ARGJ08/ARGOSJ8_IA_/install/spacenav
[1.010s] -- The C compiler identification is GNU 11.4.0
[1.030s] -- The CXX compiler identification is GNU 11.4.0
[1.037s] -- Detecting C compiler ABI info
[1.096s] -- Detecting C compiler ABI info - done
[1.110s] -- Check for working C compiler: /usr/bin/cc - skipped
[1.111s] -- Detecting C compile features
[1.111s] -- Detecting C compile features - done
[1.117s] -- Detecting CXX compiler ABI info
[1.231s] -- Detecting CXX compiler ABI info - done
[1.243s] -- Check for working CXX compiler: /usr/bin/c++ - skipped
[1.244s] -- Detecting CXX compile features
[1.244s] -- Detecting CXX compile features - done
[1.250s] [31mCMake Error at CMakeLists.txt:15 (find_package):
[1.250s]   By not providing "Findament_cmake.cmake" in CMAKE_MODULE_PATH this project
[1.250s]   has asked CMake to find a package configuration file provided by
[1.250s]   "ament_cmake", but CMake did not find one.
[1.250s] 
[1.250s]   Could not find a package configuration file provided by "ament_cmake" with
[1.250s]   any of the following names:
[1.250s] 
[1.250s]     ament_cmakeConfig.cmake
[1.250s]     ament_cmake-config.cmake
[1.250s] 
[1.250s]   Add the installation prefix of "ament_cmake" to CMAKE_PREFIX_PATH or set
[1.250s]   "ament_cmake_DIR" to a directory containing one of the above files.  If
[1.250s]   "ament_cmake" provides a separate development package or SDK, be sure it
[1.251s]   has been installed.
[1.251s] 
[1.251s] [0m
[1.251s] -- Configuring incomplete, errors occurred!
[1.251s] See also "/home/roverj8/LUIS/ARGJ08/ARGOSJ8_IA_/build/spacenav/CMakeFiles/CMakeOutput.log".
