[0.038s] Invoking command in '/home/roverj8/LUIS/ARGJ08/ARGOSJ8_IA_/build/ublox_serialization': /usr/bin/cmake /home/roverj8/LUIS/ARGJ08/ARGOSJ8_IA_/src/argo_drivers_pkgs/ublox/ublox_serialization -DCMAKE_INSTALL_PREFIX=/home/roverj8/LUIS/ARGJ08/ARGOSJ8_IA_/install/ublox_serialization
[0.852s] -- Configuring incomplete, errors occurred!
[0.852s] See also "/home/roverj8/LUIS/ARGJ08/ARGOSJ8_IA_/build/ublox_serialization/CMakeFiles/CMakeOutput.log".
[0.853s] [31mCMake Error at CMakeLists.txt:5 (find_package):
[0.853s]   By not providing "Findament_cmake.cmake" in CMAKE_MODULE_PATH this project
[0.853s]   has asked CMake to find a package configuration file provided by
[0.854s]   "ament_cmake", but CMake did not find one.
[0.854s] 
[0.854s]   Could not find a package configuration file provided by "ament_cmake" with
[0.855s]   any of the following names:
[0.855s] 
[0.856s]     ament_cmakeConfig.cmake
[0.856s]     ament_cmake-config.cmake
[0.856s] 
[0.856s]   Add the installation prefix of "ament_cmake" to CMAKE_PREFIX_PATH or set
[0.856s]   "ament_cmake_DIR" to a directory containing one of the above files.  If
[0.857s]   "ament_cmake" provides a separate development package or SDK, be sure it
[0.857s]   has been installed.
[0.858s] 
[0.858s] [0m
[0.897s] Invoked command in '/home/roverj8/LUIS/ARGJ08/ARGOSJ8_IA_/build/ublox_serialization' returned '1': /usr/bin/cmake /home/roverj8/LUIS/ARGJ08/ARGOSJ8_IA_/src/argo_drivers_pkgs/ublox/ublox_serialization -DCMAKE_INSTALL_PREFIX=/home/roverj8/LUIS/ARGJ08/ARGOSJ8_IA_/install/ublox_serialization
