[0.027s] Invoking command in '/home/roverj8/LUIS/ARGJ08/ARGOSJ8_IA_/build/argj801_sensors_msgs': /usr/bin/cmake /home/roverj8/LUIS/ARGJ08/ARGOSJ8_IA_/src/argo_drivers_pkgs/argj801_sensors/argj801_sensors_msgs -DCMAKE_INSTALL_PREFIX=/home/roverj8/LUIS/ARGJ08/ARGOSJ8_IA_/install/argj801_sensors_msgs
[0.989s] -- The C compiler identification is GNU 11.4.0
[0.989s] -- The CXX compiler identification is GNU 11.4.0
[0.989s] -- Detecting C compiler ABI info
[0.989s] -- Detecting C compiler ABI info - done
[0.989s] -- Check for working C compiler: /usr/bin/cc - skipped
[0.989s] -- Detecting C compile features
[0.989s] -- Detecting C compile features - done
[0.989s] -- Detecting CXX compiler ABI info
[0.989s] -- Detecting CXX compiler ABI info - done
[0.989s] -- Check for working CXX compiler: /usr/bin/c++ - skipped
[0.989s] -- Detecting CXX compile features
[0.989s] -- Detecting CXX compile features - done
[0.989s] -- Configuring incomplete, errors occurred!
[0.990s] See also "/home/roverj8/LUIS/ARGJ08/ARGOSJ8_IA_/build/argj801_sensors_msgs/CMakeFiles/CMakeOutput.log".
[0.990s] [31mCMake Error at CMakeLists.txt:13 (find_package):
[0.990s]   By not providing "Findament_cmake.cmake" in CMAKE_MODULE_PATH this project
[0.990s]   has asked CMake to find a package configuration file provided by
[0.990s]   "ament_cmake", but CMake did not find one.
[0.990s] 
[0.990s]   Could not find a package configuration file provided by "ament_cmake" with
[0.990s]   any of the following names:
[0.990s] 
[0.990s]     ament_cmakeConfig.cmake
[0.990s]     ament_cmake-config.cmake
[0.990s] 
[0.990s]   Add the installation prefix of "ament_cmake" to CMAKE_PREFIX_PATH or set
[0.990s]   "ament_cmake_DIR" to a directory containing one of the above files.  If
[0.990s]   "ament_cmake" provides a separate development package or SDK, be sure it
[0.990s]   has been installed.
[0.990s] 
[0.990s] [0m
[1.014s] Invoked command in '/home/roverj8/LUIS/ARGJ08/ARGOSJ8_IA_/build/argj801_sensors_msgs' returned '1': /usr/bin/cmake /home/roverj8/LUIS/ARGJ08/ARGOSJ8_IA_/src/argo_drivers_pkgs/argj801_sensors/argj801_sensors_msgs -DCMAKE_INSTALL_PREFIX=/home/roverj8/LUIS/ARGJ08/ARGOSJ8_IA_/install/argj801_sensors_msgs
