[0.063s] Invoking command in '/home/roverj8/LUIS/ARGJ08/ARGOSJ8_IA_/build/sdl2_vendor': CMAKE_PREFIX_PATH=/opt/ros/humble /usr/bin/cmake /home/roverj8/LUIS/ARGJ08/ARGOSJ8_IA_/src/j8_joystick/sdl2_vendor -DCMAKE_INSTALL_PREFIX=/home/roverj8/LUIS/ARGJ08/ARGOSJ8_IA_/install/sdl2_vendor
[2.478s] -- Found ament_cmake: 1.3.14 (/opt/ros/humble/share/ament_cmake/cmake)
[2.478s] -- Found Python3: /usr/bin/python3 (found version "3.10.12") found components: Interpreter 
[2.478s] -- Configuring done
[2.478s] -- Generating done
[2.478s] -- Build files have been written to: /home/roverj8/LUIS/ARGJ08/ARGOSJ8_IA_/build/sdl2_vendor
[2.522s] Invoked command in '/home/roverj8/LUIS/ARGJ08/ARGOSJ8_IA_/build/sdl2_vendor' returned '0': CMAKE_PREFIX_PATH=/opt/ros/humble /usr/bin/cmake /home/roverj8/LUIS/ARGJ08/ARGOSJ8_IA_/src/j8_joystick/sdl2_vendor -DCMAKE_INSTALL_PREFIX=/home/roverj8/LUIS/ARGJ08/ARGOSJ8_IA_/install/sdl2_vendor
[2.523s] Invoking command in '/home/roverj8/LUIS/ARGJ08/ARGOSJ8_IA_/build/sdl2_vendor': CMAKE_PREFIX_PATH=/opt/ros/humble /usr/bin/cmake --build /home/roverj8/LUIS/ARGJ08/ARGOSJ8_IA_/build/sdl2_vendor -- -j24 -l24
[2.661s] Invoked command in '/home/roverj8/LUIS/ARGJ08/ARGOSJ8_IA_/build/sdl2_vendor' returned '0': CMAKE_PREFIX_PATH=/opt/ros/humble /usr/bin/cmake --build /home/roverj8/LUIS/ARGJ08/ARGOSJ8_IA_/build/sdl2_vendor -- -j24 -l24
[2.662s] Invoking command in '/home/roverj8/LUIS/ARGJ08/ARGOSJ8_IA_/build/sdl2_vendor': CMAKE_PREFIX_PATH=/opt/ros/humble /usr/bin/cmake --install /home/roverj8/LUIS/ARGJ08/ARGOSJ8_IA_/build/sdl2_vendor
[2.750s] -- Install configuration: ""
[2.751s] -- Installing: /home/roverj8/LUIS/ARGJ08/ARGOSJ8_IA_/install/sdl2_vendor/share/sdl2_vendor/cmake
[2.751s] -- Installing: /home/roverj8/LUIS/ARGJ08/ARGOSJ8_IA_/install/sdl2_vendor/share/sdl2_vendor/cmake/Modules
[2.751s] -- Installing: /home/roverj8/LUIS/ARGJ08/ARGOSJ8_IA_/install/sdl2_vendor/share/sdl2_vendor/cmake/Modules/Findsdl2_custom.cmake
[2.751s] -- Installing: /home/roverj8/LUIS/ARGJ08/ARGOSJ8_IA_/install/sdl2_vendor/share/ament_index/resource_index/package_run_dependencies/sdl2_vendor
[2.752s] -- Installing: /home/roverj8/LUIS/ARGJ08/ARGOSJ8_IA_/install/sdl2_vendor/share/ament_index/resource_index/parent_prefix_path/sdl2_vendor
[2.752s] -- Installing: /home/roverj8/LUIS/ARGJ08/ARGOSJ8_IA_/install/sdl2_vendor/share/sdl2_vendor/environment/ament_prefix_path.sh
[2.752s] -- Installing: /home/roverj8/LUIS/ARGJ08/ARGOSJ8_IA_/install/sdl2_vendor/share/sdl2_vendor/environment/ament_prefix_path.dsv
[2.752s] -- Installing: /home/roverj8/LUIS/ARGJ08/ARGOSJ8_IA_/install/sdl2_vendor/share/sdl2_vendor/environment/path.sh
[2.753s] -- Installing: /home/roverj8/LUIS/ARGJ08/ARGOSJ8_IA_/install/sdl2_vendor/share/sdl2_vendor/environment/path.dsv
[2.753s] -- Installing: /home/roverj8/LUIS/ARGJ08/ARGOSJ8_IA_/install/sdl2_vendor/share/sdl2_vendor/local_setup.bash
[2.753s] -- Installing: /home/roverj8/LUIS/ARGJ08/ARGOSJ8_IA_/install/sdl2_vendor/share/sdl2_vendor/local_setup.sh
[2.754s] -- Installing: /home/roverj8/LUIS/ARGJ08/ARGOSJ8_IA_/install/sdl2_vendor/share/sdl2_vendor/local_setup.zsh
[2.754s] -- Installing: /home/roverj8/LUIS/ARGJ08/ARGOSJ8_IA_/install/sdl2_vendor/share/sdl2_vendor/local_setup.dsv
[2.754s] -- Installing: /home/roverj8/LUIS/ARGJ08/ARGOSJ8_IA_/install/sdl2_vendor/share/sdl2_vendor/package.dsv
[2.754s] -- Installing: /home/roverj8/LUIS/ARGJ08/ARGOSJ8_IA_/install/sdl2_vendor/share/ament_index/resource_index/packages/sdl2_vendor
[2.754s] -- Installing: /home/roverj8/LUIS/ARGJ08/ARGOSJ8_IA_/install/sdl2_vendor/share/sdl2_vendor/cmake/sdl2_vendor-extras.cmake
[2.754s] -- Installing: /home/roverj8/LUIS/ARGJ08/ARGOSJ8_IA_/install/sdl2_vendor/share/sdl2_vendor/cmake/sdl2_vendorConfig.cmake
[2.754s] -- Installing: /home/roverj8/LUIS/ARGJ08/ARGOSJ8_IA_/install/sdl2_vendor/share/sdl2_vendor/cmake/sdl2_vendorConfig-version.cmake
[2.754s] -- Installing: /home/roverj8/LUIS/ARGJ08/ARGOSJ8_IA_/install/sdl2_vendor/share/sdl2_vendor/package.xml
[2.782s] Invoked command in '/home/roverj8/LUIS/ARGJ08/ARGOSJ8_IA_/build/sdl2_vendor' returned '0': CMAKE_PREFIX_PATH=/opt/ros/humble /usr/bin/cmake --install /home/roverj8/LUIS/ARGJ08/ARGOSJ8_IA_/build/sdl2_vendor
