/home/roverj8/LUIS/ARGJ08/ARGOSJ8_IA_/src/car_python/setup.py:4: DeprecationWarning: The distutils package is deprecated and slated for removal in Python 3.12. Use setuptools or check PEP 632 for potential alternatives
  from distutils.cmd import Command
running egg_info
writing ../../build/car/car.egg-info/PKG-INFO
writing dependency_links to ../../build/car/car.egg-info/dependency_links.txt
writing entry points to ../../build/car/car.egg-info/entry_points.txt
writing requirements to ../../build/car/car.egg-info/requires.txt
writing top-level names to ../../build/car/car.egg-info/top_level.txt
reading manifest file '../../build/car/car.egg-info/SOURCES.txt'
writing manifest file '../../build/car/car.egg-info/SOURCES.txt'
running build
running build_py
copying car/external_path_controller.py -> /home/roverj8/LUIS/ARGJ08/ARGOSJ8_IA_/build/car/build/lib/car
running install
running install_lib
copying /home/roverj8/LUIS/ARGJ08/ARGOSJ8_IA_/build/car/build/lib/car/external_path_controller.py -> /home/roverj8/LUIS/ARGJ08/ARGOSJ8_IA_/install/car/lib/python3.10/site-packages/car
byte-compiling /home/roverj8/LUIS/ARGJ08/ARGOSJ8_IA_/install/car/lib/python3.10/site-packages/car/external_path_controller.py to external_path_controller.cpython-310.pyc
running install_data
running install_egg_info
removing '/home/roverj8/LUIS/ARGJ08/ARGOSJ8_IA_/install/car/lib/python3.10/site-packages/car-0.0.0-py3.10.egg-info' (and everything under it)
Copying ../../build/car/car.egg-info to /home/roverj8/LUIS/ARGJ08/ARGOSJ8_IA_/install/car/lib/python3.10/site-packages/car-0.0.0-py3.10.egg-info
running install_scripts
Installing check_goal_gnss script to /home/roverj8/LUIS/ARGJ08/ARGOSJ8_IA_/install/car/lib/car
Installing circuit1 script to /home/roverj8/LUIS/ARGJ08/ARGOSJ8_IA_/install/car/lib/car
Installing circuit_supervisor script to /home/roverj8/LUIS/ARGJ08/ARGOSJ8_IA_/install/car/lib/car
Installing cmd_vel_to_throttle script to /home/roverj8/LUIS/ARGJ08/ARGOSJ8_IA_/install/car/lib/car
Installing colision_zone script to /home/roverj8/LUIS/ARGJ08/ARGOSJ8_IA_/install/car/lib/car
Installing detected_persons_local_to_latlon script to /home/roverj8/LUIS/ARGJ08/ARGOSJ8_IA_/install/car/lib/car
Installing external_path_controller script to /home/roverj8/LUIS/ARGJ08/ARGOSJ8_IA_/install/car/lib/car
Installing fake_person_local_detections script to /home/roverj8/LUIS/ARGJ08/ARGOSJ8_IA_/install/car/lib/car
Installing fake_robot_pose script to /home/roverj8/LUIS/ARGJ08/ARGOSJ8_IA_/install/car/lib/car
Installing filter_points_cloud script to /home/roverj8/LUIS/ARGJ08/ARGOSJ8_IA_/install/car/lib/car
Installing fixposition_local_tf_from_odom script to /home/roverj8/LUIS/ARGJ08/ARGOSJ8_IA_/install/car/lib/car
Installing fixposition_map_anchor script to /home/roverj8/LUIS/ARGJ08/ARGOSJ8_IA_/install/car/lib/car
Installing fixposition_map_odom_static_from_odom script to /home/roverj8/LUIS/ARGJ08/ARGOSJ8_IA_/install/car/lib/car
Installing fixposition_odom_to_base_link_tf script to /home/roverj8/LUIS/ARGJ08/ARGOSJ8_IA_/install/car/lib/car
Installing fixposition_reframe script to /home/roverj8/LUIS/ARGJ08/ARGOSJ8_IA_/install/car/lib/car
Installing fixposition_tf_tree_for_zed script to /home/roverj8/LUIS/ARGJ08/ARGOSJ8_IA_/install/car/lib/car
Installing fp_poi_map_odom_static_test script to /home/roverj8/LUIS/ARGJ08/ARGOSJ8_IA_/install/car/lib/car
Installing fp_poi_map_static_from_start script to /home/roverj8/LUIS/ARGJ08/ARGOSJ8_IA_/install/car/lib/car
Installing frontier_centroid script to /home/roverj8/LUIS/ARGJ08/ARGOSJ8_IA_/install/car/lib/car
Installing fusion script to /home/roverj8/LUIS/ARGJ08/ARGOSJ8_IA_/install/car/lib/car
Installing gnss_goal_circuit script to /home/roverj8/LUIS/ARGJ08/ARGOSJ8_IA_/install/car/lib/car
Installing goal_local_marker script to /home/roverj8/LUIS/ARGJ08/ARGOSJ8_IA_/install/car/lib/car
Installing inference_full_model script to /home/roverj8/LUIS/ARGJ08/ARGOSJ8_IA_/install/car/lib/car
Installing inference_j8 script to /home/roverj8/LUIS/ARGJ08/ARGOSJ8_IA_/install/car/lib/car
Installing inference_test_j8 script to /home/roverj8/LUIS/ARGJ08/ARGOSJ8_IA_/install/car/lib/car
Installing inference_training_mode_simple script to /home/roverj8/LUIS/ARGJ08/ARGOSJ8_IA_/install/car/lib/car
Installing j8_bueno script to /home/roverj8/LUIS/ARGJ08/ARGOSJ8_IA_/install/car/lib/car
Installing j8_policy script to /home/roverj8/LUIS/ARGJ08/ARGOSJ8_IA_/install/car/lib/car
Installing j8_test_ppo script to /home/roverj8/LUIS/ARGJ08/ARGOSJ8_IA_/install/car/lib/car
Installing joystick_control script to /home/roverj8/LUIS/ARGJ08/ARGOSJ8_IA_/install/car/lib/car
Installing keyboard_control script to /home/roverj8/LUIS/ARGJ08/ARGOSJ8_IA_/install/car/lib/car
Installing latlon_circuit script to /home/roverj8/LUIS/ARGJ08/ARGOSJ8_IA_/install/car/lib/car
Installing latlon_posearray_to_local script to /home/roverj8/LUIS/ARGJ08/ARGOSJ8_IA_/install/car/lib/car
Installing latlon_posearray_to_local_utm script to /home/roverj8/LUIS/ARGJ08/ARGOSJ8_IA_/install/car/lib/car
Installing lidar_detection script to /home/roverj8/LUIS/ARGJ08/ARGOSJ8_IA_/install/car/lib/car
Installing map_navegation script to /home/roverj8/LUIS/ARGJ08/ARGOSJ8_IA_/install/car/lib/car
Installing map_navegation_test script to /home/roverj8/LUIS/ARGJ08/ARGOSJ8_IA_/install/car/lib/car
Installing memory_map script to /home/roverj8/LUIS/ARGJ08/ARGOSJ8_IA_/install/car/lib/car
Installing movement_predictive script to /home/roverj8/LUIS/ARGJ08/ARGOSJ8_IA_/install/car/lib/car
Installing navsatfix_goal_to_map_pose script to /home/roverj8/LUIS/ARGJ08/ARGOSJ8_IA_/install/car/lib/car
Installing navsatfix_to_ecef script to /home/roverj8/LUIS/ARGJ08/ARGOSJ8_IA_/install/car/lib/car
Installing odom_to_tf script to /home/roverj8/LUIS/ARGJ08/ARGOSJ8_IA_/install/car/lib/car
Installing path_ppo_cnn_lstm_full_model script to /home/roverj8/LUIS/ARGJ08/ARGOSJ8_IA_/install/car/lib/car
Installing path_ppo_cnn_lstm_training_init_mode script to /home/roverj8/LUIS/ARGJ08/ARGOSJ8_IA_/install/car/lib/car
Installing path_ppo_cnn_lstm_training_init_mode_j8 script to /home/roverj8/LUIS/ARGJ08/ARGOSJ8_IA_/install/car/lib/car
Installing path_ppo_cnn_lstm_training_init_mode_simple script to /home/roverj8/LUIS/ARGJ08/ARGOSJ8_IA_/install/car/lib/car
Installing points_goal script to /home/roverj8/LUIS/ARGJ08/ARGOSJ8_IA_/install/car/lib/car
Installing points_goal_old script to /home/roverj8/LUIS/ARGJ08/ARGOSJ8_IA_/install/car/lib/car
Installing prior_map_builder script to /home/roverj8/LUIS/ARGJ08/ARGOSJ8_IA_/install/car/lib/car
Installing scape_test script to /home/roverj8/LUIS/ARGJ08/ARGOSJ8_IA_/install/car/lib/car
Installing supervisor_node script to /home/roverj8/LUIS/ARGJ08/ARGOSJ8_IA_/install/car/lib/car
Installing test_j8_old script to /home/roverj8/LUIS/ARGJ08/ARGOSJ8_IA_/install/car/lib/car
Installing test_octomap script to /home/roverj8/LUIS/ARGJ08/ARGOSJ8_IA_/install/car/lib/car
Installing test_vel script to /home/roverj8/LUIS/ARGJ08/ARGOSJ8_IA_/install/car/lib/car
Installing unity_goal script to /home/roverj8/LUIS/ARGJ08/ARGOSJ8_IA_/install/car/lib/car
Installing voxel_unity script to /home/roverj8/LUIS/ARGJ08/ARGOSJ8_IA_/install/car/lib/car
Installing zed_static_tf_tree script to /home/roverj8/LUIS/ARGJ08/ARGOSJ8_IA_/install/car/lib/car
writing list of installed files to '/home/roverj8/LUIS/ARGJ08/ARGOSJ8_IA_/build/car/install.log'
