[0.618s] Invoking command in '/home/roverj8/LUIS/ARGJ08/ARGOSJ8_IA_/src/car_python': AMENT_PREFIX_PATH=/home/roverj8/LUIS/ARGJ08/ARGOSJ8_IA_/install/car_interfaces:/home/roverj8/LUIS/ARGJ08/ARGOSJ8_IA_/install/argj801_ctl_platform_interfaces:${AMENT_PREFIX_PATH} CMAKE_PREFIX_PATH=/home/roverj8/LUIS/ARGJ08/ARGOSJ8_IA_/install/car_interfaces:/home/roverj8/LUIS/ARGJ08/ARGOSJ8_IA_/install/argj801_ctl_platform_interfaces LD_LIBRARY_PATH=/home/roverj8/LUIS/ARGJ08/ARGOSJ8_IA_/install/car_interfaces/lib:/home/roverj8/LUIS/ARGJ08/ARGOSJ8_IA_/install/argj801_ctl_platform_interfaces/lib:${LD_LIBRARY_PATH} PYTHONPATH=/home/roverj8/LUIS/ARGJ08/ARGOSJ8_IA_/build/car/prefix_override:/usr/lib/python3/dist-packages/colcon_core/task/python/colcon_distutils_commands:/home/roverj8/LUIS/ARGJ08/ARGOSJ8_IA_/install/car/lib/python3.10/site-packages:/home/roverj8/LUIS/ARGJ08/ARGOSJ8_IA_/install/car_interfaces/local/lib/python3.10/dist-packages:/home/roverj8/LUIS/ARGJ08/ARGOSJ8_IA_/install/argj801_ctl_platform_interfaces/local/lib/python3.10/dist-packages:${PYTHONPATH} /usr/bin/python3 -W ignore:setup.py install is deprecated -W ignore:easy_install command is deprecated setup.py egg_info --egg-base ../../build/car build --build-base /home/roverj8/LUIS/ARGJ08/ARGOSJ8_IA_/build/car/build install --record /home/roverj8/LUIS/ARGJ08/ARGOSJ8_IA_/build/car/install.log --install-scripts $base/lib/car --single-version-externally-managed install_data
[0.636s] /home/roverj8/LUIS/ARGJ08/ARGOSJ8_IA_/src/car_python/setup.py:4: DeprecationWarning: The distutils package is deprecated and slated for removal in Python 3.12. Use setuptools or check PEP 632 for potential alternatives
[0.636s]   from distutils.cmd import Command
[0.792s] running egg_info
[0.793s] writing ../../build/car/car.egg-info/PKG-INFO
[0.793s] writing dependency_links to ../../build/car/car.egg-info/dependency_links.txt
[0.793s] writing entry points to ../../build/car/car.egg-info/entry_points.txt
[0.793s] writing requirements to ../../build/car/car.egg-info/requires.txt
[0.793s] writing top-level names to ../../build/car/car.egg-info/top_level.txt
[0.799s] reading manifest file '../../build/car/car.egg-info/SOURCES.txt'
[0.801s] writing manifest file '../../build/car/car.egg-info/SOURCES.txt'
[0.801s] running build
[0.801s] running build_py
[0.801s] copying car/external_path_controller.py -> /home/roverj8/LUIS/ARGJ08/ARGOSJ8_IA_/build/car/build/lib/car
[0.803s] running install
[0.803s] running install_lib
[0.804s] copying /home/roverj8/LUIS/ARGJ08/ARGOSJ8_IA_/build/car/build/lib/car/external_path_controller.py -> /home/roverj8/LUIS/ARGJ08/ARGOSJ8_IA_/install/car/lib/python3.10/site-packages/car
[0.805s] byte-compiling /home/roverj8/LUIS/ARGJ08/ARGOSJ8_IA_/install/car/lib/python3.10/site-packages/car/external_path_controller.py to external_path_controller.cpython-310.pyc
[0.809s] running install_data
[0.811s] running install_egg_info
[0.812s] removing '/home/roverj8/LUIS/ARGJ08/ARGOSJ8_IA_/install/car/lib/python3.10/site-packages/car-0.0.0-py3.10.egg-info' (and everything under it)
[0.812s] Copying ../../build/car/car.egg-info to /home/roverj8/LUIS/ARGJ08/ARGOSJ8_IA_/install/car/lib/python3.10/site-packages/car-0.0.0-py3.10.egg-info
[0.813s] running install_scripts
[0.828s] Installing check_goal_gnss script to /home/roverj8/LUIS/ARGJ08/ARGOSJ8_IA_/install/car/lib/car
[0.828s] Installing circuit1 script to /home/roverj8/LUIS/ARGJ08/ARGOSJ8_IA_/install/car/lib/car
[0.828s] Installing circuit_supervisor script to /home/roverj8/LUIS/ARGJ08/ARGOSJ8_IA_/install/car/lib/car
[0.828s] Installing cmd_vel_to_throttle script to /home/roverj8/LUIS/ARGJ08/ARGOSJ8_IA_/install/car/lib/car
[0.828s] Installing colision_zone script to /home/roverj8/LUIS/ARGJ08/ARGOSJ8_IA_/install/car/lib/car
[0.828s] Installing detected_persons_local_to_latlon script to /home/roverj8/LUIS/ARGJ08/ARGOSJ8_IA_/install/car/lib/car
[0.828s] Installing external_path_controller script to /home/roverj8/LUIS/ARGJ08/ARGOSJ8_IA_/install/car/lib/car
[0.828s] Installing fake_person_local_detections script to /home/roverj8/LUIS/ARGJ08/ARGOSJ8_IA_/install/car/lib/car
[0.828s] Installing fake_robot_pose script to /home/roverj8/LUIS/ARGJ08/ARGOSJ8_IA_/install/car/lib/car
[0.828s] Installing filter_points_cloud script to /home/roverj8/LUIS/ARGJ08/ARGOSJ8_IA_/install/car/lib/car
[0.828s] Installing fixposition_local_tf_from_odom script to /home/roverj8/LUIS/ARGJ08/ARGOSJ8_IA_/install/car/lib/car
[0.828s] Installing fixposition_map_anchor script to /home/roverj8/LUIS/ARGJ08/ARGOSJ8_IA_/install/car/lib/car
[0.828s] Installing fixposition_map_odom_static_from_odom script to /home/roverj8/LUIS/ARGJ08/ARGOSJ8_IA_/install/car/lib/car
[0.828s] Installing fixposition_odom_to_base_link_tf script to /home/roverj8/LUIS/ARGJ08/ARGOSJ8_IA_/install/car/lib/car
[0.828s] Installing fixposition_reframe script to /home/roverj8/LUIS/ARGJ08/ARGOSJ8_IA_/install/car/lib/car
[0.828s] Installing fixposition_tf_tree_for_zed script to /home/roverj8/LUIS/ARGJ08/ARGOSJ8_IA_/install/car/lib/car
[0.829s] Installing fp_poi_map_odom_static_test script to /home/roverj8/LUIS/ARGJ08/ARGOSJ8_IA_/install/car/lib/car
[0.829s] Installing fp_poi_map_static_from_start script to /home/roverj8/LUIS/ARGJ08/ARGOSJ8_IA_/install/car/lib/car
[0.829s] Installing frontier_centroid script to /home/roverj8/LUIS/ARGJ08/ARGOSJ8_IA_/install/car/lib/car
[0.829s] Installing fusion script to /home/roverj8/LUIS/ARGJ08/ARGOSJ8_IA_/install/car/lib/car
[0.829s] Installing gnss_goal_circuit script to /home/roverj8/LUIS/ARGJ08/ARGOSJ8_IA_/install/car/lib/car
[0.829s] Installing goal_local_marker script to /home/roverj8/LUIS/ARGJ08/ARGOSJ8_IA_/install/car/lib/car
[0.829s] Installing inference_full_model script to /home/roverj8/LUIS/ARGJ08/ARGOSJ8_IA_/install/car/lib/car
[0.829s] Installing inference_j8 script to /home/roverj8/LUIS/ARGJ08/ARGOSJ8_IA_/install/car/lib/car
[0.829s] Installing inference_test_j8 script to /home/roverj8/LUIS/ARGJ08/ARGOSJ8_IA_/install/car/lib/car
[0.829s] Installing inference_training_mode_simple script to /home/roverj8/LUIS/ARGJ08/ARGOSJ8_IA_/install/car/lib/car
[0.829s] Installing j8_bueno script to /home/roverj8/LUIS/ARGJ08/ARGOSJ8_IA_/install/car/lib/car
[0.829s] Installing j8_policy script to /home/roverj8/LUIS/ARGJ08/ARGOSJ8_IA_/install/car/lib/car
[0.829s] Installing j8_test_ppo script to /home/roverj8/LUIS/ARGJ08/ARGOSJ8_IA_/install/car/lib/car
[0.829s] Installing joystick_control script to /home/roverj8/LUIS/ARGJ08/ARGOSJ8_IA_/install/car/lib/car
[0.829s] Installing keyboard_control script to /home/roverj8/LUIS/ARGJ08/ARGOSJ8_IA_/install/car/lib/car
[0.829s] Installing latlon_circuit script to /home/roverj8/LUIS/ARGJ08/ARGOSJ8_IA_/install/car/lib/car
[0.829s] Installing latlon_posearray_to_local script to /home/roverj8/LUIS/ARGJ08/ARGOSJ8_IA_/install/car/lib/car
[0.829s] Installing latlon_posearray_to_local_utm script to /home/roverj8/LUIS/ARGJ08/ARGOSJ8_IA_/install/car/lib/car
[0.829s] Installing lidar_detection script to /home/roverj8/LUIS/ARGJ08/ARGOSJ8_IA_/install/car/lib/car
[0.829s] Installing map_navegation script to /home/roverj8/LUIS/ARGJ08/ARGOSJ8_IA_/install/car/lib/car
[0.829s] Installing map_navegation_test script to /home/roverj8/LUIS/ARGJ08/ARGOSJ8_IA_/install/car/lib/car
[0.829s] Installing memory_map script to /home/roverj8/LUIS/ARGJ08/ARGOSJ8_IA_/install/car/lib/car
[0.829s] Installing movement_predictive script to /home/roverj8/LUIS/ARGJ08/ARGOSJ8_IA_/install/car/lib/car
[0.830s] Installing navsatfix_goal_to_map_pose script to /home/roverj8/LUIS/ARGJ08/ARGOSJ8_IA_/install/car/lib/car
[0.830s] Installing navsatfix_to_ecef script to /home/roverj8/LUIS/ARGJ08/ARGOSJ8_IA_/install/car/lib/car
[0.830s] Installing odom_to_tf script to /home/roverj8/LUIS/ARGJ08/ARGOSJ8_IA_/install/car/lib/car
[0.830s] Installing path_ppo_cnn_lstm_full_model script to /home/roverj8/LUIS/ARGJ08/ARGOSJ8_IA_/install/car/lib/car
[0.830s] Installing path_ppo_cnn_lstm_training_init_mode script to /home/roverj8/LUIS/ARGJ08/ARGOSJ8_IA_/install/car/lib/car
[0.830s] Installing path_ppo_cnn_lstm_training_init_mode_j8 script to /home/roverj8/LUIS/ARGJ08/ARGOSJ8_IA_/install/car/lib/car
[0.830s] Installing path_ppo_cnn_lstm_training_init_mode_simple script to /home/roverj8/LUIS/ARGJ08/ARGOSJ8_IA_/install/car/lib/car
[0.830s] Installing points_goal script to /home/roverj8/LUIS/ARGJ08/ARGOSJ8_IA_/install/car/lib/car
[0.830s] Installing points_goal_old script to /home/roverj8/LUIS/ARGJ08/ARGOSJ8_IA_/install/car/lib/car
[0.830s] Installing prior_map_builder script to /home/roverj8/LUIS/ARGJ08/ARGOSJ8_IA_/install/car/lib/car
[0.830s] Installing scape_test script to /home/roverj8/LUIS/ARGJ08/ARGOSJ8_IA_/install/car/lib/car
[0.830s] Installing supervisor_node script to /home/roverj8/LUIS/ARGJ08/ARGOSJ8_IA_/install/car/lib/car
[0.830s] Installing test_j8_old script to /home/roverj8/LUIS/ARGJ08/ARGOSJ8_IA_/install/car/lib/car
[0.830s] Installing test_octomap script to /home/roverj8/LUIS/ARGJ08/ARGOSJ8_IA_/install/car/lib/car
[0.830s] Installing test_vel script to /home/roverj8/LUIS/ARGJ08/ARGOSJ8_IA_/install/car/lib/car
[0.830s] Installing unity_goal script to /home/roverj8/LUIS/ARGJ08/ARGOSJ8_IA_/install/car/lib/car
[0.830s] Installing voxel_unity script to /home/roverj8/LUIS/ARGJ08/ARGOSJ8_IA_/install/car/lib/car
[0.830s] Installing zed_static_tf_tree script to /home/roverj8/LUIS/ARGJ08/ARGOSJ8_IA_/install/car/lib/car
[0.831s] writing list of installed files to '/home/roverj8/LUIS/ARGJ08/ARGOSJ8_IA_/build/car/install.log'
[0.847s] Invoked command in '/home/roverj8/LUIS/ARGJ08/ARGOSJ8_IA_/src/car_python' returned '0': AMENT_PREFIX_PATH=/home/roverj8/LUIS/ARGJ08/ARGOSJ8_IA_/install/car_interfaces:/home/roverj8/LUIS/ARGJ08/ARGOSJ8_IA_/install/argj801_ctl_platform_interfaces:${AMENT_PREFIX_PATH} CMAKE_PREFIX_PATH=/home/roverj8/LUIS/ARGJ08/ARGOSJ8_IA_/install/car_interfaces:/home/roverj8/LUIS/ARGJ08/ARGOSJ8_IA_/install/argj801_ctl_platform_interfaces LD_LIBRARY_PATH=/home/roverj8/LUIS/ARGJ08/ARGOSJ8_IA_/install/car_interfaces/lib:/home/roverj8/LUIS/ARGJ08/ARGOSJ8_IA_/install/argj801_ctl_platform_interfaces/lib:${LD_LIBRARY_PATH} PYTHONPATH=/home/roverj8/LUIS/ARGJ08/ARGOSJ8_IA_/build/car/prefix_override:/usr/lib/python3/dist-packages/colcon_core/task/python/colcon_distutils_commands:/home/roverj8/LUIS/ARGJ08/ARGOSJ8_IA_/install/car/lib/python3.10/site-packages:/home/roverj8/LUIS/ARGJ08/ARGOSJ8_IA_/install/car_interfaces/local/lib/python3.10/dist-packages:/home/roverj8/LUIS/ARGJ08/ARGOSJ8_IA_/install/argj801_ctl_platform_interfaces/local/lib/python3.10/dist-packages:${PYTHONPATH} /usr/bin/python3 -W ignore:setup.py install is deprecated -W ignore:easy_install command is deprecated setup.py egg_info --egg-base ../../build/car build --build-base /home/roverj8/LUIS/ARGJ08/ARGOSJ8_IA_/build/car/build install --record /home/roverj8/LUIS/ARGJ08/ARGOSJ8_IA_/build/car/install.log --install-scripts $base/lib/car --single-version-externally-managed install_data
