/home/roverj8/LUIS/ARGJ08/ARGOSJ8_IA_/install/GUI_pkg/lib/python3.10/site-packages/GUI_pkg/gui_node.py
/home/roverj8/LUIS/ARGJ08/ARGOSJ8_IA_/install/GUI_pkg/lib/python3.10/site-packages/GUI_pkg/tabs.py
/home/roverj8/LUIS/ARGJ08/ARGOSJ8_IA_/install/GUI_pkg/lib/python3.10/site-packages/GUI_pkg/__init__.py
/home/roverj8/LUIS/ARGJ08/ARGOSJ8_IA_/install/GUI_pkg/lib/python3.10/site-packages/GUI_pkg/profiler.py
/home/roverj8/LUIS/ARGJ08/ARGOSJ8_IA_/install/GUI_pkg/lib/python3.10/site-packages/GUI_pkg/ui_tabs.py
/home/roverj8/LUIS/ARGJ08/ARGOSJ8_IA_/install/GUI_pkg/lib/python3.10/site-packages/GUI_pkg/zoom_image_handler.py
/home/roverj8/LUIS/ARGJ08/ARGOSJ8_IA_/install/GUI_pkg/lib/python3.10/site-packages/GUI_pkg/ui_form.py
/home/roverj8/LUIS/ARGJ08/ARGOSJ8_IA_/install/GUI_pkg/lib/python3.10/site-packages/GUI_pkg/path_utils.py
/home/roverj8/LUIS/ARGJ08/ARGOSJ8_IA_/install/GUI_pkg/lib/python3.10/site-packages/GUI_pkg/geonav_conversions.py
/home/roverj8/LUIS/ARGJ08/ARGOSJ8_IA_/install/GUI_pkg/lib/python3.10/site-packages/GUI_pkg/profile_analisys.py
/home/roverj8/LUIS/ARGJ08/ARGOSJ8_IA_/install/GUI_pkg/lib/python3.10/site-packages/GUI_pkg/mainwindow.py
/home/roverj8/LUIS/ARGJ08/ARGOSJ8_IA_/install/GUI_pkg/lib/python3.10/site-packages/GUI_pkg/ros_classes.py
/home/roverj8/LUIS/ARGJ08/ARGOSJ8_IA_/install/GUI_pkg/lib/python3.10/site-packages/GUI_pkg/cythonized_code/__init__.py
/home/roverj8/LUIS/ARGJ08/ARGOSJ8_IA_/install/GUI_pkg/lib/python3.10/site-packages/GUI_pkg/cythonized_code/setup.py
/home/roverj8/LUIS/ARGJ08/ARGOSJ8_IA_/install/GUI_pkg/lib/python3.10/site-packages/GUI_pkg/__pycache__/gui_node.cpython-310.pyc
/home/roverj8/LUIS/ARGJ08/ARGOSJ8_IA_/install/GUI_pkg/lib/python3.10/site-packages/GUI_pkg/__pycache__/tabs.cpython-310.pyc
/home/roverj8/LUIS/ARGJ08/ARGOSJ8_IA_/install/GUI_pkg/lib/python3.10/site-packages/GUI_pkg/__pycache__/__init__.cpython-310.pyc
/home/roverj8/LUIS/ARGJ08/ARGOSJ8_IA_/install/GUI_pkg/lib/python3.10/site-packages/GUI_pkg/__pycache__/profiler.cpython-310.pyc
/home/roverj8/LUIS/ARGJ08/ARGOSJ8_IA_/install/GUI_pkg/lib/python3.10/site-packages/GUI_pkg/__pycache__/ui_tabs.cpython-310.pyc
/home/roverj8/LUIS/ARGJ08/ARGOSJ8_IA_/install/GUI_pkg/lib/python3.10/site-packages/GUI_pkg/__pycache__/zoom_image_handler.cpython-310.pyc
/home/roverj8/LUIS/ARGJ08/ARGOSJ8_IA_/install/GUI_pkg/lib/python3.10/site-packages/GUI_pkg/__pycache__/ui_form.cpython-310.pyc
/home/roverj8/LUIS/ARGJ08/ARGOSJ8_IA_/install/GUI_pkg/lib/python3.10/site-packages/GUI_pkg/__pycache__/path_utils.cpython-310.pyc
/home/roverj8/LUIS/ARGJ08/ARGOSJ8_IA_/install/GUI_pkg/lib/python3.10/site-packages/GUI_pkg/__pycache__/geonav_conversions.cpython-310.pyc
/home/roverj8/LUIS/ARGJ08/ARGOSJ8_IA_/install/GUI_pkg/lib/python3.10/site-packages/GUI_pkg/__pycache__/profile_analisys.cpython-310.pyc
/home/roverj8/LUIS/ARGJ08/ARGOSJ8_IA_/install/GUI_pkg/lib/python3.10/site-packages/GUI_pkg/__pycache__/mainwindow.cpython-310.pyc
/home/roverj8/LUIS/ARGJ08/ARGOSJ8_IA_/install/GUI_pkg/lib/python3.10/site-packages/GUI_pkg/__pycache__/ros_classes.cpython-310.pyc
/home/roverj8/LUIS/ARGJ08/ARGOSJ8_IA_/install/GUI_pkg/lib/python3.10/site-packages/GUI_pkg/cythonized_code/__pycache__/__init__.cpython-310.pyc
/home/roverj8/LUIS/ARGJ08/ARGOSJ8_IA_/install/GUI_pkg/lib/python3.10/site-packages/GUI_pkg/cythonized_code/__pycache__/setup.cpython-310.pyc
/home/roverj8/LUIS/ARGJ08/ARGOSJ8_IA_/install/GUI_pkg/lib/python3.10/site-packages/GUI_pkg-0.0.0-py3.10.egg-info/PKG-INFO
/home/roverj8/LUIS/ARGJ08/ARGOSJ8_IA_/install/GUI_pkg/lib/python3.10/site-packages/GUI_pkg-0.0.0-py3.10.egg-info/top_level.txt
/home/roverj8/LUIS/ARGJ08/ARGOSJ8_IA_/install/GUI_pkg/lib/python3.10/site-packages/GUI_pkg-0.0.0-py3.10.egg-info/requires.txt
/home/roverj8/LUIS/ARGJ08/ARGOSJ8_IA_/install/GUI_pkg/lib/python3.10/site-packages/GUI_pkg-0.0.0-py3.10.egg-info/zip-safe
/home/roverj8/LUIS/ARGJ08/ARGOSJ8_IA_/install/GUI_pkg/lib/python3.10/site-packages/GUI_pkg-0.0.0-py3.10.egg-info/dependency_links.txt
/home/roverj8/LUIS/ARGJ08/ARGOSJ8_IA_/install/GUI_pkg/lib/python3.10/site-packages/GUI_pkg-0.0.0-py3.10.egg-info/entry_points.txt
/home/roverj8/LUIS/ARGJ08/ARGOSJ8_IA_/install/GUI_pkg/lib/python3.10/site-packages/GUI_pkg-0.0.0-py3.10.egg-info/SOURCES.txt
/home/roverj8/LUIS/ARGJ08/ARGOSJ8_IA_/install/GUI_pkg/lib/GUI_pkg/gui_node
