[0.759s] Invoking command in '/home/rhobtor/PHD/j8_control/J8_control/build/hikmicro_thermal_camera': CMAKE_PREFIX_PATH=${CMAKE_PREFIX_PATH}:/home/rhobtor/PHD/path_dem/install_navigation/path_dem:/home/rhobtor/PHD/path_dem/install/path_dem:/home/rhobtor/PHD/install_global_belief_final/path_dem:/home/rhobtor/PHD/ARGOSJ8_IA/ARGOSJ8_IA_/install/car:/home/rhobtor/PHD/ARGOSJ8_IA/ARGOSJ8_IA_/install/ntrip_client:/home/rhobtor/PHD/ARGOSJ8_IA/ARGOSJ8_IA_/install/j8_gui:/home/rhobtor/PHD/ARGOSJ8_IA/ARGOSJ8_IA_/install/gui:/home/rhobtor/PHD/ARGOSJ8_IA/ARGOSJ8_IA_/install/android_ros2_server:/home/rhobtor/PHD/ARGOSJ8_IA/ARGOSJ8_IA_/install/GUI_pkg:/home/rhobtor/PHD/model_terrain_ugv/Model_terrain_ugv/install/model_terrain:/opt/ros/humble /usr/bin/cmake /home/rhobtor/PHD/j8_control/J8_control/src/hikmicro_thermal_camera -DCMAKE_INSTALL_PREFIX=/home/rhobtor/PHD/j8_control/J8_control/install/hikmicro_thermal_camera
[1.300s] -- The C compiler identification is GNU 11.4.0
[1.300s] -- The CXX compiler identification is GNU 11.4.0
[1.300s] -- Detecting C compiler ABI info
[1.301s] -- Detecting C compiler ABI info - done
[1.301s] -- Check for working C compiler: /usr/bin/cc - skipped
[1.301s] -- Detecting C compile features
[1.301s] -- Detecting C compile features - done
[1.301s] -- Detecting CXX compiler ABI info
[1.301s] -- Detecting CXX compiler ABI info - done
[1.301s] -- Check for working CXX compiler: /usr/bin/c++ - skipped
[1.301s] -- Detecting CXX compile features
[1.301s] -- Detecting CXX compile features - done
[1.301s] -- Found ament_cmake: 1.3.14 (/opt/ros/humble/share/ament_cmake/cmake)
[1.645s] -- Found Python3: /usr/bin/python3 (found version "3.10.12") found components: Interpreter 
[1.839s] -- Found rclcpp: 16.0.19 (/opt/ros/humble/share/rclcpp/cmake)
[1.920s] -- Found rosidl_generator_c: 3.1.9 (/opt/ros/humble/share/rosidl_generator_c/cmake)
[1.931s] -- Found rosidl_adapter: 3.1.9 (/opt/ros/humble/share/rosidl_adapter/cmake)
[1.948s] -- Found rosidl_generator_cpp: 3.1.9 (/opt/ros/humble/share/rosidl_generator_cpp/cmake)
[1.978s] -- Using all available rosidl_typesupport_c: rosidl_typesupport_fastrtps_c;rosidl_typesupport_introspection_c
[2.015s] -- Using all available rosidl_typesupport_cpp: rosidl_typesupport_fastrtps_cpp;rosidl_typesupport_introspection_cpp
[2.109s] -- Found rmw_implementation_cmake: 6.1.3 (/opt/ros/humble/share/rmw_implementation_cmake/cmake)
[2.112s] -- Found rmw_fastrtps_cpp: 6.2.10 (/opt/ros/humble/share/rmw_fastrtps_cpp/cmake)
[2.268s] -- Found OpenSSL: /usr/lib/x86_64-linux-gnu/libcrypto.so (found version "3.0.2")  
[2.338s] -- Found FastRTPS: /opt/ros/humble/include  
[2.418s] -- Using RMW implementation 'rmw_fastrtps_cpp' as default
[2.440s] -- Looking for pthread.h
[2.564s] -- Looking for pthread.h - found
[2.571s] -- Performing Test CMAKE_HAVE_LIBC_PTHREAD
[2.708s] -- Performing Test CMAKE_HAVE_LIBC_PTHREAD - Success
[2.708s] -- Found Threads: TRUE  
[2.775s] -- Found sensor_msgs: 4.9.2 (/opt/ros/humble/share/sensor_msgs/cmake)
[2.809s] -- Found cv_bridge: 3.2.1 (/opt/ros/humble/share/cv_bridge/cmake)
[2.824s] -- Found OpenCV: /usr (found version "4.5.4") found components: core imgproc videoio 
[2.932s] -- Configuring done
[2.958s] -- Generating done
[2.958s] -- Build files have been written to: /home/rhobtor/PHD/j8_control/J8_control/build/hikmicro_thermal_camera
[3.042s] Invoked command in '/home/rhobtor/PHD/j8_control/J8_control/build/hikmicro_thermal_camera' returned '0': CMAKE_PREFIX_PATH=${CMAKE_PREFIX_PATH}:/home/rhobtor/PHD/path_dem/install_navigation/path_dem:/home/rhobtor/PHD/path_dem/install/path_dem:/home/rhobtor/PHD/install_global_belief_final/path_dem:/home/rhobtor/PHD/ARGOSJ8_IA/ARGOSJ8_IA_/install/car:/home/rhobtor/PHD/ARGOSJ8_IA/ARGOSJ8_IA_/install/ntrip_client:/home/rhobtor/PHD/ARGOSJ8_IA/ARGOSJ8_IA_/install/j8_gui:/home/rhobtor/PHD/ARGOSJ8_IA/ARGOSJ8_IA_/install/gui:/home/rhobtor/PHD/ARGOSJ8_IA/ARGOSJ8_IA_/install/android_ros2_server:/home/rhobtor/PHD/ARGOSJ8_IA/ARGOSJ8_IA_/install/GUI_pkg:/home/rhobtor/PHD/model_terrain_ugv/Model_terrain_ugv/install/model_terrain:/opt/ros/humble /usr/bin/cmake /home/rhobtor/PHD/j8_control/J8_control/src/hikmicro_thermal_camera -DCMAKE_INSTALL_PREFIX=/home/rhobtor/PHD/j8_control/J8_control/install/hikmicro_thermal_camera
[3.043s] Invoking command in '/home/rhobtor/PHD/j8_control/J8_control/build/hikmicro_thermal_camera': CMAKE_PREFIX_PATH=${CMAKE_PREFIX_PATH}:/home/rhobtor/PHD/path_dem/install_navigation/path_dem:/home/rhobtor/PHD/path_dem/install/path_dem:/home/rhobtor/PHD/install_global_belief_final/path_dem:/home/rhobtor/PHD/ARGOSJ8_IA/ARGOSJ8_IA_/install/car:/home/rhobtor/PHD/ARGOSJ8_IA/ARGOSJ8_IA_/install/ntrip_client:/home/rhobtor/PHD/ARGOSJ8_IA/ARGOSJ8_IA_/install/j8_gui:/home/rhobtor/PHD/ARGOSJ8_IA/ARGOSJ8_IA_/install/gui:/home/rhobtor/PHD/ARGOSJ8_IA/ARGOSJ8_IA_/install/android_ros2_server:/home/rhobtor/PHD/ARGOSJ8_IA/ARGOSJ8_IA_/install/GUI_pkg:/home/rhobtor/PHD/model_terrain_ugv/Model_terrain_ugv/install/model_terrain:/opt/ros/humble /usr/bin/cmake --build /home/rhobtor/PHD/j8_control/J8_control/build/hikmicro_thermal_camera -- -j20 -l20
[3.380s] [ 25%] [32mBuilding CXX object CMakeFiles/termical_camera_ffmpeg_pipe.dir/src/termical_hikmicro_ffmpeg_pipe.cpp.o[0m
[3.380s] [ 50%] [32mBuilding CXX object CMakeFiles/termical_camera.dir/src/termical_hikmicro.cpp.o[0m
[15.448s] [ 75%] [32m[1mLinking CXX executable termical_camera_ffmpeg_pipe[0m
[16.436s] [ 75%] Built target termical_camera_ffmpeg_pipe
[18.030s] [100%] [32m[1mLinking CXX executable termical_camera[0m
[19.450s] [100%] Built target termical_camera
[19.464s] Invoked command in '/home/rhobtor/PHD/j8_control/J8_control/build/hikmicro_thermal_camera' returned '0': CMAKE_PREFIX_PATH=${CMAKE_PREFIX_PATH}:/home/rhobtor/PHD/path_dem/install_navigation/path_dem:/home/rhobtor/PHD/path_dem/install/path_dem:/home/rhobtor/PHD/install_global_belief_final/path_dem:/home/rhobtor/PHD/ARGOSJ8_IA/ARGOSJ8_IA_/install/car:/home/rhobtor/PHD/ARGOSJ8_IA/ARGOSJ8_IA_/install/ntrip_client:/home/rhobtor/PHD/ARGOSJ8_IA/ARGOSJ8_IA_/install/j8_gui:/home/rhobtor/PHD/ARGOSJ8_IA/ARGOSJ8_IA_/install/gui:/home/rhobtor/PHD/ARGOSJ8_IA/ARGOSJ8_IA_/install/android_ros2_server:/home/rhobtor/PHD/ARGOSJ8_IA/ARGOSJ8_IA_/install/GUI_pkg:/home/rhobtor/PHD/model_terrain_ugv/Model_terrain_ugv/install/model_terrain:/opt/ros/humble /usr/bin/cmake --build /home/rhobtor/PHD/j8_control/J8_control/build/hikmicro_thermal_camera -- -j20 -l20
[19.476s] Invoking command in '/home/rhobtor/PHD/j8_control/J8_control/build/hikmicro_thermal_camera': CMAKE_PREFIX_PATH=${CMAKE_PREFIX_PATH}:/home/rhobtor/PHD/path_dem/install_navigation/path_dem:/home/rhobtor/PHD/path_dem/install/path_dem:/home/rhobtor/PHD/install_global_belief_final/path_dem:/home/rhobtor/PHD/ARGOSJ8_IA/ARGOSJ8_IA_/install/car:/home/rhobtor/PHD/ARGOSJ8_IA/ARGOSJ8_IA_/install/ntrip_client:/home/rhobtor/PHD/ARGOSJ8_IA/ARGOSJ8_IA_/install/j8_gui:/home/rhobtor/PHD/ARGOSJ8_IA/ARGOSJ8_IA_/install/gui:/home/rhobtor/PHD/ARGOSJ8_IA/ARGOSJ8_IA_/install/android_ros2_server:/home/rhobtor/PHD/ARGOSJ8_IA/ARGOSJ8_IA_/install/GUI_pkg:/home/rhobtor/PHD/model_terrain_ugv/Model_terrain_ugv/install/model_terrain:/opt/ros/humble /usr/bin/cmake --install /home/rhobtor/PHD/j8_control/J8_control/build/hikmicro_thermal_camera
[21.108s] -- Install configuration: ""
[21.108s] -- Installing: /home/rhobtor/PHD/j8_control/J8_control/install/hikmicro_thermal_camera/lib/hikmicro_thermal_camera/termical_camera
[21.108s] -- Set runtime path of "/home/rhobtor/PHD/j8_control/J8_control/install/hikmicro_thermal_camera/lib/hikmicro_thermal_camera/termical_camera" to ""
[21.108s] -- Installing: /home/rhobtor/PHD/j8_control/J8_control/install/hikmicro_thermal_camera/lib/hikmicro_thermal_camera/termical_camera_ffmpeg_pipe
[21.108s] -- Set runtime path of "/home/rhobtor/PHD/j8_control/J8_control/install/hikmicro_thermal_camera/lib/hikmicro_thermal_camera/termical_camera_ffmpeg_pipe" to ""
[21.108s] -- Installing: /home/rhobtor/PHD/j8_control/J8_control/install/hikmicro_thermal_camera/share/hikmicro_thermal_camera/launch
[21.108s] -- Installing: /home/rhobtor/PHD/j8_control/J8_control/install/hikmicro_thermal_camera/share/hikmicro_thermal_camera/launch/termical_camera.launch.py
[21.108s] -- Installing: /home/rhobtor/PHD/j8_control/J8_control/install/hikmicro_thermal_camera/share/hikmicro_thermal_camera/launch/termical_camera_ffmpeg_pipe.launch.py
[21.108s] -- Installing: /home/rhobtor/PHD/j8_control/J8_control/install/hikmicro_thermal_camera/share/hikmicro_thermal_camera/config
[21.108s] -- Installing: /home/rhobtor/PHD/j8_control/J8_control/install/hikmicro_thermal_camera/share/hikmicro_thermal_camera/config/termical_camera_ffmpeg_pipe.yaml
[21.108s] -- Installing: /home/rhobtor/PHD/j8_control/J8_control/install/hikmicro_thermal_camera/share/hikmicro_thermal_camera/config/termical_camera.yaml
[21.108s] -- Installing: /home/rhobtor/PHD/j8_control/J8_control/install/hikmicro_thermal_camera/share/ament_index/resource_index/package_run_dependencies/hikmicro_thermal_camera
[21.108s] -- Installing: /home/rhobtor/PHD/j8_control/J8_control/install/hikmicro_thermal_camera/share/ament_index/resource_index/parent_prefix_path/hikmicro_thermal_camera
[21.108s] -- Installing: /home/rhobtor/PHD/j8_control/J8_control/install/hikmicro_thermal_camera/share/hikmicro_thermal_camera/environment/ament_prefix_path.sh
[21.108s] -- Installing: /home/rhobtor/PHD/j8_control/J8_control/install/hikmicro_thermal_camera/share/hikmicro_thermal_camera/environment/ament_prefix_path.dsv
[21.108s] -- Installing: /home/rhobtor/PHD/j8_control/J8_control/install/hikmicro_thermal_camera/share/hikmicro_thermal_camera/environment/path.sh
[21.108s] -- Installing: /home/rhobtor/PHD/j8_control/J8_control/install/hikmicro_thermal_camera/share/hikmicro_thermal_camera/environment/path.dsv
[21.108s] -- Installing: /home/rhobtor/PHD/j8_control/J8_control/install/hikmicro_thermal_camera/share/hikmicro_thermal_camera/local_setup.bash
[21.108s] -- Installing: /home/rhobtor/PHD/j8_control/J8_control/install/hikmicro_thermal_camera/share/hikmicro_thermal_camera/local_setup.sh
[21.109s] -- Installing: /home/rhobtor/PHD/j8_control/J8_control/install/hikmicro_thermal_camera/share/hikmicro_thermal_camera/local_setup.zsh
[21.109s] -- Installing: /home/rhobtor/PHD/j8_control/J8_control/install/hikmicro_thermal_camera/share/hikmicro_thermal_camera/local_setup.dsv
[21.109s] -- Installing: /home/rhobtor/PHD/j8_control/J8_control/install/hikmicro_thermal_camera/share/hikmicro_thermal_camera/package.dsv
[21.109s] -- Installing: /home/rhobtor/PHD/j8_control/J8_control/install/hikmicro_thermal_camera/share/ament_index/resource_index/packages/hikmicro_thermal_camera
[21.109s] -- Installing: /home/rhobtor/PHD/j8_control/J8_control/install/hikmicro_thermal_camera/share/hikmicro_thermal_camera/cmake/hikmicro_thermal_cameraConfig.cmake
[21.109s] -- Installing: /home/rhobtor/PHD/j8_control/J8_control/install/hikmicro_thermal_camera/share/hikmicro_thermal_camera/cmake/hikmicro_thermal_cameraConfig-version.cmake
[21.109s] -- Installing: /home/rhobtor/PHD/j8_control/J8_control/install/hikmicro_thermal_camera/share/hikmicro_thermal_camera/package.xml
[21.109s] Invoked command in '/home/rhobtor/PHD/j8_control/J8_control/build/hikmicro_thermal_camera' returned '0': CMAKE_PREFIX_PATH=${CMAKE_PREFIX_PATH}:/home/rhobtor/PHD/path_dem/install_navigation/path_dem:/home/rhobtor/PHD/path_dem/install/path_dem:/home/rhobtor/PHD/install_global_belief_final/path_dem:/home/rhobtor/PHD/ARGOSJ8_IA/ARGOSJ8_IA_/install/car:/home/rhobtor/PHD/ARGOSJ8_IA/ARGOSJ8_IA_/install/ntrip_client:/home/rhobtor/PHD/ARGOSJ8_IA/ARGOSJ8_IA_/install/j8_gui:/home/rhobtor/PHD/ARGOSJ8_IA/ARGOSJ8_IA_/install/gui:/home/rhobtor/PHD/ARGOSJ8_IA/ARGOSJ8_IA_/install/android_ros2_server:/home/rhobtor/PHD/ARGOSJ8_IA/ARGOSJ8_IA_/install/GUI_pkg:/home/rhobtor/PHD/model_terrain_ugv/Model_terrain_ugv/install/model_terrain:/opt/ros/humble /usr/bin/cmake --install /home/rhobtor/PHD/j8_control/J8_control/build/hikmicro_thermal_camera
