[0.053s] Invoking command in '/home/roverj8/LUIS/ARGJ08/ARGOSJ8_IA_/build/argj801_ctl_platform_interfaces': /usr/bin/cmake /home/roverj8/LUIS/ARGJ08/ARGOSJ8_IA_/src/argj801_ctl_platform/argj801_ctl_platform_interfaces -DCMAKE_INSTALL_PREFIX=/home/roverj8/LUIS/ARGJ08/ARGOSJ8_IA_/install/argj801_ctl_platform_interfaces
[1.155s] -- Configuring incomplete, errors occurred!
[1.156s] See also "/home/roverj8/LUIS/ARGJ08/ARGOSJ8_IA_/build/argj801_ctl_platform_interfaces/CMakeFiles/CMakeOutput.log".
[1.156s] [31mCMake Error at CMakeLists.txt:13 (find_package):
[1.157s]   By not providing "Findament_cmake.cmake" in CMAKE_MODULE_PATH this project
[1.157s]   has asked CMake to find a package configuration file provided by
[1.158s]   "ament_cmake", but CMake did not find one.
[1.159s] 
[1.159s]   Could not find a package configuration file provided by "ament_cmake" with
[1.159s]   any of the following names:
[1.160s] 
[1.160s]     ament_cmakeConfig.cmake
[1.160s]     ament_cmake-config.cmake
[1.161s] 
[1.161s]   Add the installation prefix of "ament_cmake" to CMAKE_PREFIX_PATH or set
[1.162s]   "ament_cmake_DIR" to a directory containing one of the above files.  If
[1.163s]   "ament_cmake" provides a separate development package or SDK, be sure it
[1.163s]   has been installed.
[1.164s] 
[1.165s] [0m
[1.210s] Invoked command in '/home/roverj8/LUIS/ARGJ08/ARGOSJ8_IA_/build/argj801_ctl_platform_interfaces' returned '1': /usr/bin/cmake /home/roverj8/LUIS/ARGJ08/ARGOSJ8_IA_/src/argj801_ctl_platform/argj801_ctl_platform_interfaces -DCMAKE_INSTALL_PREFIX=/home/roverj8/LUIS/ARGJ08/ARGOSJ8_IA_/install/argj801_ctl_platform_interfaces
