[2.396s] Invoking command in '/home/roverj8/LUIS/ARGJ08/ARGOSJ8_IA_/build/wiimote_msgs': CMAKE_PREFIX_PATH=/opt/ros/humble /usr/bin/cmake /home/roverj8/LUIS/ARGJ08/ARGOSJ8_IA_/src/j8_joystick/wiimote_msgs -DCMAKE_INSTALL_PREFIX=/home/roverj8/LUIS/ARGJ08/ARGOSJ8_IA_/install/wiimote_msgs
[2.470s] -- Found ament_cmake: 1.3.14 (/opt/ros/humble/share/ament_cmake/cmake)
[2.774s] -- Found Python3: /usr/bin/python3 (found version "3.10.12") found components: Interpreter 
[3.290s] -- Found ament_cmake_auto: 1.3.14 (/opt/ros/humble/share/ament_cmake_auto/cmake)
[3.658s] -- Found rosidl_generator_c: 3.1.8 (/opt/ros/humble/share/rosidl_generator_c/cmake)
[3.669s] -- Found rosidl_adapter: 3.1.8 (/opt/ros/humble/share/rosidl_adapter/cmake)
[3.694s] -- Found rosidl_generator_cpp: 3.1.8 (/opt/ros/humble/share/rosidl_generator_cpp/cmake)
[3.744s] -- Using all available rosidl_typesupport_c: rosidl_typesupport_fastrtps_c;rosidl_typesupport_introspection_c
[3.795s] -- Using all available rosidl_typesupport_cpp: rosidl_typesupport_fastrtps_cpp;rosidl_typesupport_introspection_cpp
[4.129s] -- Found ament_lint_auto: 0.12.15 (/opt/ros/humble/share/ament_lint_auto/cmake)
[5.656s] -- Found ament_cmake_ros: 0.10.0 (/opt/ros/humble/share/ament_cmake_ros/cmake)
[8.567s] -- Using all available rosidl_typesupport_c: rosidl_typesupport_fastrtps_c;rosidl_typesupport_introspection_c
[10.095s] -- Using all available rosidl_typesupport_cpp: rosidl_typesupport_fastrtps_cpp;rosidl_typesupport_introspection_cpp
[10.178s] -- Found PythonInterp: /usr/bin/python3 (found suitable version "3.10.12", minimum required is "3.6") 
[10.178s] -- Found python_cmake_module: 0.10.0 (/opt/ros/humble/share/python_cmake_module/cmake)
[10.272s] -- Found PythonLibs: /usr/lib/x86_64-linux-gnu/libpython3.10.so (found suitable version "3.10.12", minimum required is "3.5") 
[10.273s] -- Using PYTHON_EXECUTABLE: /usr/bin/python3
[10.273s] -- Using PYTHON_INCLUDE_DIRS: /usr/include/python3.10
[10.273s] -- Using PYTHON_LIBRARIES: /usr/lib/x86_64-linux-gnu/libpython3.10.so
[10.470s] -- Found PythonExtra: .so  
[11.812s] -- Added test 'copyright' to check source files copyright and LICENSE
[11.831s] -- Added test 'lint_cmake' to check CMake code style
[11.840s] -- Added test 'xmllint' to check XML markup files
[11.869s] -- Configuring done
[12.231s] -- Generating done
[12.326s] -- Build files have been written to: /home/roverj8/LUIS/ARGJ08/ARGOSJ8_IA_/build/wiimote_msgs
[12.373s] Invoked command in '/home/roverj8/LUIS/ARGJ08/ARGOSJ8_IA_/build/wiimote_msgs' returned '0': CMAKE_PREFIX_PATH=/opt/ros/humble /usr/bin/cmake /home/roverj8/LUIS/ARGJ08/ARGOSJ8_IA_/src/j8_joystick/wiimote_msgs -DCMAKE_INSTALL_PREFIX=/home/roverj8/LUIS/ARGJ08/ARGOSJ8_IA_/install/wiimote_msgs
[12.374s] Invoking command in '/home/roverj8/LUIS/ARGJ08/ARGOSJ8_IA_/build/wiimote_msgs': CMAKE_PREFIX_PATH=/opt/ros/humble /usr/bin/cmake --build /home/roverj8/LUIS/ARGJ08/ARGOSJ8_IA_/build/wiimote_msgs -- -j24 -l24
[15.732s] [  2%] [34m[1mGenerating C code for ROS interfaces[0m
[15.732s] [  4%] [34m[1mGenerating Rust code for ROS interfaces[0m
[15.732s] [  4%] Built target ament_cmake_python_copy_wiimote_msgs
[15.733s] [  6%] [34m[1mGenerating C++ code for ROS interfaces[0m
[15.733s] running egg_info
[15.733s] creating wiimote_msgs.egg-info
[15.733s] writing wiimote_msgs.egg-info/PKG-INFO
[15.733s] writing dependency_links to wiimote_msgs.egg-info/dependency_links.txt
[15.733s] writing top-level names to wiimote_msgs.egg-info/top_level.txt
[15.733s] writing manifest file 'wiimote_msgs.egg-info/SOURCES.txt'
[15.734s] reading manifest file 'wiimote_msgs.egg-info/SOURCES.txt'
[15.734s] writing manifest file 'wiimote_msgs.egg-info/SOURCES.txt'
[15.734s] [  6%] Built target ament_cmake_python_build_wiimote_msgs_egg
[16.515s] [  8%] [32mBuilding C object CMakeFiles/wiimote_msgs__rosidl_generator_c.dir/rosidl_generator_c/wiimote_msgs/msg/detail/state__functions.c.o[0m
[16.526s] [ 10%] [32mBuilding C object CMakeFiles/wiimote_msgs__rosidl_generator_c.dir/rosidl_generator_c/wiimote_msgs/msg/detail/ir_source_info__functions.c.o[0m
[16.571s] [ 12%] [32mBuilding C object CMakeFiles/wiimote_msgs__rosidl_generator_c.dir/rosidl_generator_c/wiimote_msgs/msg/detail/timed_switch__functions.c.o[0m
[17.106s] [ 14%] [32m[1mLinking C shared library libwiimote_msgs__rosidl_generator_c.so[0m
[17.383s] [ 14%] Built target wiimote_msgs__rosidl_generator_c
[17.503s] [ 16%] [34m[1mGenerating C type support for eProsima Fast-RTPS[0m
[17.528s] [ 18%] [34m[1mGenerating C introspection for ROS interfaces[0m
[17.545s] [ 20%] [34m[1mGenerating C type support dispatch for ROS interfaces[0m
[18.665s] [ 20%] Built target wiimote_msgs__cpp
[18.770s] [ 22%] [34m[1mGenerating C++ type support for eProsima Fast-RTPS[0m
[19.811s] [ 22%] Built target wiimote_msgs__rs
[21.265s] [ 25%] [32mBuilding CXX object CMakeFiles/wiimote_msgs__rosidl_typesupport_fastrtps_c.dir/rosidl_typesupport_fastrtps_c/wiimote_msgs/msg/detail/ir_source_info__type_support_c.cpp.o[0m
[21.380s] [ 27%] [32mBuilding CXX object CMakeFiles/wiimote_msgs__rosidl_typesupport_c.dir/rosidl_typesupport_c/wiimote_msgs/msg/ir_source_info__type_support.cpp.o[0m
[21.572s] [ 29%] [32mBuilding CXX object CMakeFiles/wiimote_msgs__rosidl_typesupport_c.dir/rosidl_typesupport_c/wiimote_msgs/msg/timed_switch__type_support.cpp.o[0m
[21.702s] [ 31%] [32mBuilding CXX object CMakeFiles/wiimote_msgs__rosidl_typesupport_c.dir/rosidl_typesupport_c/wiimote_msgs/msg/state__type_support.cpp.o[0m
[21.866s] [ 33%] [32m[1mLinking CXX shared library libwiimote_msgs__rosidl_typesupport_c.so[0m
[22.048s] [ 33%] Built target wiimote_msgs__rosidl_typesupport_c
[22.195s] [ 35%] [32mBuilding C object CMakeFiles/wiimote_msgs__rosidl_typesupport_introspection_c.dir/rosidl_typesupport_introspection_c/wiimote_msgs/msg/detail/ir_source_info__type_support.c.o[0m
[22.350s] [ 37%] [32mBuilding CXX object CMakeFiles/wiimote_msgs__rosidl_typesupport_fastrtps_c.dir/rosidl_typesupport_fastrtps_c/wiimote_msgs/msg/detail/timed_switch__type_support_c.cpp.o[0m
[22.413s] [ 39%] [32mBuilding C object CMakeFiles/wiimote_msgs__rosidl_typesupport_introspection_c.dir/rosidl_typesupport_introspection_c/wiimote_msgs/msg/detail/timed_switch__type_support.c.o[0m
[22.630s] [ 41%] [32mBuilding C object CMakeFiles/wiimote_msgs__rosidl_typesupport_introspection_c.dir/rosidl_typesupport_introspection_c/wiimote_msgs/msg/detail/state__type_support.c.o[0m
[22.965s] [ 43%] [32m[1mLinking C shared library libwiimote_msgs__rosidl_typesupport_introspection_c.so[0m
[23.153s] [ 43%] Built target wiimote_msgs__rosidl_typesupport_introspection_c
[23.228s] [ 45%] [32mBuilding CXX object CMakeFiles/wiimote_msgs__rosidl_typesupport_fastrtps_c.dir/rosidl_typesupport_fastrtps_c/wiimote_msgs/msg/detail/state__type_support_c.cpp.o[0m
[23.351s] [ 47%] [32mBuilding CXX object CMakeFiles/wiimote_msgs__rosidl_typesupport_fastrtps_cpp.dir/rosidl_typesupport_fastrtps_cpp/wiimote_msgs/msg/detail/dds_fastrtps/ir_source_info__type_support.cpp.o[0m
[24.456s] [ 50%] [32mBuilding CXX object CMakeFiles/wiimote_msgs__rosidl_typesupport_fastrtps_cpp.dir/rosidl_typesupport_fastrtps_cpp/wiimote_msgs/msg/detail/dds_fastrtps/timed_switch__type_support.cpp.o[0m
[24.722s] [ 52%] [32m[1mLinking CXX shared library libwiimote_msgs__rosidl_typesupport_fastrtps_c.so[0m
[25.022s] [ 52%] Built target wiimote_msgs__rosidl_typesupport_fastrtps_c
[25.438s] [ 54%] [32mBuilding CXX object CMakeFiles/wiimote_msgs__rosidl_typesupport_fastrtps_cpp.dir/rosidl_typesupport_fastrtps_cpp/wiimote_msgs/msg/detail/dds_fastrtps/state__type_support.cpp.o[0m
[26.827s] [ 56%] [32m[1mLinking CXX shared library libwiimote_msgs__rosidl_typesupport_fastrtps_cpp.so[0m
[27.141s] [ 56%] Built target wiimote_msgs__rosidl_typesupport_fastrtps_cpp
[27.159s] [ 58%] [34m[1mGenerating C++ type support dispatch for ROS interfaces[0m
[29.107s] [ 60%] [32mBuilding CXX object CMakeFiles/wiimote_msgs__rosidl_typesupport_cpp.dir/rosidl_typesupport_cpp/wiimote_msgs/msg/ir_source_info__type_support.cpp.o[0m
[29.772s] [ 62%] [32mBuilding CXX object CMakeFiles/wiimote_msgs__rosidl_typesupport_cpp.dir/rosidl_typesupport_cpp/wiimote_msgs/msg/timed_switch__type_support.cpp.o[0m
[30.455s] [ 64%] [32mBuilding CXX object CMakeFiles/wiimote_msgs__rosidl_typesupport_cpp.dir/rosidl_typesupport_cpp/wiimote_msgs/msg/state__type_support.cpp.o[0m
[31.010s] [ 66%] [32m[1mLinking CXX shared library libwiimote_msgs__rosidl_typesupport_cpp.so[0m
[31.105s] [ 66%] Built target wiimote_msgs__rosidl_typesupport_cpp
[31.130s] [ 68%] [34m[1mGenerating C++ introspection for ROS interfaces[0m
[32.657s] [ 70%] [32mBuilding CXX object CMakeFiles/wiimote_msgs__rosidl_typesupport_introspection_cpp.dir/rosidl_typesupport_introspection_cpp/wiimote_msgs/msg/detail/ir_source_info__type_support.cpp.o[0m
[33.556s] [ 72%] [32mBuilding CXX object CMakeFiles/wiimote_msgs__rosidl_typesupport_introspection_cpp.dir/rosidl_typesupport_introspection_cpp/wiimote_msgs/msg/detail/timed_switch__type_support.cpp.o[0m
[34.394s] [ 75%] [32mBuilding CXX object CMakeFiles/wiimote_msgs__rosidl_typesupport_introspection_cpp.dir/rosidl_typesupport_introspection_cpp/wiimote_msgs/msg/detail/state__type_support.cpp.o[0m
[35.470s] [ 77%] [32m[1mLinking CXX shared library libwiimote_msgs__rosidl_typesupport_introspection_cpp.so[0m
[35.651s] [ 77%] Built target wiimote_msgs__rosidl_typesupport_introspection_cpp
[35.687s] [ 77%] Built target wiimote_msgs
[35.736s] [ 79%] [34m[1mGenerating Python code for ROS interfaces[0m
[39.569s] [ 79%] Built target wiimote_msgs__py
[39.609s] [ 81%] [32mBuilding C object CMakeFiles/wiimote_msgs__rosidl_generator_py.dir/rosidl_generator_py/wiimote_msgs/msg/_ir_source_info_s.c.o[0m
[39.767s] [ 83%] [32mBuilding C object CMakeFiles/wiimote_msgs__rosidl_generator_py.dir/rosidl_generator_py/wiimote_msgs/msg/_timed_switch_s.c.o[0m
[40.018s] [ 85%] [32mBuilding C object CMakeFiles/wiimote_msgs__rosidl_generator_py.dir/rosidl_generator_py/wiimote_msgs/msg/_state_s.c.o[0m
[40.225s] [ 87%] [32m[1mLinking C shared library rosidl_generator_py/wiimote_msgs/libwiimote_msgs__rosidl_generator_py.so[0m
[40.323s] [ 87%] Built target wiimote_msgs__rosidl_generator_py
[40.368s] [ 89%] [32mBuilding C object CMakeFiles/wiimote_msgs__rosidl_typesupport_fastrtps_c__pyext.dir/rosidl_generator_py/wiimote_msgs/_wiimote_msgs_s.ep.rosidl_typesupport_fastrtps_c.c.o[0m
[40.522s] [ 91%] [32m[1mLinking C shared library rosidl_generator_py/wiimote_msgs/wiimote_msgs_s__rosidl_typesupport_fastrtps_c.cpython-310-x86_64-linux-gnu.so[0m
[40.621s] [ 91%] Built target wiimote_msgs__rosidl_typesupport_fastrtps_c__pyext
[40.657s] [ 93%] [32mBuilding C object CMakeFiles/wiimote_msgs__rosidl_typesupport_c__pyext.dir/rosidl_generator_py/wiimote_msgs/_wiimote_msgs_s.ep.rosidl_typesupport_c.c.o[0m
[40.814s] [ 95%] [32m[1mLinking C shared library rosidl_generator_py/wiimote_msgs/wiimote_msgs_s__rosidl_typesupport_c.cpython-310-x86_64-linux-gnu.so[0m
[40.886s] [ 95%] Built target wiimote_msgs__rosidl_typesupport_c__pyext
[40.921s] [ 97%] [32mBuilding C object CMakeFiles/wiimote_msgs__rosidl_typesupport_introspection_c__pyext.dir/rosidl_generator_py/wiimote_msgs/_wiimote_msgs_s.ep.rosidl_typesupport_introspection_c.c.o[0m
[41.152s] [100%] [32m[1mLinking C shared library rosidl_generator_py/wiimote_msgs/wiimote_msgs_s__rosidl_typesupport_introspection_c.cpython-310-x86_64-linux-gnu.so[0m
[41.236s] [100%] Built target wiimote_msgs__rosidl_typesupport_introspection_c__pyext
