-- Found ament_cmake: 1.3.14 (/opt/ros/humble/share/ament_cmake/cmake)
-- Found Python3: /usr/bin/python3 (found version "3.10.12") found components: Interpreter 
-- Found rclcpp: 16.0.19 (/opt/ros/humble/share/rclcpp/cmake)
-- Found rosidl_generator_c: 3.1.8 (/opt/ros/humble/share/rosidl_generator_c/cmake)
-- Found rosidl_adapter: 3.1.8 (/opt/ros/humble/share/rosidl_adapter/cmake)
-- Found rosidl_generator_cpp: 3.1.8 (/opt/ros/humble/share/rosidl_generator_cpp/cmake)
-- Using all available rosidl_typesupport_c: rosidl_typesupport_fastrtps_c;rosidl_typesupport_introspection_c
-- Using all available rosidl_typesupport_cpp: rosidl_typesupport_fastrtps_cpp;rosidl_typesupport_introspection_cpp
-- Found rmw_implementation_cmake: 6.1.2 (/opt/ros/humble/share/rmw_implementation_cmake/cmake)
-- Found rmw_fastrtps_cpp: 6.2.10 (/opt/ros/humble/share/rmw_fastrtps_cpp/cmake)
-- Found OpenSSL: /usr/lib/x86_64-linux-gnu/libcrypto.so (found version "3.0.2")  
-- Found FastRTPS: /opt/ros/humble/include  
-- Using RMW implementation 'rmw_fastrtps_cpp' as default
-- Looking for pthread.h
-- Looking for pthread.h - found
-- Performing Test CMAKE_HAVE_LIBC_PTHREAD
-- Performing Test CMAKE_HAVE_LIBC_PTHREAD - Success
-- Found Threads: TRUE  
-- Found sensor_msgs: 4.9.1 (/opt/ros/humble/share/sensor_msgs/cmake)
-- Found cv_bridge: 3.2.1 (/opt/ros/humble/share/cv_bridge/cmake)
-- Found OpenCV: /usr (found version "4.5.4") found components: core imgproc videoio 
-- Configuring done
-- Generating done
-- Build files have been written to: /home/roverj8/LUIS/ARGJ08/ARGOSJ8_IA_/build/hikmicro_thermal_camera
[ 25%] [32mBuilding CXX object CMakeFiles/termical_camera_ffmpeg_pipe.dir/src/termical_hikmicro_ffmpeg_pipe.cpp.o[0m
[ 50%] [32mBuilding CXX object CMakeFiles/termical_camera.dir/src/termical_hikmicro.cpp.o[0m
[ 75%] [32m[1mLinking CXX executable termical_camera_ffmpeg_pipe[0m
[ 75%] Built target termical_camera_ffmpeg_pipe
[100%] [32m[1mLinking CXX executable termical_camera[0m
[100%] Built target termical_camera
-- Install configuration: ""
-- Installing: /home/roverj8/LUIS/ARGJ08/ARGOSJ8_IA_/install/hikmicro_thermal_camera/lib/hikmicro_thermal_camera/termical_camera
-- Set runtime path of "/home/roverj8/LUIS/ARGJ08/ARGOSJ8_IA_/install/hikmicro_thermal_camera/lib/hikmicro_thermal_camera/termical_camera" to ""
-- Installing: /home/roverj8/LUIS/ARGJ08/ARGOSJ8_IA_/install/hikmicro_thermal_camera/lib/hikmicro_thermal_camera/termical_camera_ffmpeg_pipe
-- Set runtime path of "/home/roverj8/LUIS/ARGJ08/ARGOSJ8_IA_/install/hikmicro_thermal_camera/lib/hikmicro_thermal_camera/termical_camera_ffmpeg_pipe" to ""
-- Installing: /home/roverj8/LUIS/ARGJ08/ARGOSJ8_IA_/install/hikmicro_thermal_camera/share/hikmicro_thermal_camera/launch
-- Installing: /home/roverj8/LUIS/ARGJ08/ARGOSJ8_IA_/install/hikmicro_thermal_camera/share/hikmicro_thermal_camera/launch/termical_camera_ffmpeg_pipe.launch.py
-- Installing: /home/roverj8/LUIS/ARGJ08/ARGOSJ8_IA_/install/hikmicro_thermal_camera/share/hikmicro_thermal_camera/launch/termical_camera.launch.py
-- Installing: /home/roverj8/LUIS/ARGJ08/ARGOSJ8_IA_/install/hikmicro_thermal_camera/share/hikmicro_thermal_camera/config
-- Installing: /home/roverj8/LUIS/ARGJ08/ARGOSJ8_IA_/install/hikmicro_thermal_camera/share/hikmicro_thermal_camera/config/termical_camera.yaml
-- Installing: /home/roverj8/LUIS/ARGJ08/ARGOSJ8_IA_/install/hikmicro_thermal_camera/share/hikmicro_thermal_camera/config/termical_camera_ffmpeg_pipe.yaml
-- Installing: /home/roverj8/LUIS/ARGJ08/ARGOSJ8_IA_/install/hikmicro_thermal_camera/share/ament_index/resource_index/package_run_dependencies/hikmicro_thermal_camera
-- Installing: /home/roverj8/LUIS/ARGJ08/ARGOSJ8_IA_/install/hikmicro_thermal_camera/share/ament_index/resource_index/parent_prefix_path/hikmicro_thermal_camera
-- Installing: /home/roverj8/LUIS/ARGJ08/ARGOSJ8_IA_/install/hikmicro_thermal_camera/share/hikmicro_thermal_camera/environment/ament_prefix_path.sh
-- Installing: /home/roverj8/LUIS/ARGJ08/ARGOSJ8_IA_/install/hikmicro_thermal_camera/share/hikmicro_thermal_camera/environment/ament_prefix_path.dsv
-- Installing: /home/roverj8/LUIS/ARGJ08/ARGOSJ8_IA_/install/hikmicro_thermal_camera/share/hikmicro_thermal_camera/environment/path.sh
-- Installing: /home/roverj8/LUIS/ARGJ08/ARGOSJ8_IA_/install/hikmicro_thermal_camera/share/hikmicro_thermal_camera/environment/path.dsv
-- Installing: /home/roverj8/LUIS/ARGJ08/ARGOSJ8_IA_/install/hikmicro_thermal_camera/share/hikmicro_thermal_camera/local_setup.bash
-- Installing: /home/roverj8/LUIS/ARGJ08/ARGOSJ8_IA_/install/hikmicro_thermal_camera/share/hikmicro_thermal_camera/local_setup.sh
-- Installing: /home/roverj8/LUIS/ARGJ08/ARGOSJ8_IA_/install/hikmicro_thermal_camera/share/hikmicro_thermal_camera/local_setup.zsh
-- Installing: /home/roverj8/LUIS/ARGJ08/ARGOSJ8_IA_/install/hikmicro_thermal_camera/share/hikmicro_thermal_camera/local_setup.dsv
-- Installing: /home/roverj8/LUIS/ARGJ08/ARGOSJ8_IA_/install/hikmicro_thermal_camera/share/hikmicro_thermal_camera/package.dsv
-- Installing: /home/roverj8/LUIS/ARGJ08/ARGOSJ8_IA_/install/hikmicro_thermal_camera/share/ament_index/resource_index/packages/hikmicro_thermal_camera
-- Installing: /home/roverj8/LUIS/ARGJ08/ARGOSJ8_IA_/install/hikmicro_thermal_camera/share/hikmicro_thermal_camera/cmake/hikmicro_thermal_cameraConfig.cmake
-- Installing: /home/roverj8/LUIS/ARGJ08/ARGOSJ8_IA_/install/hikmicro_thermal_camera/share/hikmicro_thermal_camera/cmake/hikmicro_thermal_cameraConfig-version.cmake
-- Installing: /home/roverj8/LUIS/ARGJ08/ARGOSJ8_IA_/install/hikmicro_thermal_camera/share/hikmicro_thermal_camera/package.xml
