[1.203s] Invoking command in '/home/roverj8/LUIS/ARGJ08/ARGOSJ8_IA_/build/hikmicro_thermal_camera': CMAKE_PREFIX_PATH=/opt/ros/humble /usr/bin/cmake /home/roverj8/LUIS/ARGJ08/ARGOSJ8_IA_/src/hikmicro_thermal_camera -DCMAKE_INSTALL_PREFIX=/home/roverj8/LUIS/ARGJ08/ARGOSJ8_IA_/install/hikmicro_thermal_camera
[2.480s] -- Found ament_cmake: 1.3.14 (/opt/ros/humble/share/ament_cmake/cmake)
[2.480s] -- Found Python3: /usr/bin/python3 (found version "3.10.12") found components: Interpreter 
[2.480s] -- Found rclcpp: 16.0.19 (/opt/ros/humble/share/rclcpp/cmake)
[2.480s] -- Found rosidl_generator_c: 3.1.8 (/opt/ros/humble/share/rosidl_generator_c/cmake)
[2.480s] -- Found rosidl_adapter: 3.1.8 (/opt/ros/humble/share/rosidl_adapter/cmake)
[2.480s] -- Found rosidl_generator_cpp: 3.1.8 (/opt/ros/humble/share/rosidl_generator_cpp/cmake)
[2.481s] -- Using all available rosidl_typesupport_c: rosidl_typesupport_fastrtps_c;rosidl_typesupport_introspection_c
[2.481s] -- Using all available rosidl_typesupport_cpp: rosidl_typesupport_fastrtps_cpp;rosidl_typesupport_introspection_cpp
[2.481s] -- Found rmw_implementation_cmake: 6.1.2 (/opt/ros/humble/share/rmw_implementation_cmake/cmake)
[2.481s] -- Found rmw_fastrtps_cpp: 6.2.10 (/opt/ros/humble/share/rmw_fastrtps_cpp/cmake)
[2.481s] -- Found OpenSSL: /usr/lib/x86_64-linux-gnu/libcrypto.so (found version "3.0.2")  
[2.481s] -- Found FastRTPS: /opt/ros/humble/include  
[2.481s] -- Using RMW implementation 'rmw_fastrtps_cpp' as default
[2.481s] -- Looking for pthread.h
[2.482s] -- Looking for pthread.h - found
[2.482s] -- Performing Test CMAKE_HAVE_LIBC_PTHREAD
[2.482s] -- Performing Test CMAKE_HAVE_LIBC_PTHREAD - Success
[2.482s] -- Found Threads: TRUE  
[2.563s] -- Found sensor_msgs: 4.9.1 (/opt/ros/humble/share/sensor_msgs/cmake)
[2.757s] -- Found cv_bridge: 3.2.1 (/opt/ros/humble/share/cv_bridge/cmake)
[2.784s] -- Found OpenCV: /usr (found version "4.5.4") found components: core imgproc videoio 
[3.017s] -- Configuring done
[3.110s] -- Generating done
[3.140s] -- Build files have been written to: /home/roverj8/LUIS/ARGJ08/ARGOSJ8_IA_/build/hikmicro_thermal_camera
[3.189s] Invoked command in '/home/roverj8/LUIS/ARGJ08/ARGOSJ8_IA_/build/hikmicro_thermal_camera' returned '0': CMAKE_PREFIX_PATH=/opt/ros/humble /usr/bin/cmake /home/roverj8/LUIS/ARGJ08/ARGOSJ8_IA_/src/hikmicro_thermal_camera -DCMAKE_INSTALL_PREFIX=/home/roverj8/LUIS/ARGJ08/ARGOSJ8_IA_/install/hikmicro_thermal_camera
[3.191s] Invoking command in '/home/roverj8/LUIS/ARGJ08/ARGOSJ8_IA_/build/hikmicro_thermal_camera': CMAKE_PREFIX_PATH=/opt/ros/humble /usr/bin/cmake --build /home/roverj8/LUIS/ARGJ08/ARGOSJ8_IA_/build/hikmicro_thermal_camera -- -j24 -l24
[3.724s] [ 25%] [32mBuilding CXX object CMakeFiles/termical_camera_ffmpeg_pipe.dir/src/termical_hikmicro_ffmpeg_pipe.cpp.o[0m
[3.724s] [ 50%] [32mBuilding CXX object CMakeFiles/termical_camera.dir/src/termical_hikmicro.cpp.o[0m
[23.957s] [ 75%] [32m[1mLinking CXX executable termical_camera_ffmpeg_pipe[0m
[24.610s] [ 75%] Built target termical_camera_ffmpeg_pipe
[28.612s] [100%] [32m[1mLinking CXX executable termical_camera[0m
[30.390s] [100%] Built target termical_camera
[30.417s] Invoked command in '/home/roverj8/LUIS/ARGJ08/ARGOSJ8_IA_/build/hikmicro_thermal_camera' returned '0': CMAKE_PREFIX_PATH=/opt/ros/humble /usr/bin/cmake --build /home/roverj8/LUIS/ARGJ08/ARGOSJ8_IA_/build/hikmicro_thermal_camera -- -j24 -l24
[30.418s] Invoking command in '/home/roverj8/LUIS/ARGJ08/ARGOSJ8_IA_/build/hikmicro_thermal_camera': CMAKE_PREFIX_PATH=/opt/ros/humble /usr/bin/cmake --install /home/roverj8/LUIS/ARGJ08/ARGOSJ8_IA_/build/hikmicro_thermal_camera
[30.438s] -- Install configuration: ""
[30.438s] -- Installing: /home/roverj8/LUIS/ARGJ08/ARGOSJ8_IA_/install/hikmicro_thermal_camera/lib/hikmicro_thermal_camera/termical_camera
[30.438s] -- Set runtime path of "/home/roverj8/LUIS/ARGJ08/ARGOSJ8_IA_/install/hikmicro_thermal_camera/lib/hikmicro_thermal_camera/termical_camera" to ""
[30.438s] -- Installing: /home/roverj8/LUIS/ARGJ08/ARGOSJ8_IA_/install/hikmicro_thermal_camera/lib/hikmicro_thermal_camera/termical_camera_ffmpeg_pipe
[30.439s] -- Set runtime path of "/home/roverj8/LUIS/ARGJ08/ARGOSJ8_IA_/install/hikmicro_thermal_camera/lib/hikmicro_thermal_camera/termical_camera_ffmpeg_pipe" to ""
[30.440s] -- Installing: /home/roverj8/LUIS/ARGJ08/ARGOSJ8_IA_/install/hikmicro_thermal_camera/share/hikmicro_thermal_camera/launch
[30.440s] -- Installing: /home/roverj8/LUIS/ARGJ08/ARGOSJ8_IA_/install/hikmicro_thermal_camera/share/hikmicro_thermal_camera/launch/termical_camera_ffmpeg_pipe.launch.py
[30.440s] -- Installing: /home/roverj8/LUIS/ARGJ08/ARGOSJ8_IA_/install/hikmicro_thermal_camera/share/hikmicro_thermal_camera/launch/termical_camera.launch.py
[30.440s] -- Installing: /home/roverj8/LUIS/ARGJ08/ARGOSJ8_IA_/install/hikmicro_thermal_camera/share/hikmicro_thermal_camera/config
[30.440s] -- Installing: /home/roverj8/LUIS/ARGJ08/ARGOSJ8_IA_/install/hikmicro_thermal_camera/share/hikmicro_thermal_camera/config/termical_camera.yaml
[30.440s] -- Installing: /home/roverj8/LUIS/ARGJ08/ARGOSJ8_IA_/install/hikmicro_thermal_camera/share/hikmicro_thermal_camera/config/termical_camera_ffmpeg_pipe.yaml
[30.441s] -- Installing: /home/roverj8/LUIS/ARGJ08/ARGOSJ8_IA_/install/hikmicro_thermal_camera/share/ament_index/resource_index/package_run_dependencies/hikmicro_thermal_camera
[30.441s] -- Installing: /home/roverj8/LUIS/ARGJ08/ARGOSJ8_IA_/install/hikmicro_thermal_camera/share/ament_index/resource_index/parent_prefix_path/hikmicro_thermal_camera
[30.441s] -- Installing: /home/roverj8/LUIS/ARGJ08/ARGOSJ8_IA_/install/hikmicro_thermal_camera/share/hikmicro_thermal_camera/environment/ament_prefix_path.sh
[30.441s] -- Installing: /home/roverj8/LUIS/ARGJ08/ARGOSJ8_IA_/install/hikmicro_thermal_camera/share/hikmicro_thermal_camera/environment/ament_prefix_path.dsv
[30.442s] -- Installing: /home/roverj8/LUIS/ARGJ08/ARGOSJ8_IA_/install/hikmicro_thermal_camera/share/hikmicro_thermal_camera/environment/path.sh
[30.442s] -- Installing: /home/roverj8/LUIS/ARGJ08/ARGOSJ8_IA_/install/hikmicro_thermal_camera/share/hikmicro_thermal_camera/environment/path.dsv
[30.442s] -- Installing: /home/roverj8/LUIS/ARGJ08/ARGOSJ8_IA_/install/hikmicro_thermal_camera/share/hikmicro_thermal_camera/local_setup.bash
[30.442s] -- Installing: /home/roverj8/LUIS/ARGJ08/ARGOSJ8_IA_/install/hikmicro_thermal_camera/share/hikmicro_thermal_camera/local_setup.sh
[30.442s] -- Installing: /home/roverj8/LUIS/ARGJ08/ARGOSJ8_IA_/install/hikmicro_thermal_camera/share/hikmicro_thermal_camera/local_setup.zsh
[30.442s] -- Installing: /home/roverj8/LUIS/ARGJ08/ARGOSJ8_IA_/install/hikmicro_thermal_camera/share/hikmicro_thermal_camera/local_setup.dsv
[30.442s] -- Installing: /home/roverj8/LUIS/ARGJ08/ARGOSJ8_IA_/install/hikmicro_thermal_camera/share/hikmicro_thermal_camera/package.dsv
[30.442s] -- Installing: /home/roverj8/LUIS/ARGJ08/ARGOSJ8_IA_/install/hikmicro_thermal_camera/share/ament_index/resource_index/packages/hikmicro_thermal_camera
[30.442s] -- Installing: /home/roverj8/LUIS/ARGJ08/ARGOSJ8_IA_/install/hikmicro_thermal_camera/share/hikmicro_thermal_camera/cmake/hikmicro_thermal_cameraConfig.cmake
[30.443s] -- Installing: /home/roverj8/LUIS/ARGJ08/ARGOSJ8_IA_/install/hikmicro_thermal_camera/share/hikmicro_thermal_camera/cmake/hikmicro_thermal_cameraConfig-version.cmake
[30.443s] -- Installing: /home/roverj8/LUIS/ARGJ08/ARGOSJ8_IA_/install/hikmicro_thermal_camera/share/hikmicro_thermal_camera/package.xml
[30.517s] Invoked command in '/home/roverj8/LUIS/ARGJ08/ARGOSJ8_IA_/build/hikmicro_thermal_camera' returned '0': CMAKE_PREFIX_PATH=/opt/ros/humble /usr/bin/cmake --install /home/roverj8/LUIS/ARGJ08/ARGOSJ8_IA_/build/hikmicro_thermal_camera
