[0.083s] Invoking command in '/home/rhobtor/PHD/j8_control/J8_control/build/argj801_sensors': AMENT_PREFIX_PATH=/home/rhobtor/PHD/j8_control/J8_control/install/argj801_sensors_msgs:/home/rhobtor/PHD/j8_control/J8_control/install/argj801_ctl_platform_interfaces:${AMENT_PREFIX_PATH} CMAKE_PREFIX_PATH=/home/rhobtor/PHD/j8_control/J8_control/install/argj801_sensors_msgs:/home/rhobtor/PHD/j8_control/J8_control/install/argj801_ctl_platform_interfaces:/home/rhobtor/PHD/ARGOSJ8_IA/ARGOSJ8_IA_/install/wiimote_msgs:/home/rhobtor/PHD/ARGOSJ8_IA/ARGOSJ8_IA_/install/ublox:/home/rhobtor/PHD/ARGOSJ8_IA/ARGOSJ8_IA_/install/ublox_gps:/home/rhobtor/PHD/ARGOSJ8_IA/ARGOSJ8_IA_/install/security_check:/home/rhobtor/PHD/ARGOSJ8_IA/ARGOSJ8_IA_/install/ctl_mission:/home/rhobtor/PHD/ARGOSJ8_IA/ARGOSJ8_IA_/install/ublox_msgs:/home/rhobtor/PHD/ARGOSJ8_IA/ARGOSJ8_IA_/install/ublox_serialization:/home/rhobtor/PHD/ARGOSJ8_IA/ARGOSJ8_IA_/install/spacenav:/home/rhobtor/PHD/ARGOSJ8_IA/ARGOSJ8_IA_/install/laser_segmentation:/home/rhobtor/PHD/ARGOSJ8_IA/ARGOSJ8_IA_/install/slg_msgs:/home/rhobtor/PHD/ARGOSJ8_IA/ARGOSJ8_IA_/install/security_check_interfaces:/home/rhobtor/PHD/ARGOSJ8_IA/ARGOSJ8_IA_/install/joy:/home/rhobtor/PHD/ARGOSJ8_IA/ARGOSJ8_IA_/install/sdl2_vendor:/home/rhobtor/PHD/ARGOSJ8_IA/ARGOSJ8_IA_/install/path_manager:/home/rhobtor/PHD/ARGOSJ8_IA/ARGOSJ8_IA_/install/path_manager_interfaces:/home/rhobtor/PHD/ARGOSJ8_IA/ARGOSJ8_IA_/install/joy_linux:/home/rhobtor/PHD/ARGOSJ8_IA/ARGOSJ8_IA_/install/j8_xacro_model:/home/rhobtor/PHD/ARGOSJ8_IA/ARGOSJ8_IA_/install/hikmicro_thermal_camera:/home/rhobtor/PHD/ARGOSJ8_IA/ARGOSJ8_IA_/install/hector_gazebo_plugins:/home/rhobtor/PHD/ARGOSJ8_IA/ARGOSJ8_IA_/install/fixposition_sensor_pkg:/home/rhobtor/PHD/ARGOSJ8_IA/ARGOSJ8_IA_/install/fixposition_odometry_converter_ros2:/home/rhobtor/PHD/ARGOSJ8_IA/ARGOSJ8_IA_/install/fixposition_driver_ros2:/home/rhobtor/PHD/ARGOSJ8_IA/ARGOSJ8_IA_/install/fixposition_driver_lib:/home/rhobtor/PHD/ARGOSJ8_IA/ARGOSJ8_IA_/install/fixposition_gnss_tf:/home/rhobtor/PHD/ARGOSJ8_IA/ARGOSJ8_IA_/install/ctl_mission_interfaces:/home/rhobtor/PHD/ARGOSJ8_IA/ARGOSJ8_IA_/install/car_cpp:/home/rhobtor/PHD/ARGOSJ8_IA/ARGOSJ8_IA_/install/car_interfaces:/home/rhobtor/PHD/ARGOSJ8_IA/ARGOSJ8_IA_/install/argj801_setup:/home/rhobtor/PHD/ARGOSJ8_IA/ARGOSJ8_IA_/install/argj801_sensors:/home/rhobtor/PHD/ARGOSJ8_IA/ARGOSJ8_IA_/install/argj801_sensors_msgs:/home/rhobtor/PHD/ARGOSJ8_IA/ARGOSJ8_IA_/install/argj801_ctl_platform:/home/rhobtor/PHD/ARGOSJ8_IA/ARGOSJ8_IA_/install/argj801_ctl_platform_interfaces:/home/rhobtor/PHD/model_terrain_ugv/Model_terrain_ugv/install/model_terrain_cpp:/home/rhobtor/PHD/path_dem/install_navigation/path_dem:/home/rhobtor/PHD/path_dem/install/path_dem:/home/rhobtor/PHD/install_global_belief_final/path_dem:/home/rhobtor/PHD/ARGOSJ8_IA/ARGOSJ8_IA_/install/car:/home/rhobtor/PHD/ARGOSJ8_IA/ARGOSJ8_IA_/install/ntrip_client:/home/rhobtor/PHD/ARGOSJ8_IA/ARGOSJ8_IA_/install/j8_gui:/home/rhobtor/PHD/ARGOSJ8_IA/ARGOSJ8_IA_/install/gui:/home/rhobtor/PHD/ARGOSJ8_IA/ARGOSJ8_IA_/install/android_ros2_server:/home/rhobtor/PHD/ARGOSJ8_IA/ARGOSJ8_IA_/install/GUI_pkg:/home/rhobtor/PHD/model_terrain_ugv/Model_terrain_ugv/install/model_terrain:/opt/ros/humble LD_LIBRARY_PATH=/home/rhobtor/PHD/j8_control/J8_control/install/argj801_sensors_msgs/lib:/home/rhobtor/PHD/j8_control/J8_control/install/argj801_ctl_platform_interfaces/lib:${LD_LIBRARY_PATH} PYTHONPATH=/home/rhobtor/PHD/j8_control/J8_control/install/argj801_sensors_msgs/local/lib/python3.10/dist-packages:/home/rhobtor/PHD/j8_control/J8_control/install/argj801_ctl_platform_interfaces/local/lib/python3.10/dist-packages:${PYTHONPATH} /usr/bin/cmake /home/rhobtor/PHD/j8_control/J8_control/src/argo_drivers_pkgs/argj801_sensors/argj801_sensors -DCMAKE_INSTALL_PREFIX=/home/rhobtor/PHD/j8_control/J8_control/install/argj801_sensors
[4.476s] -- The C compiler identification is GNU 11.4.0
[4.477s] -- The CXX compiler identification is GNU 11.4.0
[4.477s] -- Detecting C compiler ABI info
[4.477s] -- Detecting C compiler ABI info - done
[4.477s] -- Check for working C compiler: /usr/bin/cc - skipped
[4.477s] -- Detecting C compile features
[4.477s] -- Detecting C compile features - done
[4.477s] -- Detecting CXX compiler ABI info
[4.477s] -- Detecting CXX compiler ABI info - done
[4.477s] -- Check for working CXX compiler: /usr/bin/c++ - skipped
[4.477s] -- Detecting CXX compile features
[4.477s] -- Detecting CXX compile features - done
[4.477s] -- Found ament_cmake: 1.3.14 (/opt/ros/humble/share/ament_cmake/cmake)
[4.477s] -- Found Python3: /usr/bin/python3 (found version "3.10.12") found components: Interpreter 
[4.477s] -- Found rclcpp: 16.0.19 (/opt/ros/humble/share/rclcpp/cmake)
[4.477s] -- Found rosidl_generator_c: 3.1.9 (/opt/ros/humble/share/rosidl_generator_c/cmake)
[4.477s] -- Found rosidl_adapter: 3.1.9 (/opt/ros/humble/share/rosidl_adapter/cmake)
[4.477s] -- Found rosidl_generator_cpp: 3.1.9 (/opt/ros/humble/share/rosidl_generator_cpp/cmake)
[4.477s] -- Using all available rosidl_typesupport_c: rosidl_typesupport_fastrtps_c;rosidl_typesupport_introspection_c
[4.477s] -- Using all available rosidl_typesupport_cpp: rosidl_typesupport_fastrtps_cpp;rosidl_typesupport_introspection_cpp
[4.477s] -- Found rmw_implementation_cmake: 6.1.3 (/opt/ros/humble/share/rmw_implementation_cmake/cmake)
[4.478s] -- Found rmw_fastrtps_cpp: 6.2.10 (/opt/ros/humble/share/rmw_fastrtps_cpp/cmake)
[4.478s] -- Found OpenSSL: /usr/lib/x86_64-linux-gnu/libcrypto.so (found version "3.0.2")  
[4.478s] -- Found FastRTPS: /opt/ros/humble/include  
[4.478s] -- Using RMW implementation 'rmw_fastrtps_cpp' as default
[4.478s] -- Looking for pthread.h
[4.478s] -- Looking for pthread.h - found
[4.478s] -- Performing Test CMAKE_HAVE_LIBC_PTHREAD
[4.478s] -- Performing Test CMAKE_HAVE_LIBC_PTHREAD - Success
[4.478s] -- Found Threads: TRUE  
[4.478s] -- Found rclcpp_lifecycle: 16.0.19 (/opt/ros/humble/share/rclcpp_lifecycle/cmake)
[4.478s] -- Found sensor_msgs: 4.9.2 (/opt/ros/humble/share/sensor_msgs/cmake)
[4.492s] -- Found argj801_sensors_msgs: 0.0.0 (/home/rhobtor/PHD/j8_control/J8_control/install/argj801_sensors_msgs/share/argj801_sensors_msgs/cmake)
[4.509s] -- Found diagnostic_updater: 4.0.7 (/opt/ros/humble/share/diagnostic_updater/cmake)
[4.536s] -- Found cv_bridge: 3.2.1 (/opt/ros/humble/share/cv_bridge/cmake)
[4.551s] -- Found OpenCV: /usr (found version "4.5.4") 
[4.560s] [0mCMake Deprecation Warning at /usr/local/lib/lcm/cmake/lcmJavaTargets.cmake:3 (cmake_policy):
[4.560s]   Compatibility with CMake < 2.8.12 will be removed from a future version of
[4.560s]   CMake.
[4.560s] 
[4.560s]   Update the VERSION argument <min> value or use a ...<max> suffix to tell
[4.560s]   CMake that the project does not need compatibility with older versions.
[4.560s] Call Stack (most recent call first):
[4.561s]   /usr/local/lib/lcm/cmake/lcmConfig.cmake:7 (include)
[4.561s]   src/argj801_lcm/CMakeLists.txt:5 (find_package)
[4.561s] 
[4.561s] [0m
[4.598s] -- Found ament_lint_auto: 0.12.15 (/opt/ros/humble/share/ament_lint_auto/cmake)
[4.759s] -- Added test 'cppcheck' to perform static code analysis on C / C++ code
[4.762s] -- Configured cppcheck include dirs: $<BUILD_INTERFACE:/home/rhobtor/PHD/j8_control/J8_control/src/argo_drivers_pkgs/argj801_sensors/argj801_sensors/include>
[4.762s] -- Configured cppcheck exclude dirs and/or files: 
[4.764s] -- Added test 'flake8' to check Python code syntax and style conventions
[4.773s] -- Added test 'lint_cmake' to check CMake code style
[4.776s] -- Added test 'pep257' to check Python code against some of the docstring style conventions in PEP 257
[4.792s] -- Added test 'uncrustify' to check C / C++ code style
[4.793s] -- Configured uncrustify additional arguments: 
[4.793s] -- Added test 'xmllint' to check XML markup files
[4.797s] -- Configuring done
[4.822s] -- Generating done
[4.829s] -- Build files have been written to: /home/rhobtor/PHD/j8_control/J8_control/build/argj801_sensors
[4.898s] Invoked command in '/home/rhobtor/PHD/j8_control/J8_control/build/argj801_sensors' returned '0': AMENT_PREFIX_PATH=/home/rhobtor/PHD/j8_control/J8_control/install/argj801_sensors_msgs:/home/rhobtor/PHD/j8_control/J8_control/install/argj801_ctl_platform_interfaces:${AMENT_PREFIX_PATH} CMAKE_PREFIX_PATH=/home/rhobtor/PHD/j8_control/J8_control/install/argj801_sensors_msgs:/home/rhobtor/PHD/j8_control/J8_control/install/argj801_ctl_platform_interfaces:/home/rhobtor/PHD/ARGOSJ8_IA/ARGOSJ8_IA_/install/wiimote_msgs:/home/rhobtor/PHD/ARGOSJ8_IA/ARGOSJ8_IA_/install/ublox:/home/rhobtor/PHD/ARGOSJ8_IA/ARGOSJ8_IA_/install/ublox_gps:/home/rhobtor/PHD/ARGOSJ8_IA/ARGOSJ8_IA_/install/security_check:/home/rhobtor/PHD/ARGOSJ8_IA/ARGOSJ8_IA_/install/ctl_mission:/home/rhobtor/PHD/ARGOSJ8_IA/ARGOSJ8_IA_/install/ublox_msgs:/home/rhobtor/PHD/ARGOSJ8_IA/ARGOSJ8_IA_/install/ublox_serialization:/home/rhobtor/PHD/ARGOSJ8_IA/ARGOSJ8_IA_/install/spacenav:/home/rhobtor/PHD/ARGOSJ8_IA/ARGOSJ8_IA_/install/laser_segmentation:/home/rhobtor/PHD/ARGOSJ8_IA/ARGOSJ8_IA_/install/slg_msgs:/home/rhobtor/PHD/ARGOSJ8_IA/ARGOSJ8_IA_/install/security_check_interfaces:/home/rhobtor/PHD/ARGOSJ8_IA/ARGOSJ8_IA_/install/joy:/home/rhobtor/PHD/ARGOSJ8_IA/ARGOSJ8_IA_/install/sdl2_vendor:/home/rhobtor/PHD/ARGOSJ8_IA/ARGOSJ8_IA_/install/path_manager:/home/rhobtor/PHD/ARGOSJ8_IA/ARGOSJ8_IA_/install/path_manager_interfaces:/home/rhobtor/PHD/ARGOSJ8_IA/ARGOSJ8_IA_/install/joy_linux:/home/rhobtor/PHD/ARGOSJ8_IA/ARGOSJ8_IA_/install/j8_xacro_model:/home/rhobtor/PHD/ARGOSJ8_IA/ARGOSJ8_IA_/install/hikmicro_thermal_camera:/home/rhobtor/PHD/ARGOSJ8_IA/ARGOSJ8_IA_/install/hector_gazebo_plugins:/home/rhobtor/PHD/ARGOSJ8_IA/ARGOSJ8_IA_/install/fixposition_sensor_pkg:/home/rhobtor/PHD/ARGOSJ8_IA/ARGOSJ8_IA_/install/fixposition_odometry_converter_ros2:/home/rhobtor/PHD/ARGOSJ8_IA/ARGOSJ8_IA_/install/fixposition_driver_ros2:/home/rhobtor/PHD/ARGOSJ8_IA/ARGOSJ8_IA_/install/fixposition_driver_lib:/home/rhobtor/PHD/ARGOSJ8_IA/ARGOSJ8_IA_/install/fixposition_gnss_tf:/home/rhobtor/PHD/ARGOSJ8_IA/ARGOSJ8_IA_/install/ctl_mission_interfaces:/home/rhobtor/PHD/ARGOSJ8_IA/ARGOSJ8_IA_/install/car_cpp:/home/rhobtor/PHD/ARGOSJ8_IA/ARGOSJ8_IA_/install/car_interfaces:/home/rhobtor/PHD/ARGOSJ8_IA/ARGOSJ8_IA_/install/argj801_setup:/home/rhobtor/PHD/ARGOSJ8_IA/ARGOSJ8_IA_/install/argj801_sensors:/home/rhobtor/PHD/ARGOSJ8_IA/ARGOSJ8_IA_/install/argj801_sensors_msgs:/home/rhobtor/PHD/ARGOSJ8_IA/ARGOSJ8_IA_/install/argj801_ctl_platform:/home/rhobtor/PHD/ARGOSJ8_IA/ARGOSJ8_IA_/install/argj801_ctl_platform_interfaces:/home/rhobtor/PHD/model_terrain_ugv/Model_terrain_ugv/install/model_terrain_cpp:/home/rhobtor/PHD/path_dem/install_navigation/path_dem:/home/rhobtor/PHD/path_dem/install/path_dem:/home/rhobtor/PHD/install_global_belief_final/path_dem:/home/rhobtor/PHD/ARGOSJ8_IA/ARGOSJ8_IA_/install/car:/home/rhobtor/PHD/ARGOSJ8_IA/ARGOSJ8_IA_/install/ntrip_client:/home/rhobtor/PHD/ARGOSJ8_IA/ARGOSJ8_IA_/install/j8_gui:/home/rhobtor/PHD/ARGOSJ8_IA/ARGOSJ8_IA_/install/gui:/home/rhobtor/PHD/ARGOSJ8_IA/ARGOSJ8_IA_/install/android_ros2_server:/home/rhobtor/PHD/ARGOSJ8_IA/ARGOSJ8_IA_/install/GUI_pkg:/home/rhobtor/PHD/model_terrain_ugv/Model_terrain_ugv/install/model_terrain:/opt/ros/humble LD_LIBRARY_PATH=/home/rhobtor/PHD/j8_control/J8_control/install/argj801_sensors_msgs/lib:/home/rhobtor/PHD/j8_control/J8_control/install/argj801_ctl_platform_interfaces/lib:${LD_LIBRARY_PATH} PYTHONPATH=/home/rhobtor/PHD/j8_control/J8_control/install/argj801_sensors_msgs/local/lib/python3.10/dist-packages:/home/rhobtor/PHD/j8_control/J8_control/install/argj801_ctl_platform_interfaces/local/lib/python3.10/dist-packages:${PYTHONPATH} /usr/bin/cmake /home/rhobtor/PHD/j8_control/J8_control/src/argo_drivers_pkgs/argj801_sensors/argj801_sensors -DCMAKE_INSTALL_PREFIX=/home/rhobtor/PHD/j8_control/J8_control/install/argj801_sensors
[4.899s] Invoking command in '/home/rhobtor/PHD/j8_control/J8_control/build/argj801_sensors': AMENT_PREFIX_PATH=/home/rhobtor/PHD/j8_control/J8_control/install/argj801_sensors_msgs:/home/rhobtor/PHD/j8_control/J8_control/install/argj801_ctl_platform_interfaces:${AMENT_PREFIX_PATH} CMAKE_PREFIX_PATH=/home/rhobtor/PHD/j8_control/J8_control/install/argj801_sensors_msgs:/home/rhobtor/PHD/j8_control/J8_control/install/argj801_ctl_platform_interfaces:/home/rhobtor/PHD/ARGOSJ8_IA/ARGOSJ8_IA_/install/wiimote_msgs:/home/rhobtor/PHD/ARGOSJ8_IA/ARGOSJ8_IA_/install/ublox:/home/rhobtor/PHD/ARGOSJ8_IA/ARGOSJ8_IA_/install/ublox_gps:/home/rhobtor/PHD/ARGOSJ8_IA/ARGOSJ8_IA_/install/security_check:/home/rhobtor/PHD/ARGOSJ8_IA/ARGOSJ8_IA_/install/ctl_mission:/home/rhobtor/PHD/ARGOSJ8_IA/ARGOSJ8_IA_/install/ublox_msgs:/home/rhobtor/PHD/ARGOSJ8_IA/ARGOSJ8_IA_/install/ublox_serialization:/home/rhobtor/PHD/ARGOSJ8_IA/ARGOSJ8_IA_/install/spacenav:/home/rhobtor/PHD/ARGOSJ8_IA/ARGOSJ8_IA_/install/laser_segmentation:/home/rhobtor/PHD/ARGOSJ8_IA/ARGOSJ8_IA_/install/slg_msgs:/home/rhobtor/PHD/ARGOSJ8_IA/ARGOSJ8_IA_/install/security_check_interfaces:/home/rhobtor/PHD/ARGOSJ8_IA/ARGOSJ8_IA_/install/joy:/home/rhobtor/PHD/ARGOSJ8_IA/ARGOSJ8_IA_/install/sdl2_vendor:/home/rhobtor/PHD/ARGOSJ8_IA/ARGOSJ8_IA_/install/path_manager:/home/rhobtor/PHD/ARGOSJ8_IA/ARGOSJ8_IA_/install/path_manager_interfaces:/home/rhobtor/PHD/ARGOSJ8_IA/ARGOSJ8_IA_/install/joy_linux:/home/rhobtor/PHD/ARGOSJ8_IA/ARGOSJ8_IA_/install/j8_xacro_model:/home/rhobtor/PHD/ARGOSJ8_IA/ARGOSJ8_IA_/install/hikmicro_thermal_camera:/home/rhobtor/PHD/ARGOSJ8_IA/ARGOSJ8_IA_/install/hector_gazebo_plugins:/home/rhobtor/PHD/ARGOSJ8_IA/ARGOSJ8_IA_/install/fixposition_sensor_pkg:/home/rhobtor/PHD/ARGOSJ8_IA/ARGOSJ8_IA_/install/fixposition_odometry_converter_ros2:/home/rhobtor/PHD/ARGOSJ8_IA/ARGOSJ8_IA_/install/fixposition_driver_ros2:/home/rhobtor/PHD/ARGOSJ8_IA/ARGOSJ8_IA_/install/fixposition_driver_lib:/home/rhobtor/PHD/ARGOSJ8_IA/ARGOSJ8_IA_/install/fixposition_gnss_tf:/home/rhobtor/PHD/ARGOSJ8_IA/ARGOSJ8_IA_/install/ctl_mission_interfaces:/home/rhobtor/PHD/ARGOSJ8_IA/ARGOSJ8_IA_/install/car_cpp:/home/rhobtor/PHD/ARGOSJ8_IA/ARGOSJ8_IA_/install/car_interfaces:/home/rhobtor/PHD/ARGOSJ8_IA/ARGOSJ8_IA_/install/argj801_setup:/home/rhobtor/PHD/ARGOSJ8_IA/ARGOSJ8_IA_/install/argj801_sensors:/home/rhobtor/PHD/ARGOSJ8_IA/ARGOSJ8_IA_/install/argj801_sensors_msgs:/home/rhobtor/PHD/ARGOSJ8_IA/ARGOSJ8_IA_/install/argj801_ctl_platform:/home/rhobtor/PHD/ARGOSJ8_IA/ARGOSJ8_IA_/install/argj801_ctl_platform_interfaces:/home/rhobtor/PHD/model_terrain_ugv/Model_terrain_ugv/install/model_terrain_cpp:/home/rhobtor/PHD/path_dem/install_navigation/path_dem:/home/rhobtor/PHD/path_dem/install/path_dem:/home/rhobtor/PHD/install_global_belief_final/path_dem:/home/rhobtor/PHD/ARGOSJ8_IA/ARGOSJ8_IA_/install/car:/home/rhobtor/PHD/ARGOSJ8_IA/ARGOSJ8_IA_/install/ntrip_client:/home/rhobtor/PHD/ARGOSJ8_IA/ARGOSJ8_IA_/install/j8_gui:/home/rhobtor/PHD/ARGOSJ8_IA/ARGOSJ8_IA_/install/gui:/home/rhobtor/PHD/ARGOSJ8_IA/ARGOSJ8_IA_/install/android_ros2_server:/home/rhobtor/PHD/ARGOSJ8_IA/ARGOSJ8_IA_/install/GUI_pkg:/home/rhobtor/PHD/model_terrain_ugv/Model_terrain_ugv/install/model_terrain:/opt/ros/humble LD_LIBRARY_PATH=/home/rhobtor/PHD/j8_control/J8_control/install/argj801_sensors_msgs/lib:/home/rhobtor/PHD/j8_control/J8_control/install/argj801_ctl_platform_interfaces/lib:${LD_LIBRARY_PATH} PYTHONPATH=/home/rhobtor/PHD/j8_control/J8_control/install/argj801_sensors_msgs/local/lib/python3.10/dist-packages:/home/rhobtor/PHD/j8_control/J8_control/install/argj801_ctl_platform_interfaces/local/lib/python3.10/dist-packages:${PYTHONPATH} /usr/bin/cmake --build /home/rhobtor/PHD/j8_control/J8_control/build/argj801_sensors -- -j20 -l20
[5.742s] [  6%] [32mBuilding CXX object src/argj801_lcm/CMakeFiles/argj801_lcm.dir/src/LCM_interface.cpp.o[0m
[7.469s] [ 12%] [32m[1mLinking CXX static library libargj801_lcm.a[0m
[7.549s] [ 12%] Built target argj801_lcm
[7.587s] [ 18%] [32mBuilding CXX object CMakeFiles/ARGJ801_sensors_node.dir/src/main.cpp.o[0m
[14.236s] [ 25%] [32mBuilding CXX object CMakeFiles/ARGJ801_sensors_node.dir/src/visitor/SensorDataVisitor.cpp.o[0m
[17.086s] [ 31%] [32mBuilding CXX object CMakeFiles/ARGJ801_sensors_node.dir/src/data/CompressedImage.cpp.o[0m
[18.463s] [ 37%] [32mBuilding CXX object CMakeFiles/ARGJ801_sensors_node.dir/src/data/Twist.cpp.o[0m
[19.712s] [ 43%] [32mBuilding CXX object CMakeFiles/ARGJ801_sensors_node.dir/src/data/OdometerData.cpp.o[0m
[20.736s] [ 50%] [32mBuilding CXX object CMakeFiles/ARGJ801_sensors_node.dir/src/data/MotorTelemetry.cpp.o[0m
[22.296s] [ 56%] [32mBuilding CXX object CMakeFiles/ARGJ801_sensors_node.dir/src/data/Composite.cpp.o[0m
[22.538s] [ 62%] [32mBuilding CXX object CMakeFiles/ARGJ801_sensors_node.dir/src/data/LidarData.cpp.o[0m
[23.607s] [ 68%] [32mBuilding CXX object CMakeFiles/ARGJ801_sensors_node.dir/src/argj801_sensors/argj801_camera_interface.cpp.o[0m
[25.837s] [ 75%] [32mBuilding CXX object CMakeFiles/ARGJ801_sensors_node.dir/src/argj801_sensors/argj801_sensor_interface.cpp.o[0m
[27.483s] [ 81%] [32mBuilding CXX object CMakeFiles/ARGJ801_sensors_node.dir/src/argj801_sensors/argj801_camera_builder.cpp.o[0m
[29.400s] [ 87%] [32mBuilding CXX object CMakeFiles/ARGJ801_sensors_node.dir/src/argj801_sensors/argj801_lcm_sensors_builder.cpp.o[0m
[30.926s] [ 93%] [32mBuilding CXX object CMakeFiles/ARGJ801_sensors_node.dir/src/argj801_sensors/argj801_sensors_node.cpp.o[0m
[37.354s] [100%] [32m[1mLinking CXX executable ARGJ801_sensors_node[0m
[38.072s] [100%] Built target ARGJ801_sensors_node
[38.082s] Invoked command in '/home/rhobtor/PHD/j8_control/J8_control/build/argj801_sensors' returned '0': AMENT_PREFIX_PATH=/home/rhobtor/PHD/j8_control/J8_control/install/argj801_sensors_msgs:/home/rhobtor/PHD/j8_control/J8_control/install/argj801_ctl_platform_interfaces:${AMENT_PREFIX_PATH} CMAKE_PREFIX_PATH=/home/rhobtor/PHD/j8_control/J8_control/install/argj801_sensors_msgs:/home/rhobtor/PHD/j8_control/J8_control/install/argj801_ctl_platform_interfaces:/home/rhobtor/PHD/ARGOSJ8_IA/ARGOSJ8_IA_/install/wiimote_msgs:/home/rhobtor/PHD/ARGOSJ8_IA/ARGOSJ8_IA_/install/ublox:/home/rhobtor/PHD/ARGOSJ8_IA/ARGOSJ8_IA_/install/ublox_gps:/home/rhobtor/PHD/ARGOSJ8_IA/ARGOSJ8_IA_/install/security_check:/home/rhobtor/PHD/ARGOSJ8_IA/ARGOSJ8_IA_/install/ctl_mission:/home/rhobtor/PHD/ARGOSJ8_IA/ARGOSJ8_IA_/install/ublox_msgs:/home/rhobtor/PHD/ARGOSJ8_IA/ARGOSJ8_IA_/install/ublox_serialization:/home/rhobtor/PHD/ARGOSJ8_IA/ARGOSJ8_IA_/install/spacenav:/home/rhobtor/PHD/ARGOSJ8_IA/ARGOSJ8_IA_/install/laser_segmentation:/home/rhobtor/PHD/ARGOSJ8_IA/ARGOSJ8_IA_/install/slg_msgs:/home/rhobtor/PHD/ARGOSJ8_IA/ARGOSJ8_IA_/install/security_check_interfaces:/home/rhobtor/PHD/ARGOSJ8_IA/ARGOSJ8_IA_/install/joy:/home/rhobtor/PHD/ARGOSJ8_IA/ARGOSJ8_IA_/install/sdl2_vendor:/home/rhobtor/PHD/ARGOSJ8_IA/ARGOSJ8_IA_/install/path_manager:/home/rhobtor/PHD/ARGOSJ8_IA/ARGOSJ8_IA_/install/path_manager_interfaces:/home/rhobtor/PHD/ARGOSJ8_IA/ARGOSJ8_IA_/install/joy_linux:/home/rhobtor/PHD/ARGOSJ8_IA/ARGOSJ8_IA_/install/j8_xacro_model:/home/rhobtor/PHD/ARGOSJ8_IA/ARGOSJ8_IA_/install/hikmicro_thermal_camera:/home/rhobtor/PHD/ARGOSJ8_IA/ARGOSJ8_IA_/install/hector_gazebo_plugins:/home/rhobtor/PHD/ARGOSJ8_IA/ARGOSJ8_IA_/install/fixposition_sensor_pkg:/home/rhobtor/PHD/ARGOSJ8_IA/ARGOSJ8_IA_/install/fixposition_odometry_converter_ros2:/home/rhobtor/PHD/ARGOSJ8_IA/ARGOSJ8_IA_/install/fixposition_driver_ros2:/home/rhobtor/PHD/ARGOSJ8_IA/ARGOSJ8_IA_/install/fixposition_driver_lib:/home/rhobtor/PHD/ARGOSJ8_IA/ARGOSJ8_IA_/install/fixposition_gnss_tf:/home/rhobtor/PHD/ARGOSJ8_IA/ARGOSJ8_IA_/install/ctl_mission_interfaces:/home/rhobtor/PHD/ARGOSJ8_IA/ARGOSJ8_IA_/install/car_cpp:/home/rhobtor/PHD/ARGOSJ8_IA/ARGOSJ8_IA_/install/car_interfaces:/home/rhobtor/PHD/ARGOSJ8_IA/ARGOSJ8_IA_/install/argj801_setup:/home/rhobtor/PHD/ARGOSJ8_IA/ARGOSJ8_IA_/install/argj801_sensors:/home/rhobtor/PHD/ARGOSJ8_IA/ARGOSJ8_IA_/install/argj801_sensors_msgs:/home/rhobtor/PHD/ARGOSJ8_IA/ARGOSJ8_IA_/install/argj801_ctl_platform:/home/rhobtor/PHD/ARGOSJ8_IA/ARGOSJ8_IA_/install/argj801_ctl_platform_interfaces:/home/rhobtor/PHD/model_terrain_ugv/Model_terrain_ugv/install/model_terrain_cpp:/home/rhobtor/PHD/path_dem/install_navigation/path_dem:/home/rhobtor/PHD/path_dem/install/path_dem:/home/rhobtor/PHD/install_global_belief_final/path_dem:/home/rhobtor/PHD/ARGOSJ8_IA/ARGOSJ8_IA_/install/car:/home/rhobtor/PHD/ARGOSJ8_IA/ARGOSJ8_IA_/install/ntrip_client:/home/rhobtor/PHD/ARGOSJ8_IA/ARGOSJ8_IA_/install/j8_gui:/home/rhobtor/PHD/ARGOSJ8_IA/ARGOSJ8_IA_/install/gui:/home/rhobtor/PHD/ARGOSJ8_IA/ARGOSJ8_IA_/install/android_ros2_server:/home/rhobtor/PHD/ARGOSJ8_IA/ARGOSJ8_IA_/install/GUI_pkg:/home/rhobtor/PHD/model_terrain_ugv/Model_terrain_ugv/install/model_terrain:/opt/ros/humble LD_LIBRARY_PATH=/home/rhobtor/PHD/j8_control/J8_control/install/argj801_sensors_msgs/lib:/home/rhobtor/PHD/j8_control/J8_control/install/argj801_ctl_platform_interfaces/lib:${LD_LIBRARY_PATH} PYTHONPATH=/home/rhobtor/PHD/j8_control/J8_control/install/argj801_sensors_msgs/local/lib/python3.10/dist-packages:/home/rhobtor/PHD/j8_control/J8_control/install/argj801_ctl_platform_interfaces/local/lib/python3.10/dist-packages:${PYTHONPATH} /usr/bin/cmake --build /home/rhobtor/PHD/j8_control/J8_control/build/argj801_sensors -- -j20 -l20
[38.083s] Invoking command in '/home/rhobtor/PHD/j8_control/J8_control/build/argj801_sensors': AMENT_PREFIX_PATH=/home/rhobtor/PHD/j8_control/J8_control/install/argj801_sensors_msgs:/home/rhobtor/PHD/j8_control/J8_control/install/argj801_ctl_platform_interfaces:${AMENT_PREFIX_PATH} CMAKE_PREFIX_PATH=/home/rhobtor/PHD/j8_control/J8_control/install/argj801_sensors_msgs:/home/rhobtor/PHD/j8_control/J8_control/install/argj801_ctl_platform_interfaces:/home/rhobtor/PHD/ARGOSJ8_IA/ARGOSJ8_IA_/install/wiimote_msgs:/home/rhobtor/PHD/ARGOSJ8_IA/ARGOSJ8_IA_/install/ublox:/home/rhobtor/PHD/ARGOSJ8_IA/ARGOSJ8_IA_/install/ublox_gps:/home/rhobtor/PHD/ARGOSJ8_IA/ARGOSJ8_IA_/install/security_check:/home/rhobtor/PHD/ARGOSJ8_IA/ARGOSJ8_IA_/install/ctl_mission:/home/rhobtor/PHD/ARGOSJ8_IA/ARGOSJ8_IA_/install/ublox_msgs:/home/rhobtor/PHD/ARGOSJ8_IA/ARGOSJ8_IA_/install/ublox_serialization:/home/rhobtor/PHD/ARGOSJ8_IA/ARGOSJ8_IA_/install/spacenav:/home/rhobtor/PHD/ARGOSJ8_IA/ARGOSJ8_IA_/install/laser_segmentation:/home/rhobtor/PHD/ARGOSJ8_IA/ARGOSJ8_IA_/install/slg_msgs:/home/rhobtor/PHD/ARGOSJ8_IA/ARGOSJ8_IA_/install/security_check_interfaces:/home/rhobtor/PHD/ARGOSJ8_IA/ARGOSJ8_IA_/install/joy:/home/rhobtor/PHD/ARGOSJ8_IA/ARGOSJ8_IA_/install/sdl2_vendor:/home/rhobtor/PHD/ARGOSJ8_IA/ARGOSJ8_IA_/install/path_manager:/home/rhobtor/PHD/ARGOSJ8_IA/ARGOSJ8_IA_/install/path_manager_interfaces:/home/rhobtor/PHD/ARGOSJ8_IA/ARGOSJ8_IA_/install/joy_linux:/home/rhobtor/PHD/ARGOSJ8_IA/ARGOSJ8_IA_/install/j8_xacro_model:/home/rhobtor/PHD/ARGOSJ8_IA/ARGOSJ8_IA_/install/hikmicro_thermal_camera:/home/rhobtor/PHD/ARGOSJ8_IA/ARGOSJ8_IA_/install/hector_gazebo_plugins:/home/rhobtor/PHD/ARGOSJ8_IA/ARGOSJ8_IA_/install/fixposition_sensor_pkg:/home/rhobtor/PHD/ARGOSJ8_IA/ARGOSJ8_IA_/install/fixposition_odometry_converter_ros2:/home/rhobtor/PHD/ARGOSJ8_IA/ARGOSJ8_IA_/install/fixposition_driver_ros2:/home/rhobtor/PHD/ARGOSJ8_IA/ARGOSJ8_IA_/install/fixposition_driver_lib:/home/rhobtor/PHD/ARGOSJ8_IA/ARGOSJ8_IA_/install/fixposition_gnss_tf:/home/rhobtor/PHD/ARGOSJ8_IA/ARGOSJ8_IA_/install/ctl_mission_interfaces:/home/rhobtor/PHD/ARGOSJ8_IA/ARGOSJ8_IA_/install/car_cpp:/home/rhobtor/PHD/ARGOSJ8_IA/ARGOSJ8_IA_/install/car_interfaces:/home/rhobtor/PHD/ARGOSJ8_IA/ARGOSJ8_IA_/install/argj801_setup:/home/rhobtor/PHD/ARGOSJ8_IA/ARGOSJ8_IA_/install/argj801_sensors:/home/rhobtor/PHD/ARGOSJ8_IA/ARGOSJ8_IA_/install/argj801_sensors_msgs:/home/rhobtor/PHD/ARGOSJ8_IA/ARGOSJ8_IA_/install/argj801_ctl_platform:/home/rhobtor/PHD/ARGOSJ8_IA/ARGOSJ8_IA_/install/argj801_ctl_platform_interfaces:/home/rhobtor/PHD/model_terrain_ugv/Model_terrain_ugv/install/model_terrain_cpp:/home/rhobtor/PHD/path_dem/install_navigation/path_dem:/home/rhobtor/PHD/path_dem/install/path_dem:/home/rhobtor/PHD/install_global_belief_final/path_dem:/home/rhobtor/PHD/ARGOSJ8_IA/ARGOSJ8_IA_/install/car:/home/rhobtor/PHD/ARGOSJ8_IA/ARGOSJ8_IA_/install/ntrip_client:/home/rhobtor/PHD/ARGOSJ8_IA/ARGOSJ8_IA_/install/j8_gui:/home/rhobtor/PHD/ARGOSJ8_IA/ARGOSJ8_IA_/install/gui:/home/rhobtor/PHD/ARGOSJ8_IA/ARGOSJ8_IA_/install/android_ros2_server:/home/rhobtor/PHD/ARGOSJ8_IA/ARGOSJ8_IA_/install/GUI_pkg:/home/rhobtor/PHD/model_terrain_ugv/Model_terrain_ugv/install/model_terrain:/opt/ros/humble LD_LIBRARY_PATH=/home/rhobtor/PHD/j8_control/J8_control/install/argj801_sensors_msgs/lib:/home/rhobtor/PHD/j8_control/J8_control/install/argj801_ctl_platform_interfaces/lib:${LD_LIBRARY_PATH} PYTHONPATH=/home/rhobtor/PHD/j8_control/J8_control/install/argj801_sensors_msgs/local/lib/python3.10/dist-packages:/home/rhobtor/PHD/j8_control/J8_control/install/argj801_ctl_platform_interfaces/local/lib/python3.10/dist-packages:${PYTHONPATH} /usr/bin/cmake --install /home/rhobtor/PHD/j8_control/J8_control/build/argj801_sensors
[38.095s] -- Install configuration: ""
[38.096s] -- Installing: /home/rhobtor/PHD/j8_control/J8_control/install/argj801_sensors/lib/argj801_sensors/ARGJ801_sensors_node
[38.096s] -- Set runtime path of "/home/rhobtor/PHD/j8_control/J8_control/install/argj801_sensors/lib/argj801_sensors/ARGJ801_sensors_node" to ""
[38.096s] -- Installing: /home/rhobtor/PHD/j8_control/J8_control/install/argj801_sensors/share/argj801_sensors//launch
[38.096s] -- Installing: /home/rhobtor/PHD/j8_control/J8_control/install/argj801_sensors/share/argj801_sensors//launch/argj801_sensors_launch_camera_rear.py
[38.096s] -- Installing: /home/rhobtor/PHD/j8_control/J8_control/install/argj801_sensors/share/argj801_sensors//launch/__pycache__
[38.096s] -- Installing: /home/rhobtor/PHD/j8_control/J8_control/install/argj801_sensors/share/argj801_sensors//launch/__pycache__/argj801_sensors_launch_lcm_sensors.cpython-310.pyc
[38.096s] -- Installing: /home/rhobtor/PHD/j8_control/J8_control/install/argj801_sensors/share/argj801_sensors//launch/argj801_sensors_launch_lcm_sensors.py
[38.096s] -- Installing: /home/rhobtor/PHD/j8_control/J8_control/install/argj801_sensors/share/argj801_sensors//launch/argj801_sensors_launch_camera_front.py
[38.096s] -- Installing: /home/rhobtor/PHD/j8_control/J8_control/install/argj801_sensors/share/argj801_sensors//config
[38.096s] -- Installing: /home/rhobtor/PHD/j8_control/J8_control/install/argj801_sensors/share/argj801_sensors//config/argj801_sensors_params_camera_front.yaml
[38.096s] -- Installing: /home/rhobtor/PHD/j8_control/J8_control/install/argj801_sensors/share/argj801_sensors//config/argj801_sensors_params_camera_rear.yaml
[38.096s] -- Installing: /home/rhobtor/PHD/j8_control/J8_control/install/argj801_sensors/share/argj801_sensors//config/argj801_sensors_params_lcm_sensors.yaml
[38.096s] -- Installing: /home/rhobtor/PHD/j8_control/J8_control/install/argj801_sensors/include/argj801_sensors/include
[38.096s] -- Installing: /home/rhobtor/PHD/j8_control/J8_control/install/argj801_sensors/include/argj801_sensors/include/visitor
[38.096s] -- Installing: /home/rhobtor/PHD/j8_control/J8_control/install/argj801_sensors/include/argj801_sensors/include/visitor/Visitor.hpp
[38.096s] -- Installing: /home/rhobtor/PHD/j8_control/J8_control/install/argj801_sensors/include/argj801_sensors/include/visitor/SensorDataVisitor.hpp
[38.096s] -- Installing: /home/rhobtor/PHD/j8_control/J8_control/install/argj801_sensors/include/argj801_sensors/include/argj801_sensors
[38.097s] -- Installing: /home/rhobtor/PHD/j8_control/J8_control/install/argj801_sensors/include/argj801_sensors/include/argj801_sensors/SensorBuilder.hpp
[38.097s] -- Installing: /home/rhobtor/PHD/j8_control/J8_control/install/argj801_sensors/include/argj801_sensors/include/argj801_sensors/argj801_sensors_interface.hpp
[38.097s] -- Installing: /home/rhobtor/PHD/j8_control/J8_control/install/argj801_sensors/include/argj801_sensors/include/argj801_sensors/argj801_lcm_sensors_builder.hpp
[38.097s] -- Installing: /home/rhobtor/PHD/j8_control/J8_control/install/argj801_sensors/include/argj801_sensors/include/argj801_sensors/argj801_camera_builder.hpp
[38.097s] -- Installing: /home/rhobtor/PHD/j8_control/J8_control/install/argj801_sensors/include/argj801_sensors/include/argj801_sensors/Sensor.hpp
[38.097s] -- Installing: /home/rhobtor/PHD/j8_control/J8_control/install/argj801_sensors/include/argj801_sensors/include/argj801_sensors/argj801_sensors_node.hpp
[38.097s] -- Installing: /home/rhobtor/PHD/j8_control/J8_control/install/argj801_sensors/include/argj801_sensors/include/argj801_sensors/argj801_camera_interface.hpp
[38.097s] -- Installing: /home/rhobtor/PHD/j8_control/J8_control/install/argj801_sensors/include/argj801_sensors/include/data
[38.097s] -- Installing: /home/rhobtor/PHD/j8_control/J8_control/install/argj801_sensors/include/argj801_sensors/include/data/Twist.hpp
[38.097s] -- Installing: /home/rhobtor/PHD/j8_control/J8_control/install/argj801_sensors/include/argj801_sensors/include/data/LidarData.hpp
[38.097s] -- Installing: /home/rhobtor/PHD/j8_control/J8_control/install/argj801_sensors/include/argj801_sensors/include/data/CompressedImage.hpp
[38.097s] -- Installing: /home/rhobtor/PHD/j8_control/J8_control/install/argj801_sensors/include/argj801_sensors/include/data/ImageData.hpp
[38.097s] -- Installing: /home/rhobtor/PHD/j8_control/J8_control/install/argj801_sensors/include/argj801_sensors/include/data/DriveLine.hpp
[38.097s] -- Installing: /home/rhobtor/PHD/j8_control/J8_control/install/argj801_sensors/include/argj801_sensors/include/data/Lidar.hpp
[38.097s] -- Installing: /home/rhobtor/PHD/j8_control/J8_control/install/argj801_sensors/include/argj801_sensors/include/data/OdometerData.hpp
[38.097s] -- Installing: /home/rhobtor/PHD/j8_control/J8_control/install/argj801_sensors/include/argj801_sensors/include/data/MotorTelemetry.hpp
[38.097s] -- Installing: /home/rhobtor/PHD/j8_control/J8_control/install/argj801_sensors/include/argj801_sensors/include/data/Composite.hpp
[38.097s] -- Installing: /home/rhobtor/PHD/j8_control/J8_control/install/argj801_sensors/share/ament_index/resource_index/package_run_dependencies/argj801_sensors
[38.097s] -- Installing: /home/rhobtor/PHD/j8_control/J8_control/install/argj801_sensors/share/ament_index/resource_index/parent_prefix_path/argj801_sensors
[38.097s] -- Installing: /home/rhobtor/PHD/j8_control/J8_control/install/argj801_sensors/share/argj801_sensors/environment/ament_prefix_path.sh
[38.097s] -- Installing: /home/rhobtor/PHD/j8_control/J8_control/install/argj801_sensors/share/argj801_sensors/environment/ament_prefix_path.dsv
[38.097s] -- Installing: /home/rhobtor/PHD/j8_control/J8_control/install/argj801_sensors/share/argj801_sensors/environment/path.sh
[38.098s] -- Installing: /home/rhobtor/PHD/j8_control/J8_control/install/argj801_sensors/share/argj801_sensors/environment/path.dsv
[38.098s] -- Installing: /home/rhobtor/PHD/j8_control/J8_control/install/argj801_sensors/share/argj801_sensors/local_setup.bash
[38.098s] -- Installing: /home/rhobtor/PHD/j8_control/J8_control/install/argj801_sensors/share/argj801_sensors/local_setup.sh
[38.098s] -- Installing: /home/rhobtor/PHD/j8_control/J8_control/install/argj801_sensors/share/argj801_sensors/local_setup.zsh
[38.098s] -- Installing: /home/rhobtor/PHD/j8_control/J8_control/install/argj801_sensors/share/argj801_sensors/local_setup.dsv
[38.098s] -- Installing: /home/rhobtor/PHD/j8_control/J8_control/install/argj801_sensors/share/argj801_sensors/package.dsv
[38.098s] -- Installing: /home/rhobtor/PHD/j8_control/J8_control/install/argj801_sensors/share/ament_index/resource_index/packages/argj801_sensors
[38.098s] -- Installing: /home/rhobtor/PHD/j8_control/J8_control/install/argj801_sensors/share/argj801_sensors/cmake/argj801_sensorsConfig.cmake
[38.098s] -- Installing: /home/rhobtor/PHD/j8_control/J8_control/install/argj801_sensors/share/argj801_sensors/cmake/argj801_sensorsConfig-version.cmake
[38.098s] -- Installing: /home/rhobtor/PHD/j8_control/J8_control/install/argj801_sensors/share/argj801_sensors/package.xml
[38.099s] -- Installing: /home/rhobtor/PHD/j8_control/J8_control/install/argj801_sensors/share/argj801_lcm//config
[38.099s] -- Installing: /home/rhobtor/PHD/j8_control/J8_control/install/argj801_sensors/share/argj801_lcm//config/argj801_lcm_config_sensors.yaml
[38.099s] -- Installing: /home/rhobtor/PHD/j8_control/J8_control/install/argj801_sensors/share/argj801_lcm//config/argj801_lcm_config_platform.yaml
[38.102s] Invoked command in '/home/rhobtor/PHD/j8_control/J8_control/build/argj801_sensors' returned '0': AMENT_PREFIX_PATH=/home/rhobtor/PHD/j8_control/J8_control/install/argj801_sensors_msgs:/home/rhobtor/PHD/j8_control/J8_control/install/argj801_ctl_platform_interfaces:${AMENT_PREFIX_PATH} CMAKE_PREFIX_PATH=/home/rhobtor/PHD/j8_control/J8_control/install/argj801_sensors_msgs:/home/rhobtor/PHD/j8_control/J8_control/install/argj801_ctl_platform_interfaces:/home/rhobtor/PHD/ARGOSJ8_IA/ARGOSJ8_IA_/install/wiimote_msgs:/home/rhobtor/PHD/ARGOSJ8_IA/ARGOSJ8_IA_/install/ublox:/home/rhobtor/PHD/ARGOSJ8_IA/ARGOSJ8_IA_/install/ublox_gps:/home/rhobtor/PHD/ARGOSJ8_IA/ARGOSJ8_IA_/install/security_check:/home/rhobtor/PHD/ARGOSJ8_IA/ARGOSJ8_IA_/install/ctl_mission:/home/rhobtor/PHD/ARGOSJ8_IA/ARGOSJ8_IA_/install/ublox_msgs:/home/rhobtor/PHD/ARGOSJ8_IA/ARGOSJ8_IA_/install/ublox_serialization:/home/rhobtor/PHD/ARGOSJ8_IA/ARGOSJ8_IA_/install/spacenav:/home/rhobtor/PHD/ARGOSJ8_IA/ARGOSJ8_IA_/install/laser_segmentation:/home/rhobtor/PHD/ARGOSJ8_IA/ARGOSJ8_IA_/install/slg_msgs:/home/rhobtor/PHD/ARGOSJ8_IA/ARGOSJ8_IA_/install/security_check_interfaces:/home/rhobtor/PHD/ARGOSJ8_IA/ARGOSJ8_IA_/install/joy:/home/rhobtor/PHD/ARGOSJ8_IA/ARGOSJ8_IA_/install/sdl2_vendor:/home/rhobtor/PHD/ARGOSJ8_IA/ARGOSJ8_IA_/install/path_manager:/home/rhobtor/PHD/ARGOSJ8_IA/ARGOSJ8_IA_/install/path_manager_interfaces:/home/rhobtor/PHD/ARGOSJ8_IA/ARGOSJ8_IA_/install/joy_linux:/home/rhobtor/PHD/ARGOSJ8_IA/ARGOSJ8_IA_/install/j8_xacro_model:/home/rhobtor/PHD/ARGOSJ8_IA/ARGOSJ8_IA_/install/hikmicro_thermal_camera:/home/rhobtor/PHD/ARGOSJ8_IA/ARGOSJ8_IA_/install/hector_gazebo_plugins:/home/rhobtor/PHD/ARGOSJ8_IA/ARGOSJ8_IA_/install/fixposition_sensor_pkg:/home/rhobtor/PHD/ARGOSJ8_IA/ARGOSJ8_IA_/install/fixposition_odometry_converter_ros2:/home/rhobtor/PHD/ARGOSJ8_IA/ARGOSJ8_IA_/install/fixposition_driver_ros2:/home/rhobtor/PHD/ARGOSJ8_IA/ARGOSJ8_IA_/install/fixposition_driver_lib:/home/rhobtor/PHD/ARGOSJ8_IA/ARGOSJ8_IA_/install/fixposition_gnss_tf:/home/rhobtor/PHD/ARGOSJ8_IA/ARGOSJ8_IA_/install/ctl_mission_interfaces:/home/rhobtor/PHD/ARGOSJ8_IA/ARGOSJ8_IA_/install/car_cpp:/home/rhobtor/PHD/ARGOSJ8_IA/ARGOSJ8_IA_/install/car_interfaces:/home/rhobtor/PHD/ARGOSJ8_IA/ARGOSJ8_IA_/install/argj801_setup:/home/rhobtor/PHD/ARGOSJ8_IA/ARGOSJ8_IA_/install/argj801_sensors:/home/rhobtor/PHD/ARGOSJ8_IA/ARGOSJ8_IA_/install/argj801_sensors_msgs:/home/rhobtor/PHD/ARGOSJ8_IA/ARGOSJ8_IA_/install/argj801_ctl_platform:/home/rhobtor/PHD/ARGOSJ8_IA/ARGOSJ8_IA_/install/argj801_ctl_platform_interfaces:/home/rhobtor/PHD/model_terrain_ugv/Model_terrain_ugv/install/model_terrain_cpp:/home/rhobtor/PHD/path_dem/install_navigation/path_dem:/home/rhobtor/PHD/path_dem/install/path_dem:/home/rhobtor/PHD/install_global_belief_final/path_dem:/home/rhobtor/PHD/ARGOSJ8_IA/ARGOSJ8_IA_/install/car:/home/rhobtor/PHD/ARGOSJ8_IA/ARGOSJ8_IA_/install/ntrip_client:/home/rhobtor/PHD/ARGOSJ8_IA/ARGOSJ8_IA_/install/j8_gui:/home/rhobtor/PHD/ARGOSJ8_IA/ARGOSJ8_IA_/install/gui:/home/rhobtor/PHD/ARGOSJ8_IA/ARGOSJ8_IA_/install/android_ros2_server:/home/rhobtor/PHD/ARGOSJ8_IA/ARGOSJ8_IA_/install/GUI_pkg:/home/rhobtor/PHD/model_terrain_ugv/Model_terrain_ugv/install/model_terrain:/opt/ros/humble LD_LIBRARY_PATH=/home/rhobtor/PHD/j8_control/J8_control/install/argj801_sensors_msgs/lib:/home/rhobtor/PHD/j8_control/J8_control/install/argj801_ctl_platform_interfaces/lib:${LD_LIBRARY_PATH} PYTHONPATH=/home/rhobtor/PHD/j8_control/J8_control/install/argj801_sensors_msgs/local/lib/python3.10/dist-packages:/home/rhobtor/PHD/j8_control/J8_control/install/argj801_ctl_platform_interfaces/local/lib/python3.10/dist-packages:${PYTHONPATH} /usr/bin/cmake --install /home/rhobtor/PHD/j8_control/J8_control/build/argj801_sensors
