[0.768s] Invoking command in '/home/roverj8/LUIS/ARGJ08/ARGOSJ8_IA_/build/argj801_setup': CMAKE_PREFIX_PATH=/opt/ros/humble /usr/bin/cmake /home/roverj8/LUIS/ARGJ08/ARGOSJ8_IA_/src/argj801_setup -DCMAKE_INSTALL_PREFIX=/home/roverj8/LUIS/ARGJ08/ARGOSJ8_IA_/install/argj801_setup
[2.468s] -- Found ament_cmake: 1.3.14 (/opt/ros/humble/share/ament_cmake/cmake)
[2.468s] -- Found Python3: /usr/bin/python3 (found version "3.10.12") found components: Interpreter 
[2.468s] -- Found ament_lint_auto: 0.12.15 (/opt/ros/humble/share/ament_lint_auto/cmake)
[2.468s] -- Added test 'flake8' to check Python code syntax and style conventions
[2.468s] -- Added test 'lint_cmake' to check CMake code style
[2.468s] -- Added test 'pep257' to check Python code against some of the docstring style conventions in PEP 257
[2.468s] -- Added test 'xmllint' to check XML markup files
[2.469s] -- Configuring done
[2.469s] -- Generating done
[2.469s] -- Build files have been written to: /home/roverj8/LUIS/ARGJ08/ARGOSJ8_IA_/build/argj801_setup
[2.518s] Invoked command in '/home/roverj8/LUIS/ARGJ08/ARGOSJ8_IA_/build/argj801_setup' returned '0': CMAKE_PREFIX_PATH=/opt/ros/humble /usr/bin/cmake /home/roverj8/LUIS/ARGJ08/ARGOSJ8_IA_/src/argj801_setup -DCMAKE_INSTALL_PREFIX=/home/roverj8/LUIS/ARGJ08/ARGOSJ8_IA_/install/argj801_setup
[2.519s] Invoking command in '/home/roverj8/LUIS/ARGJ08/ARGOSJ8_IA_/build/argj801_setup': CMAKE_PREFIX_PATH=/opt/ros/humble /usr/bin/cmake --build /home/roverj8/LUIS/ARGJ08/ARGOSJ8_IA_/build/argj801_setup -- -j24 -l24
[2.734s] Invoked command in '/home/roverj8/LUIS/ARGJ08/ARGOSJ8_IA_/build/argj801_setup' returned '0': CMAKE_PREFIX_PATH=/opt/ros/humble /usr/bin/cmake --build /home/roverj8/LUIS/ARGJ08/ARGOSJ8_IA_/build/argj801_setup -- -j24 -l24
[2.735s] Invoking command in '/home/roverj8/LUIS/ARGJ08/ARGOSJ8_IA_/build/argj801_setup': CMAKE_PREFIX_PATH=/opt/ros/humble /usr/bin/cmake --install /home/roverj8/LUIS/ARGJ08/ARGOSJ8_IA_/build/argj801_setup
[2.774s] -- Install configuration: ""
[2.774s] -- Installing: /home/roverj8/LUIS/ARGJ08/ARGOSJ8_IA_/install/argj801_setup/share/argj801_setup//launch
[2.775s] -- Installing: /home/roverj8/LUIS/ARGJ08/ARGOSJ8_IA_/install/argj801_setup/share/argj801_setup//launch/README.md
[2.775s] -- Installing: /home/roverj8/LUIS/ARGJ08/ARGOSJ8_IA_/install/argj801_setup/share/argj801_setup//launch/J8_launch.py
[2.775s] -- Installing: /home/roverj8/LUIS/ARGJ08/ARGOSJ8_IA_/install/argj801_setup/share/argj801_setup//launch/__pycache__
[2.775s] -- Installing: /home/roverj8/LUIS/ARGJ08/ARGOSJ8_IA_/install/argj801_setup/share/argj801_setup//launch/__pycache__/J8_launch.cpython-310.pyc
[2.775s] -- Installing: /home/roverj8/LUIS/ARGJ08/ARGOSJ8_IA_/install/argj801_setup/share/argj801_setup//config
[2.776s] -- Installing: /home/roverj8/LUIS/ARGJ08/ARGOSJ8_IA_/install/argj801_setup/share/argj801_setup//config/README.md
[2.776s] -- Installing: /home/roverj8/LUIS/ARGJ08/ARGOSJ8_IA_/install/argj801_setup/share/argj801_setup//config/J8_params.yaml
[2.776s] -- Installing: /home/roverj8/LUIS/ARGJ08/ARGOSJ8_IA_/install/argj801_setup/share/ament_index/resource_index/package_run_dependencies/argj801_setup
[2.776s] -- Installing: /home/roverj8/LUIS/ARGJ08/ARGOSJ8_IA_/install/argj801_setup/share/ament_index/resource_index/parent_prefix_path/argj801_setup
[2.776s] -- Installing: /home/roverj8/LUIS/ARGJ08/ARGOSJ8_IA_/install/argj801_setup/share/argj801_setup/environment/ament_prefix_path.sh
[2.777s] -- Installing: /home/roverj8/LUIS/ARGJ08/ARGOSJ8_IA_/install/argj801_setup/share/argj801_setup/environment/ament_prefix_path.dsv
[2.777s] -- Installing: /home/roverj8/LUIS/ARGJ08/ARGOSJ8_IA_/install/argj801_setup/share/argj801_setup/environment/path.sh
[2.777s] -- Installing: /home/roverj8/LUIS/ARGJ08/ARGOSJ8_IA_/install/argj801_setup/share/argj801_setup/environment/path.dsv
[2.777s] -- Installing: /home/roverj8/LUIS/ARGJ08/ARGOSJ8_IA_/install/argj801_setup/share/argj801_setup/local_setup.bash
[2.777s] -- Installing: /home/roverj8/LUIS/ARGJ08/ARGOSJ8_IA_/install/argj801_setup/share/argj801_setup/local_setup.sh
[2.777s] -- Installing: /home/roverj8/LUIS/ARGJ08/ARGOSJ8_IA_/install/argj801_setup/share/argj801_setup/local_setup.zsh
[2.778s] -- Installing: /home/roverj8/LUIS/ARGJ08/ARGOSJ8_IA_/install/argj801_setup/share/argj801_setup/local_setup.dsv
[2.778s] -- Installing: /home/roverj8/LUIS/ARGJ08/ARGOSJ8_IA_/install/argj801_setup/share/argj801_setup/package.dsv
[2.778s] -- Installing: /home/roverj8/LUIS/ARGJ08/ARGOSJ8_IA_/install/argj801_setup/share/ament_index/resource_index/packages/argj801_setup
[2.778s] -- Installing: /home/roverj8/LUIS/ARGJ08/ARGOSJ8_IA_/install/argj801_setup/share/argj801_setup/cmake/argj801_setupConfig.cmake
[2.779s] -- Installing: /home/roverj8/LUIS/ARGJ08/ARGOSJ8_IA_/install/argj801_setup/share/argj801_setup/cmake/argj801_setupConfig-version.cmake
[2.779s] -- Installing: /home/roverj8/LUIS/ARGJ08/ARGOSJ8_IA_/install/argj801_setup/share/argj801_setup/package.xml
[2.915s] Invoked command in '/home/roverj8/LUIS/ARGJ08/ARGOSJ8_IA_/build/argj801_setup' returned '0': CMAKE_PREFIX_PATH=/opt/ros/humble /usr/bin/cmake --install /home/roverj8/LUIS/ARGJ08/ARGOSJ8_IA_/build/argj801_setup
