[0.060s] Invoking command in '/home/roverj8/LUIS/ARGJ08/ARGOSJ8_IA_/build/ctl_mission_interfaces': CMAKE_PREFIX_PATH=/opt/ros/humble /usr/bin/cmake /home/roverj8/LUIS/ARGJ08/ARGOSJ8_IA_/src/ctl_mission/ctl_mission_interfaces -DCMAKE_INSTALL_PREFIX=/home/roverj8/LUIS/ARGJ08/ARGOSJ8_IA_/install/ctl_mission_interfaces
[2.476s] -- Found ament_cmake: 1.3.14 (/opt/ros/humble/share/ament_cmake/cmake)
[2.476s] -- Found Python3: /usr/bin/python3 (found version "3.10.12") found components: Interpreter 
[2.476s] -- Found rosidl_default_generators: 1.2.1 (/opt/ros/humble/share/rosidl_default_generators/cmake)
[2.476s] -- Using all available rosidl_typesupport_c: rosidl_typesupport_fastrtps_c;rosidl_typesupport_introspection_c
[2.476s] -- Found rosidl_adapter: 3.1.8 (/opt/ros/humble/share/rosidl_adapter/cmake)
[2.476s] -- Using all available rosidl_typesupport_cpp: rosidl_typesupport_fastrtps_cpp;rosidl_typesupport_introspection_cpp
[2.476s] -- Found std_msgs: 4.9.1 (/opt/ros/humble/share/std_msgs/cmake)
[2.476s] -- Found nav_msgs: 4.9.1 (/opt/ros/humble/share/nav_msgs/cmake)
[2.477s] -- Found ament_cmake_ros: 0.10.0 (/opt/ros/humble/share/ament_cmake_ros/cmake)
[2.477s] -- Using all available rosidl_typesupport_c: rosidl_typesupport_fastrtps_c;rosidl_typesupport_introspection_c
[2.477s] -- Using all available rosidl_typesupport_cpp: rosidl_typesupport_fastrtps_cpp;rosidl_typesupport_introspection_cpp
[2.477s] -- Found PythonInterp: /usr/bin/python3 (found suitable version "3.10.12", minimum required is "3.6") 
[2.477s] -- Found python_cmake_module: 0.10.0 (/opt/ros/humble/share/python_cmake_module/cmake)
[2.477s] -- Found PythonLibs: /usr/lib/x86_64-linux-gnu/libpython3.10.so (found suitable version "3.10.12", minimum required is "3.5") 
[2.477s] -- Using PYTHON_EXECUTABLE: /usr/bin/python3
[2.477s] -- Using PYTHON_INCLUDE_DIRS: /usr/include/python3.10
[2.477s] -- Using PYTHON_LIBRARIES: /usr/lib/x86_64-linux-gnu/libpython3.10.so
[2.477s] -- Found PythonExtra: .so  
[2.754s] -- Configuring done
[2.976s] -- Generating done
[3.037s] -- Build files have been written to: /home/roverj8/LUIS/ARGJ08/ARGOSJ8_IA_/build/ctl_mission_interfaces
[3.119s] Invoked command in '/home/roverj8/LUIS/ARGJ08/ARGOSJ8_IA_/build/ctl_mission_interfaces' returned '0': CMAKE_PREFIX_PATH=/opt/ros/humble /usr/bin/cmake /home/roverj8/LUIS/ARGJ08/ARGOSJ8_IA_/src/ctl_mission/ctl_mission_interfaces -DCMAKE_INSTALL_PREFIX=/home/roverj8/LUIS/ARGJ08/ARGOSJ8_IA_/install/ctl_mission_interfaces
[3.137s] Invoking command in '/home/roverj8/LUIS/ARGJ08/ARGOSJ8_IA_/build/ctl_mission_interfaces': CMAKE_PREFIX_PATH=/opt/ros/humble /usr/bin/cmake --build /home/roverj8/LUIS/ARGJ08/ARGOSJ8_IA_/build/ctl_mission_interfaces -- -j24 -l24
[3.379s] [  1%] [34m[1mGenerating C code for ROS interfaces[0m
[3.436s] [  2%] [34m[1mGenerating Rust code for ROS interfaces[0m
[3.445s] [  2%] [34m[1mGenerating C++ code for ROS interfaces[0m
[3.501s] [  2%] Built target ament_cmake_python_copy_ctl_mission_interfaces
[5.757s] running egg_info
[5.758s] creating ctl_mission_interfaces.egg-info
[5.759s] writing ctl_mission_interfaces.egg-info/PKG-INFO
[5.759s] writing dependency_links to ctl_mission_interfaces.egg-info/dependency_links.txt
[5.761s] writing top-level names to ctl_mission_interfaces.egg-info/top_level.txt
[5.792s] writing manifest file 'ctl_mission_interfaces.egg-info/SOURCES.txt'
[5.824s] reading manifest file 'ctl_mission_interfaces.egg-info/SOURCES.txt'
[5.845s] writing manifest file 'ctl_mission_interfaces.egg-info/SOURCES.txt'
[6.075s] [  2%] Built target ctl_mission_interfaces__rs
[6.100s] [  2%] Built target ament_cmake_python_build_ctl_mission_interfaces_egg
[10.243s] [  3%] [32mBuilding C object CMakeFiles/ctl_mission_interfaces__rosidl_generator_c.dir/rosidl_generator_c/ctl_mission_interfaces/srv/detail/change_mode__functions.c.o[0m
[10.269s] [  4%] [32mBuilding C object CMakeFiles/ctl_mission_interfaces__rosidl_generator_c.dir/rosidl_generator_c/ctl_mission_interfaces/srv/detail/change_speed__functions.c.o[0m
[10.293s] [  5%] [32mBuilding C object CMakeFiles/ctl_mission_interfaces__rosidl_generator_c.dir/rosidl_generator_c/ctl_mission_interfaces/srv/detail/get_mode__functions.c.o[0m
[10.310s] [  6%] [32mBuilding C object CMakeFiles/ctl_mission_interfaces__rosidl_generator_c.dir/rosidl_generator_c/ctl_mission_interfaces/srv/detail/config_simple_ctl__functions.c.o[0m
[10.383s] [  7%] [32mBuilding C object CMakeFiles/ctl_mission_interfaces__rosidl_generator_c.dir/rosidl_generator_c/ctl_mission_interfaces/srv/detail/config_stanley_ctrl__functions.c.o[0m
[10.396s] [  8%] [32mBuilding C object CMakeFiles/ctl_mission_interfaces__rosidl_generator_c.dir/rosidl_generator_c/ctl_mission_interfaces/srv/detail/get_possible_transitions__functions.c.o[0m
[10.406s] [  9%] [32mBuilding C object CMakeFiles/ctl_mission_interfaces__rosidl_generator_c.dir/rosidl_generator_c/ctl_mission_interfaces/srv/detail/change_controller__functions.c.o[0m
[10.463s] [  9%] [32mBuilding C object CMakeFiles/ctl_mission_interfaces__rosidl_generator_c.dir/rosidl_generator_c/ctl_mission_interfaces/srv/detail/config_pure_pursuit_ctrl__functions.c.o[0m
[10.475s] [ 10%] [32mBuilding C object CMakeFiles/ctl_mission_interfaces__rosidl_generator_c.dir/rosidl_generator_c/ctl_mission_interfaces/srv/detail/config_regulated_pure_ctrl__functions.c.o[0m
[10.507s] [ 11%] [32mBuilding C object CMakeFiles/ctl_mission_interfaces__rosidl_generator_c.dir/rosidl_generator_c/ctl_mission_interfaces/srv/detail/config_dynamic_pure_ctrl__functions.c.o[0m
[10.517s] [ 12%] [32mBuilding C object CMakeFiles/ctl_mission_interfaces__rosidl_generator_c.dir/rosidl_generator_c/ctl_mission_interfaces/srv/detail/config_dynamic_la_pure_ctrl__functions.c.o[0m
[11.085s] [ 13%] [32m[1mLinking C shared library libctl_mission_interfaces__rosidl_generator_c.so[0m
[11.530s] [ 13%] Built target ctl_mission_interfaces__rosidl_generator_c
[11.625s] [ 14%] [34m[1mGenerating C type support for eProsima Fast-RTPS[0m
[11.632s] [ 15%] [34m[1mGenerating C introspection for ROS interfaces[0m
[11.652s] [ 16%] [34m[1mGenerating C type support dispatch for ROS interfaces[0m
[12.500s] [ 16%] Built target ctl_mission_interfaces__cpp
[12.609s] [ 17%] [34m[1mGenerating C++ type support for eProsima Fast-RTPS[0m
[12.629s] [ 19%] [34m[1mGenerating C++ type support dispatch for ROS interfaces[0m
[12.629s] [ 19%] [34m[1mGenerating C++ introspection for ROS interfaces[0m
[15.907s] [ 20%] [32mBuilding CXX object CMakeFiles/ctl_mission_interfaces__rosidl_typesupport_cpp.dir/rosidl_typesupport_cpp/ctl_mission_interfaces/srv/change_mode__type_support.cpp.o[0m
[15.923s] [ 21%] [32mBuilding CXX object CMakeFiles/ctl_mission_interfaces__rosidl_typesupport_cpp.dir/rosidl_typesupport_cpp/ctl_mission_interfaces/srv/change_speed__type_support.cpp.o[0m
[15.928s] [ 22%] [32mBuilding CXX object CMakeFiles/ctl_mission_interfaces__rosidl_typesupport_cpp.dir/rosidl_typesupport_cpp/ctl_mission_interfaces/srv/get_mode__type_support.cpp.o[0m
[15.950s] [ 22%] [32mBuilding CXX object CMakeFiles/ctl_mission_interfaces__rosidl_typesupport_cpp.dir/rosidl_typesupport_cpp/ctl_mission_interfaces/srv/config_simple_ctl__type_support.cpp.o[0m
[15.980s] [ 23%] [32mBuilding CXX object CMakeFiles/ctl_mission_interfaces__rosidl_typesupport_cpp.dir/rosidl_typesupport_cpp/ctl_mission_interfaces/srv/get_possible_transitions__type_support.cpp.o[0m
[16.033s] [ 24%] [32mBuilding CXX object CMakeFiles/ctl_mission_interfaces__rosidl_typesupport_cpp.dir/rosidl_typesupport_cpp/ctl_mission_interfaces/srv/change_controller__type_support.cpp.o[0m
[16.052s] [ 25%] [32mBuilding CXX object CMakeFiles/ctl_mission_interfaces__rosidl_typesupport_cpp.dir/rosidl_typesupport_cpp/ctl_mission_interfaces/srv/config_pure_pursuit_ctrl__type_support.cpp.o[0m
[16.078s] [ 26%] [32mBuilding CXX object CMakeFiles/ctl_mission_interfaces__rosidl_typesupport_cpp.dir/rosidl_typesupport_cpp/ctl_mission_interfaces/srv/config_stanley_ctrl__type_support.cpp.o[0m
[16.097s] [ 27%] [32mBuilding CXX object CMakeFiles/ctl_mission_interfaces__rosidl_typesupport_cpp.dir/rosidl_typesupport_cpp/ctl_mission_interfaces/srv/config_dynamic_pure_ctrl__type_support.cpp.o[0m
[16.118s] [ 28%] [32mBuilding CXX object CMakeFiles/ctl_mission_interfaces__rosidl_typesupport_cpp.dir/rosidl_typesupport_cpp/ctl_mission_interfaces/srv/config_dynamic_la_pure_ctrl__type_support.cpp.o[0m
[16.141s] [ 28%] [32mBuilding CXX object CMakeFiles/ctl_mission_interfaces__rosidl_typesupport_c.dir/rosidl_typesupport_c/ctl_mission_interfaces/srv/change_mode__type_support.cpp.o[0m
[16.142s] [ 29%] [32mBuilding CXX object CMakeFiles/ctl_mission_interfaces__rosidl_typesupport_c.dir/rosidl_typesupport_c/ctl_mission_interfaces/srv/get_mode__type_support.cpp.o[0m
[16.156s] [ 30%] [32mBuilding CXX object CMakeFiles/ctl_mission_interfaces__rosidl_typesupport_cpp.dir/rosidl_typesupport_cpp/ctl_mission_interfaces/srv/config_regulated_pure_ctrl__type_support.cpp.o[0m
[16.172s] [ 31%] [32mBuilding CXX object CMakeFiles/ctl_mission_interfaces__rosidl_typesupport_c.dir/rosidl_typesupport_c/ctl_mission_interfaces/srv/config_simple_ctl__type_support.cpp.o[0m
[16.187s] [ 33%] [32mBuilding CXX object CMakeFiles/ctl_mission_interfaces__rosidl_typesupport_c.dir/rosidl_typesupport_c/ctl_mission_interfaces/srv/change_speed__type_support.cpp.o[0m
[16.193s] [ 33%] [32mBuilding CXX object CMakeFiles/ctl_mission_interfaces__rosidl_typesupport_c.dir/rosidl_typesupport_c/ctl_mission_interfaces/srv/get_possible_transitions__type_support.cpp.o[0m
[16.201s] [ 34%] [32mBuilding CXX object CMakeFiles/ctl_mission_interfaces__rosidl_typesupport_c.dir/rosidl_typesupport_c/ctl_mission_interfaces/srv/change_controller__type_support.cpp.o[0m
[16.322s] [ 35%] [32mBuilding CXX object CMakeFiles/ctl_mission_interfaces__rosidl_typesupport_c.dir/rosidl_typesupport_c/ctl_mission_interfaces/srv/config_stanley_ctrl__type_support.cpp.o[0m
[16.349s] [ 36%] [32mBuilding CXX object CMakeFiles/ctl_mission_interfaces__rosidl_typesupport_c.dir/rosidl_typesupport_c/ctl_mission_interfaces/srv/config_pure_pursuit_ctrl__type_support.cpp.o[0m
[16.360s] [ 37%] [32mBuilding CXX object CMakeFiles/ctl_mission_interfaces__rosidl_typesupport_c.dir/rosidl_typesupport_c/ctl_mission_interfaces/srv/config_dynamic_pure_ctrl__type_support.cpp.o[0m
[16.362s] [ 38%] [32mBuilding CXX object CMakeFiles/ctl_mission_interfaces__rosidl_typesupport_c.dir/rosidl_typesupport_c/ctl_mission_interfaces/srv/config_regulated_pure_ctrl__type_support.cpp.o[0m
[16.372s] [ 38%] [32mBuilding CXX object CMakeFiles/ctl_mission_interfaces__rosidl_typesupport_c.dir/rosidl_typesupport_c/ctl_mission_interfaces/srv/config_dynamic_la_pure_ctrl__type_support.cpp.o[0m
[16.716s] [ 39%] [32m[1mLinking CXX shared library libctl_mission_interfaces__rosidl_typesupport_c.so[0m
[16.960s] [ 39%] Built target ctl_mission_interfaces__rosidl_typesupport_c
[17.534s] [ 40%] [32mBuilding C object CMakeFiles/ctl_mission_interfaces__rosidl_typesupport_introspection_c.dir/rosidl_typesupport_introspection_c/ctl_mission_interfaces/srv/detail/change_speed__type_support.c.o[0m
[17.553s] [ 41%] [32mBuilding C object CMakeFiles/ctl_mission_interfaces__rosidl_typesupport_introspection_c.dir/rosidl_typesupport_introspection_c/ctl_mission_interfaces/srv/detail/change_mode__type_support.c.o[0m
[17.558s] [ 42%] [32mBuilding C object CMakeFiles/ctl_mission_interfaces__rosidl_typesupport_introspection_c.dir/rosidl_typesupport_introspection_c/ctl_mission_interfaces/srv/detail/change_controller__type_support.c.o[0m
[17.562s] [ 43%] [32mBuilding C object CMakeFiles/ctl_mission_interfaces__rosidl_typesupport_introspection_c.dir/rosidl_typesupport_introspection_c/ctl_mission_interfaces/srv/detail/config_simple_ctl__type_support.c.o[0m
[17.573s] [ 44%] [32mBuilding C object CMakeFiles/ctl_mission_interfaces__rosidl_typesupport_introspection_c.dir/rosidl_typesupport_introspection_c/ctl_mission_interfaces/srv/detail/get_mode__type_support.c.o[0m
[17.587s] [ 44%] [32mBuilding C object CMakeFiles/ctl_mission_interfaces__rosidl_typesupport_introspection_c.dir/rosidl_typesupport_introspection_c/ctl_mission_interfaces/srv/detail/get_possible_transitions__type_support.c.o[0m
[17.624s] [ 45%] [32mBuilding C object CMakeFiles/ctl_mission_interfaces__rosidl_typesupport_introspection_c.dir/rosidl_typesupport_introspection_c/ctl_mission_interfaces/srv/detail/config_pure_pursuit_ctrl__type_support.c.o[0m
[17.630s] [ 46%] [32mBuilding C object CMakeFiles/ctl_mission_interfaces__rosidl_typesupport_introspection_c.dir/rosidl_typesupport_introspection_c/ctl_mission_interfaces/srv/detail/config_stanley_ctrl__type_support.c.o[0m
[17.645s] [ 46%] [32mBuilding C object CMakeFiles/ctl_mission_interfaces__rosidl_typesupport_introspection_c.dir/rosidl_typesupport_introspection_c/ctl_mission_interfaces/srv/detail/config_dynamic_la_pure_ctrl__type_support.c.o[0m
[17.666s] [ 47%] [32mBuilding C object CMakeFiles/ctl_mission_interfaces__rosidl_typesupport_introspection_c.dir/rosidl_typesupport_introspection_c/ctl_mission_interfaces/srv/detail/config_dynamic_pure_ctrl__type_support.c.o[0m
[17.816s] [ 48%] [32mBuilding C object CMakeFiles/ctl_mission_interfaces__rosidl_typesupport_introspection_c.dir/rosidl_typesupport_introspection_c/ctl_mission_interfaces/srv/detail/config_regulated_pure_ctrl__type_support.c.o[0m
[18.066s] [ 49%] [32m[1mLinking C shared library libctl_mission_interfaces__rosidl_typesupport_introspection_c.so[0m
[18.181s] [ 49%] [32mBuilding CXX object CMakeFiles/ctl_mission_interfaces__rosidl_typesupport_fastrtps_c.dir/rosidl_typesupport_fastrtps_c/ctl_mission_interfaces/srv/detail/change_mode__type_support_c.cpp.o[0m
[18.217s] [ 50%] [32mBuilding CXX object CMakeFiles/ctl_mission_interfaces__rosidl_typesupport_fastrtps_c.dir/rosidl_typesupport_fastrtps_c/ctl_mission_interfaces/srv/detail/config_simple_ctl__type_support_c.cpp.o[0m
[18.238s] [ 51%] [32mBuilding CXX object CMakeFiles/ctl_mission_interfaces__rosidl_typesupport_fastrtps_c.dir/rosidl_typesupport_fastrtps_c/ctl_mission_interfaces/srv/detail/get_mode__type_support_c.cpp.o[0m
[18.246s] [ 52%] [32mBuilding CXX object CMakeFiles/ctl_mission_interfaces__rosidl_typesupport_fastrtps_c.dir/rosidl_typesupport_fastrtps_c/ctl_mission_interfaces/srv/detail/get_possible_transitions__type_support_c.cpp.o[0m
[18.267s] [ 53%] [32mBuilding CXX object CMakeFiles/ctl_mission_interfaces__rosidl_typesupport_fastrtps_c.dir/rosidl_typesupport_fastrtps_c/ctl_mission_interfaces/srv/detail/change_speed__type_support_c.cpp.o[0m
[18.295s] [ 53%] Built target ctl_mission_interfaces__rosidl_typesupport_introspection_c
[18.319s] [ 54%] [32mBuilding CXX object CMakeFiles/ctl_mission_interfaces__rosidl_typesupport_fastrtps_c.dir/rosidl_typesupport_fastrtps_c/ctl_mission_interfaces/srv/detail/change_controller__type_support_c.cpp.o[0m
[18.445s] [ 55%] [32mBuilding CXX object CMakeFiles/ctl_mission_interfaces__rosidl_typesupport_fastrtps_c.dir/rosidl_typesupport_fastrtps_c/ctl_mission_interfaces/srv/detail/config_pure_pursuit_ctrl__type_support_c.cpp.o[0m
[18.473s] [ 56%] [32mBuilding CXX object CMakeFiles/ctl_mission_interfaces__rosidl_typesupport_fastrtps_c.dir/rosidl_typesupport_fastrtps_c/ctl_mission_interfaces/srv/detail/config_dynamic_pure_ctrl__type_support_c.cpp.o[0m
[18.495s] [ 57%] [32mBuilding CXX object CMakeFiles/ctl_mission_interfaces__rosidl_typesupport_fastrtps_c.dir/rosidl_typesupport_fastrtps_c/ctl_mission_interfaces/srv/detail/config_stanley_ctrl__type_support_c.cpp.o[0m
[18.577s] [ 57%] [32mBuilding CXX object CMakeFiles/ctl_mission_interfaces__rosidl_typesupport_fastrtps_c.dir/rosidl_typesupport_fastrtps_c/ctl_mission_interfaces/srv/detail/config_dynamic_la_pure_ctrl__type_support_c.cpp.o[0m
[18.591s] [ 58%] [32mBuilding CXX object CMakeFiles/ctl_mission_interfaces__rosidl_typesupport_fastrtps_c.dir/rosidl_typesupport_fastrtps_c/ctl_mission_interfaces/srv/detail/config_regulated_pure_ctrl__type_support_c.cpp.o[0m
[19.002s] [ 59%] [32m[1mLinking CXX shared library libctl_mission_interfaces__rosidl_typesupport_cpp.so[0m
[19.356s] [ 59%] Built target ctl_mission_interfaces__rosidl_typesupport_cpp
[20.289s] [ 60%] [32mBuilding CXX object CMakeFiles/ctl_mission_interfaces__rosidl_typesupport_introspection_cpp.dir/rosidl_typesupport_introspection_cpp/ctl_mission_interfaces/srv/detail/change_mode__type_support.cpp.o[0m
[21.460s] [ 61%] [32mBuilding CXX object CMakeFiles/ctl_mission_interfaces__rosidl_typesupport_fastrtps_cpp.dir/rosidl_typesupport_fastrtps_cpp/ctl_mission_interfaces/srv/detail/dds_fastrtps/change_mode__type_support.cpp.o[0m
[21.837s] [ 62%] [32mBuilding CXX object CMakeFiles/ctl_mission_interfaces__rosidl_typesupport_introspection_cpp.dir/rosidl_typesupport_introspection_cpp/ctl_mission_interfaces/srv/detail/config_regulated_pure_ctrl__type_support.cpp.o[0m
[21.943s] [ 63%] [32m[1mLinking CXX shared library libctl_mission_interfaces__rosidl_typesupport_fastrtps_c.so[0m
[22.514s] [ 63%] Built target ctl_mission_interfaces__rosidl_typesupport_fastrtps_c
[22.934s] [ 64%] [32mBuilding CXX object CMakeFiles/ctl_mission_interfaces__rosidl_typesupport_introspection_cpp.dir/rosidl_typesupport_introspection_cpp/ctl_mission_interfaces/srv/detail/config_dynamic_la_pure_ctrl__type_support.cpp.o[0m
[23.047s] [ 65%] [32mBuilding CXX object CMakeFiles/ctl_mission_interfaces__rosidl_typesupport_fastrtps_cpp.dir/rosidl_typesupport_fastrtps_cpp/ctl_mission_interfaces/srv/detail/dds_fastrtps/config_regulated_pure_ctrl__type_support.cpp.o[0m
[24.103s] [ 66%] [32mBuilding CXX object CMakeFiles/ctl_mission_interfaces__rosidl_typesupport_introspection_cpp.dir/rosidl_typesupport_introspection_cpp/ctl_mission_interfaces/srv/detail/config_dynamic_pure_ctrl__type_support.cpp.o[0m
[24.294s] [ 67%] [32mBuilding CXX object CMakeFiles/ctl_mission_interfaces__rosidl_typesupport_fastrtps_cpp.dir/rosidl_typesupport_fastrtps_cpp/ctl_mission_interfaces/srv/detail/dds_fastrtps/config_dynamic_la_pure_ctrl__type_support.cpp.o[0m
[25.187s] [ 68%] [32mBuilding CXX object CMakeFiles/ctl_mission_interfaces__rosidl_typesupport_introspection_cpp.dir/rosidl_typesupport_introspection_cpp/ctl_mission_interfaces/srv/detail/config_stanley_ctrl__type_support.cpp.o[0m
[25.412s] [ 69%] [32mBuilding CXX object CMakeFiles/ctl_mission_interfaces__rosidl_typesupport_fastrtps_cpp.dir/rosidl_typesupport_fastrtps_cpp/ctl_mission_interfaces/srv/detail/dds_fastrtps/config_dynamic_pure_ctrl__type_support.cpp.o[0m
[26.072s] [ 70%] [32mBuilding CXX object CMakeFiles/ctl_mission_interfaces__rosidl_typesupport_introspection_cpp.dir/rosidl_typesupport_introspection_cpp/ctl_mission_interfaces/srv/detail/config_pure_pursuit_ctrl__type_support.cpp.o[0m
[26.505s] [ 71%] [32mBuilding CXX object CMakeFiles/ctl_mission_interfaces__rosidl_typesupport_fastrtps_cpp.dir/rosidl_typesupport_fastrtps_cpp/ctl_mission_interfaces/srv/detail/dds_fastrtps/config_stanley_ctrl__type_support.cpp.o[0m
[26.855s] [ 72%] [32mBuilding CXX object CMakeFiles/ctl_mission_interfaces__rosidl_typesupport_introspection_cpp.dir/rosidl_typesupport_introspection_cpp/ctl_mission_interfaces/srv/detail/change_controller__type_support.cpp.o[0m
[27.420s] [ 73%] [32mBuilding CXX object CMakeFiles/ctl_mission_interfaces__rosidl_typesupport_fastrtps_cpp.dir/rosidl_typesupport_fastrtps_cpp/ctl_mission_interfaces/srv/detail/dds_fastrtps/config_pure_pursuit_ctrl__type_support.cpp.o[0m
[27.742s] [ 74%] [32mBuilding CXX object CMakeFiles/ctl_mission_interfaces__rosidl_typesupport_introspection_cpp.dir/rosidl_typesupport_introspection_cpp/ctl_mission_interfaces/srv/detail/get_possible_transitions__type_support.cpp.o[0m
[28.491s] [ 75%] [32mBuilding CXX object CMakeFiles/ctl_mission_interfaces__rosidl_typesupport_fastrtps_cpp.dir/rosidl_typesupport_fastrtps_cpp/ctl_mission_interfaces/srv/detail/dds_fastrtps/change_controller__type_support.cpp.o[0m
[28.627s] [ 75%] [32mBuilding CXX object CMakeFiles/ctl_mission_interfaces__rosidl_typesupport_introspection_cpp.dir/rosidl_typesupport_introspection_cpp/ctl_mission_interfaces/srv/detail/config_simple_ctl__type_support.cpp.o[0m
[29.461s] [ 76%] [32mBuilding CXX object CMakeFiles/ctl_mission_interfaces__rosidl_typesupport_fastrtps_cpp.dir/rosidl_typesupport_fastrtps_cpp/ctl_mission_interfaces/srv/detail/dds_fastrtps/get_possible_transitions__type_support.cpp.o[0m
[29.568s] [ 77%] [32mBuilding CXX object CMakeFiles/ctl_mission_interfaces__rosidl_typesupport_introspection_cpp.dir/rosidl_typesupport_introspection_cpp/ctl_mission_interfaces/srv/detail/change_speed__type_support.cpp.o[0m
[30.337s] [ 77%] [32mBuilding CXX object CMakeFiles/ctl_mission_interfaces__rosidl_typesupport_fastrtps_cpp.dir/rosidl_typesupport_fastrtps_cpp/ctl_mission_interfaces/srv/detail/dds_fastrtps/config_simple_ctl__type_support.cpp.o[0m
[30.584s] [ 78%] [32mBuilding CXX object CMakeFiles/ctl_mission_interfaces__rosidl_typesupport_introspection_cpp.dir/rosidl_typesupport_introspection_cpp/ctl_mission_interfaces/srv/detail/get_mode__type_support.cpp.o[0m
[31.111s] [ 79%] [32mBuilding CXX object CMakeFiles/ctl_mission_interfaces__rosidl_typesupport_fastrtps_cpp.dir/rosidl_typesupport_fastrtps_cpp/ctl_mission_interfaces/srv/detail/dds_fastrtps/change_speed__type_support.cpp.o[0m
[31.581s] [ 80%] [32m[1mLinking CXX shared library libctl_mission_interfaces__rosidl_typesupport_introspection_cpp.so[0m
[31.751s] [ 80%] Built target ctl_mission_interfaces__rosidl_typesupport_introspection_cpp
[31.938s] [ 81%] [32mBuilding CXX object CMakeFiles/ctl_mission_interfaces__rosidl_typesupport_fastrtps_cpp.dir/rosidl_typesupport_fastrtps_cpp/ctl_mission_interfaces/srv/detail/dds_fastrtps/get_mode__type_support.cpp.o[0m
[32.957s] [ 82%] [32m[1mLinking CXX shared library libctl_mission_interfaces__rosidl_typesupport_fastrtps_cpp.so[0m
[33.120s] [ 82%] Built target ctl_mission_interfaces__rosidl_typesupport_fastrtps_cpp
[33.158s] [ 82%] Built target ctl_mission_interfaces
[33.226s] [ 83%] [34m[1mGenerating Python code for ROS interfaces[0m
[37.190s] [ 83%] Built target ctl_mission_interfaces__py
[37.230s] [ 84%] [32mBuilding C object CMakeFiles/ctl_mission_interfaces__rosidl_generator_py.dir/rosidl_generator_py/ctl_mission_interfaces/srv/_change_mode_s.c.o[0m
[37.475s] [ 85%] [32mBuilding C object CMakeFiles/ctl_mission_interfaces__rosidl_generator_py.dir/rosidl_generator_py/ctl_mission_interfaces/srv/_config_regulated_pure_ctrl_s.c.o[0m
[37.679s] [ 86%] [32mBuilding C object CMakeFiles/ctl_mission_interfaces__rosidl_generator_py.dir/rosidl_generator_py/ctl_mission_interfaces/srv/_config_dynamic_la_pure_ctrl_s.c.o[0m
[37.944s] [ 87%] [32mBuilding C object CMakeFiles/ctl_mission_interfaces__rosidl_generator_py.dir/rosidl_generator_py/ctl_mission_interfaces/srv/_config_dynamic_pure_ctrl_s.c.o[0m
[38.242s] [ 88%] [32mBuilding C object CMakeFiles/ctl_mission_interfaces__rosidl_generator_py.dir/rosidl_generator_py/ctl_mission_interfaces/srv/_config_stanley_ctrl_s.c.o[0m
[38.505s] [ 89%] [32mBuilding C object CMakeFiles/ctl_mission_interfaces__rosidl_generator_py.dir/rosidl_generator_py/ctl_mission_interfaces/srv/_config_pure_pursuit_ctrl_s.c.o[0m
[38.748s] [ 90%] [32mBuilding C object CMakeFiles/ctl_mission_interfaces__rosidl_generator_py.dir/rosidl_generator_py/ctl_mission_interfaces/srv/_change_controller_s.c.o[0m
[38.928s] [ 91%] [32mBuilding C object CMakeFiles/ctl_mission_interfaces__rosidl_generator_py.dir/rosidl_generator_py/ctl_mission_interfaces/srv/_get_possible_transitions_s.c.o[0m
[39.101s] [ 91%] [32mBuilding C object CMakeFiles/ctl_mission_interfaces__rosidl_generator_py.dir/rosidl_generator_py/ctl_mission_interfaces/srv/_config_simple_ctl_s.c.o[0m
[39.281s] [ 92%] [32mBuilding C object CMakeFiles/ctl_mission_interfaces__rosidl_generator_py.dir/rosidl_generator_py/ctl_mission_interfaces/srv/_change_speed_s.c.o[0m
[39.490s] [ 93%] [32mBuilding C object CMakeFiles/ctl_mission_interfaces__rosidl_generator_py.dir/rosidl_generator_py/ctl_mission_interfaces/srv/_get_mode_s.c.o[0m
[39.680s] [ 94%] [32m[1mLinking C shared library rosidl_generator_py/ctl_mission_interfaces/libctl_mission_interfaces__rosidl_generator_py.so[0m
[39.776s] [ 94%] Built target ctl_mission_interfaces__rosidl_generator_py
[39.806s] [ 95%] [32mBuilding C object CMakeFiles/ctl_mission_interfaces__rosidl_typesupport_fastrtps_c__pyext.dir/rosidl_generator_py/ctl_mission_interfaces/_ctl_mission_interfaces_s.ep.rosidl_typesupport_fastrtps_c.c.o[0m
[40.056s] [ 96%] [32m[1mLinking C shared library rosidl_generator_py/ctl_mission_interfaces/ctl_mission_interfaces_s__rosidl_typesupport_fastrtps_c.cpython-310-x86_64-linux-gnu.so[0m
[40.120s] [ 96%] Built target ctl_mission_interfaces__rosidl_typesupport_fastrtps_c__pyext
[40.148s] [ 97%] [32mBuilding C object CMakeFiles/ctl_mission_interfaces__rosidl_typesupport_c__pyext.dir/rosidl_generator_py/ctl_mission_interfaces/_ctl_mission_interfaces_s.ep.rosidl_typesupport_c.c.o[0m
[40.439s] [ 98%] [32m[1mLinking C shared library rosidl_generator_py/ctl_mission_interfaces/ctl_mission_interfaces_s__rosidl_typesupport_c.cpython-310-x86_64-linux-gnu.so[0m
[40.529s] [ 98%] Built target ctl_mission_interfaces__rosidl_typesupport_c__pyext
[40.554s] [ 99%] [32mBuilding C object CMakeFiles/ctl_mission_interfaces__rosidl_typesupport_introspection_c__pyext.dir/rosidl_generator_py/ctl_mission_interfaces/_ctl_mission_interfaces_s.ep.rosidl_typesupport_introspection_c.c.o[0m
[40.814s] [100%] [32m[1mLinking C shared library rosidl_generator_py/ctl_mission_interfaces/ctl_mission_interfaces_s__rosidl_typesupport_introspection_c.cpython-310-x86_64-linux-gnu.so[0m
[40.870s] [100%] Built target ctl_mission_interfaces__rosidl_typesupport_introspection_c__pyext
