[0.103s] Invoking command in '/home/roverj8/LUIS/ARGJ08/ARGOSJ8_IA_/build/ublox_msgs': AMENT_PREFIX_PATH=/home/roverj8/LUIS/ARGJ08/ARGOSJ8_IA_/install/ublox_serialization:${AMENT_PREFIX_PATH} CMAKE_PREFIX_PATH=/home/roverj8/LUIS/ARGJ08/ARGOSJ8_IA_/install/ublox_serialization:/opt/ros/humble /usr/bin/cmake /home/roverj8/LUIS/ARGJ08/ARGOSJ8_IA_/src/argo_drivers_pkgs/ublox/ublox_msgs -DCMAKE_INSTALL_PREFIX=/home/roverj8/LUIS/ARGJ08/ARGOSJ8_IA_/install/ublox_msgs
[0.504s] -- The C compiler identification is GNU 11.4.0
[0.798s] -- The CXX compiler identification is GNU 11.4.0
[0.840s] -- Detecting C compiler ABI info
[1.357s] -- Detecting C compiler ABI info - done
[1.386s] -- Check for working C compiler: /usr/bin/cc - skipped
[1.387s] -- Detecting C compile features
[1.389s] -- Detecting C compile features - done
[1.397s] -- Detecting CXX compiler ABI info
[1.740s] -- Detecting CXX compiler ABI info - done
[1.767s] -- Check for working CXX compiler: /usr/bin/c++ - skipped
[1.769s] -- Detecting CXX compile features
[1.770s] -- Detecting CXX compile features - done
[1.782s] -- Found ament_cmake_ros: 0.10.0 (/opt/ros/humble/share/ament_cmake_ros/cmake)
[2.900s] -- Found Python3: /usr/bin/python3 (found version "3.10.12") found components: Interpreter 
[3.410s] -- Found rosidl_default_generators: 1.2.1 (/opt/ros/humble/share/rosidl_default_generators/cmake)
[3.432s] -- Using all available rosidl_typesupport_c: rosidl_typesupport_fastrtps_c;rosidl_typesupport_introspection_c
[3.478s] -- Found rosidl_adapter: 3.1.8 (/opt/ros/humble/share/rosidl_adapter/cmake)
[3.690s] -- Using all available rosidl_typesupport_cpp: rosidl_typesupport_fastrtps_cpp;rosidl_typesupport_introspection_cpp
[4.029s] -- Found sensor_msgs: 4.9.1 (/opt/ros/humble/share/sensor_msgs/cmake)
[4.405s] -- Found ublox_serialization: 2.3.0 (/home/roverj8/LUIS/ARGJ08/ARGOSJ8_IA_/install/ublox_serialization/share/ublox_serialization/cmake)
[15.717s] -- Using all available rosidl_typesupport_c: rosidl_typesupport_fastrtps_c;rosidl_typesupport_introspection_c
[18.356s] -- Using all available rosidl_typesupport_cpp: rosidl_typesupport_fastrtps_cpp;rosidl_typesupport_introspection_cpp
[18.468s] -- Found PythonInterp: /usr/bin/python3 (found suitable version "3.10.12", minimum required is "3.6") 
[18.472s] -- Found python_cmake_module: 0.10.0 (/opt/ros/humble/share/python_cmake_module/cmake)
[18.659s] -- Found PythonLibs: /usr/lib/x86_64-linux-gnu/libpython3.10.so (found suitable version "3.10.12", minimum required is "3.5") 
[18.660s] -- Using PYTHON_EXECUTABLE: /usr/bin/python3
[18.660s] -- Using PYTHON_INCLUDE_DIRS: /usr/include/python3.10
[18.660s] -- Using PYTHON_LIBRARIES: /usr/lib/x86_64-linux-gnu/libpython3.10.so
[18.727s] -- Found PythonExtra: .so  
[19.660s] -- Configuring done
[20.581s] -- Generating done
[20.717s] -- Build files have been written to: /home/roverj8/LUIS/ARGJ08/ARGOSJ8_IA_/build/ublox_msgs
[20.787s] Invoked command in '/home/roverj8/LUIS/ARGJ08/ARGOSJ8_IA_/build/ublox_msgs' returned '0': AMENT_PREFIX_PATH=/home/roverj8/LUIS/ARGJ08/ARGOSJ8_IA_/install/ublox_serialization:${AMENT_PREFIX_PATH} CMAKE_PREFIX_PATH=/home/roverj8/LUIS/ARGJ08/ARGOSJ8_IA_/install/ublox_serialization:/opt/ros/humble /usr/bin/cmake /home/roverj8/LUIS/ARGJ08/ARGOSJ8_IA_/src/argo_drivers_pkgs/ublox/ublox_msgs -DCMAKE_INSTALL_PREFIX=/home/roverj8/LUIS/ARGJ08/ARGOSJ8_IA_/install/ublox_msgs
[20.788s] Invoking command in '/home/roverj8/LUIS/ARGJ08/ARGOSJ8_IA_/build/ublox_msgs': AMENT_PREFIX_PATH=/home/roverj8/LUIS/ARGJ08/ARGOSJ8_IA_/install/ublox_serialization:${AMENT_PREFIX_PATH} CMAKE_PREFIX_PATH=/home/roverj8/LUIS/ARGJ08/ARGOSJ8_IA_/install/ublox_serialization:/opt/ros/humble /usr/bin/cmake --build /home/roverj8/LUIS/ARGJ08/ARGOSJ8_IA_/build/ublox_msgs -- -j24 -l24
[21.138s] [  0%] [34m[1mGenerating Rust code for ROS interfaces[0m
[51.229s] [  0%] Built target ublox_msgs__rs
[51.261s] [  0%] Built target ament_cmake_python_copy_ublox_msgs
[51.292s] [  0%] [34m[1mGenerating C++ code for ROS interfaces[0m
[75.869s] [  0%] Built target ublox_msgs__cpp
[75.887s] [  0%] [34m[1mGenerating C++ type support for eProsima Fast-RTPS[0m
[75.892s] [  0%] [34m[1mGenerating C++ introspection for ROS interfaces[0m
[75.900s] [  0%] [34m[1mGenerating C code for ROS interfaces[0m
[76.585s] running egg_info
[76.587s] creating ublox_msgs.egg-info
[76.587s] writing ublox_msgs.egg-info/PKG-INFO
[76.588s] writing dependency_links to ublox_msgs.egg-info/dependency_links.txt
[76.588s] writing top-level names to ublox_msgs.egg-info/top_level.txt
[76.592s] writing manifest file 'ublox_msgs.egg-info/SOURCES.txt'
[76.599s] reading manifest file 'ublox_msgs.egg-info/SOURCES.txt'
[76.600s] writing manifest file 'ublox_msgs.egg-info/SOURCES.txt'
[76.662s] [  0%] Built target ament_cmake_python_build_ublox_msgs_egg
[76.687s] [  0%] [34m[1mGenerating C++ type support dispatch for ROS interfaces[0m
[100.433s] [  0%] [32mBuilding CXX object CMakeFiles/ublox_msgs__rosidl_typesupport_introspection_cpp.dir/rosidl_typesupport_introspection_cpp/ublox_msgs/msg/detail/aid_alm__type_support.cpp.o[0m
[100.434s] [  0%] [32mBuilding CXX object CMakeFiles/ublox_msgs__rosidl_typesupport_introspection_cpp.dir/rosidl_typesupport_introspection_cpp/ublox_msgs/msg/detail/aid_eph__type_support.cpp.o[0m
[100.434s] [  0%] [32mBuilding CXX object CMakeFiles/ublox_msgs__rosidl_typesupport_introspection_cpp.dir/rosidl_typesupport_introspection_cpp/ublox_msgs/msg/detail/ack__type_support.cpp.o[0m
[100.436s] [  0%] [32mBuilding CXX object CMakeFiles/ublox_msgs__rosidl_typesupport_introspection_cpp.dir/rosidl_typesupport_introspection_cpp/ublox_msgs/msg/detail/cfg_dgnss__type_support.cpp.o[0m
[100.436s] [  0%] [32mBuilding CXX object CMakeFiles/ublox_msgs__rosidl_typesupport_introspection_cpp.dir/rosidl_typesupport_introspection_cpp/ublox_msgs/msg/detail/cfg_gnss_block__type_support.cpp.o[0m
[100.437s] [  0%] [32mBuilding CXX object CMakeFiles/ublox_msgs__rosidl_typesupport_introspection_cpp.dir/rosidl_typesupport_introspection_cpp/ublox_msgs/msg/detail/cfg_gnss__type_support.cpp.o[0m
[100.437s] [  1%] [32mBuilding CXX object CMakeFiles/ublox_msgs__rosidl_typesupport_introspection_cpp.dir/rosidl_typesupport_introspection_cpp/ublox_msgs/msg/detail/aid_hui__type_support.cpp.o[0m
[100.438s] [  1%] [32mBuilding CXX object CMakeFiles/ublox_msgs__rosidl_typesupport_introspection_cpp.dir/rosidl_typesupport_introspection_cpp/ublox_msgs/msg/detail/cfg_msg__type_support.cpp.o[0m
[100.438s] [  1%] [32mBuilding CXX object CMakeFiles/ublox_msgs__rosidl_typesupport_introspection_cpp.dir/rosidl_typesupport_introspection_cpp/ublox_msgs/msg/detail/cfg_cfg__type_support.cpp.o[0m
[100.438s] [  1%] [32mBuilding CXX object CMakeFiles/ublox_msgs__rosidl_typesupport_introspection_cpp.dir/rosidl_typesupport_introspection_cpp/ublox_msgs/msg/detail/cfg_dat__type_support.cpp.o[0m
[100.438s] [  1%] [32mBuilding CXX object CMakeFiles/ublox_msgs__rosidl_typesupport_introspection_cpp.dir/rosidl_typesupport_introspection_cpp/ublox_msgs/msg/detail/cfg_inf__type_support.cpp.o[0m
[100.439s] [  2%] [32mBuilding CXX object CMakeFiles/ublox_msgs__rosidl_typesupport_introspection_cpp.dir/rosidl_typesupport_introspection_cpp/ublox_msgs/msg/detail/cfg_hnr__type_support.cpp.o[0m
[100.439s] [  2%] [32mBuilding CXX object CMakeFiles/ublox_msgs__rosidl_typesupport_introspection_cpp.dir/rosidl_typesupport_introspection_cpp/ublox_msgs/msg/detail/cfg_ant__type_support.cpp.o[0m
[100.443s] [  2%] [32mBuilding CXX object CMakeFiles/ublox_msgs__rosidl_typesupport_introspection_cpp.dir/rosidl_typesupport_introspection_cpp/ublox_msgs/msg/detail/cfg_inf_block__type_support.cpp.o[0m
[100.980s] [  2%] [32mBuilding CXX object CMakeFiles/ublox_msgs__rosidl_typesupport_introspection_cpp.dir/rosidl_typesupport_introspection_cpp/ublox_msgs/msg/detail/cfg_nmea__type_support.cpp.o[0m
[100.983s] [  2%] [32mBuilding CXX object CMakeFiles/ublox_msgs__rosidl_typesupport_introspection_cpp.dir/rosidl_typesupport_introspection_cpp/ublox_msgs/msg/detail/cfg_rate__type_support.cpp.o[0m
[100.993s] [  3%] [32mBuilding CXX object CMakeFiles/ublox_msgs__rosidl_typesupport_introspection_cpp.dir/rosidl_typesupport_introspection_cpp/ublox_msgs/msg/detail/cfg_nmea6__type_support.cpp.o[0m
[100.997s] [  3%] [32mBuilding CXX object CMakeFiles/ublox_msgs__rosidl_typesupport_introspection_cpp.dir/rosidl_typesupport_introspection_cpp/ublox_msgs/msg/detail/cfg_nav5__type_support.cpp.o[0m
[100.999s] [  3%] [32mBuilding CXX object CMakeFiles/ublox_msgs__rosidl_typesupport_introspection_cpp.dir/rosidl_typesupport_introspection_cpp/ublox_msgs/msg/detail/cfg_prt__type_support.cpp.o[0m
[101.003s] [  3%] [32mBuilding CXX object CMakeFiles/ublox_msgs__rosidl_typesupport_introspection_cpp.dir/rosidl_typesupport_introspection_cpp/ublox_msgs/msg/detail/cfg_nmea7__type_support.cpp.o[0m
[101.008s] [  3%] [32mBuilding CXX object CMakeFiles/ublox_msgs__rosidl_typesupport_introspection_cpp.dir/rosidl_typesupport_introspection_cpp/ublox_msgs/msg/detail/cfg_navx5__type_support.cpp.o[0m
[101.056s] [  3%] [32mBuilding CXX object CMakeFiles/ublox_msgs__rosidl_typesupport_introspection_cpp.dir/rosidl_typesupport_introspection_cpp/ublox_msgs/msg/detail/cfg_rst__type_support.cpp.o[0m
[101.127s] [  4%] [32mBuilding CXX object CMakeFiles/ublox_msgs__rosidl_typesupport_introspection_cpp.dir/rosidl_typesupport_introspection_cpp/ublox_msgs/msg/detail/cfg_tmode3__type_support.cpp.o[0m
[101.160s] [  4%] [32mBuilding CXX object CMakeFiles/ublox_msgs__rosidl_typesupport_introspection_cpp.dir/rosidl_typesupport_introspection_cpp/ublox_msgs/msg/detail/cfg_sbas__type_support.cpp.o[0m
[101.190s] [  4%] [32mBuilding CXX object CMakeFiles/ublox_msgs__rosidl_typesupport_introspection_cpp.dir/rosidl_typesupport_introspection_cpp/ublox_msgs/msg/detail/cfg_usb__type_support.cpp.o[0m
[101.243s] [  4%] [32mBuilding CXX object CMakeFiles/ublox_msgs__rosidl_typesupport_introspection_cpp.dir/rosidl_typesupport_introspection_cpp/ublox_msgs/msg/detail/esf_ins__type_support.cpp.o[0m
[101.307s] [  4%] [32mBuilding CXX object CMakeFiles/ublox_msgs__rosidl_typesupport_introspection_cpp.dir/rosidl_typesupport_introspection_cpp/ublox_msgs/msg/detail/esf_meas__type_support.cpp.o[0m
[101.373s] [  4%] [32mBuilding CXX object CMakeFiles/ublox_msgs__rosidl_typesupport_introspection_cpp.dir/rosidl_typesupport_introspection_cpp/ublox_msgs/msg/detail/esf_raw_block__type_support.cpp.o[0m
[101.380s] [  5%] [32mBuilding CXX object CMakeFiles/ublox_msgs__rosidl_typesupport_introspection_cpp.dir/rosidl_typesupport_introspection_cpp/ublox_msgs/msg/detail/esf_status__type_support.cpp.o[0m
[101.400s] [  5%] [32mBuilding CXX object CMakeFiles/ublox_msgs__rosidl_typesupport_introspection_cpp.dir/rosidl_typesupport_introspection_cpp/ublox_msgs/msg/detail/esf_raw__type_support.cpp.o[0m
[101.441s] [  5%] [32mBuilding CXX object CMakeFiles/ublox_msgs__rosidl_typesupport_introspection_cpp.dir/rosidl_typesupport_introspection_cpp/ublox_msgs/msg/detail/esf_status_sens__type_support.cpp.o[0m
[101.509s] [  5%] [32mBuilding CXX object CMakeFiles/ublox_msgs__rosidl_typesupport_introspection_cpp.dir/rosidl_typesupport_introspection_cpp/ublox_msgs/msg/detail/hnr_pvt__type_support.cpp.o[0m
[101.524s] [  5%] [32mBuilding CXX object CMakeFiles/ublox_msgs__rosidl_typesupport_introspection_cpp.dir/rosidl_typesupport_introspection_cpp/ublox_msgs/msg/detail/inf__type_support.cpp.o[0m
[101.527s] [  5%] [32mBuilding CXX object CMakeFiles/ublox_msgs__rosidl_typesupport_introspection_cpp.dir/rosidl_typesupport_introspection_cpp/ublox_msgs/msg/detail/mga_gal__type_support.cpp.o[0m
[101.553s] [  5%] [32mBuilding CXX object CMakeFiles/ublox_msgs__rosidl_typesupport_introspection_cpp.dir/rosidl_typesupport_introspection_cpp/ublox_msgs/msg/detail/mon_gnss__type_support.cpp.o[0m
[101.859s] [  5%] [32mBuilding CXX object CMakeFiles/ublox_msgs__rosidl_typesupport_introspection_cpp.dir/rosidl_typesupport_introspection_cpp/ublox_msgs/msg/detail/mon_hw6__type_support.cpp.o[0m
[101.913s] [  6%] [32mBuilding CXX object CMakeFiles/ublox_msgs__rosidl_typesupport_introspection_cpp.dir/rosidl_typesupport_introspection_cpp/ublox_msgs/msg/detail/mon_hw__type_support.cpp.o[0m
[101.920s] [  6%] [32mBuilding CXX object CMakeFiles/ublox_msgs__rosidl_typesupport_introspection_cpp.dir/rosidl_typesupport_introspection_cpp/ublox_msgs/msg/detail/mon_ver_extension__type_support.cpp.o[0m
[101.949s] [  6%] [32mBuilding CXX object CMakeFiles/ublox_msgs__rosidl_typesupport_introspection_cpp.dir/rosidl_typesupport_introspection_cpp/ublox_msgs/msg/detail/mon_ver__type_support.cpp.o[0m
[101.954s] [  6%] [32mBuilding CXX object CMakeFiles/ublox_msgs__rosidl_typesupport_introspection_cpp.dir/rosidl_typesupport_introspection_cpp/ublox_msgs/msg/detail/nav_clock__type_support.cpp.o[0m
[101.955s] [  6%] [32mBuilding CXX object CMakeFiles/ublox_msgs__rosidl_typesupport_introspection_cpp.dir/rosidl_typesupport_introspection_cpp/ublox_msgs/msg/detail/nav_att__type_support.cpp.o[0m
[102.021s] [  6%] [32mBuilding CXX object CMakeFiles/ublox_msgs__rosidl_typesupport_introspection_cpp.dir/rosidl_typesupport_introspection_cpp/ublox_msgs/msg/detail/nav_cov__type_support.cpp.o[0m
[102.028s] [  7%] [32mBuilding CXX object CMakeFiles/ublox_msgs__rosidl_typesupport_introspection_cpp.dir/rosidl_typesupport_introspection_cpp/ublox_msgs/msg/detail/nav_dgps__type_support.cpp.o[0m
[102.086s] [  7%] [32mBuilding CXX object CMakeFiles/ublox_msgs__rosidl_typesupport_introspection_cpp.dir/rosidl_typesupport_introspection_cpp/ublox_msgs/msg/detail/nav_dgpssv__type_support.cpp.o[0m
[102.109s] [  7%] [32mBuilding CXX object CMakeFiles/ublox_msgs__rosidl_typesupport_cpp.dir/rosidl_typesupport_cpp/ublox_msgs/msg/ack__type_support.cpp.o[0m
[102.279s] [  7%] [32mBuilding CXX object CMakeFiles/ublox_msgs__rosidl_typesupport_introspection_cpp.dir/rosidl_typesupport_introspection_cpp/ublox_msgs/msg/detail/nav_dop__type_support.cpp.o[0m
[102.285s] [  7%] [32mBuilding CXX object CMakeFiles/ublox_msgs__rosidl_typesupport_introspection_cpp.dir/rosidl_typesupport_introspection_cpp/ublox_msgs/msg/detail/nav_posecef__type_support.cpp.o[0m
[102.326s] [  7%] [32mBuilding CXX object CMakeFiles/ublox_msgs__rosidl_typesupport_introspection_cpp.dir/rosidl_typesupport_introspection_cpp/ublox_msgs/msg/detail/nav_posllh__type_support.cpp.o[0m
[102.341s] [  7%] [32mBuilding CXX object CMakeFiles/ublox_msgs__rosidl_typesupport_introspection_cpp.dir/rosidl_typesupport_introspection_cpp/ublox_msgs/msg/detail/nav_pvt7__type_support.cpp.o[0m
[102.479s] [  7%] [32mBuilding CXX object CMakeFiles/ublox_msgs__rosidl_typesupport_introspection_cpp.dir/rosidl_typesupport_introspection_cpp/ublox_msgs/msg/detail/nav_pvt__type_support.cpp.o[0m
[102.611s] [  8%] [32mBuilding CXX object CMakeFiles/ublox_msgs__rosidl_typesupport_introspection_cpp.dir/rosidl_typesupport_introspection_cpp/ublox_msgs/msg/detail/nav_relposned9__type_support.cpp.o[0m
[102.625s] [  8%] [32mBuilding CXX object CMakeFiles/ublox_msgs__rosidl_typesupport_introspection_cpp.dir/rosidl_typesupport_introspection_cpp/ublox_msgs/msg/detail/nav_relposned__type_support.cpp.o[0m
[102.626s] [  8%] [32mBuilding CXX object CMakeFiles/ublox_msgs__rosidl_typesupport_introspection_cpp.dir/rosidl_typesupport_introspection_cpp/ublox_msgs/msg/detail/nav_sat__type_support.cpp.o[0m
[102.660s] [  8%] [32mBuilding CXX object CMakeFiles/ublox_msgs__rosidl_typesupport_cpp.dir/rosidl_typesupport_cpp/ublox_msgs/msg/aid_alm__type_support.cpp.o[0m
[102.672s] [  8%] [32mBuilding CXX object CMakeFiles/ublox_msgs__rosidl_typesupport_introspection_cpp.dir/rosidl_typesupport_introspection_cpp/ublox_msgs/msg/detail/nav_satsv__type_support.cpp.o[0m
[102.705s] [  9%] [32mBuilding CXX object CMakeFiles/ublox_msgs__rosidl_typesupport_cpp.dir/rosidl_typesupport_cpp/ublox_msgs/msg/aid_eph__type_support.cpp.o[0m
[102.782s] [  9%] [32mBuilding CXX object CMakeFiles/ublox_msgs__rosidl_typesupport_cpp.dir/rosidl_typesupport_cpp/ublox_msgs/msg/aid_hui__type_support.cpp.o[0m
[102.785s] [  9%] [32mBuilding CXX object CMakeFiles/ublox_msgs__rosidl_typesupport_introspection_cpp.dir/rosidl_typesupport_introspection_cpp/ublox_msgs/msg/detail/nav_sbas__type_support.cpp.o[0m
[102.799s] [  9%] [32mBuilding CXX object CMakeFiles/ublox_msgs__rosidl_typesupport_introspection_cpp.dir/rosidl_typesupport_introspection_cpp/ublox_msgs/msg/detail/nav_sbassv__type_support.cpp.o[0m
[102.821s] [ 10%] [32mBuilding CXX object CMakeFiles/ublox_msgs__rosidl_typesupport_introspection_cpp.dir/rosidl_typesupport_introspection_cpp/ublox_msgs/msg/detail/nav_sol__type_support.cpp.o[0m
[102.888s] Traceback (most recent call last):
[102.888s] Traceback (most recent call last):
[102.888s]   File "/opt/ros/humble/share/rosidl_generator_c/cmake/../../../lib/rosidl_generator_c/rosidl_generator_c", line 38, in <module>
[102.888s] gmake[2]: *** [CMakeFiles/ublox_msgs__rosidl_typesupport_introspection_cpp.dir/build.make:1492: CMakeFiles/ublox_msgs__rosidl_typesupport_introspection_cpp.dir/rosidl_typesupport_introspection_cpp/ublox_msgs/msg/detail/nav_sol__type_support.cpp.o] Interrupt
[102.888s] gmake[2]: *** Deleting file 'rosidl_typesupport_fastrtps_cpp/ublox_msgs/msg/detail/dds_fastrtps/ack__type_support.cpp'
[102.890s] gmake[2]: *** [CMakeFiles/ublox_msgs__rosidl_typesupport_introspection_cpp.dir/build.make:1212: CMakeFiles/ublox_msgs__rosidl_typesupport_introspection_cpp.dir/rosidl_typesupport_introspection_cpp/ublox_msgs/msg/detail/mon_hw6__type_support.cpp.o] Interrupt
[102.890s] gmake[2]: *** [CMakeFiles/ublox_msgs__rosidl_typesupport_cpp.dir/build.make:486: CMakeFiles/ublox_msgs__rosidl_typesupport_cpp.dir/rosidl_typesupport_cpp/ublox_msgs/msg/ack__type_support.cpp.o] Interrupt
[102.890s] gmake[2]: *** [CMakeFiles/ublox_msgs__rosidl_typesupport_introspection_cpp.dir/build.make:1226: CMakeFiles/ublox_msgs__rosidl_typesupport_introspection_cpp.dir/rosidl_typesupport_introspection_cpp/ublox_msgs/msg/detail/mon_hw__type_support.cpp.o] Interrupt
[102.890s] gmake[2]: *** [CMakeFiles/ublox_msgs__rosidl_typesupport_cpp.dir/build.make:500: CMakeFiles/ublox_msgs__rosidl_typesupport_cpp.dir/rosidl_typesupport_cpp/ublox_msgs/msg/aid_alm__type_support.cpp.o] Interrupt
[102.890s] gmake[2]: *** [CMakeFiles/ublox_msgs__rosidl_typesupport_introspection_cpp.dir/build.make:1254: CMakeFiles/ublox_msgs__rosidl_typesupport_introspection_cpp.dir/rosidl_typesupport_introspection_cpp/ublox_msgs/msg/detail/mon_ver__type_support.cpp.o] Interrupt
[102.890s] gmake[2]: *** [CMakeFiles/ublox_msgs__rosidl_typesupport_cpp.dir/build.make:514: CMakeFiles/ublox_msgs__rosidl_typesupport_cpp.dir/rosidl_typesupport_cpp/ublox_msgs/msg/aid_eph__type_support.cpp.o] Interrupt
[102.891s] gmake[2]: *** [CMakeFiles/ublox_msgs__rosidl_typesupport_introspection_cpp.dir/build.make:1296: CMakeFiles/ublox_msgs__rosidl_typesupport_introspection_cpp.dir/rosidl_typesupport_introspection_cpp/ublox_msgs/msg/detail/nav_cov__type_support.cpp.o] Interrupt
[102.892s] gmake[2]: *** [CMakeFiles/ublox_msgs__rosidl_typesupport_introspection_cpp.dir/build.make:1310: CMakeFiles/ublox_msgs__rosidl_typesupport_introspection_cpp.dir/rosidl_typesupport_introspection_cpp/ublox_msgs/msg/detail/nav_dgps__type_support.cpp.o] Interrupt
[102.892s] gmake[2]: *** [CMakeFiles/ublox_msgs__rosidl_typesupport_introspection_cpp.dir/build.make:1352: CMakeFiles/ublox_msgs__rosidl_typesupport_introspection_cpp.dir/rosidl_typesupport_introspection_cpp/ublox_msgs/msg/detail/nav_posecef__type_support.cpp.o] Interrupt
[102.892s]   File "/opt/ros/humble/lib/rosidl_typesupport_fastrtps_cpp/rosidl_typesupport_fastrtps_cpp", line 23, in <module>
[102.892s] gmake[2]: *** [CMakeFiles/ublox_msgs__rosidl_typesupport_introspection_cpp.dir/build.make:1366: CMakeFiles/ublox_msgs__rosidl_typesupport_introspection_cpp.dir/rosidl_typesupport_introspection_cpp/ublox_msgs/msg/detail/nav_posllh__type_support.cpp.o] Interrupt
[102.893s] gmake[2]: *** [CMakeFiles/ublox_msgs__rosidl_typesupport_introspection_cpp.dir/build.make:1380: CMakeFiles/ublox_msgs__rosidl_typesupport_introspection_cpp.dir/rosidl_typesupport_introspection_cpp/ublox_msgs/msg/detail/nav_pvt7__type_support.cpp.o] Interrupt
[102.893s] gmake[2]: *** [CMakeFiles/ublox_msgs__rosidl_typesupport_introspection_cpp.dir/build.make:1408: CMakeFiles/ublox_msgs__rosidl_typesupport_introspection_cpp.dir/rosidl_typesupport_introspection_cpp/ublox_msgs/msg/detail/nav_relposned9__type_support.cpp.o] Interrupt
[102.893s] gmake[2]: *** [CMakeFiles/ublox_msgs__rosidl_typesupport_introspection_cpp.dir/build.make:1422: CMakeFiles/ublox_msgs__rosidl_typesupport_introspection_cpp.dir/rosidl_typesupport_introspection_cpp/ublox_msgs/msg/detail/nav_relposned__type_support.cpp.o] Interrupt
[102.893s] gmake[2]: *** [CMakeFiles/ublox_msgs__rosidl_typesupport_introspection_cpp.dir/build.make:1338: CMakeFiles/ublox_msgs__rosidl_typesupport_introspection_cpp.dir/rosidl_typesupport_introspection_cpp/ublox_msgs/msg/detail/nav_dop__type_support.cpp.o] Interrupt
[102.893s] gmake[2]: *** [CMakeFiles/ublox_msgs__rosidl_typesupport_introspection_cpp.dir/build.make:1436: CMakeFiles/ublox_msgs__rosidl_typesupport_introspection_cpp.dir/rosidl_typesupport_introspection_cpp/ublox_msgs/msg/detail/nav_sat__type_support.cpp.o] Interrupt
[102.893s] gmake[2]: *** [CMakeFiles/ublox_msgs__rosidl_typesupport_introspection_cpp.dir/build.make:1464: CMakeFiles/ublox_msgs__rosidl_typesupport_introspection_cpp.dir/rosidl_typesupport_introspection_cpp/ublox_msgs/msg/detail/nav_sbas__type_support.cpp.o] Interrupt
[102.894s] gmake[2]: *** [CMakeFiles/ublox_msgs__rosidl_typesupport_introspection_cpp.dir/build.make:1478: CMakeFiles/ublox_msgs__rosidl_typesupport_introspection_cpp.dir/rosidl_typesupport_introspection_cpp/ublox_msgs/msg/detail/nav_sbassv__type_support.cpp.o] Interrupt
[102.894s]     sys.exit(main())
[102.894s]   File "/opt/ros/humble/share/rosidl_generator_c/cmake/../../../lib/rosidl_generator_c/rosidl_generator_c", line 34, in main
[102.894s]     sys.exit(main())
[102.894s]   File "/opt/ros/humble/lib/rosidl_typesupport_fastrtps_cpp/rosidl_typesupport_fastrtps_cpp", line 19, in main
[102.894s] gmake[2]: *** [CMakeFiles/ublox_msgs__rosidl_typesupport_introspection_cpp.dir/build.make:1505: CMakeFiles/ublox_msgs__rosidl_typesupport_introspection_cpp.dir/rosidl_typesupport_introspection_cpp/ublox_msgs/msg/detail/nav_status__type_support.cpp.o] Interrupt
[102.895s]     generate_cpp(args.generator_arguments_file)
[102.895s]   File "/opt/ros/humble/local/lib/python3.10/dist-packages/rosidl_typesupport_fastrtps_cpp/__init__.py", line 24, in generate_cpp
[102.895s] gmake[2]: *** [CMakeFiles/ublox_msgs__rosidl_typesupport_introspection_cpp.dir/build.make:1450: CMakeFiles/ublox_msgs__rosidl_typesupport_introspection_cpp.dir/rosidl_typesupport_introspection_cpp/ublox_msgs/msg/detail/nav_satsv__type_support.cpp.o] Interrupt
[102.895s]     return generate_files(generator_arguments_file, mapping)
[102.895s]   File "/opt/ros/humble/local/lib/python3.10/dist-packages/rosidl_cmake/__init__.py", line 74, in generate_files
[102.896s]     generate_c(args.generator_arguments_file)
[102.896s]   File "/opt/ros/humble/local/lib/python3.10/dist-packages/rosidl_generator_c/__init__.py", line 37, in generate_c
[102.896s]     idl_file = parse_idl_file(locator)
[102.896s]   File "/opt/ros/humble/local/lib/python3.10/dist-packages/rosidl_parser/parser.py", line 64, in parse_idl_file
[102.896s]     content = parse_idl_string(string, png_file=png_file)
[102.896s]   File "/opt/ros/humble/local/lib/python3.10/dist-packages/rosidl_parser/parser.py", line 72, in parse_idl_string
[102.900s]     return generate_files(
[102.901s]   File "/opt/ros/humble/local/lib/python3.10/dist-packages/rosidl_cmake/__init__.py", line 74, in generate_files
[102.901s]     tree = get_ast_from_idl_string(idl_string)
[102.901s]   File "/opt/ros/humble/local/lib/python3.10/dist-packages/rosidl_parser/parser.py", line 89, in get_ast_from_idl_string
[102.901s]     return _parser.parse(idl_string)
[102.901s]   File "/usr/lib/python3/dist-packages/lark/lark.py", line 619, in parse
[102.901s]     idl_file = parse_idl_file(locator)
[102.901s]   File "/opt/ros/humble/local/lib/python3.10/dist-packages/rosidl_parser/parser.py", line 64, in parse_idl_file
[102.902s]     content = parse_idl_string(string, png_file=png_file)
[102.902s]   File "/opt/ros/humble/local/lib/python3.10/dist-packages/rosidl_parser/parser.py", line 72, in parse_idl_string
[102.902s]     tree = get_ast_from_idl_string(idl_string)
[102.902s]   File "/opt/ros/humble/local/lib/python3.10/dist-packages/rosidl_parser/parser.py", line 89, in get_ast_from_idl_string
[102.902s] gmake[2]: *** Deleting file 'rosidl_generator_c/ublox_msgs/msg/ack.h'
[102.902s] gmake[2]: *** [CMakeFiles/ublox_msgs__rosidl_typesupport_introspection_cpp.dir/build.make:1394: CMakeFiles/ublox_msgs__rosidl_typesupport_introspection_cpp.dir/rosidl_typesupport_introspection_cpp/ublox_msgs/msg/detail/nav_pvt__type_support.cpp.o] Interrupt
[102.903s]     return _parser.parse(idl_string)
[102.903s]   File "/usr/lib/python3/dist-packages/lark/lark.py", line 619, in parse
[102.903s]     return self.parser.parse(text, start=start, on_error=on_error)
[102.903s]   File "/usr/lib/python3/dist-packages/lark/parser_frontends.py", line 99, in parse
[102.903s]     return self.parser.parse(text, start=start, on_error=on_error)
[102.903s]   File "/usr/lib/python3/dist-packages/lark/parser_frontends.py", line 99, in parse
[102.904s] gmake[1]: *** [CMakeFiles/Makefile2:390: CMakeFiles/ublox_msgs__rosidl_typesupport_introspection_cpp.dir/all] Interrupt
[102.904s]     return self.parser.parse(stream, chosen_start, **kw)
[102.904s]   File "/usr/lib/python3/dist-packages/lark/parsers/earley.py", line 266, in parse
[102.904s]     return self.parser.parse(stream, chosen_start, **kw)
[102.904s]   File "/usr/lib/python3/dist-packages/lark/parsers/earley.py", line 266, in parse
[102.904s]     to_scan = self._parse(lexer, columns, to_scan, start_symbol)
[102.905s]     to_scan = self._parse(lexer, columns, to_scan, start_symbol)
[102.905s]   File "/usr/lib/python3/dist-packages/lark/parsers/xearley.py", line 144, in _parse
[102.905s]   File "/usr/lib/python3/dist-packages/lark/parsers/xearley.py", line 144, in _parse
[102.905s]     self.predict_and_complete(i, to_scan, columns, transitives)
[102.905s]   File "/usr/lib/python3/dist-packages/lark/parsers/earley.py", line 122, in predict_and_complete
[102.905s]     self.predict_and_complete(i, to_scan, columns, transitives)
[102.905s]     originators = [originator for originator in columns[item.start] if originator.expect is not None and originator.expect == item.s]
[102.906s]   File "/usr/lib/python3/dist-packages/lark/parsers/earley.py", line 122, in <listcomp>
[102.906s]   File "/usr/lib/python3/dist-packages/lark/parsers/earley.py", line 122, in predict_and_complete
[102.906s]     originators = [originator for originator in columns[item.start] if originator.expect is not None and originator.expect == item.s]
[102.906s]   File "/usr/lib/python3/dist-packages/lark/grammar.py", line 20, in __eq__
[102.906s]     originators = [originator for originator in columns[item.start] if originator.expect is not None and originator.expect == item.s]
[102.906s]   File "/usr/lib/python3/dist-packages/lark/parsers/earley.py", line 122, in <listcomp>
[102.906s]     originators = [originator for originator in columns[item.start] if originator.expect is not None and originator.expect == item.s]
[102.907s]   File "/usr/lib/python3/dist-packages/lark/grammar.py", line 20, in __eq__
[102.907s]     return self.is_term == other.is_term and self.name == other.name
[102.907s]   File "/usr/lib/python3/dist-packages/lark/lexer.py", line 191, in __eq__
[102.907s]     return self.is_term == other.is_term and self.name == other.name
[102.907s]   File "/usr/lib/python3/dist-packages/lark/lexer.py", line 195, in __eq__
[102.907s]     return str.__eq__(self, other)
[102.907s]     def __eq__(self, other):
[102.908s] KeyboardInterrupt
[102.908s] KeyboardInterrupt
[102.908s] gmake[2]: *** [CMakeFiles/ublox_msgs__rosidl_typesupport_cpp.dir/build.make:528: CMakeFiles/ublox_msgs__rosidl_typesupport_cpp.dir/rosidl_typesupport_cpp/ublox_msgs/msg/aid_hui__type_support.cpp.o] Interrupt
[102.908s] gmake[1]: *** [CMakeFiles/Makefile2:416: CMakeFiles/ublox_msgs__rosidl_typesupport_cpp.dir/all] Interrupt
[102.922s] gmake[2]: *** [CMakeFiles/ublox_msgs__rosidl_typesupport_fastrtps_cpp.dir/build.make:251: rosidl_typesupport_fastrtps_cpp/ublox_msgs/msg/detail/dds_fastrtps/ack__type_support.cpp] Interrupt
[102.924s] gmake[1]: *** [CMakeFiles/Makefile2:363: CMakeFiles/ublox_msgs__rosidl_typesupport_fastrtps_cpp.dir/all] Interrupt
[102.924s] gmake[2]: *** [CMakeFiles/ublox_msgs__rosidl_generator_c.dir/build.make:256: rosidl_generator_c/ublox_msgs/msg/ack.h] Interrupt
[102.924s] gmake[1]: *** [CMakeFiles/Makefile2:233: CMakeFiles/ublox_msgs__rosidl_generator_c.dir/all] Interrupt
[102.925s] gmake: *** [Makefile:146: all] Interrupt
