-- The C compiler identification is GNU 11.4.0
-- The CXX compiler identification is GNU 11.4.0
-- Detecting C compiler ABI info
-- Detecting C compiler ABI info - done
-- Check for working C compiler: /usr/bin/cc - skipped
-- Detecting C compile features
-- Detecting C compile features - done
-- Detecting CXX compiler ABI info
-- Detecting CXX compiler ABI info - done
-- Check for working CXX compiler: /usr/bin/c++ - skipped
-- Detecting CXX compile features
-- Detecting CXX compile features - done
-- Found Boost: /usr/lib/x86_64-linux-gnu/cmake/Boost-1.74.0/BoostConfig.cmake (found suitable version "1.74.0", minimum required is "1.65.0") found components: date_time 
-- Found ament_cmake: 1.3.14 (/opt/ros/humble/share/ament_cmake/cmake)
-- Found Python3: /usr/bin/python3 (found version "3.10.12") found components: Interpreter 
-- Found nav_msgs: 4.9.1 (/opt/ros/humble/share/nav_msgs/cmake)
-- Found rosidl_generator_c: 3.1.8 (/opt/ros/humble/share/rosidl_generator_c/cmake)
-- Found rosidl_adapter: 3.1.8 (/opt/ros/humble/share/rosidl_adapter/cmake)
-- Found rosidl_generator_cpp: 3.1.8 (/opt/ros/humble/share/rosidl_generator_cpp/cmake)
-- Using all available rosidl_typesupport_c: rosidl_typesupport_fastrtps_c;rosidl_typesupport_introspection_c
-- Using all available rosidl_typesupport_cpp: rosidl_typesupport_fastrtps_cpp;rosidl_typesupport_introspection_cpp
-- Found sensor_msgs: 4.9.1 (/opt/ros/humble/share/sensor_msgs/cmake)
-- Found rosidl_default_generators: 1.2.1 (/opt/ros/humble/share/rosidl_default_generators/cmake)
-- Found rclcpp: 16.0.19 (/opt/ros/humble/share/rclcpp/cmake)
-- Found rmw_implementation_cmake: 6.1.2 (/opt/ros/humble/share/rmw_implementation_cmake/cmake)
-- Found rmw_fastrtps_cpp: 6.2.10 (/opt/ros/humble/share/rmw_fastrtps_cpp/cmake)
-- Found OpenSSL: /usr/lib/x86_64-linux-gnu/libcrypto.so (found version "3.0.2")  
-- Found FastRTPS: /opt/ros/humble/include  
-- Using RMW implementation 'rmw_fastrtps_cpp' as default
-- Looking for pthread.h
-- Looking for pthread.h - found
-- Performing Test CMAKE_HAVE_LIBC_PTHREAD
-- Performing Test CMAKE_HAVE_LIBC_PTHREAD - Success
-- Found Threads: TRUE  
-- Found tf2: 0.25.20 (/opt/ros/humble/share/tf2/cmake)
-- Found tf2_ros: 0.25.20 (/opt/ros/humble/share/tf2_ros/cmake)
-- Found tf2_eigen: 0.25.20 (/opt/ros/humble/share/tf2_eigen/cmake)
-- Found ament_cmake_ros: 0.10.0 (/opt/ros/humble/share/ament_cmake_ros/cmake)
-- Using all available rosidl_typesupport_c: rosidl_typesupport_fastrtps_c;rosidl_typesupport_introspection_c
-- Using all available rosidl_typesupport_cpp: rosidl_typesupport_fastrtps_cpp;rosidl_typesupport_introspection_cpp
-- Found PythonInterp: /usr/bin/python3 (found suitable version "3.10.12", minimum required is "3.6") 
-- Found python_cmake_module: 0.10.0 (/opt/ros/humble/share/python_cmake_module/cmake)
-- Found PythonLibs: /usr/lib/x86_64-linux-gnu/libpython3.10.so (found suitable version "3.10.12", minimum required is "3.5") 
-- Using PYTHON_EXECUTABLE: /usr/bin/python3
-- Using PYTHON_INCLUDE_DIRS: /usr/include/python3.10
-- Using PYTHON_LIBRARIES: /usr/lib/x86_64-linux-gnu/libpython3.10.so
-- Found PythonExtra: .so  
-- Configuring done
-- Generating done
-- Build files have been written to: /home/roverj8/LUIS/ARGJ08/ARGOSJ8_IA_/build/fixposition_driver_ros2
[  2%] [34m[1mGenerating Rust code for ROS interfaces[0m
[  2%] Built target fixposition_driver_ros2__rs
[  2%] Built target ament_cmake_python_copy_fixposition_driver_ros2
[  4%] [34m[1mGenerating C++ code for ROS interfaces[0m
[  4%] Built target fixposition_driver_ros2__cpp
running egg_info
creating fixposition_driver_ros2.egg-info
writing fixposition_driver_ros2.egg-info/PKG-INFO
writing dependency_links to fixposition_driver_ros2.egg-info/dependency_links.txt
writing top-level names to fixposition_driver_ros2.egg-info/top_level.txt
writing manifest file 'fixposition_driver_ros2.egg-info/SOURCES.txt'
reading manifest file 'fixposition_driver_ros2.egg-info/SOURCES.txt'
writing manifest file 'fixposition_driver_ros2.egg-info/SOURCES.txt'
[  4%] Built target ament_cmake_python_build_fixposition_driver_ros2_egg
[  6%] [34m[1mGenerating C++ type support dispatch for ROS interfaces[0m
[  9%] [32mBuilding CXX object CMakeFiles/fixposition_driver_ros2__rosidl_typesupport_cpp.dir/rosidl_typesupport_cpp/fixposition_driver_ros2/msg/vrtk__type_support.cpp.o[0m
[ 11%] [32mBuilding CXX object CMakeFiles/fixposition_driver_ros2__rosidl_typesupport_cpp.dir/rosidl_typesupport_cpp/fixposition_driver_ros2/msg/speed__type_support.cpp.o[0m
[ 13%] [32m[1mLinking CXX shared library libfixposition_driver_ros2__rosidl_typesupport_cpp.so[0m
[ 13%] Built target fixposition_driver_ros2__rosidl_typesupport_cpp
[ 15%] [34m[1mGenerating C++ introspection for ROS interfaces[0m
[ 18%] [32mBuilding CXX object CMakeFiles/fixposition_driver_ros2__rosidl_typesupport_introspection_cpp.dir/rosidl_typesupport_introspection_cpp/fixposition_driver_ros2/msg/detail/vrtk__type_support.cpp.o[0m
[ 20%] [32mBuilding CXX object CMakeFiles/fixposition_driver_ros2__rosidl_typesupport_introspection_cpp.dir/rosidl_typesupport_introspection_cpp/fixposition_driver_ros2/msg/detail/speed__type_support.cpp.o[0m
[ 22%] [32m[1mLinking CXX shared library libfixposition_driver_ros2__rosidl_typesupport_introspection_cpp.so[0m
[ 22%] Built target fixposition_driver_ros2__rosidl_typesupport_introspection_cpp
[ 25%] [32mBuilding CXX object CMakeFiles/fixposition_driver_ros2_exec.dir/src/fixposition_driver_node.cpp.o[0m
[ 27%] [32mBuilding CXX object CMakeFiles/fixposition_driver_ros2_exec.dir/src/data_to_ros2.cpp.o[0m
[ 29%] [32mBuilding CXX object CMakeFiles/fixposition_driver_ros2_exec.dir/src/params.cpp.o[0m
[ 31%] [32m[1mLinking CXX executable fixposition_driver_ros2_exec[0m
[ 31%] Built target fixposition_driver_ros2_exec
[ 34%] [34m[1mGenerating C++ type support for eProsima Fast-RTPS[0m
[ 36%] [34m[1mGenerating C code for ROS interfaces[0m
[ 38%] [32mBuilding CXX object CMakeFiles/fixposition_driver_ros2__rosidl_typesupport_fastrtps_cpp.dir/rosidl_typesupport_fastrtps_cpp/fixposition_driver_ros2/msg/detail/dds_fastrtps/speed__type_support.cpp.o[0m
[ 40%] [32mBuilding CXX object CMakeFiles/fixposition_driver_ros2__rosidl_typesupport_fastrtps_cpp.dir/rosidl_typesupport_fastrtps_cpp/fixposition_driver_ros2/msg/detail/dds_fastrtps/vrtk__type_support.cpp.o[0m
[ 43%] [32mBuilding C object CMakeFiles/fixposition_driver_ros2__rosidl_generator_c.dir/rosidl_generator_c/fixposition_driver_ros2/msg/detail/vrtk__functions.c.o[0m
[ 45%] [32mBuilding C object CMakeFiles/fixposition_driver_ros2__rosidl_generator_c.dir/rosidl_generator_c/fixposition_driver_ros2/msg/detail/speed__functions.c.o[0m
[ 47%] [32m[1mLinking C shared library libfixposition_driver_ros2__rosidl_generator_c.so[0m
[ 47%] Built target fixposition_driver_ros2__rosidl_generator_c
[ 50%] [34m[1mGenerating C type support for eProsima Fast-RTPS[0m
[ 52%] [34m[1mGenerating C introspection for ROS interfaces[0m
[ 54%] [34m[1mGenerating C type support dispatch for ROS interfaces[0m
[ 56%] [32mBuilding CXX object CMakeFiles/fixposition_driver_ros2__rosidl_typesupport_c.dir/rosidl_typesupport_c/fixposition_driver_ros2/msg/speed__type_support.cpp.o[0m
[ 59%] [32mBuilding CXX object CMakeFiles/fixposition_driver_ros2__rosidl_typesupport_c.dir/rosidl_typesupport_c/fixposition_driver_ros2/msg/vrtk__type_support.cpp.o[0m
[ 61%] [32mBuilding C object CMakeFiles/fixposition_driver_ros2__rosidl_typesupport_introspection_c.dir/rosidl_typesupport_introspection_c/fixposition_driver_ros2/msg/detail/speed__type_support.c.o[0m
[ 63%] [32mBuilding C object CMakeFiles/fixposition_driver_ros2__rosidl_typesupport_introspection_c.dir/rosidl_typesupport_introspection_c/fixposition_driver_ros2/msg/detail/vrtk__type_support.c.o[0m
[ 65%] [32mBuilding CXX object CMakeFiles/fixposition_driver_ros2__rosidl_typesupport_fastrtps_c.dir/rosidl_typesupport_fastrtps_c/fixposition_driver_ros2/msg/detail/vrtk__type_support_c.cpp.o[0m
[ 68%] [32mBuilding CXX object CMakeFiles/fixposition_driver_ros2__rosidl_typesupport_fastrtps_c.dir/rosidl_typesupport_fastrtps_c/fixposition_driver_ros2/msg/detail/speed__type_support_c.cpp.o[0m
[ 70%] [32m[1mLinking CXX shared library libfixposition_driver_ros2__rosidl_typesupport_c.so[0m
[ 72%] [32m[1mLinking C shared library libfixposition_driver_ros2__rosidl_typesupport_introspection_c.so[0m
[ 72%] Built target fixposition_driver_ros2__rosidl_typesupport_introspection_c
[ 72%] Built target fixposition_driver_ros2__rosidl_typesupport_c
[ 75%] [32m[1mLinking CXX shared library libfixposition_driver_ros2__rosidl_typesupport_fastrtps_cpp.so[0m
[ 75%] Built target fixposition_driver_ros2__rosidl_typesupport_fastrtps_cpp
[ 77%] [32m[1mLinking CXX shared library libfixposition_driver_ros2__rosidl_typesupport_fastrtps_c.so[0m
[ 77%] Built target fixposition_driver_ros2__rosidl_typesupport_fastrtps_c
[ 77%] Built target fixposition_driver_ros2
[ 79%] [34m[1mGenerating Python code for ROS interfaces[0m
[ 79%] Built target fixposition_driver_ros2__py
[ 81%] [32mBuilding C object CMakeFiles/fixposition_driver_ros2__rosidl_generator_py.dir/rosidl_generator_py/fixposition_driver_ros2/msg/_vrtk_s.c.o[0m
[ 84%] [32mBuilding C object CMakeFiles/fixposition_driver_ros2__rosidl_generator_py.dir/rosidl_generator_py/fixposition_driver_ros2/msg/_speed_s.c.o[0m
[ 86%] [32m[1mLinking C shared library rosidl_generator_py/fixposition_driver_ros2/libfixposition_driver_ros2__rosidl_generator_py.so[0m
[ 86%] Built target fixposition_driver_ros2__rosidl_generator_py
[ 88%] [32mBuilding C object CMakeFiles/fixposition_driver_ros2__rosidl_typesupport_c__pyext.dir/rosidl_generator_py/fixposition_driver_ros2/_fixposition_driver_ros2_s.ep.rosidl_typesupport_c.c.o[0m
[ 90%] [32mBuilding C object CMakeFiles/fixposition_driver_ros2__rosidl_typesupport_introspection_c__pyext.dir/rosidl_generator_py/fixposition_driver_ros2/_fixposition_driver_ros2_s.ep.rosidl_typesupport_introspection_c.c.o[0m
[ 93%] [32mBuilding C object CMakeFiles/fixposition_driver_ros2__rosidl_typesupport_fastrtps_c__pyext.dir/rosidl_generator_py/fixposition_driver_ros2/_fixposition_driver_ros2_s.ep.rosidl_typesupport_fastrtps_c.c.o[0m
[ 95%] [32m[1mLinking C shared library rosidl_generator_py/fixposition_driver_ros2/fixposition_driver_ros2_s__rosidl_typesupport_introspection_c.cpython-310-x86_64-linux-gnu.so[0m
[ 97%] [32m[1mLinking C shared library rosidl_generator_py/fixposition_driver_ros2/fixposition_driver_ros2_s__rosidl_typesupport_c.cpython-310-x86_64-linux-gnu.so[0m
[100%] [32m[1mLinking C shared library rosidl_generator_py/fixposition_driver_ros2/fixposition_driver_ros2_s__rosidl_typesupport_fastrtps_c.cpython-310-x86_64-linux-gnu.so[0m
[100%] Built target fixposition_driver_ros2__rosidl_typesupport_c__pyext
[100%] Built target fixposition_driver_ros2__rosidl_typesupport_fastrtps_c__pyext
[100%] Built target fixposition_driver_ros2__rosidl_typesupport_introspection_c__pyext
