[0.055s] Invoking command in '/home/roverj8/LUIS/ARGJ08/ARGOSJ8_IA_/build/fixposition_driver_ros2': CMAKE_PREFIX_PATH=/home/roverj8/LUIS/ARGJ08/ARGOSJ8_IA_/install/fixposition_driver_lib:/home/roverj8/LUIS/ARGJ08/ARGOSJ8_IA_/install/fixposition_gnss_tf:/opt/ros/humble LD_LIBRARY_PATH=/home/roverj8/LUIS/ARGJ08/ARGOSJ8_IA_/install/fixposition_driver_lib/lib:/home/roverj8/LUIS/ARGJ08/ARGOSJ8_IA_/install/fixposition_gnss_tf/lib:${LD_LIBRARY_PATH} PKG_CONFIG_PATH=/home/roverj8/LUIS/ARGJ08/ARGOSJ8_IA_/install/fixposition_driver_lib/lib/x86_64-linux-gnu/pkgconfig:/home/roverj8/LUIS/ARGJ08/ARGOSJ8_IA_/install/fixposition_driver_lib/lib/pkgconfig:/home/roverj8/LUIS/ARGJ08/ARGOSJ8_IA_/install/fixposition_gnss_tf/lib/x86_64-linux-gnu/pkgconfig:/home/roverj8/LUIS/ARGJ08/ARGOSJ8_IA_/install/fixposition_gnss_tf/lib/pkgconfig /usr/bin/cmake /home/roverj8/LUIS/ARGJ08/ARGOSJ8_IA_/src/argo_drivers_pkgs/Fixposition_driver_pkg/fixposition_driver-main/fixposition_driver_ros2 -DCMAKE_INSTALL_PREFIX=/home/roverj8/LUIS/ARGJ08/ARGOSJ8_IA_/install/fixposition_driver_ros2
[0.183s] -- The C compiler identification is GNU 11.4.0
[0.360s] -- The CXX compiler identification is GNU 11.4.0
[0.378s] -- Detecting C compiler ABI info
[0.551s] -- Detecting C compiler ABI info - done
[0.573s] -- Check for working C compiler: /usr/bin/cc - skipped
[0.573s] -- Detecting C compile features
[0.574s] -- Detecting C compile features - done
[0.581s] -- Detecting CXX compiler ABI info
[0.736s] -- Detecting CXX compiler ABI info - done
[0.753s] -- Check for working CXX compiler: /usr/bin/c++ - skipped
[0.753s] -- Detecting CXX compile features
[0.754s] -- Detecting CXX compile features - done
[0.779s] -- Found Boost: /usr/lib/x86_64-linux-gnu/cmake/Boost-1.74.0/BoostConfig.cmake (found suitable version "1.74.0", minimum required is "1.65.0") found components: date_time 
[0.808s] -- Found ament_cmake: 1.3.14 (/opt/ros/humble/share/ament_cmake/cmake)
[1.281s] -- Found Python3: /usr/bin/python3 (found version "3.10.12") found components: Interpreter 
[1.605s] -- Found nav_msgs: 4.9.1 (/opt/ros/humble/share/nav_msgs/cmake)
[1.698s] -- Found rosidl_generator_c: 3.1.8 (/opt/ros/humble/share/rosidl_generator_c/cmake)
[1.709s] -- Found rosidl_adapter: 3.1.8 (/opt/ros/humble/share/rosidl_adapter/cmake)
[1.730s] -- Found rosidl_generator_cpp: 3.1.8 (/opt/ros/humble/share/rosidl_generator_cpp/cmake)
[1.761s] -- Using all available rosidl_typesupport_c: rosidl_typesupport_fastrtps_c;rosidl_typesupport_introspection_c
[1.802s] -- Using all available rosidl_typesupport_cpp: rosidl_typesupport_fastrtps_cpp;rosidl_typesupport_introspection_cpp
[1.946s] -- Found sensor_msgs: 4.9.1 (/opt/ros/humble/share/sensor_msgs/cmake)
[1.995s] -- Found rosidl_default_generators: 1.2.1 (/opt/ros/humble/share/rosidl_default_generators/cmake)
[2.021s] -- Found rclcpp: 16.0.19 (/opt/ros/humble/share/rclcpp/cmake)
[2.103s] -- Found rmw_implementation_cmake: 6.1.2 (/opt/ros/humble/share/rmw_implementation_cmake/cmake)
[2.109s] -- Found rmw_fastrtps_cpp: 6.2.10 (/opt/ros/humble/share/rmw_fastrtps_cpp/cmake)
[2.376s] -- Found OpenSSL: /usr/lib/x86_64-linux-gnu/libcrypto.so (found version "3.0.2")  
[2.440s] -- Found FastRTPS: /opt/ros/humble/include  
[2.519s] -- Using RMW implementation 'rmw_fastrtps_cpp' as default
[2.536s] -- Looking for pthread.h
[2.726s] -- Looking for pthread.h - found
[2.727s] -- Performing Test CMAKE_HAVE_LIBC_PTHREAD
[2.946s] -- Performing Test CMAKE_HAVE_LIBC_PTHREAD - Success
[2.948s] -- Found Threads: TRUE  
[3.060s] -- Found tf2: 0.25.20 (/opt/ros/humble/share/tf2/cmake)
[3.083s] -- Found tf2_ros: 0.25.20 (/opt/ros/humble/share/tf2_ros/cmake)
[3.313s] -- Found tf2_eigen: 0.25.20 (/opt/ros/humble/share/tf2_eigen/cmake)
[4.122s] -- Found ament_cmake_ros: 0.10.0 (/opt/ros/humble/share/ament_cmake_ros/cmake)
[5.480s] -- Using all available rosidl_typesupport_c: rosidl_typesupport_fastrtps_c;rosidl_typesupport_introspection_c
[6.023s] -- Using all available rosidl_typesupport_cpp: rosidl_typesupport_fastrtps_cpp;rosidl_typesupport_introspection_cpp
[6.097s] -- Found PythonInterp: /usr/bin/python3 (found suitable version "3.10.12", minimum required is "3.6") 
[6.102s] -- Found python_cmake_module: 0.10.0 (/opt/ros/humble/share/python_cmake_module/cmake)
[6.169s] -- Found PythonLibs: /usr/lib/x86_64-linux-gnu/libpython3.10.so (found suitable version "3.10.12", minimum required is "3.5") 
[6.169s] -- Using PYTHON_EXECUTABLE: /usr/bin/python3
[6.169s] -- Using PYTHON_INCLUDE_DIRS: /usr/include/python3.10
[6.170s] -- Using PYTHON_LIBRARIES: /usr/lib/x86_64-linux-gnu/libpython3.10.so
[6.221s] -- Found PythonExtra: .so  
[6.678s] -- Configuring done
[6.799s] -- Generating done
[6.842s] -- Build files have been written to: /home/roverj8/LUIS/ARGJ08/ARGOSJ8_IA_/build/fixposition_driver_ros2
[6.867s] Invoked command in '/home/roverj8/LUIS/ARGJ08/ARGOSJ8_IA_/build/fixposition_driver_ros2' returned '0': CMAKE_PREFIX_PATH=/home/roverj8/LUIS/ARGJ08/ARGOSJ8_IA_/install/fixposition_driver_lib:/home/roverj8/LUIS/ARGJ08/ARGOSJ8_IA_/install/fixposition_gnss_tf:/opt/ros/humble LD_LIBRARY_PATH=/home/roverj8/LUIS/ARGJ08/ARGOSJ8_IA_/install/fixposition_driver_lib/lib:/home/roverj8/LUIS/ARGJ08/ARGOSJ8_IA_/install/fixposition_gnss_tf/lib:${LD_LIBRARY_PATH} PKG_CONFIG_PATH=/home/roverj8/LUIS/ARGJ08/ARGOSJ8_IA_/install/fixposition_driver_lib/lib/x86_64-linux-gnu/pkgconfig:/home/roverj8/LUIS/ARGJ08/ARGOSJ8_IA_/install/fixposition_driver_lib/lib/pkgconfig:/home/roverj8/LUIS/ARGJ08/ARGOSJ8_IA_/install/fixposition_gnss_tf/lib/x86_64-linux-gnu/pkgconfig:/home/roverj8/LUIS/ARGJ08/ARGOSJ8_IA_/install/fixposition_gnss_tf/lib/pkgconfig /usr/bin/cmake /home/roverj8/LUIS/ARGJ08/ARGOSJ8_IA_/src/argo_drivers_pkgs/Fixposition_driver_pkg/fixposition_driver-main/fixposition_driver_ros2 -DCMAKE_INSTALL_PREFIX=/home/roverj8/LUIS/ARGJ08/ARGOSJ8_IA_/install/fixposition_driver_ros2
[6.871s] Invoking command in '/home/roverj8/LUIS/ARGJ08/ARGOSJ8_IA_/build/fixposition_driver_ros2': CMAKE_PREFIX_PATH=/home/roverj8/LUIS/ARGJ08/ARGOSJ8_IA_/install/fixposition_driver_lib:/home/roverj8/LUIS/ARGJ08/ARGOSJ8_IA_/install/fixposition_gnss_tf:/opt/ros/humble LD_LIBRARY_PATH=/home/roverj8/LUIS/ARGJ08/ARGOSJ8_IA_/install/fixposition_driver_lib/lib:/home/roverj8/LUIS/ARGJ08/ARGOSJ8_IA_/install/fixposition_gnss_tf/lib:${LD_LIBRARY_PATH} PKG_CONFIG_PATH=/home/roverj8/LUIS/ARGJ08/ARGOSJ8_IA_/install/fixposition_driver_lib/lib/x86_64-linux-gnu/pkgconfig:/home/roverj8/LUIS/ARGJ08/ARGOSJ8_IA_/install/fixposition_driver_lib/lib/pkgconfig:/home/roverj8/LUIS/ARGJ08/ARGOSJ8_IA_/install/fixposition_gnss_tf/lib/x86_64-linux-gnu/pkgconfig:/home/roverj8/LUIS/ARGJ08/ARGOSJ8_IA_/install/fixposition_gnss_tf/lib/pkgconfig /usr/bin/cmake --build /home/roverj8/LUIS/ARGJ08/ARGOSJ8_IA_/build/fixposition_driver_ros2 -- -j24 -l24
[6.993s] [  2%] [34m[1mGenerating Rust code for ROS interfaces[0m
[7.982s] [  2%] Built target fixposition_driver_ros2__rs
[8.036s] [  2%] Built target ament_cmake_python_copy_fixposition_driver_ros2
[8.079s] [  4%] [34m[1mGenerating C++ code for ROS interfaces[0m
[9.056s] [  4%] Built target fixposition_driver_ros2__cpp
[9.785s] running egg_info
[9.787s] creating fixposition_driver_ros2.egg-info
[9.787s] writing fixposition_driver_ros2.egg-info/PKG-INFO
[9.788s] writing dependency_links to fixposition_driver_ros2.egg-info/dependency_links.txt
[9.788s] writing top-level names to fixposition_driver_ros2.egg-info/top_level.txt
[9.792s] writing manifest file 'fixposition_driver_ros2.egg-info/SOURCES.txt'
[9.799s] reading manifest file 'fixposition_driver_ros2.egg-info/SOURCES.txt'
[9.802s] writing manifest file 'fixposition_driver_ros2.egg-info/SOURCES.txt'
[9.860s] [  4%] Built target ament_cmake_python_build_fixposition_driver_ros2_egg
[9.880s] [  6%] [34m[1mGenerating C++ type support dispatch for ROS interfaces[0m
[10.888s] [  9%] [32mBuilding CXX object CMakeFiles/fixposition_driver_ros2__rosidl_typesupport_cpp.dir/rosidl_typesupport_cpp/fixposition_driver_ros2/msg/vrtk__type_support.cpp.o[0m
[11.454s] [ 11%] [32mBuilding CXX object CMakeFiles/fixposition_driver_ros2__rosidl_typesupport_cpp.dir/rosidl_typesupport_cpp/fixposition_driver_ros2/msg/speed__type_support.cpp.o[0m
[12.049s] [ 13%] [32m[1mLinking CXX shared library libfixposition_driver_ros2__rosidl_typesupport_cpp.so[0m
[12.141s] [ 13%] Built target fixposition_driver_ros2__rosidl_typesupport_cpp
[12.161s] [ 15%] [34m[1mGenerating C++ introspection for ROS interfaces[0m
[13.235s] [ 18%] [32mBuilding CXX object CMakeFiles/fixposition_driver_ros2__rosidl_typesupport_introspection_cpp.dir/rosidl_typesupport_introspection_cpp/fixposition_driver_ros2/msg/detail/vrtk__type_support.cpp.o[0m
[14.337s] [ 20%] [32mBuilding CXX object CMakeFiles/fixposition_driver_ros2__rosidl_typesupport_introspection_cpp.dir/rosidl_typesupport_introspection_cpp/fixposition_driver_ros2/msg/detail/speed__type_support.cpp.o[0m
[14.941s] [ 22%] [32m[1mLinking CXX shared library libfixposition_driver_ros2__rosidl_typesupport_introspection_cpp.so[0m
[15.037s] [ 22%] Built target fixposition_driver_ros2__rosidl_typesupport_introspection_cpp
[15.064s] [ 25%] [32mBuilding CXX object CMakeFiles/fixposition_driver_ros2_exec.dir/src/fixposition_driver_node.cpp.o[0m
[38.352s] [ 27%] [32mBuilding CXX object CMakeFiles/fixposition_driver_ros2_exec.dir/src/data_to_ros2.cpp.o[0m
[46.871s] [ 29%] [32mBuilding CXX object CMakeFiles/fixposition_driver_ros2_exec.dir/src/params.cpp.o[0m
[51.215s] [ 31%] [32m[1mLinking CXX executable fixposition_driver_ros2_exec[0m
[51.471s] [ 31%] Built target fixposition_driver_ros2_exec
[51.482s] [ 34%] [34m[1mGenerating C++ type support for eProsima Fast-RTPS[0m
[51.487s] [ 36%] [34m[1mGenerating C code for ROS interfaces[0m
[52.091s] [ 38%] [32mBuilding CXX object CMakeFiles/fixposition_driver_ros2__rosidl_typesupport_fastrtps_cpp.dir/rosidl_typesupport_fastrtps_cpp/fixposition_driver_ros2/msg/detail/dds_fastrtps/speed__type_support.cpp.o[0m
[52.096s] [ 40%] [32mBuilding CXX object CMakeFiles/fixposition_driver_ros2__rosidl_typesupport_fastrtps_cpp.dir/rosidl_typesupport_fastrtps_cpp/fixposition_driver_ros2/msg/detail/dds_fastrtps/vrtk__type_support.cpp.o[0m
[52.132s] [ 43%] [32mBuilding C object CMakeFiles/fixposition_driver_ros2__rosidl_generator_c.dir/rosidl_generator_c/fixposition_driver_ros2/msg/detail/vrtk__functions.c.o[0m
[52.133s] [ 45%] [32mBuilding C object CMakeFiles/fixposition_driver_ros2__rosidl_generator_c.dir/rosidl_generator_c/fixposition_driver_ros2/msg/detail/speed__functions.c.o[0m
[52.352s] [ 47%] [32m[1mLinking C shared library libfixposition_driver_ros2__rosidl_generator_c.so[0m
[52.401s] [ 47%] Built target fixposition_driver_ros2__rosidl_generator_c
[52.413s] [ 50%] [34m[1mGenerating C type support for eProsima Fast-RTPS[0m
[52.416s] [ 52%] [34m[1mGenerating C introspection for ROS interfaces[0m
[52.418s] [ 54%] [34m[1mGenerating C type support dispatch for ROS interfaces[0m
[53.078s] [ 56%] [32mBuilding CXX object CMakeFiles/fixposition_driver_ros2__rosidl_typesupport_c.dir/rosidl_typesupport_c/fixposition_driver_ros2/msg/speed__type_support.cpp.o[0m
[53.084s] [ 59%] [32mBuilding CXX object CMakeFiles/fixposition_driver_ros2__rosidl_typesupport_c.dir/rosidl_typesupport_c/fixposition_driver_ros2/msg/vrtk__type_support.cpp.o[0m
[53.098s] [ 61%] [32mBuilding C object CMakeFiles/fixposition_driver_ros2__rosidl_typesupport_introspection_c.dir/rosidl_typesupport_introspection_c/fixposition_driver_ros2/msg/detail/speed__type_support.c.o[0m
[53.104s] [ 63%] [32mBuilding C object CMakeFiles/fixposition_driver_ros2__rosidl_typesupport_introspection_c.dir/rosidl_typesupport_introspection_c/fixposition_driver_ros2/msg/detail/vrtk__type_support.c.o[0m
[53.143s] [ 65%] [32mBuilding CXX object CMakeFiles/fixposition_driver_ros2__rosidl_typesupport_fastrtps_c.dir/rosidl_typesupport_fastrtps_c/fixposition_driver_ros2/msg/detail/vrtk__type_support_c.cpp.o[0m
[53.145s] [ 68%] [32mBuilding CXX object CMakeFiles/fixposition_driver_ros2__rosidl_typesupport_fastrtps_c.dir/rosidl_typesupport_fastrtps_c/fixposition_driver_ros2/msg/detail/speed__type_support_c.cpp.o[0m
[53.168s] [ 70%] [32m[1mLinking CXX shared library libfixposition_driver_ros2__rosidl_typesupport_c.so[0m
[53.182s] [ 72%] [32m[1mLinking C shared library libfixposition_driver_ros2__rosidl_typesupport_introspection_c.so[0m
[53.226s] [ 72%] Built target fixposition_driver_ros2__rosidl_typesupport_introspection_c
[53.248s] [ 72%] Built target fixposition_driver_ros2__rosidl_typesupport_c
[53.275s] [ 75%] [32m[1mLinking CXX shared library libfixposition_driver_ros2__rosidl_typesupport_fastrtps_cpp.so[0m
[53.468s] [ 75%] Built target fixposition_driver_ros2__rosidl_typesupport_fastrtps_cpp
[54.156s] [ 77%] [32m[1mLinking CXX shared library libfixposition_driver_ros2__rosidl_typesupport_fastrtps_c.so[0m
[54.371s] [ 77%] Built target fixposition_driver_ros2__rosidl_typesupport_fastrtps_c
[54.410s] [ 77%] Built target fixposition_driver_ros2
[54.451s] [ 79%] [34m[1mGenerating Python code for ROS interfaces[0m
[56.028s] [ 79%] Built target fixposition_driver_ros2__py
[56.066s] [ 81%] [32mBuilding C object CMakeFiles/fixposition_driver_ros2__rosidl_generator_py.dir/rosidl_generator_py/fixposition_driver_ros2/msg/_vrtk_s.c.o[0m
[56.066s] [ 84%] [32mBuilding C object CMakeFiles/fixposition_driver_ros2__rosidl_generator_py.dir/rosidl_generator_py/fixposition_driver_ros2/msg/_speed_s.c.o[0m
[56.433s] [ 86%] [32m[1mLinking C shared library rosidl_generator_py/fixposition_driver_ros2/libfixposition_driver_ros2__rosidl_generator_py.so[0m
[56.536s] [ 86%] Built target fixposition_driver_ros2__rosidl_generator_py
[56.574s] [ 88%] [32mBuilding C object CMakeFiles/fixposition_driver_ros2__rosidl_typesupport_c__pyext.dir/rosidl_generator_py/fixposition_driver_ros2/_fixposition_driver_ros2_s.ep.rosidl_typesupport_c.c.o[0m
[56.575s] [ 90%] [32mBuilding C object CMakeFiles/fixposition_driver_ros2__rosidl_typesupport_introspection_c__pyext.dir/rosidl_generator_py/fixposition_driver_ros2/_fixposition_driver_ros2_s.ep.rosidl_typesupport_introspection_c.c.o[0m
[56.575s] [ 93%] [32mBuilding C object CMakeFiles/fixposition_driver_ros2__rosidl_typesupport_fastrtps_c__pyext.dir/rosidl_generator_py/fixposition_driver_ros2/_fixposition_driver_ros2_s.ep.rosidl_typesupport_fastrtps_c.c.o[0m
[56.871s] [ 95%] [32m[1mLinking C shared library rosidl_generator_py/fixposition_driver_ros2/fixposition_driver_ros2_s__rosidl_typesupport_introspection_c.cpython-310-x86_64-linux-gnu.so[0m
[56.874s] [ 97%] [32m[1mLinking C shared library rosidl_generator_py/fixposition_driver_ros2/fixposition_driver_ros2_s__rosidl_typesupport_c.cpython-310-x86_64-linux-gnu.so[0m
[56.881s] [100%] [32m[1mLinking C shared library rosidl_generator_py/fixposition_driver_ros2/fixposition_driver_ros2_s__rosidl_typesupport_fastrtps_c.cpython-310-x86_64-linux-gnu.so[0m
[56.931s] [100%] Built target fixposition_driver_ros2__rosidl_typesupport_c__pyext
[56.948s] [100%] Built target fixposition_driver_ros2__rosidl_typesupport_fastrtps_c__pyext
[56.960s] [100%] Built target fixposition_driver_ros2__rosidl_typesupport_introspection_c__pyext
