[0.076s] Invoking command in '/home/roverj8/LUIS/ARGJ08/ARGOSJ8_IA_/build/argj801_sensors': AMENT_PREFIX_PATH=/home/roverj8/LUIS/ARGJ08/ARGOSJ8_IA_/install/argj801_sensors_msgs:/home/roverj8/LUIS/ARGJ08/ARGOSJ8_IA_/install/argj801_ctl_platform_interfaces:${AMENT_PREFIX_PATH} CMAKE_PREFIX_PATH=/home/roverj8/LUIS/ARGJ08/ARGOSJ8_IA_/install/argj801_sensors_msgs:/home/roverj8/LUIS/ARGJ08/ARGOSJ8_IA_/install/argj801_ctl_platform_interfaces:/opt/ros/humble LD_LIBRARY_PATH=/home/roverj8/LUIS/ARGJ08/ARGOSJ8_IA_/install/argj801_sensors_msgs/lib:/home/roverj8/LUIS/ARGJ08/ARGOSJ8_IA_/install/argj801_ctl_platform_interfaces/lib:${LD_LIBRARY_PATH} PYTHONPATH=/home/roverj8/LUIS/ARGJ08/ARGOSJ8_IA_/install/argj801_sensors_msgs/local/lib/python3.10/dist-packages:/home/roverj8/LUIS/ARGJ08/ARGOSJ8_IA_/install/argj801_ctl_platform_interfaces/local/lib/python3.10/dist-packages:${PYTHONPATH} /usr/bin/cmake /home/roverj8/LUIS/ARGJ08/ARGOSJ8_IA_/src/argo_drivers_pkgs/argj801_sensors/argj801_sensors -DCMAKE_INSTALL_PREFIX=/home/roverj8/LUIS/ARGJ08/ARGOSJ8_IA_/install/argj801_sensors
[1.640s] -- The C compiler identification is GNU 11.4.0
[1.641s] -- The CXX compiler identification is GNU 11.4.0
[1.641s] -- Detecting C compiler ABI info
[1.642s] -- Detecting C compiler ABI info - done
[1.642s] -- Check for working C compiler: /usr/bin/cc - skipped
[1.642s] -- Detecting C compile features
[1.642s] -- Detecting C compile features - done
[1.642s] -- Detecting CXX compiler ABI info
[1.642s] -- Detecting CXX compiler ABI info - done
[1.643s] -- Check for working CXX compiler: /usr/bin/c++ - skipped
[1.643s] -- Detecting CXX compile features
[1.644s] -- Detecting CXX compile features - done
[1.644s] -- Found ament_cmake: 1.3.14 (/opt/ros/humble/share/ament_cmake/cmake)
[1.644s] -- Found Python3: /usr/bin/python3 (found version "3.10.12") found components: Interpreter 
[1.852s] -- Found rclcpp: 16.0.19 (/opt/ros/humble/share/rclcpp/cmake)
[1.938s] -- Found rosidl_generator_c: 3.1.8 (/opt/ros/humble/share/rosidl_generator_c/cmake)
[1.948s] -- Found rosidl_adapter: 3.1.8 (/opt/ros/humble/share/rosidl_adapter/cmake)
[1.967s] -- Found rosidl_generator_cpp: 3.1.8 (/opt/ros/humble/share/rosidl_generator_cpp/cmake)
[1.991s] -- Using all available rosidl_typesupport_c: rosidl_typesupport_fastrtps_c;rosidl_typesupport_introspection_c
[2.028s] -- Using all available rosidl_typesupport_cpp: rosidl_typesupport_fastrtps_cpp;rosidl_typesupport_introspection_cpp
[2.126s] -- Found rmw_implementation_cmake: 6.1.2 (/opt/ros/humble/share/rmw_implementation_cmake/cmake)
[2.132s] -- Found rmw_fastrtps_cpp: 6.2.10 (/opt/ros/humble/share/rmw_fastrtps_cpp/cmake)
[2.379s] -- Found OpenSSL: /usr/lib/x86_64-linux-gnu/libcrypto.so (found version "3.0.2")  
[2.462s] -- Found FastRTPS: /opt/ros/humble/include  
[2.538s] -- Using RMW implementation 'rmw_fastrtps_cpp' as default
[2.556s] -- Looking for pthread.h
[2.730s] -- Looking for pthread.h - found
[2.732s] -- Performing Test CMAKE_HAVE_LIBC_PTHREAD
[2.959s] -- Performing Test CMAKE_HAVE_LIBC_PTHREAD - Success
[2.962s] -- Found Threads: TRUE  
[3.142s] -- Found rclcpp_lifecycle: 16.0.19 (/opt/ros/humble/share/rclcpp_lifecycle/cmake)
[3.197s] -- Found sensor_msgs: 4.9.1 (/opt/ros/humble/share/sensor_msgs/cmake)
[3.292s] -- Found argj801_sensors_msgs: 0.0.0 (/home/roverj8/LUIS/ARGJ08/ARGOSJ8_IA_/install/argj801_sensors_msgs/share/argj801_sensors_msgs/cmake)
[3.330s] -- Found diagnostic_updater: 4.0.6 (/opt/ros/humble/share/diagnostic_updater/cmake)
[3.388s] -- Found cv_bridge: 3.2.1 (/opt/ros/humble/share/cv_bridge/cmake)
[3.423s] -- Found OpenCV: /usr (found version "4.5.4") 
[3.481s] -- Found ament_lint_auto: 0.12.15 (/opt/ros/humble/share/ament_lint_auto/cmake)
[3.673s] -- Added test 'cppcheck' to perform static code analysis on C / C++ code
[3.673s] -- Configured cppcheck include dirs: $<BUILD_INTERFACE:/home/roverj8/LUIS/ARGJ08/ARGOSJ8_IA_/src/argo_drivers_pkgs/argj801_sensors/argj801_sensors/include>
[3.674s] -- Configured cppcheck exclude dirs and/or files: 
[3.676s] -- Added test 'flake8' to check Python code syntax and style conventions
[3.679s] -- Added test 'lint_cmake' to check CMake code style
[3.680s] -- Added test 'pep257' to check Python code against some of the docstring style conventions in PEP 257
[3.689s] -- Added test 'uncrustify' to check C / C++ code style
[3.689s] -- Configured uncrustify additional arguments: 
[3.692s] -- Added test 'xmllint' to check XML markup files
[3.696s] -- Configuring done
[3.738s] -- Generating done
[3.748s] -- Build files have been written to: /home/roverj8/LUIS/ARGJ08/ARGOSJ8_IA_/build/argj801_sensors
[3.766s] Invoked command in '/home/roverj8/LUIS/ARGJ08/ARGOSJ8_IA_/build/argj801_sensors' returned '0': AMENT_PREFIX_PATH=/home/roverj8/LUIS/ARGJ08/ARGOSJ8_IA_/install/argj801_sensors_msgs:/home/roverj8/LUIS/ARGJ08/ARGOSJ8_IA_/install/argj801_ctl_platform_interfaces:${AMENT_PREFIX_PATH} CMAKE_PREFIX_PATH=/home/roverj8/LUIS/ARGJ08/ARGOSJ8_IA_/install/argj801_sensors_msgs:/home/roverj8/LUIS/ARGJ08/ARGOSJ8_IA_/install/argj801_ctl_platform_interfaces:/opt/ros/humble LD_LIBRARY_PATH=/home/roverj8/LUIS/ARGJ08/ARGOSJ8_IA_/install/argj801_sensors_msgs/lib:/home/roverj8/LUIS/ARGJ08/ARGOSJ8_IA_/install/argj801_ctl_platform_interfaces/lib:${LD_LIBRARY_PATH} PYTHONPATH=/home/roverj8/LUIS/ARGJ08/ARGOSJ8_IA_/install/argj801_sensors_msgs/local/lib/python3.10/dist-packages:/home/roverj8/LUIS/ARGJ08/ARGOSJ8_IA_/install/argj801_ctl_platform_interfaces/local/lib/python3.10/dist-packages:${PYTHONPATH} /usr/bin/cmake /home/roverj8/LUIS/ARGJ08/ARGOSJ8_IA_/src/argo_drivers_pkgs/argj801_sensors/argj801_sensors -DCMAKE_INSTALL_PREFIX=/home/roverj8/LUIS/ARGJ08/ARGOSJ8_IA_/install/argj801_sensors
[3.771s] Invoking command in '/home/roverj8/LUIS/ARGJ08/ARGOSJ8_IA_/build/argj801_sensors': AMENT_PREFIX_PATH=/home/roverj8/LUIS/ARGJ08/ARGOSJ8_IA_/install/argj801_sensors_msgs:/home/roverj8/LUIS/ARGJ08/ARGOSJ8_IA_/install/argj801_ctl_platform_interfaces:${AMENT_PREFIX_PATH} CMAKE_PREFIX_PATH=/home/roverj8/LUIS/ARGJ08/ARGOSJ8_IA_/install/argj801_sensors_msgs:/home/roverj8/LUIS/ARGJ08/ARGOSJ8_IA_/install/argj801_ctl_platform_interfaces:/opt/ros/humble LD_LIBRARY_PATH=/home/roverj8/LUIS/ARGJ08/ARGOSJ8_IA_/install/argj801_sensors_msgs/lib:/home/roverj8/LUIS/ARGJ08/ARGOSJ8_IA_/install/argj801_ctl_platform_interfaces/lib:${LD_LIBRARY_PATH} PYTHONPATH=/home/roverj8/LUIS/ARGJ08/ARGOSJ8_IA_/install/argj801_sensors_msgs/local/lib/python3.10/dist-packages:/home/roverj8/LUIS/ARGJ08/ARGOSJ8_IA_/install/argj801_ctl_platform_interfaces/local/lib/python3.10/dist-packages:${PYTHONPATH} /usr/bin/cmake --build /home/roverj8/LUIS/ARGJ08/ARGOSJ8_IA_/build/argj801_sensors -- -j24 -l24
[3.917s] [  6%] [32mBuilding CXX object src/argj801_lcm/CMakeFiles/argj801_lcm.dir/src/LCM_interface.cpp.o[0m
[7.800s] [ 12%] [32m[1mLinking CXX static library libargj801_lcm.a[0m
[7.950s] [ 12%] Built target argj801_lcm
[7.996s] [ 18%] [32mBuilding CXX object CMakeFiles/ARGJ801_sensors_node.dir/src/main.cpp.o[0m
[16.125s] [ 25%] [32mBuilding CXX object CMakeFiles/ARGJ801_sensors_node.dir/src/visitor/SensorDataVisitor.cpp.o[0m
[19.853s] [ 31%] [32mBuilding CXX object CMakeFiles/ARGJ801_sensors_node.dir/src/data/CompressedImage.cpp.o[0m
[22.703s] [ 37%] [32mBuilding CXX object CMakeFiles/ARGJ801_sensors_node.dir/src/data/Twist.cpp.o[0m
[24.358s] [ 43%] [32mBuilding CXX object CMakeFiles/ARGJ801_sensors_node.dir/src/data/OdometerData.cpp.o[0m
[26.090s] [ 50%] [32mBuilding CXX object CMakeFiles/ARGJ801_sensors_node.dir/src/data/MotorTelemetry.cpp.o[0m
[27.638s] [ 56%] [32mBuilding CXX object CMakeFiles/ARGJ801_sensors_node.dir/src/data/Composite.cpp.o[0m
[28.025s] [ 62%] [32mBuilding CXX object CMakeFiles/ARGJ801_sensors_node.dir/src/data/LidarData.cpp.o[0m
[29.603s] [ 68%] [32mBuilding CXX object CMakeFiles/ARGJ801_sensors_node.dir/src/argj801_sensors/argj801_camera_interface.cpp.o[0m
[32.965s] [ 75%] [32mBuilding CXX object CMakeFiles/ARGJ801_sensors_node.dir/src/argj801_sensors/argj801_sensor_interface.cpp.o[0m
[35.486s] [ 81%] [32mBuilding CXX object CMakeFiles/ARGJ801_sensors_node.dir/src/argj801_sensors/argj801_camera_builder.cpp.o[0m
[38.686s] [ 87%] [32mBuilding CXX object CMakeFiles/ARGJ801_sensors_node.dir/src/argj801_sensors/argj801_lcm_sensors_builder.cpp.o[0m
[40.854s] [ 93%] [32mBuilding CXX object CMakeFiles/ARGJ801_sensors_node.dir/src/argj801_sensors/argj801_sensors_node.cpp.o[0m
[50.172s] [100%] [32m[1mLinking CXX executable ARGJ801_sensors_node[0m
[51.175s] [100%] Built target ARGJ801_sensors_node
