[0.226s] Invoking command in '/home/roverj8/LUIS/ARGJ08/ARGOSJ8_IA_/build/fixposition_driver_lib': CMAKE_PREFIX_PATH=/home/roverj8/LUIS/ARGJ08/ARGOSJ8_IA_/install/fixposition_gnss_tf:/opt/ros/humble LD_LIBRARY_PATH=/home/roverj8/LUIS/ARGJ08/ARGOSJ8_IA_/install/fixposition_gnss_tf/lib:${LD_LIBRARY_PATH} PKG_CONFIG_PATH=/home/roverj8/LUIS/ARGJ08/ARGOSJ8_IA_/install/fixposition_gnss_tf/lib/x86_64-linux-gnu/pkgconfig:/home/roverj8/LUIS/ARGJ08/ARGOSJ8_IA_/install/fixposition_gnss_tf/lib/pkgconfig /usr/bin/cmake /home/roverj8/LUIS/ARGJ08/ARGOSJ8_IA_/src/argo_drivers_pkgs/Fixposition_driver_pkg/fixposition_driver-main/fixposition_driver_lib -DCMAKE_INSTALL_PREFIX=/home/roverj8/LUIS/ARGJ08/ARGOSJ8_IA_/install/fixposition_driver_lib
[0.821s] -- The CXX compiler identification is GNU 11.4.0
[0.867s] -- Detecting CXX compiler ABI info
[1.332s] -- Detecting CXX compiler ABI info - done
[1.370s] -- Check for working CXX compiler: /usr/bin/c++ - skipped
[1.377s] -- Detecting CXX compile features
[1.379s] -- Detecting CXX compile features - done
[1.402s] -- Found Boost: /usr/lib/x86_64-linux-gnu/cmake/Boost-1.74.0/BoostConfig.cmake (found suitable version "1.74.0", minimum required is "1.65.0")  
[1.449s] -- Configuring done
[1.487s] -- Generating done
[1.496s] -- Build files have been written to: /home/roverj8/LUIS/ARGJ08/ARGOSJ8_IA_/build/fixposition_driver_lib
[1.519s] Invoked command in '/home/roverj8/LUIS/ARGJ08/ARGOSJ8_IA_/build/fixposition_driver_lib' returned '0': CMAKE_PREFIX_PATH=/home/roverj8/LUIS/ARGJ08/ARGOSJ8_IA_/install/fixposition_gnss_tf:/opt/ros/humble LD_LIBRARY_PATH=/home/roverj8/LUIS/ARGJ08/ARGOSJ8_IA_/install/fixposition_gnss_tf/lib:${LD_LIBRARY_PATH} PKG_CONFIG_PATH=/home/roverj8/LUIS/ARGJ08/ARGOSJ8_IA_/install/fixposition_gnss_tf/lib/x86_64-linux-gnu/pkgconfig:/home/roverj8/LUIS/ARGJ08/ARGOSJ8_IA_/install/fixposition_gnss_tf/lib/pkgconfig /usr/bin/cmake /home/roverj8/LUIS/ARGJ08/ARGOSJ8_IA_/src/argo_drivers_pkgs/Fixposition_driver_pkg/fixposition_driver-main/fixposition_driver_lib -DCMAKE_INSTALL_PREFIX=/home/roverj8/LUIS/ARGJ08/ARGOSJ8_IA_/install/fixposition_driver_lib
[1.520s] Invoking command in '/home/roverj8/LUIS/ARGJ08/ARGOSJ8_IA_/build/fixposition_driver_lib': CMAKE_PREFIX_PATH=/home/roverj8/LUIS/ARGJ08/ARGOSJ8_IA_/install/fixposition_gnss_tf:/opt/ros/humble LD_LIBRARY_PATH=/home/roverj8/LUIS/ARGJ08/ARGOSJ8_IA_/install/fixposition_gnss_tf/lib:${LD_LIBRARY_PATH} PKG_CONFIG_PATH=/home/roverj8/LUIS/ARGJ08/ARGOSJ8_IA_/install/fixposition_gnss_tf/lib/x86_64-linux-gnu/pkgconfig:/home/roverj8/LUIS/ARGJ08/ARGOSJ8_IA_/install/fixposition_gnss_tf/lib/pkgconfig /usr/bin/cmake --build /home/roverj8/LUIS/ARGJ08/ARGOSJ8_IA_/build/fixposition_driver_lib -- -j24 -l24
[4.600s] [ 12%] [32mBuilding CXX object CMakeFiles/fixposition_driver_lib.dir/src/fixposition_driver.cpp.o[0m
[4.600s] [ 25%] [32mBuilding CXX object CMakeFiles/fixposition_driver_lib.dir/src/llh.cpp.o[0m
[4.600s] [ 37%] [32mBuilding CXX object CMakeFiles/fixposition_driver_lib.dir/src/odometry.cpp.o[0m
[4.600s] [ 50%] [32mBuilding CXX object CMakeFiles/fixposition_driver_lib.dir/src/imu.cpp.o[0m
[4.600s] [ 62%] [32mBuilding CXX object CMakeFiles/fixposition_driver_lib.dir/src/helper.cpp.o[0m
[4.600s] [ 75%] [32mBuilding CXX object CMakeFiles/fixposition_driver_lib.dir/src/tf.cpp.o[0m
[4.601s] [ 87%] [32mBuilding CXX object CMakeFiles/fixposition_driver_lib.dir/src/parser.cpp.o[0m
[12.188s] [01m[K/home/roverj8/LUIS/ARGJ08/ARGOSJ8_IA_/src/argo_drivers_pkgs/Fixposition_driver_pkg/fixposition_driver-main/fixposition_driver_lib/src/fixposition_driver.cpp:[m[K In member function ‘[01m[Kvirtual void fixposition::FixpositionDriver::WsCallback(const std::vector<int>&)[m[K’:
[12.189s] [01m[K/home/roverj8/LUIS/ARGJ08/ARGOSJ8_IA_/src/argo_drivers_pkgs/Fixposition_driver_pkg/fixposition_driver-main/fixposition_driver_lib/src/fixposition_driver.cpp:121:18:[m[K [01;35m[Kwarning: [m[Kignoring return value of ‘[01m[Kssize_t write(int, const void*, size_t)[m[K’ declared with attribute ‘[01m[Kwarn_unused_result[m[K’ [[01;35m[K]8;;https://gcc.gnu.org/onlinedocs/gcc/Warning-Options.html#index-Wunused-result-Wunused-result]8;;[m[K]
[12.189s]   121 |             [01;35m[Kwrite(this->client_fd_, &message[0], sizeof(message))[m[K;
[12.189s]       |             [01;35m[K~~~~~^~~~~~~~~~~~~~~~~~~~~~~~~~~~~~~~~~~~~~~~~~~~~~~~[m[K
[23.331s] [100%] [32m[1mLinking CXX shared library libfixposition_driver_lib.so[0m
[23.685s] [100%] Built target fixposition_driver_lib
[23.705s] Invoked command in '/home/roverj8/LUIS/ARGJ08/ARGOSJ8_IA_/build/fixposition_driver_lib' returned '0': CMAKE_PREFIX_PATH=/home/roverj8/LUIS/ARGJ08/ARGOSJ8_IA_/install/fixposition_gnss_tf:/opt/ros/humble LD_LIBRARY_PATH=/home/roverj8/LUIS/ARGJ08/ARGOSJ8_IA_/install/fixposition_gnss_tf/lib:${LD_LIBRARY_PATH} PKG_CONFIG_PATH=/home/roverj8/LUIS/ARGJ08/ARGOSJ8_IA_/install/fixposition_gnss_tf/lib/x86_64-linux-gnu/pkgconfig:/home/roverj8/LUIS/ARGJ08/ARGOSJ8_IA_/install/fixposition_gnss_tf/lib/pkgconfig /usr/bin/cmake --build /home/roverj8/LUIS/ARGJ08/ARGOSJ8_IA_/build/fixposition_driver_lib -- -j24 -l24
[23.708s] Invoking command in '/home/roverj8/LUIS/ARGJ08/ARGOSJ8_IA_/build/fixposition_driver_lib': CMAKE_PREFIX_PATH=/home/roverj8/LUIS/ARGJ08/ARGOSJ8_IA_/install/fixposition_gnss_tf:/opt/ros/humble LD_LIBRARY_PATH=/home/roverj8/LUIS/ARGJ08/ARGOSJ8_IA_/install/fixposition_gnss_tf/lib:${LD_LIBRARY_PATH} PKG_CONFIG_PATH=/home/roverj8/LUIS/ARGJ08/ARGOSJ8_IA_/install/fixposition_gnss_tf/lib/x86_64-linux-gnu/pkgconfig:/home/roverj8/LUIS/ARGJ08/ARGOSJ8_IA_/install/fixposition_gnss_tf/lib/pkgconfig /usr/bin/cmake --install /home/roverj8/LUIS/ARGJ08/ARGOSJ8_IA_/build/fixposition_driver_lib
[23.722s] -- Install configuration: "Release"
[23.723s] -- Installing: /home/roverj8/LUIS/ARGJ08/ARGOSJ8_IA_/install/fixposition_driver_lib/./include
[23.724s] -- Installing: /home/roverj8/LUIS/ARGJ08/ARGOSJ8_IA_/install/fixposition_driver_lib/./include/fixposition_driver_lib
[23.725s] -- Installing: /home/roverj8/LUIS/ARGJ08/ARGOSJ8_IA_/install/fixposition_driver_lib/./include/fixposition_driver_lib/converter
[23.725s] -- Installing: /home/roverj8/LUIS/ARGJ08/ARGOSJ8_IA_/install/fixposition_driver_lib/./include/fixposition_driver_lib/converter/base_converter.hpp
[23.726s] -- Installing: /home/roverj8/LUIS/ARGJ08/ARGOSJ8_IA_/install/fixposition_driver_lib/./include/fixposition_driver_lib/converter/imu.hpp
[23.727s] -- Installing: /home/roverj8/LUIS/ARGJ08/ARGOSJ8_IA_/install/fixposition_driver_lib/./include/fixposition_driver_lib/converter/odometry.hpp
[23.728s] -- Installing: /home/roverj8/LUIS/ARGJ08/ARGOSJ8_IA_/install/fixposition_driver_lib/./include/fixposition_driver_lib/converter/llh.hpp
[23.729s] -- Installing: /home/roverj8/LUIS/ARGJ08/ARGOSJ8_IA_/install/fixposition_driver_lib/./include/fixposition_driver_lib/converter/tf.hpp
[23.730s] -- Installing: /home/roverj8/LUIS/ARGJ08/ARGOSJ8_IA_/install/fixposition_driver_lib/./include/fixposition_driver_lib/helper.hpp
[23.731s] -- Installing: /home/roverj8/LUIS/ARGJ08/ARGOSJ8_IA_/install/fixposition_driver_lib/./include/fixposition_driver_lib/params.hpp
[23.732s] -- Installing: /home/roverj8/LUIS/ARGJ08/ARGOSJ8_IA_/install/fixposition_driver_lib/./include/fixposition_driver_lib/parser.hpp
[23.733s] -- Installing: /home/roverj8/LUIS/ARGJ08/ARGOSJ8_IA_/install/fixposition_driver_lib/./include/fixposition_driver_lib/nov_type.hpp
[23.734s] -- Installing: /home/roverj8/LUIS/ARGJ08/ARGOSJ8_IA_/install/fixposition_driver_lib/./include/fixposition_driver_lib/fixposition_driver.hpp
[23.735s] -- Installing: /home/roverj8/LUIS/ARGJ08/ARGOSJ8_IA_/install/fixposition_driver_lib/./include/fixposition_driver_lib/rawdmi.hpp
[23.736s] -- Installing: /home/roverj8/LUIS/ARGJ08/ARGOSJ8_IA_/install/fixposition_driver_lib/./include/fixposition_driver_lib/time_conversions.hpp
[23.737s] -- Installing: /home/roverj8/LUIS/ARGJ08/ARGOSJ8_IA_/install/fixposition_driver_lib/./include/fixposition_driver_lib/msg_data.hpp
[23.739s] -- Installing: /home/roverj8/LUIS/ARGJ08/ARGOSJ8_IA_/install/fixposition_driver_lib/lib/libfixposition_driver_lib.so
[23.742s] -- Set runtime path of "/home/roverj8/LUIS/ARGJ08/ARGOSJ8_IA_/install/fixposition_driver_lib/lib/libfixposition_driver_lib.so" to ""
[23.743s] -- Up-to-date: /home/roverj8/LUIS/ARGJ08/ARGOSJ8_IA_/install/fixposition_driver_lib/lib/libfixposition_driver_lib.so
[23.745s] -- Installing: /home/roverj8/LUIS/ARGJ08/ARGOSJ8_IA_/install/fixposition_driver_lib/lib/cmake/fixposition_driver_lib/fixposition_driver_lib-targets.cmake
[23.746s] -- Installing: /home/roverj8/LUIS/ARGJ08/ARGOSJ8_IA_/install/fixposition_driver_lib/lib/cmake/fixposition_driver_lib/fixposition_driver_lib-targets-release.cmake
[23.747s] -- Up-to-date: /home/roverj8/LUIS/ARGJ08/ARGOSJ8_IA_/install/fixposition_driver_lib/include/fixposition_driver_lib
[23.747s] -- Up-to-date: /home/roverj8/LUIS/ARGJ08/ARGOSJ8_IA_/install/fixposition_driver_lib/include/fixposition_driver_lib/converter
[23.748s] -- Up-to-date: /home/roverj8/LUIS/ARGJ08/ARGOSJ8_IA_/install/fixposition_driver_lib/include/fixposition_driver_lib/converter/base_converter.hpp
[23.748s] -- Up-to-date: /home/roverj8/LUIS/ARGJ08/ARGOSJ8_IA_/install/fixposition_driver_lib/include/fixposition_driver_lib/converter/imu.hpp
[23.749s] -- Up-to-date: /home/roverj8/LUIS/ARGJ08/ARGOSJ8_IA_/install/fixposition_driver_lib/include/fixposition_driver_lib/converter/odometry.hpp
[23.749s] -- Up-to-date: /home/roverj8/LUIS/ARGJ08/ARGOSJ8_IA_/install/fixposition_driver_lib/include/fixposition_driver_lib/converter/llh.hpp
[23.750s] -- Up-to-date: /home/roverj8/LUIS/ARGJ08/ARGOSJ8_IA_/install/fixposition_driver_lib/include/fixposition_driver_lib/converter/tf.hpp
[23.750s] -- Up-to-date: /home/roverj8/LUIS/ARGJ08/ARGOSJ8_IA_/install/fixposition_driver_lib/include/fixposition_driver_lib/helper.hpp
[23.751s] -- Up-to-date: /home/roverj8/LUIS/ARGJ08/ARGOSJ8_IA_/install/fixposition_driver_lib/include/fixposition_driver_lib/params.hpp
[23.751s] -- Up-to-date: /home/roverj8/LUIS/ARGJ08/ARGOSJ8_IA_/install/fixposition_driver_lib/include/fixposition_driver_lib/parser.hpp
[23.752s] -- Up-to-date: /home/roverj8/LUIS/ARGJ08/ARGOSJ8_IA_/install/fixposition_driver_lib/include/fixposition_driver_lib/nov_type.hpp
[23.752s] -- Up-to-date: /home/roverj8/LUIS/ARGJ08/ARGOSJ8_IA_/install/fixposition_driver_lib/include/fixposition_driver_lib/fixposition_driver.hpp
[23.753s] -- Up-to-date: /home/roverj8/LUIS/ARGJ08/ARGOSJ8_IA_/install/fixposition_driver_lib/include/fixposition_driver_lib/rawdmi.hpp
[23.754s] -- Up-to-date: /home/roverj8/LUIS/ARGJ08/ARGOSJ8_IA_/install/fixposition_driver_lib/include/fixposition_driver_lib/time_conversions.hpp
[23.754s] -- Up-to-date: /home/roverj8/LUIS/ARGJ08/ARGOSJ8_IA_/install/fixposition_driver_lib/include/fixposition_driver_lib/msg_data.hpp
[23.755s] -- Installing: /home/roverj8/LUIS/ARGJ08/ARGOSJ8_IA_/install/fixposition_driver_lib/share/fixposition_driver_lib/package.xml
[23.757s] -- Installing: /home/roverj8/LUIS/ARGJ08/ARGOSJ8_IA_/install/fixposition_driver_lib/lib/cmake/fixposition_driver_lib/fixposition_driver_lib-config.cmake
[23.758s] -- Installing: /home/roverj8/LUIS/ARGJ08/ARGOSJ8_IA_/install/fixposition_driver_lib/lib/cmake/fixposition_driver_lib/fixposition_driver_lib-config-version.cmake
[23.766s] Invoked command in '/home/roverj8/LUIS/ARGJ08/ARGOSJ8_IA_/build/fixposition_driver_lib' returned '0': CMAKE_PREFIX_PATH=/home/roverj8/LUIS/ARGJ08/ARGOSJ8_IA_/install/fixposition_gnss_tf:/opt/ros/humble LD_LIBRARY_PATH=/home/roverj8/LUIS/ARGJ08/ARGOSJ8_IA_/install/fixposition_gnss_tf/lib:${LD_LIBRARY_PATH} PKG_CONFIG_PATH=/home/roverj8/LUIS/ARGJ08/ARGOSJ8_IA_/install/fixposition_gnss_tf/lib/x86_64-linux-gnu/pkgconfig:/home/roverj8/LUIS/ARGJ08/ARGOSJ8_IA_/install/fixposition_gnss_tf/lib/pkgconfig /usr/bin/cmake --install /home/roverj8/LUIS/ARGJ08/ARGOSJ8_IA_/build/fixposition_driver_lib
