[0.042s] Invoking command in '/home/rhobtor/PHD/j8_control/J8_control/build/wiimote_msgs': CMAKE_PREFIX_PATH=${CMAKE_PREFIX_PATH}:/home/rhobtor/PHD/path_dem/install_navigation/path_dem:/home/rhobtor/PHD/path_dem/install/path_dem:/home/rhobtor/PHD/install_global_belief_final/path_dem:/home/rhobtor/PHD/ARGOSJ8_IA/ARGOSJ8_IA_/install/car:/home/rhobtor/PHD/ARGOSJ8_IA/ARGOSJ8_IA_/install/ntrip_client:/home/rhobtor/PHD/ARGOSJ8_IA/ARGOSJ8_IA_/install/j8_gui:/home/rhobtor/PHD/ARGOSJ8_IA/ARGOSJ8_IA_/install/gui:/home/rhobtor/PHD/ARGOSJ8_IA/ARGOSJ8_IA_/install/android_ros2_server:/home/rhobtor/PHD/ARGOSJ8_IA/ARGOSJ8_IA_/install/GUI_pkg:/home/rhobtor/PHD/model_terrain_ugv/Model_terrain_ugv/install/model_terrain:/opt/ros/humble /usr/bin/cmake /home/rhobtor/PHD/j8_control/J8_control/src/j8_joystick/wiimote_msgs -DCMAKE_INSTALL_PREFIX=/home/rhobtor/PHD/j8_control/J8_control/install/wiimote_msgs
[0.236s] -- The C compiler identification is GNU 11.4.0
[0.236s] -- The CXX compiler identification is GNU 11.4.0
[0.261s] -- Detecting C compiler ABI info
[0.424s] -- Detecting C compiler ABI info - done
[0.437s] -- Check for working C compiler: /usr/bin/cc - skipped
[0.437s] -- Detecting C compile features
[0.438s] -- Detecting C compile features - done
[0.448s] -- Detecting CXX compiler ABI info
[0.594s] -- Detecting CXX compiler ABI info - done
[0.608s] -- Check for working CXX compiler: /usr/bin/c++ - skipped
[0.609s] -- Detecting CXX compile features
[0.610s] -- Detecting CXX compile features - done
[0.617s] -- Found ament_cmake: 1.3.14 (/opt/ros/humble/share/ament_cmake/cmake)
[2.642s] -- Found Python3: /usr/bin/python3 (found version "3.10.12") found components: Interpreter 
[3.332s] -- Found ament_cmake_auto: 1.3.14 (/opt/ros/humble/share/ament_cmake_auto/cmake)
[3.930s] -- Found rosidl_generator_c: 3.1.9 (/opt/ros/humble/share/rosidl_generator_c/cmake)
[3.964s] -- Found rosidl_adapter: 3.1.9 (/opt/ros/humble/share/rosidl_adapter/cmake)
[4.027s] -- Found rosidl_generator_cpp: 3.1.9 (/opt/ros/humble/share/rosidl_generator_cpp/cmake)
[4.073s] -- Using all available rosidl_typesupport_c: rosidl_typesupport_fastrtps_c;rosidl_typesupport_introspection_c
[4.144s] -- Using all available rosidl_typesupport_cpp: rosidl_typesupport_fastrtps_cpp;rosidl_typesupport_introspection_cpp
[4.380s] -- Found ament_lint_auto: 0.12.15 (/opt/ros/humble/share/ament_lint_auto/cmake)
[5.528s] -- Found ament_cmake_ros: 0.10.0 (/opt/ros/humble/share/ament_cmake_ros/cmake)
[7.526s] -- Using all available rosidl_typesupport_c: rosidl_typesupport_fastrtps_c;rosidl_typesupport_introspection_c
[8.442s] -- Using all available rosidl_typesupport_cpp: rosidl_typesupport_fastrtps_cpp;rosidl_typesupport_introspection_cpp
[8.605s] -- Found PythonInterp: /usr/bin/python3 (found suitable version "3.10.12", minimum required is "3.6") 
[8.621s] -- Found python_cmake_module: 0.10.0 (/opt/ros/humble/share/python_cmake_module/cmake)
[8.763s] -- Found PythonLibs: /usr/lib/x86_64-linux-gnu/libpython3.10.so (found suitable version "3.10.12", minimum required is "3.5") 
[8.763s] -- Using PYTHON_EXECUTABLE: /usr/bin/python3
[8.763s] -- Using PYTHON_INCLUDE_DIRS: /usr/include/python3.10
[8.763s] -- Using PYTHON_LIBRARIES: /usr/lib/x86_64-linux-gnu/libpython3.10.so
[8.816s] -- Found PythonExtra: .so  
[9.232s] -- Added test 'copyright' to check source files copyright and LICENSE
[9.248s] -- Added test 'lint_cmake' to check CMake code style
[9.248s] -- Added test 'xmllint' to check XML markup files
[9.261s] -- Configuring done
[9.376s] -- Generating done
[9.420s] -- Build files have been written to: /home/rhobtor/PHD/j8_control/J8_control/build/wiimote_msgs
[9.488s] Invoked command in '/home/rhobtor/PHD/j8_control/J8_control/build/wiimote_msgs' returned '0': CMAKE_PREFIX_PATH=${CMAKE_PREFIX_PATH}:/home/rhobtor/PHD/path_dem/install_navigation/path_dem:/home/rhobtor/PHD/path_dem/install/path_dem:/home/rhobtor/PHD/install_global_belief_final/path_dem:/home/rhobtor/PHD/ARGOSJ8_IA/ARGOSJ8_IA_/install/car:/home/rhobtor/PHD/ARGOSJ8_IA/ARGOSJ8_IA_/install/ntrip_client:/home/rhobtor/PHD/ARGOSJ8_IA/ARGOSJ8_IA_/install/j8_gui:/home/rhobtor/PHD/ARGOSJ8_IA/ARGOSJ8_IA_/install/gui:/home/rhobtor/PHD/ARGOSJ8_IA/ARGOSJ8_IA_/install/android_ros2_server:/home/rhobtor/PHD/ARGOSJ8_IA/ARGOSJ8_IA_/install/GUI_pkg:/home/rhobtor/PHD/model_terrain_ugv/Model_terrain_ugv/install/model_terrain:/opt/ros/humble /usr/bin/cmake /home/rhobtor/PHD/j8_control/J8_control/src/j8_joystick/wiimote_msgs -DCMAKE_INSTALL_PREFIX=/home/rhobtor/PHD/j8_control/J8_control/install/wiimote_msgs
[9.497s] Invoking command in '/home/rhobtor/PHD/j8_control/J8_control/build/wiimote_msgs': CMAKE_PREFIX_PATH=${CMAKE_PREFIX_PATH}:/home/rhobtor/PHD/path_dem/install_navigation/path_dem:/home/rhobtor/PHD/path_dem/install/path_dem:/home/rhobtor/PHD/install_global_belief_final/path_dem:/home/rhobtor/PHD/ARGOSJ8_IA/ARGOSJ8_IA_/install/car:/home/rhobtor/PHD/ARGOSJ8_IA/ARGOSJ8_IA_/install/ntrip_client:/home/rhobtor/PHD/ARGOSJ8_IA/ARGOSJ8_IA_/install/j8_gui:/home/rhobtor/PHD/ARGOSJ8_IA/ARGOSJ8_IA_/install/gui:/home/rhobtor/PHD/ARGOSJ8_IA/ARGOSJ8_IA_/install/android_ros2_server:/home/rhobtor/PHD/ARGOSJ8_IA/ARGOSJ8_IA_/install/GUI_pkg:/home/rhobtor/PHD/model_terrain_ugv/Model_terrain_ugv/install/model_terrain:/opt/ros/humble /usr/bin/cmake --build /home/rhobtor/PHD/j8_control/J8_control/build/wiimote_msgs -- -j20 -l20
[10.581s] [  2%] [34m[1mGenerating C code for ROS interfaces[0m
[10.581s] [  4%] [34m[1mGenerating Rust code for ROS interfaces[0m
[10.581s] [  6%] [34m[1mGenerating C++ code for ROS interfaces[0m
[10.581s] [  6%] Built target ament_cmake_python_copy_wiimote_msgs
[10.581s] running egg_info
[10.581s] creating wiimote_msgs.egg-info
[10.581s] writing wiimote_msgs.egg-info/PKG-INFO
[10.581s] writing dependency_links to wiimote_msgs.egg-info/dependency_links.txt
[10.581s] writing top-level names to wiimote_msgs.egg-info/top_level.txt
[10.581s] writing manifest file 'wiimote_msgs.egg-info/SOURCES.txt'
[10.581s] reading manifest file 'wiimote_msgs.egg-info/SOURCES.txt'
[10.581s] writing manifest file 'wiimote_msgs.egg-info/SOURCES.txt'
[10.581s] [  6%] Built target ament_cmake_python_build_wiimote_msgs_egg
[11.115s] [  6%] Built target wiimote_msgs__rs
[11.347s] [  6%] Built target wiimote_msgs__cpp
[11.375s] [  8%] [34m[1mGenerating C++ introspection for ROS interfaces[0m
[11.377s] [ 10%] [34m[1mGenerating C++ type support for eProsima Fast-RTPS[0m
[11.382s] [ 12%] [34m[1mGenerating C++ type support dispatch for ROS interfaces[0m
[11.473s] [ 16%] [32mBuilding C object CMakeFiles/wiimote_msgs__rosidl_generator_c.dir/rosidl_generator_c/wiimote_msgs/msg/detail/state__functions.c.o[0m
[11.473s] [ 18%] [32mBuilding C object CMakeFiles/wiimote_msgs__rosidl_generator_c.dir/rosidl_generator_c/wiimote_msgs/msg/detail/ir_source_info__functions.c.o[0m
[11.473s] [ 18%] [32mBuilding C object CMakeFiles/wiimote_msgs__rosidl_generator_c.dir/rosidl_generator_c/wiimote_msgs/msg/detail/timed_switch__functions.c.o[0m
[11.603s] [ 20%] [32m[1mLinking C shared library libwiimote_msgs__rosidl_generator_c.so[0m
[11.719s] [ 20%] Built target wiimote_msgs__rosidl_generator_c
[11.747s] [ 22%] [34m[1mGenerating C type support for eProsima Fast-RTPS[0m
[11.765s] [ 25%] [34m[1mGenerating C type support dispatch for ROS interfaces[0m
[11.774s] [ 27%] [34m[1mGenerating C introspection for ROS interfaces[0m
[13.060s] [ 31%] [32mBuilding CXX object CMakeFiles/wiimote_msgs__rosidl_typesupport_introspection_cpp.dir/rosidl_typesupport_introspection_cpp/wiimote_msgs/msg/detail/ir_source_info__type_support.cpp.o[0m
[13.060s] [ 31%] [32mBuilding CXX object CMakeFiles/wiimote_msgs__rosidl_typesupport_introspection_cpp.dir/rosidl_typesupport_introspection_cpp/wiimote_msgs/msg/detail/timed_switch__type_support.cpp.o[0m
[13.060s] [ 33%] [32mBuilding CXX object CMakeFiles/wiimote_msgs__rosidl_typesupport_introspection_cpp.dir/rosidl_typesupport_introspection_cpp/wiimote_msgs/msg/detail/state__type_support.cpp.o[0m
[13.423s] [ 35%] [32mBuilding CXX object CMakeFiles/wiimote_msgs__rosidl_typesupport_cpp.dir/rosidl_typesupport_cpp/wiimote_msgs/msg/ir_source_info__type_support.cpp.o[0m
[13.437s] [ 37%] [32mBuilding CXX object CMakeFiles/wiimote_msgs__rosidl_typesupport_cpp.dir/rosidl_typesupport_cpp/wiimote_msgs/msg/state__type_support.cpp.o[0m
[13.441s] [ 39%] [32mBuilding CXX object CMakeFiles/wiimote_msgs__rosidl_typesupport_cpp.dir/rosidl_typesupport_cpp/wiimote_msgs/msg/timed_switch__type_support.cpp.o[0m
[13.660s] [ 41%] [32mBuilding CXX object CMakeFiles/wiimote_msgs__rosidl_typesupport_fastrtps_cpp.dir/rosidl_typesupport_fastrtps_cpp/wiimote_msgs/msg/detail/dds_fastrtps/state__type_support.cpp.o[0m
[13.665s] [ 43%] [32mBuilding CXX object CMakeFiles/wiimote_msgs__rosidl_typesupport_fastrtps_cpp.dir/rosidl_typesupport_fastrtps_cpp/wiimote_msgs/msg/detail/dds_fastrtps/ir_source_info__type_support.cpp.o[0m
[13.684s] [ 45%] [32mBuilding CXX object CMakeFiles/wiimote_msgs__rosidl_typesupport_fastrtps_cpp.dir/rosidl_typesupport_fastrtps_cpp/wiimote_msgs/msg/detail/dds_fastrtps/timed_switch__type_support.cpp.o[0m
[14.013s] [ 47%] [32mBuilding CXX object CMakeFiles/wiimote_msgs__rosidl_typesupport_fastrtps_c.dir/rosidl_typesupport_fastrtps_c/wiimote_msgs/msg/detail/ir_source_info__type_support_c.cpp.o[0m
[14.037s] [ 50%] [32mBuilding CXX object CMakeFiles/wiimote_msgs__rosidl_typesupport_fastrtps_c.dir/rosidl_typesupport_fastrtps_c/wiimote_msgs/msg/detail/state__type_support_c.cpp.o[0m
[14.045s] [ 52%] [32mBuilding CXX object CMakeFiles/wiimote_msgs__rosidl_typesupport_fastrtps_c.dir/rosidl_typesupport_fastrtps_c/wiimote_msgs/msg/detail/timed_switch__type_support_c.cpp.o[0m
[14.176s] [ 54%] [32mBuilding C object CMakeFiles/wiimote_msgs__rosidl_typesupport_introspection_c.dir/rosidl_typesupport_introspection_c/wiimote_msgs/msg/detail/ir_source_info__type_support.c.o[0m
[14.198s] [ 56%] [32mBuilding C object CMakeFiles/wiimote_msgs__rosidl_typesupport_introspection_c.dir/rosidl_typesupport_introspection_c/wiimote_msgs/msg/detail/state__type_support.c.o[0m
[14.226s] [ 58%] [32mBuilding C object CMakeFiles/wiimote_msgs__rosidl_typesupport_introspection_c.dir/rosidl_typesupport_introspection_c/wiimote_msgs/msg/detail/timed_switch__type_support.c.o[0m
[14.407s] [ 60%] [32m[1mLinking C shared library libwiimote_msgs__rosidl_typesupport_introspection_c.so[0m
[14.486s] [ 62%] [32m[1mLinking CXX shared library libwiimote_msgs__rosidl_typesupport_cpp.so[0m
[14.525s] [ 62%] Built target wiimote_msgs__rosidl_typesupport_introspection_c
[14.585s] [ 62%] Built target wiimote_msgs__rosidl_typesupport_cpp
[14.879s] [ 64%] [32mBuilding CXX object CMakeFiles/wiimote_msgs__rosidl_typesupport_c.dir/rosidl_typesupport_c/wiimote_msgs/msg/ir_source_info__type_support.cpp.o[0m
[14.951s] [ 66%] [32mBuilding CXX object CMakeFiles/wiimote_msgs__rosidl_typesupport_c.dir/rosidl_typesupport_c/wiimote_msgs/msg/timed_switch__type_support.cpp.o[0m
[14.969s] [ 68%] [32m[1mLinking CXX shared library libwiimote_msgs__rosidl_typesupport_introspection_cpp.so[0m
[15.011s] [ 70%] [32m[1mLinking CXX shared library libwiimote_msgs__rosidl_typesupport_fastrtps_c.so[0m
[15.055s] [ 72%] [32mBuilding CXX object CMakeFiles/wiimote_msgs__rosidl_typesupport_c.dir/rosidl_typesupport_c/wiimote_msgs/msg/state__type_support.cpp.o[0m
[15.129s] [ 75%] [32m[1mLinking CXX shared library libwiimote_msgs__rosidl_typesupport_c.so[0m
[15.197s] [ 75%] Built target wiimote_msgs__rosidl_typesupport_c
[15.255s] [ 75%] Built target wiimote_msgs__rosidl_typesupport_introspection_cpp
[15.311s] [ 75%] Built target wiimote_msgs__rosidl_typesupport_fastrtps_c
[15.523s] [ 77%] [32m[1mLinking CXX shared library libwiimote_msgs__rosidl_typesupport_fastrtps_cpp.so[0m
[15.744s] [ 77%] Built target wiimote_msgs__rosidl_typesupport_fastrtps_cpp
[15.813s] [ 77%] Built target wiimote_msgs
[15.886s] [ 79%] [34m[1mGenerating Python code for ROS interfaces[0m
[18.069s] [ 79%] Built target wiimote_msgs__py
[18.129s] [ 81%] [32mBuilding C object CMakeFiles/wiimote_msgs__rosidl_generator_py.dir/rosidl_generator_py/wiimote_msgs/msg/_ir_source_info_s.c.o[0m
[18.318s] [ 83%] [32mBuilding C object CMakeFiles/wiimote_msgs__rosidl_generator_py.dir/rosidl_generator_py/wiimote_msgs/msg/_timed_switch_s.c.o[0m
[18.499s] [ 85%] [32mBuilding C object CMakeFiles/wiimote_msgs__rosidl_generator_py.dir/rosidl_generator_py/wiimote_msgs/msg/_state_s.c.o[0m
[18.665s] [ 87%] [32m[1mLinking C shared library rosidl_generator_py/wiimote_msgs/libwiimote_msgs__rosidl_generator_py.so[0m
[18.745s] [ 87%] Built target wiimote_msgs__rosidl_generator_py
[18.810s] [ 89%] [32mBuilding C object CMakeFiles/wiimote_msgs__rosidl_typesupport_fastrtps_c__pyext.dir/rosidl_generator_py/wiimote_msgs/_wiimote_msgs_s.ep.rosidl_typesupport_fastrtps_c.c.o[0m
[18.983s] [ 91%] [32m[1mLinking C shared library rosidl_generator_py/wiimote_msgs/wiimote_msgs_s__rosidl_typesupport_fastrtps_c.cpython-310-x86_64-linux-gnu.so[0m
[19.077s] [ 91%] Built target wiimote_msgs__rosidl_typesupport_fastrtps_c__pyext
[19.133s] [ 93%] [32mBuilding C object CMakeFiles/wiimote_msgs__rosidl_typesupport_c__pyext.dir/rosidl_generator_py/wiimote_msgs/_wiimote_msgs_s.ep.rosidl_typesupport_c.c.o[0m
[19.258s] [ 95%] [32m[1mLinking C shared library rosidl_generator_py/wiimote_msgs/wiimote_msgs_s__rosidl_typesupport_c.cpython-310-x86_64-linux-gnu.so[0m
[19.322s] [ 95%] Built target wiimote_msgs__rosidl_typesupport_c__pyext
[19.385s] [ 97%] [32mBuilding C object CMakeFiles/wiimote_msgs__rosidl_typesupport_introspection_c__pyext.dir/rosidl_generator_py/wiimote_msgs/_wiimote_msgs_s.ep.rosidl_typesupport_introspection_c.c.o[0m
[19.587s] [100%] [32m[1mLinking C shared library rosidl_generator_py/wiimote_msgs/wiimote_msgs_s__rosidl_typesupport_introspection_c.cpython-310-x86_64-linux-gnu.so[0m
[19.663s] [100%] Built target wiimote_msgs__rosidl_typesupport_introspection_c__pyext
[19.706s] Invoked command in '/home/rhobtor/PHD/j8_control/J8_control/build/wiimote_msgs' returned '0': CMAKE_PREFIX_PATH=${CMAKE_PREFIX_PATH}:/home/rhobtor/PHD/path_dem/install_navigation/path_dem:/home/rhobtor/PHD/path_dem/install/path_dem:/home/rhobtor/PHD/install_global_belief_final/path_dem:/home/rhobtor/PHD/ARGOSJ8_IA/ARGOSJ8_IA_/install/car:/home/rhobtor/PHD/ARGOSJ8_IA/ARGOSJ8_IA_/install/ntrip_client:/home/rhobtor/PHD/ARGOSJ8_IA/ARGOSJ8_IA_/install/j8_gui:/home/rhobtor/PHD/ARGOSJ8_IA/ARGOSJ8_IA_/install/gui:/home/rhobtor/PHD/ARGOSJ8_IA/ARGOSJ8_IA_/install/android_ros2_server:/home/rhobtor/PHD/ARGOSJ8_IA/ARGOSJ8_IA_/install/GUI_pkg:/home/rhobtor/PHD/model_terrain_ugv/Model_terrain_ugv/install/model_terrain:/opt/ros/humble /usr/bin/cmake --build /home/rhobtor/PHD/j8_control/J8_control/build/wiimote_msgs -- -j20 -l20
[19.706s] Invoking command in '/home/rhobtor/PHD/j8_control/J8_control/build/wiimote_msgs': CMAKE_PREFIX_PATH=${CMAKE_PREFIX_PATH}:/home/rhobtor/PHD/path_dem/install_navigation/path_dem:/home/rhobtor/PHD/path_dem/install/path_dem:/home/rhobtor/PHD/install_global_belief_final/path_dem:/home/rhobtor/PHD/ARGOSJ8_IA/ARGOSJ8_IA_/install/car:/home/rhobtor/PHD/ARGOSJ8_IA/ARGOSJ8_IA_/install/ntrip_client:/home/rhobtor/PHD/ARGOSJ8_IA/ARGOSJ8_IA_/install/j8_gui:/home/rhobtor/PHD/ARGOSJ8_IA/ARGOSJ8_IA_/install/gui:/home/rhobtor/PHD/ARGOSJ8_IA/ARGOSJ8_IA_/install/android_ros2_server:/home/rhobtor/PHD/ARGOSJ8_IA/ARGOSJ8_IA_/install/GUI_pkg:/home/rhobtor/PHD/model_terrain_ugv/Model_terrain_ugv/install/model_terrain:/opt/ros/humble /usr/bin/cmake --install /home/rhobtor/PHD/j8_control/J8_control/build/wiimote_msgs
[19.712s] -- Install configuration: ""
[19.714s] -- Installing: /home/rhobtor/PHD/j8_control/J8_control/install/wiimote_msgs/share/ament_index/resource_index/rosidl_interfaces/wiimote_msgs
[19.714s] -- Installing: /home/rhobtor/PHD/j8_control/J8_control/install/wiimote_msgs/include/wiimote_msgs/wiimote_msgs
[19.715s] -- Installing: /home/rhobtor/PHD/j8_control/J8_control/install/wiimote_msgs/include/wiimote_msgs/wiimote_msgs/msg
[19.715s] -- Installing: /home/rhobtor/PHD/j8_control/J8_control/install/wiimote_msgs/include/wiimote_msgs/wiimote_msgs/msg/ir_source_info.h
[19.715s] -- Installing: /home/rhobtor/PHD/j8_control/J8_control/install/wiimote_msgs/include/wiimote_msgs/wiimote_msgs/msg/state.h
[19.715s] -- Installing: /home/rhobtor/PHD/j8_control/J8_control/install/wiimote_msgs/include/wiimote_msgs/wiimote_msgs/msg/rosidl_generator_c__visibility_control.h
[19.715s] -- Installing: /home/rhobtor/PHD/j8_control/J8_control/install/wiimote_msgs/include/wiimote_msgs/wiimote_msgs/msg/detail
[19.715s] -- Installing: /home/rhobtor/PHD/j8_control/J8_control/install/wiimote_msgs/include/wiimote_msgs/wiimote_msgs/msg/detail/timed_switch__functions.c
[19.716s] -- Installing: /home/rhobtor/PHD/j8_control/J8_control/install/wiimote_msgs/include/wiimote_msgs/wiimote_msgs/msg/detail/timed_switch__type_support.h
[19.716s] -- Installing: /home/rhobtor/PHD/j8_control/J8_control/install/wiimote_msgs/include/wiimote_msgs/wiimote_msgs/msg/detail/ir_source_info__functions.h
[19.716s] -- Installing: /home/rhobtor/PHD/j8_control/J8_control/install/wiimote_msgs/include/wiimote_msgs/wiimote_msgs/msg/detail/ir_source_info__struct.h
[19.716s] -- Installing: /home/rhobtor/PHD/j8_control/J8_control/install/wiimote_msgs/include/wiimote_msgs/wiimote_msgs/msg/detail/ir_source_info__type_support.h
[19.716s] -- Installing: /home/rhobtor/PHD/j8_control/J8_control/install/wiimote_msgs/include/wiimote_msgs/wiimote_msgs/msg/detail/state__functions.c
[19.716s] -- Installing: /home/rhobtor/PHD/j8_control/J8_control/install/wiimote_msgs/include/wiimote_msgs/wiimote_msgs/msg/detail/timed_switch__struct.h
[19.717s] -- Installing: /home/rhobtor/PHD/j8_control/J8_control/install/wiimote_msgs/include/wiimote_msgs/wiimote_msgs/msg/detail/state__struct.h
[19.717s] -- Installing: /home/rhobtor/PHD/j8_control/J8_control/install/wiimote_msgs/include/wiimote_msgs/wiimote_msgs/msg/detail/state__type_support.h
[19.717s] -- Installing: /home/rhobtor/PHD/j8_control/J8_control/install/wiimote_msgs/include/wiimote_msgs/wiimote_msgs/msg/detail/ir_source_info__functions.c
[19.717s] -- Installing: /home/rhobtor/PHD/j8_control/J8_control/install/wiimote_msgs/include/wiimote_msgs/wiimote_msgs/msg/detail/timed_switch__functions.h
[19.717s] -- Installing: /home/rhobtor/PHD/j8_control/J8_control/install/wiimote_msgs/include/wiimote_msgs/wiimote_msgs/msg/detail/state__functions.h
[19.717s] -- Installing: /home/rhobtor/PHD/j8_control/J8_control/install/wiimote_msgs/include/wiimote_msgs/wiimote_msgs/msg/timed_switch.h
[19.717s] -- Installing: /home/rhobtor/PHD/j8_control/J8_control/install/wiimote_msgs/share/wiimote_msgs/environment/library_path.sh
[19.717s] -- Installing: /home/rhobtor/PHD/j8_control/J8_control/install/wiimote_msgs/share/wiimote_msgs/environment/library_path.dsv
[19.717s] -- Installing: /home/rhobtor/PHD/j8_control/J8_control/install/wiimote_msgs/lib/libwiimote_msgs__rosidl_generator_c.so
[19.717s] -- Set runtime path of "/home/rhobtor/PHD/j8_control/J8_control/install/wiimote_msgs/lib/libwiimote_msgs__rosidl_generator_c.so" to ""
[19.717s] -- Up-to-date: /home/rhobtor/PHD/j8_control/J8_control/install/wiimote_msgs/include/wiimote_msgs/wiimote_msgs
[19.717s] -- Up-to-date: /home/rhobtor/PHD/j8_control/J8_control/install/wiimote_msgs/include/wiimote_msgs/wiimote_msgs/msg
[19.717s] -- Installing: /home/rhobtor/PHD/j8_control/J8_control/install/wiimote_msgs/include/wiimote_msgs/wiimote_msgs/msg/rosidl_typesupport_fastrtps_c__visibility_control.h
[19.717s] -- Up-to-date: /home/rhobtor/PHD/j8_control/J8_control/install/wiimote_msgs/include/wiimote_msgs/wiimote_msgs/msg/detail
[19.718s] -- Installing: /home/rhobtor/PHD/j8_control/J8_control/install/wiimote_msgs/include/wiimote_msgs/wiimote_msgs/msg/detail/timed_switch__rosidl_typesupport_fastrtps_c.h
[19.718s] -- Installing: /home/rhobtor/PHD/j8_control/J8_control/install/wiimote_msgs/include/wiimote_msgs/wiimote_msgs/msg/detail/ir_source_info__rosidl_typesupport_fastrtps_c.h
[19.718s] -- Installing: /home/rhobtor/PHD/j8_control/J8_control/install/wiimote_msgs/include/wiimote_msgs/wiimote_msgs/msg/detail/state__rosidl_typesupport_fastrtps_c.h
[19.718s] -- Installing: /home/rhobtor/PHD/j8_control/J8_control/install/wiimote_msgs/lib/libwiimote_msgs__rosidl_typesupport_fastrtps_c.so
[19.718s] -- Set runtime path of "/home/rhobtor/PHD/j8_control/J8_control/install/wiimote_msgs/lib/libwiimote_msgs__rosidl_typesupport_fastrtps_c.so" to ""
[19.718s] -- Up-to-date: /home/rhobtor/PHD/j8_control/J8_control/install/wiimote_msgs/include/wiimote_msgs/wiimote_msgs
[19.718s] -- Up-to-date: /home/rhobtor/PHD/j8_control/J8_control/install/wiimote_msgs/include/wiimote_msgs/wiimote_msgs/msg
[19.719s] -- Installing: /home/rhobtor/PHD/j8_control/J8_control/install/wiimote_msgs/include/wiimote_msgs/wiimote_msgs/msg/timed_switch.hpp
[19.719s] -- Up-to-date: /home/rhobtor/PHD/j8_control/J8_control/install/wiimote_msgs/include/wiimote_msgs/wiimote_msgs/msg/detail
[19.719s] -- Installing: /home/rhobtor/PHD/j8_control/J8_control/install/wiimote_msgs/include/wiimote_msgs/wiimote_msgs/msg/detail/timed_switch__traits.hpp
[19.719s] -- Installing: /home/rhobtor/PHD/j8_control/J8_control/install/wiimote_msgs/include/wiimote_msgs/wiimote_msgs/msg/detail/state__traits.hpp
[19.719s] -- Installing: /home/rhobtor/PHD/j8_control/J8_control/install/wiimote_msgs/include/wiimote_msgs/wiimote_msgs/msg/detail/timed_switch__builder.hpp
[19.720s] -- Installing: /home/rhobtor/PHD/j8_control/J8_control/install/wiimote_msgs/include/wiimote_msgs/wiimote_msgs/msg/detail/state__builder.hpp
[19.720s] -- Installing: /home/rhobtor/PHD/j8_control/J8_control/install/wiimote_msgs/include/wiimote_msgs/wiimote_msgs/msg/detail/ir_source_info__type_support.hpp
[19.720s] -- Installing: /home/rhobtor/PHD/j8_control/J8_control/install/wiimote_msgs/include/wiimote_msgs/wiimote_msgs/msg/detail/timed_switch__struct.hpp
[19.720s] -- Installing: /home/rhobtor/PHD/j8_control/J8_control/install/wiimote_msgs/include/wiimote_msgs/wiimote_msgs/msg/detail/state__struct.hpp
[19.721s] -- Installing: /home/rhobtor/PHD/j8_control/J8_control/install/wiimote_msgs/include/wiimote_msgs/wiimote_msgs/msg/detail/ir_source_info__struct.hpp
[19.724s] -- Installing: /home/rhobtor/PHD/j8_control/J8_control/install/wiimote_msgs/include/wiimote_msgs/wiimote_msgs/msg/detail/ir_source_info__traits.hpp
[19.724s] -- Installing: /home/rhobtor/PHD/j8_control/J8_control/install/wiimote_msgs/include/wiimote_msgs/wiimote_msgs/msg/detail/timed_switch__type_support.hpp
[19.724s] -- Installing: /home/rhobtor/PHD/j8_control/J8_control/install/wiimote_msgs/include/wiimote_msgs/wiimote_msgs/msg/detail/ir_source_info__builder.hpp
[19.724s] -- Installing: /home/rhobtor/PHD/j8_control/J8_control/install/wiimote_msgs/include/wiimote_msgs/wiimote_msgs/msg/detail/state__type_support.hpp
[19.724s] -- Installing: /home/rhobtor/PHD/j8_control/J8_control/install/wiimote_msgs/include/wiimote_msgs/wiimote_msgs/msg/rosidl_generator_cpp__visibility_control.hpp
[19.724s] -- Installing: /home/rhobtor/PHD/j8_control/J8_control/install/wiimote_msgs/include/wiimote_msgs/wiimote_msgs/msg/state.hpp
[19.724s] -- Installing: /home/rhobtor/PHD/j8_control/J8_control/install/wiimote_msgs/include/wiimote_msgs/wiimote_msgs/msg/ir_source_info.hpp
[19.724s] -- Up-to-date: /home/rhobtor/PHD/j8_control/J8_control/install/wiimote_msgs/include/wiimote_msgs/wiimote_msgs
[19.724s] -- Up-to-date: /home/rhobtor/PHD/j8_control/J8_control/install/wiimote_msgs/include/wiimote_msgs/wiimote_msgs/msg
[19.724s] -- Installing: /home/rhobtor/PHD/j8_control/J8_control/install/wiimote_msgs/include/wiimote_msgs/wiimote_msgs/msg/rosidl_typesupport_fastrtps_cpp__visibility_control.h
[19.724s] -- Up-to-date: /home/rhobtor/PHD/j8_control/J8_control/install/wiimote_msgs/include/wiimote_msgs/wiimote_msgs/msg/detail
[19.724s] -- Installing: /home/rhobtor/PHD/j8_control/J8_control/install/wiimote_msgs/include/wiimote_msgs/wiimote_msgs/msg/detail/timed_switch__rosidl_typesupport_fastrtps_cpp.hpp
[19.724s] -- Installing: /home/rhobtor/PHD/j8_control/J8_control/install/wiimote_msgs/include/wiimote_msgs/wiimote_msgs/msg/detail/state__rosidl_typesupport_fastrtps_cpp.hpp
[19.724s] -- Installing: /home/rhobtor/PHD/j8_control/J8_control/install/wiimote_msgs/include/wiimote_msgs/wiimote_msgs/msg/detail/ir_source_info__rosidl_typesupport_fastrtps_cpp.hpp
[19.724s] -- Installing: /home/rhobtor/PHD/j8_control/J8_control/install/wiimote_msgs/include/wiimote_msgs/wiimote_msgs/msg/detail/dds_fastrtps
[19.725s] -- Installing: /home/rhobtor/PHD/j8_control/J8_control/install/wiimote_msgs/lib/libwiimote_msgs__rosidl_typesupport_fastrtps_cpp.so
[19.725s] -- Set runtime path of "/home/rhobtor/PHD/j8_control/J8_control/install/wiimote_msgs/lib/libwiimote_msgs__rosidl_typesupport_fastrtps_cpp.so" to ""
[19.725s] -- Up-to-date: /home/rhobtor/PHD/j8_control/J8_control/install/wiimote_msgs/include/wiimote_msgs/wiimote_msgs
[19.725s] -- Up-to-date: /home/rhobtor/PHD/j8_control/J8_control/install/wiimote_msgs/include/wiimote_msgs/wiimote_msgs/msg
[19.725s] -- Installing: /home/rhobtor/PHD/j8_control/J8_control/install/wiimote_msgs/include/wiimote_msgs/wiimote_msgs/msg/rosidl_typesupport_introspection_c__visibility_control.h
[19.725s] -- Up-to-date: /home/rhobtor/PHD/j8_control/J8_control/install/wiimote_msgs/include/wiimote_msgs/wiimote_msgs/msg/detail
[19.725s] -- Installing: /home/rhobtor/PHD/j8_control/J8_control/install/wiimote_msgs/include/wiimote_msgs/wiimote_msgs/msg/detail/state__type_support.c
[19.725s] -- Installing: /home/rhobtor/PHD/j8_control/J8_control/install/wiimote_msgs/include/wiimote_msgs/wiimote_msgs/msg/detail/ir_source_info__rosidl_typesupport_introspection_c.h
[19.725s] -- Installing: /home/rhobtor/PHD/j8_control/J8_control/install/wiimote_msgs/include/wiimote_msgs/wiimote_msgs/msg/detail/timed_switch__rosidl_typesupport_introspection_c.h
[19.726s] -- Installing: /home/rhobtor/PHD/j8_control/J8_control/install/wiimote_msgs/include/wiimote_msgs/wiimote_msgs/msg/detail/timed_switch__type_support.c
[19.726s] -- Installing: /home/rhobtor/PHD/j8_control/J8_control/install/wiimote_msgs/include/wiimote_msgs/wiimote_msgs/msg/detail/ir_source_info__type_support.c
[19.726s] -- Installing: /home/rhobtor/PHD/j8_control/J8_control/install/wiimote_msgs/include/wiimote_msgs/wiimote_msgs/msg/detail/state__rosidl_typesupport_introspection_c.h
[19.726s] -- Installing: /home/rhobtor/PHD/j8_control/J8_control/install/wiimote_msgs/lib/libwiimote_msgs__rosidl_typesupport_introspection_c.so
[19.726s] -- Set runtime path of "/home/rhobtor/PHD/j8_control/J8_control/install/wiimote_msgs/lib/libwiimote_msgs__rosidl_typesupport_introspection_c.so" to ""
[19.726s] -- Installing: /home/rhobtor/PHD/j8_control/J8_control/install/wiimote_msgs/lib/libwiimote_msgs__rosidl_typesupport_c.so
[19.726s] -- Set runtime path of "/home/rhobtor/PHD/j8_control/J8_control/install/wiimote_msgs/lib/libwiimote_msgs__rosidl_typesupport_c.so" to ""
[19.726s] -- Up-to-date: /home/rhobtor/PHD/j8_control/J8_control/install/wiimote_msgs/include/wiimote_msgs/wiimote_msgs
[19.726s] -- Up-to-date: /home/rhobtor/PHD/j8_control/J8_control/install/wiimote_msgs/include/wiimote_msgs/wiimote_msgs/msg
[19.726s] -- Up-to-date: /home/rhobtor/PHD/j8_control/J8_control/install/wiimote_msgs/include/wiimote_msgs/wiimote_msgs/msg/detail
[19.726s] -- Installing: /home/rhobtor/PHD/j8_control/J8_control/install/wiimote_msgs/include/wiimote_msgs/wiimote_msgs/msg/detail/ir_source_info__rosidl_typesupport_introspection_cpp.hpp
[19.726s] -- Installing: /home/rhobtor/PHD/j8_control/J8_control/install/wiimote_msgs/include/wiimote_msgs/wiimote_msgs/msg/detail/state__type_support.cpp
[19.726s] -- Installing: /home/rhobtor/PHD/j8_control/J8_control/install/wiimote_msgs/include/wiimote_msgs/wiimote_msgs/msg/detail/timed_switch__type_support.cpp
[19.726s] -- Installing: /home/rhobtor/PHD/j8_control/J8_control/install/wiimote_msgs/include/wiimote_msgs/wiimote_msgs/msg/detail/state__rosidl_typesupport_introspection_cpp.hpp
[19.726s] -- Installing: /home/rhobtor/PHD/j8_control/J8_control/install/wiimote_msgs/include/wiimote_msgs/wiimote_msgs/msg/detail/timed_switch__rosidl_typesupport_introspection_cpp.hpp
[19.727s] -- Installing: /home/rhobtor/PHD/j8_control/J8_control/install/wiimote_msgs/include/wiimote_msgs/wiimote_msgs/msg/detail/ir_source_info__type_support.cpp
[19.727s] -- Installing: /home/rhobtor/PHD/j8_control/J8_control/install/wiimote_msgs/lib/libwiimote_msgs__rosidl_typesupport_introspection_cpp.so
[19.730s] -- Set runtime path of "/home/rhobtor/PHD/j8_control/J8_control/install/wiimote_msgs/lib/libwiimote_msgs__rosidl_typesupport_introspection_cpp.so" to ""
[19.736s] -- Installing: /home/rhobtor/PHD/j8_control/J8_control/install/wiimote_msgs/lib/libwiimote_msgs__rosidl_typesupport_cpp.so
[19.737s] -- Set runtime path of "/home/rhobtor/PHD/j8_control/J8_control/install/wiimote_msgs/lib/libwiimote_msgs__rosidl_typesupport_cpp.so" to ""
[19.737s] -- Installing: /home/rhobtor/PHD/j8_control/J8_control/install/wiimote_msgs/share/wiimote_msgs/environment/pythonpath.sh
[19.738s] -- Installing: /home/rhobtor/PHD/j8_control/J8_control/install/wiimote_msgs/share/wiimote_msgs/environment/pythonpath.dsv
[19.738s] -- Installing: /home/rhobtor/PHD/j8_control/J8_control/install/wiimote_msgs/local/lib/python3.10/dist-packages/wiimote_msgs-3.1.0-py3.10.egg-info
[19.738s] -- Installing: /home/rhobtor/PHD/j8_control/J8_control/install/wiimote_msgs/local/lib/python3.10/dist-packages/wiimote_msgs-3.1.0-py3.10.egg-info/dependency_links.txt
[19.738s] -- Installing: /home/rhobtor/PHD/j8_control/J8_control/install/wiimote_msgs/local/lib/python3.10/dist-packages/wiimote_msgs-3.1.0-py3.10.egg-info/top_level.txt
[19.738s] -- Installing: /home/rhobtor/PHD/j8_control/J8_control/install/wiimote_msgs/local/lib/python3.10/dist-packages/wiimote_msgs-3.1.0-py3.10.egg-info/PKG-INFO
[19.738s] -- Installing: /home/rhobtor/PHD/j8_control/J8_control/install/wiimote_msgs/local/lib/python3.10/dist-packages/wiimote_msgs-3.1.0-py3.10.egg-info/SOURCES.txt
[19.738s] -- Installing: /home/rhobtor/PHD/j8_control/J8_control/install/wiimote_msgs/local/lib/python3.10/dist-packages/wiimote_msgs
[19.738s] -- Installing: /home/rhobtor/PHD/j8_control/J8_control/install/wiimote_msgs/local/lib/python3.10/dist-packages/wiimote_msgs/__init__.py
[19.739s] -- Installing: /home/rhobtor/PHD/j8_control/J8_control/install/wiimote_msgs/local/lib/python3.10/dist-packages/wiimote_msgs/wiimote_msgs_s__rosidl_typesupport_introspection_c.cpython-310-x86_64-linux-gnu.so
[19.739s] -- Installing: /home/rhobtor/PHD/j8_control/J8_control/install/wiimote_msgs/local/lib/python3.10/dist-packages/wiimote_msgs/wiimote_msgs_s__rosidl_typesupport_c.cpython-310-x86_64-linux-gnu.so
[19.739s] -- Installing: /home/rhobtor/PHD/j8_control/J8_control/install/wiimote_msgs/local/lib/python3.10/dist-packages/wiimote_msgs/_wiimote_msgs_s.ep.rosidl_typesupport_fastrtps_c.c
[19.739s] -- Installing: /home/rhobtor/PHD/j8_control/J8_control/install/wiimote_msgs/local/lib/python3.10/dist-packages/wiimote_msgs/libwiimote_msgs__rosidl_generator_py.so
[19.739s] -- Installing: /home/rhobtor/PHD/j8_control/J8_control/install/wiimote_msgs/local/lib/python3.10/dist-packages/wiimote_msgs/_wiimote_msgs_s.ep.rosidl_typesupport_c.c
[19.739s] -- Installing: /home/rhobtor/PHD/j8_control/J8_control/install/wiimote_msgs/local/lib/python3.10/dist-packages/wiimote_msgs/msg
[19.739s] -- Installing: /home/rhobtor/PHD/j8_control/J8_control/install/wiimote_msgs/local/lib/python3.10/dist-packages/wiimote_msgs/msg/_state.py
[19.739s] -- Installing: /home/rhobtor/PHD/j8_control/J8_control/install/wiimote_msgs/local/lib/python3.10/dist-packages/wiimote_msgs/msg/__init__.py
[19.739s] -- Installing: /home/rhobtor/PHD/j8_control/J8_control/install/wiimote_msgs/local/lib/python3.10/dist-packages/wiimote_msgs/msg/_timed_switch.py
[19.739s] -- Installing: /home/rhobtor/PHD/j8_control/J8_control/install/wiimote_msgs/local/lib/python3.10/dist-packages/wiimote_msgs/msg/_timed_switch_s.c
[19.739s] -- Installing: /home/rhobtor/PHD/j8_control/J8_control/install/wiimote_msgs/local/lib/python3.10/dist-packages/wiimote_msgs/msg/_ir_source_info_s.c
[19.739s] -- Installing: /home/rhobtor/PHD/j8_control/J8_control/install/wiimote_msgs/local/lib/python3.10/dist-packages/wiimote_msgs/msg/_ir_source_info.py
[19.739s] -- Installing: /home/rhobtor/PHD/j8_control/J8_control/install/wiimote_msgs/local/lib/python3.10/dist-packages/wiimote_msgs/msg/_state_s.c
[19.739s] -- Installing: /home/rhobtor/PHD/j8_control/J8_control/install/wiimote_msgs/local/lib/python3.10/dist-packages/wiimote_msgs/wiimote_msgs_s__rosidl_typesupport_fastrtps_c.cpython-310-x86_64-linux-gnu.so
[19.739s] -- Installing: /home/rhobtor/PHD/j8_control/J8_control/install/wiimote_msgs/local/lib/python3.10/dist-packages/wiimote_msgs/_wiimote_msgs_s.ep.rosidl_typesupport_introspection_c.c
[19.813s] Listing '/home/rhobtor/PHD/j8_control/J8_control/install/wiimote_msgs/local/lib/python3.10/dist-packages/wiimote_msgs'...
[19.813s] Compiling '/home/rhobtor/PHD/j8_control/J8_control/install/wiimote_msgs/local/lib/python3.10/dist-packages/wiimote_msgs/__init__.py'...
[19.813s] Listing '/home/rhobtor/PHD/j8_control/J8_control/install/wiimote_msgs/local/lib/python3.10/dist-packages/wiimote_msgs/msg'...
[19.813s] Compiling '/home/rhobtor/PHD/j8_control/J8_control/install/wiimote_msgs/local/lib/python3.10/dist-packages/wiimote_msgs/msg/__init__.py'...
[19.813s] Compiling '/home/rhobtor/PHD/j8_control/J8_control/install/wiimote_msgs/local/lib/python3.10/dist-packages/wiimote_msgs/msg/_ir_source_info.py'...
[19.813s] Compiling '/home/rhobtor/PHD/j8_control/J8_control/install/wiimote_msgs/local/lib/python3.10/dist-packages/wiimote_msgs/msg/_state.py'...
[19.813s] Compiling '/home/rhobtor/PHD/j8_control/J8_control/install/wiimote_msgs/local/lib/python3.10/dist-packages/wiimote_msgs/msg/_timed_switch.py'...
[19.823s] -- Installing: /home/rhobtor/PHD/j8_control/J8_control/install/wiimote_msgs/local/lib/python3.10/dist-packages/wiimote_msgs/wiimote_msgs_s__rosidl_typesupport_fastrtps_c.cpython-310-x86_64-linux-gnu.so
[19.824s] -- Set runtime path of "/home/rhobtor/PHD/j8_control/J8_control/install/wiimote_msgs/local/lib/python3.10/dist-packages/wiimote_msgs/wiimote_msgs_s__rosidl_typesupport_fastrtps_c.cpython-310-x86_64-linux-gnu.so" to ""
[19.826s] -- Installing: /home/rhobtor/PHD/j8_control/J8_control/install/wiimote_msgs/local/lib/python3.10/dist-packages/wiimote_msgs/wiimote_msgs_s__rosidl_typesupport_introspection_c.cpython-310-x86_64-linux-gnu.so
[19.826s] -- Set runtime path of "/home/rhobtor/PHD/j8_control/J8_control/install/wiimote_msgs/local/lib/python3.10/dist-packages/wiimote_msgs/wiimote_msgs_s__rosidl_typesupport_introspection_c.cpython-310-x86_64-linux-gnu.so" to ""
[19.826s] -- Installing: /home/rhobtor/PHD/j8_control/J8_control/install/wiimote_msgs/local/lib/python3.10/dist-packages/wiimote_msgs/wiimote_msgs_s__rosidl_typesupport_c.cpython-310-x86_64-linux-gnu.so
[19.826s] -- Set runtime path of "/home/rhobtor/PHD/j8_control/J8_control/install/wiimote_msgs/local/lib/python3.10/dist-packages/wiimote_msgs/wiimote_msgs_s__rosidl_typesupport_c.cpython-310-x86_64-linux-gnu.so" to ""
[19.827s] -- Installing: /home/rhobtor/PHD/j8_control/J8_control/install/wiimote_msgs/lib/libwiimote_msgs__rosidl_generator_py.so
[19.827s] -- Set runtime path of "/home/rhobtor/PHD/j8_control/J8_control/install/wiimote_msgs/lib/libwiimote_msgs__rosidl_generator_py.so" to ""
[19.827s] -- Installing: /home/rhobtor/PHD/j8_control/J8_control/install/wiimote_msgs/share/ament_index/resource_index/rust_packages/wiimote_msgs
[19.827s] -- Installing: /home/rhobtor/PHD/j8_control/J8_control/install/wiimote_msgs/share/wiimote_msgs/rust
[19.827s] -- Installing: /home/rhobtor/PHD/j8_control/J8_control/install/wiimote_msgs/share/wiimote_msgs/rust/build.rs
[19.831s] -- Installing: /home/rhobtor/PHD/j8_control/J8_control/install/wiimote_msgs/share/wiimote_msgs/rust/src
[19.831s] -- Installing: /home/rhobtor/PHD/j8_control/J8_control/install/wiimote_msgs/share/wiimote_msgs/rust/src/msg.rs
[19.831s] -- Installing: /home/rhobtor/PHD/j8_control/J8_control/install/wiimote_msgs/share/wiimote_msgs/rust/src/msg
[19.831s] -- Installing: /home/rhobtor/PHD/j8_control/J8_control/install/wiimote_msgs/share/wiimote_msgs/rust/src/msg/rmw.rs
[19.832s] -- Installing: /home/rhobtor/PHD/j8_control/J8_control/install/wiimote_msgs/share/wiimote_msgs/rust/src/lib.rs
[19.832s] -- Installing: /home/rhobtor/PHD/j8_control/J8_control/install/wiimote_msgs/share/wiimote_msgs/rust/Cargo.toml
[19.832s] -- Installing: /home/rhobtor/PHD/j8_control/J8_control/install/wiimote_msgs/share/wiimote_msgs/msg/IrSourceInfo.idl
[19.832s] -- Installing: /home/rhobtor/PHD/j8_control/J8_control/install/wiimote_msgs/share/wiimote_msgs/msg/State.idl
[19.832s] -- Installing: /home/rhobtor/PHD/j8_control/J8_control/install/wiimote_msgs/share/wiimote_msgs/msg/TimedSwitch.idl
[19.832s] -- Installing: /home/rhobtor/PHD/j8_control/J8_control/install/wiimote_msgs/share/wiimote_msgs/msg/IrSourceInfo.msg
[19.832s] -- Installing: /home/rhobtor/PHD/j8_control/J8_control/install/wiimote_msgs/share/wiimote_msgs/msg/State.msg
[19.833s] -- Installing: /home/rhobtor/PHD/j8_control/J8_control/install/wiimote_msgs/share/wiimote_msgs/msg/TimedSwitch.msg
[19.834s] -- Installing: /home/rhobtor/PHD/j8_control/J8_control/install/wiimote_msgs/share/ament_index/resource_index/package_run_dependencies/wiimote_msgs
[19.834s] -- Installing: /home/rhobtor/PHD/j8_control/J8_control/install/wiimote_msgs/share/ament_index/resource_index/parent_prefix_path/wiimote_msgs
[19.836s] -- Installing: /home/rhobtor/PHD/j8_control/J8_control/install/wiimote_msgs/share/wiimote_msgs/environment/ament_prefix_path.sh
[19.836s] -- Installing: /home/rhobtor/PHD/j8_control/J8_control/install/wiimote_msgs/share/wiimote_msgs/environment/ament_prefix_path.dsv
[19.836s] -- Installing: /home/rhobtor/PHD/j8_control/J8_control/install/wiimote_msgs/share/wiimote_msgs/environment/path.sh
[19.837s] -- Installing: /home/rhobtor/PHD/j8_control/J8_control/install/wiimote_msgs/share/wiimote_msgs/environment/path.dsv
[19.837s] -- Installing: /home/rhobtor/PHD/j8_control/J8_control/install/wiimote_msgs/share/wiimote_msgs/local_setup.bash
[19.837s] -- Installing: /home/rhobtor/PHD/j8_control/J8_control/install/wiimote_msgs/share/wiimote_msgs/local_setup.sh
[19.837s] -- Installing: /home/rhobtor/PHD/j8_control/J8_control/install/wiimote_msgs/share/wiimote_msgs/local_setup.zsh
[19.837s] -- Installing: /home/rhobtor/PHD/j8_control/J8_control/install/wiimote_msgs/share/wiimote_msgs/local_setup.dsv
[19.837s] -- Installing: /home/rhobtor/PHD/j8_control/J8_control/install/wiimote_msgs/share/wiimote_msgs/package.dsv
[19.837s] -- Installing: /home/rhobtor/PHD/j8_control/J8_control/install/wiimote_msgs/share/ament_index/resource_index/packages/wiimote_msgs
[19.837s] -- Installing: /home/rhobtor/PHD/j8_control/J8_control/install/wiimote_msgs/share/wiimote_msgs/cmake/export_wiimote_msgs__rosidl_generator_cExport.cmake
[19.838s] -- Installing: /home/rhobtor/PHD/j8_control/J8_control/install/wiimote_msgs/share/wiimote_msgs/cmake/export_wiimote_msgs__rosidl_generator_cExport-noconfig.cmake
[19.838s] -- Installing: /home/rhobtor/PHD/j8_control/J8_control/install/wiimote_msgs/share/wiimote_msgs/cmake/export_wiimote_msgs__rosidl_typesupport_fastrtps_cExport.cmake
[19.839s] -- Installing: /home/rhobtor/PHD/j8_control/J8_control/install/wiimote_msgs/share/wiimote_msgs/cmake/export_wiimote_msgs__rosidl_typesupport_fastrtps_cExport-noconfig.cmake
[19.839s] -- Installing: /home/rhobtor/PHD/j8_control/J8_control/install/wiimote_msgs/share/wiimote_msgs/cmake/export_wiimote_msgs__rosidl_generator_cppExport.cmake
[19.839s] -- Installing: /home/rhobtor/PHD/j8_control/J8_control/install/wiimote_msgs/share/wiimote_msgs/cmake/export_wiimote_msgs__rosidl_typesupport_fastrtps_cppExport.cmake
[19.839s] -- Installing: /home/rhobtor/PHD/j8_control/J8_control/install/wiimote_msgs/share/wiimote_msgs/cmake/export_wiimote_msgs__rosidl_typesupport_fastrtps_cppExport-noconfig.cmake
[19.839s] -- Installing: /home/rhobtor/PHD/j8_control/J8_control/install/wiimote_msgs/share/wiimote_msgs/cmake/wiimote_msgs__rosidl_typesupport_introspection_cExport.cmake
[19.839s] -- Installing: /home/rhobtor/PHD/j8_control/J8_control/install/wiimote_msgs/share/wiimote_msgs/cmake/wiimote_msgs__rosidl_typesupport_introspection_cExport-noconfig.cmake
[19.839s] -- Installing: /home/rhobtor/PHD/j8_control/J8_control/install/wiimote_msgs/share/wiimote_msgs/cmake/wiimote_msgs__rosidl_typesupport_cExport.cmake
[19.840s] -- Installing: /home/rhobtor/PHD/j8_control/J8_control/install/wiimote_msgs/share/wiimote_msgs/cmake/wiimote_msgs__rosidl_typesupport_cExport-noconfig.cmake
[19.840s] -- Installing: /home/rhobtor/PHD/j8_control/J8_control/install/wiimote_msgs/share/wiimote_msgs/cmake/wiimote_msgs__rosidl_typesupport_introspection_cppExport.cmake
[19.840s] -- Installing: /home/rhobtor/PHD/j8_control/J8_control/install/wiimote_msgs/share/wiimote_msgs/cmake/wiimote_msgs__rosidl_typesupport_introspection_cppExport-noconfig.cmake
[19.840s] -- Installing: /home/rhobtor/PHD/j8_control/J8_control/install/wiimote_msgs/share/wiimote_msgs/cmake/wiimote_msgs__rosidl_typesupport_cppExport.cmake
[19.840s] -- Installing: /home/rhobtor/PHD/j8_control/J8_control/install/wiimote_msgs/share/wiimote_msgs/cmake/wiimote_msgs__rosidl_typesupport_cppExport-noconfig.cmake
[19.845s] -- Installing: /home/rhobtor/PHD/j8_control/J8_control/install/wiimote_msgs/share/wiimote_msgs/cmake/export_wiimote_msgs__rosidl_generator_pyExport.cmake
[19.845s] -- Installing: /home/rhobtor/PHD/j8_control/J8_control/install/wiimote_msgs/share/wiimote_msgs/cmake/export_wiimote_msgs__rosidl_generator_pyExport-noconfig.cmake
[19.845s] -- Installing: /home/rhobtor/PHD/j8_control/J8_control/install/wiimote_msgs/share/wiimote_msgs/cmake/rosidl_cmake-extras.cmake
[19.845s] -- Installing: /home/rhobtor/PHD/j8_control/J8_control/install/wiimote_msgs/share/wiimote_msgs/cmake/ament_cmake_export_dependencies-extras.cmake
[19.845s] -- Installing: /home/rhobtor/PHD/j8_control/J8_control/install/wiimote_msgs/share/wiimote_msgs/cmake/ament_cmake_export_include_directories-extras.cmake
[19.846s] -- Installing: /home/rhobtor/PHD/j8_control/J8_control/install/wiimote_msgs/share/wiimote_msgs/cmake/ament_cmake_export_libraries-extras.cmake
[19.846s] -- Installing: /home/rhobtor/PHD/j8_control/J8_control/install/wiimote_msgs/share/wiimote_msgs/cmake/ament_cmake_export_targets-extras.cmake
[19.846s] -- Installing: /home/rhobtor/PHD/j8_control/J8_control/install/wiimote_msgs/share/wiimote_msgs/cmake/rosidl_cmake_export_typesupport_targets-extras.cmake
[19.846s] -- Installing: /home/rhobtor/PHD/j8_control/J8_control/install/wiimote_msgs/share/wiimote_msgs/cmake/rosidl_cmake_export_typesupport_libraries-extras.cmake
[19.846s] -- Installing: /home/rhobtor/PHD/j8_control/J8_control/install/wiimote_msgs/share/wiimote_msgs/cmake/rosidl_cmake_aggregate_target-extras.cmake
[19.846s] -- Installing: /home/rhobtor/PHD/j8_control/J8_control/install/wiimote_msgs/share/wiimote_msgs/cmake/wiimote_msgsConfig.cmake
[19.846s] -- Installing: /home/rhobtor/PHD/j8_control/J8_control/install/wiimote_msgs/share/wiimote_msgs/cmake/wiimote_msgsConfig-version.cmake
[19.846s] -- Installing: /home/rhobtor/PHD/j8_control/J8_control/install/wiimote_msgs/share/wiimote_msgs/package.xml
[19.867s] Invoked command in '/home/rhobtor/PHD/j8_control/J8_control/build/wiimote_msgs' returned '0': CMAKE_PREFIX_PATH=${CMAKE_PREFIX_PATH}:/home/rhobtor/PHD/path_dem/install_navigation/path_dem:/home/rhobtor/PHD/path_dem/install/path_dem:/home/rhobtor/PHD/install_global_belief_final/path_dem:/home/rhobtor/PHD/ARGOSJ8_IA/ARGOSJ8_IA_/install/car:/home/rhobtor/PHD/ARGOSJ8_IA/ARGOSJ8_IA_/install/ntrip_client:/home/rhobtor/PHD/ARGOSJ8_IA/ARGOSJ8_IA_/install/j8_gui:/home/rhobtor/PHD/ARGOSJ8_IA/ARGOSJ8_IA_/install/gui:/home/rhobtor/PHD/ARGOSJ8_IA/ARGOSJ8_IA_/install/android_ros2_server:/home/rhobtor/PHD/ARGOSJ8_IA/ARGOSJ8_IA_/install/GUI_pkg:/home/rhobtor/PHD/model_terrain_ugv/Model_terrain_ugv/install/model_terrain:/opt/ros/humble /usr/bin/cmake --install /home/rhobtor/PHD/j8_control/J8_control/build/wiimote_msgs
