[0.069s] Invoking command in '/home/roverj8/LUIS/ARGJ08/ARGOSJ8_IA_/build/sdl2_vendor': /usr/bin/cmake /home/roverj8/LUIS/ARGJ08/ARGOSJ8_IA_/src/j8_joystick/sdl2_vendor -DCMAKE_INSTALL_PREFIX=/home/roverj8/LUIS/ARGJ08/ARGOSJ8_IA_/install/sdl2_vendor
[1.178s] -- Configuring incomplete, errors occurred!
[1.178s] See also "/home/roverj8/LUIS/ARGJ08/ARGOSJ8_IA_/build/sdl2_vendor/CMakeFiles/CMakeOutput.log".
[1.178s] [31mCMake Error at CMakeLists.txt:8 (find_package):
[1.179s]   By not providing "Findament_cmake.cmake" in CMAKE_MODULE_PATH this project
[1.179s]   has asked CMake to find a package configuration file provided by
[1.179s]   "ament_cmake", but CMake did not find one.
[1.179s] 
[1.179s]   Could not find a package configuration file provided by "ament_cmake" with
[1.179s]   any of the following names:
[1.179s] 
[1.179s]     ament_cmakeConfig.cmake
[1.179s]     ament_cmake-config.cmake
[1.179s] 
[1.179s]   Add the installation prefix of "ament_cmake" to CMAKE_PREFIX_PATH or set
[1.179s]   "ament_cmake_DIR" to a directory containing one of the above files.  If
[1.179s]   "ament_cmake" provides a separate development package or SDK, be sure it
[1.179s]   has been installed.
[1.179s] 
[1.179s] [0m
[1.212s] Invoked command in '/home/roverj8/LUIS/ARGJ08/ARGOSJ8_IA_/build/sdl2_vendor' returned '1': /usr/bin/cmake /home/roverj8/LUIS/ARGJ08/ARGOSJ8_IA_/src/j8_joystick/sdl2_vendor -DCMAKE_INSTALL_PREFIX=/home/roverj8/LUIS/ARGJ08/ARGOSJ8_IA_/install/sdl2_vendor
