[1.856s] Invoking command in '/home/roverj8/LUIS/ARGJ08/ARGOSJ8_IA_/build/joy_linux': CMAKE_PREFIX_PATH=/opt/ros/humble /usr/bin/cmake /home/roverj8/LUIS/ARGJ08/ARGOSJ8_IA_/src/j8_joystick/joy_linux -DCMAKE_INSTALL_PREFIX=/home/roverj8/LUIS/ARGJ08/ARGOSJ8_IA_/install/joy_linux
[2.477s] -- Found ament_cmake: 1.3.14 (/opt/ros/humble/share/ament_cmake/cmake)
[2.477s] -- Found Python3: /usr/bin/python3 (found version "3.10.12") found components: Interpreter 
[2.477s] -- Found diagnostic_msgs: 4.9.1 (/opt/ros/humble/share/diagnostic_msgs/cmake)
[2.477s] -- Found rosidl_generator_c: 3.1.8 (/opt/ros/humble/share/rosidl_generator_c/cmake)
[2.477s] -- Found rosidl_adapter: 3.1.8 (/opt/ros/humble/share/rosidl_adapter/cmake)
[2.478s] -- Found rosidl_generator_cpp: 3.1.8 (/opt/ros/humble/share/rosidl_generator_cpp/cmake)
[2.478s] -- Using all available rosidl_typesupport_c: rosidl_typesupport_fastrtps_c;rosidl_typesupport_introspection_c
[2.478s] -- Using all available rosidl_typesupport_cpp: rosidl_typesupport_fastrtps_cpp;rosidl_typesupport_introspection_cpp
[2.526s] -- Found diagnostic_updater: 4.0.6 (/opt/ros/humble/share/diagnostic_updater/cmake)
[2.647s] -- Found rmw_implementation_cmake: 6.1.2 (/opt/ros/humble/share/rmw_implementation_cmake/cmake)
[2.652s] -- Found rmw_fastrtps_cpp: 6.2.10 (/opt/ros/humble/share/rmw_fastrtps_cpp/cmake)
[2.926s] -- Found OpenSSL: /usr/lib/x86_64-linux-gnu/libcrypto.so (found version "3.0.2")  
[3.152s] -- Found FastRTPS: /opt/ros/humble/include  
[3.402s] -- Using RMW implementation 'rmw_fastrtps_cpp' as default
[3.453s] -- Looking for pthread.h
[3.924s] -- Looking for pthread.h - found
[3.925s] -- Performing Test CMAKE_HAVE_LIBC_PTHREAD
[4.403s] -- Performing Test CMAKE_HAVE_LIBC_PTHREAD - Success
[4.405s] -- Found Threads: TRUE  
[4.557s] -- Found sensor_msgs: 4.9.1 (/opt/ros/humble/share/sensor_msgs/cmake)
[4.860s] -- Looking for include file linux/joystick.h
[5.388s] -- Looking for include file linux/joystick.h - found
[5.394s] -- Found ament_lint_auto: 0.12.15 (/opt/ros/humble/share/ament_lint_auto/cmake)
[5.847s] -- Added test 'cppcheck' to perform static code analysis on C / C++ code
[5.848s] -- Configured cppcheck include dirs: /home/roverj8/LUIS/ARGJ08/ARGOSJ8_IA_/src/j8_joystick/joy_linux/msg/cpp
[5.848s] -- Configured cppcheck exclude dirs and/or files: 
[5.850s] -- Added test 'cpplint' to check C / C++ code against the Google style
[5.850s] -- Configured cpplint exclude dirs and/or files: 
[5.859s] -- Added test 'lint_cmake' to check CMake code style
[5.861s] -- Added test 'uncrustify' to check C / C++ code style
[5.862s] -- Configured uncrustify additional arguments: 
[5.864s] -- Added test 'xmllint' to check XML markup files
[5.868s] -- Configuring done
[5.921s] -- Generating done
[5.930s] -- Build files have been written to: /home/roverj8/LUIS/ARGJ08/ARGOSJ8_IA_/build/joy_linux
[6.045s] Invoked command in '/home/roverj8/LUIS/ARGJ08/ARGOSJ8_IA_/build/joy_linux' returned '0': CMAKE_PREFIX_PATH=/opt/ros/humble /usr/bin/cmake /home/roverj8/LUIS/ARGJ08/ARGOSJ8_IA_/src/j8_joystick/joy_linux -DCMAKE_INSTALL_PREFIX=/home/roverj8/LUIS/ARGJ08/ARGOSJ8_IA_/install/joy_linux
[6.047s] Invoking command in '/home/roverj8/LUIS/ARGJ08/ARGOSJ8_IA_/build/joy_linux': CMAKE_PREFIX_PATH=/opt/ros/humble /usr/bin/cmake --build /home/roverj8/LUIS/ARGJ08/ARGOSJ8_IA_/build/joy_linux -- -j24 -l24
[10.175s] [ 50%] [32mBuilding CXX object CMakeFiles/joy_linux_node.dir/src/joy_linux_node.cpp.o[0m
[38.726s] [100%] [32m[1mLinking CXX executable joy_linux_node[0m
[40.043s] [100%] Built target joy_linux_node
