[0.029s] Invoking command in '/home/roverj8/LUIS/ARGJ08/ARGOSJ8_IA_/build/slg_msgs': /usr/bin/cmake /home/roverj8/LUIS/ARGJ08/ARGOSJ8_IA_/src/lidar_process_pkgs/slg_msgs -DCMAKE_INSTALL_PREFIX=/home/roverj8/LUIS/ARGJ08/ARGOSJ8_IA_/install/slg_msgs
[0.991s] -- The C compiler identification is GNU 11.4.0
[0.992s] -- The CXX compiler identification is GNU 11.4.0
[0.992s] -- Detecting C compiler ABI info
[0.992s] -- Detecting C compiler ABI info - done
[0.992s] -- Check for working C compiler: /usr/bin/cc - skipped
[0.992s] -- Detecting C compile features
[0.993s] -- Detecting C compile features - done
[0.993s] -- Detecting CXX compiler ABI info
[0.994s] -- Detecting CXX compiler ABI info - done
[0.994s] -- Check for working CXX compiler: /usr/bin/c++ - skipped
[0.995s] -- Detecting CXX compile features
[0.995s] -- Detecting CXX compile features - done
[0.995s] -- Setting build type to Release as none was specified.
[0.995s] -- Configuring incomplete, errors occurred!
[0.995s] See also "/home/roverj8/LUIS/ARGJ08/ARGOSJ8_IA_/build/slg_msgs/CMakeFiles/CMakeOutput.log".
[0.996s] [31mCMake Error at CMakeLists.txt:52 (find_package):
[0.996s]   By not providing "Findament_cmake.cmake" in CMAKE_MODULE_PATH this project
[0.996s]   has asked CMake to find a package configuration file provided by
[0.996s]   "ament_cmake", but CMake did not find one.
[0.996s] 
[0.996s]   Could not find a package configuration file provided by "ament_cmake" with
[0.996s]   any of the following names:
[0.996s] 
[0.996s]     ament_cmakeConfig.cmake
[0.996s]     ament_cmake-config.cmake
[0.996s] 
[0.996s]   Add the installation prefix of "ament_cmake" to CMAKE_PREFIX_PATH or set
[0.996s]   "ament_cmake_DIR" to a directory containing one of the above files.  If
[0.996s]   "ament_cmake" provides a separate development package or SDK, be sure it
[0.996s]   has been installed.
[0.997s] 
[0.997s] [0m
[1.010s] Invoked command in '/home/roverj8/LUIS/ARGJ08/ARGOSJ8_IA_/build/slg_msgs' returned '1': /usr/bin/cmake /home/roverj8/LUIS/ARGJ08/ARGOSJ8_IA_/src/lidar_process_pkgs/slg_msgs -DCMAKE_INSTALL_PREFIX=/home/roverj8/LUIS/ARGJ08/ARGOSJ8_IA_/install/slg_msgs
