[0.055s] Invoking command in '/home/roverj8/LUIS/ARGJ08/ARGOSJ8_IA_/build/path_manager_interfaces': /usr/bin/cmake /home/roverj8/LUIS/ARGJ08/ARGOSJ8_IA_/src/path_manager/path_manager_interfaces -DCMAKE_INSTALL_PREFIX=/home/roverj8/LUIS/ARGJ08/ARGOSJ8_IA_/install/path_manager_interfaces
[1.164s] -- Configuring incomplete, errors occurred!
[1.164s] See also "/home/roverj8/LUIS/ARGJ08/ARGOSJ8_IA_/build/path_manager_interfaces/CMakeFiles/CMakeOutput.log".
[1.164s] [31mCMake Error at CMakeLists.txt:14 (find_package):
[1.164s]   By not providing "Findament_cmake.cmake" in CMAKE_MODULE_PATH this project
[1.165s]   has asked CMake to find a package configuration file provided by
[1.165s]   "ament_cmake", but CMake did not find one.
[1.165s] 
[1.165s]   Could not find a package configuration file provided by "ament_cmake" with
[1.165s]   any of the following names:
[1.166s] 
[1.167s]     ament_cmakeConfig.cmake
[1.167s]     ament_cmake-config.cmake
[1.167s] 
[1.168s]   Add the installation prefix of "ament_cmake" to CMAKE_PREFIX_PATH or set
[1.168s]   "ament_cmake_DIR" to a directory containing one of the above files.  If
[1.169s]   "ament_cmake" provides a separate development package or SDK, be sure it
[1.170s]   has been installed.
[1.170s] 
[1.170s] [0m
[1.219s] Invoked command in '/home/roverj8/LUIS/ARGJ08/ARGOSJ8_IA_/build/path_manager_interfaces' returned '1': /usr/bin/cmake /home/roverj8/LUIS/ARGJ08/ARGOSJ8_IA_/src/path_manager/path_manager_interfaces -DCMAKE_INSTALL_PREFIX=/home/roverj8/LUIS/ARGJ08/ARGOSJ8_IA_/install/path_manager_interfaces
