[3.623s] Invoking command in '/home/roverj8/LUIS/ARGJ08/ARGOSJ8_IA_/src/GUI_pkg': PYTHONPATH=/home/roverj8/LUIS/ARGJ08/ARGOSJ8_IA_/build/GUI_pkg/prefix_override:/usr/lib/python3/dist-packages/colcon_core/task/python/colcon_distutils_commands:/home/roverj8/LUIS/ARGJ08/ARGOSJ8_IA_/install/GUI_pkg/lib/python3.10/site-packages:${PYTHONPATH} /usr/bin/python3 -W ignore:setup.py install is deprecated -W ignore:easy_install command is deprecated setup.py egg_info --egg-base ../../build/GUI_pkg build --build-base /home/roverj8/LUIS/ARGJ08/ARGOSJ8_IA_/build/GUI_pkg/build install --record /home/roverj8/LUIS/ARGJ08/ARGOSJ8_IA_/build/GUI_pkg/install.log --single-version-externally-managed
[6.019s] Sorry: IndentationError: unexpected indent (tabs.py, line 415)
[6.020s] running egg_info
[6.026s] creating ../../build/GUI_pkg/GUI_pkg.egg-info
[6.027s] writing ../../build/GUI_pkg/GUI_pkg.egg-info/PKG-INFO
[6.027s] writing dependency_links to ../../build/GUI_pkg/GUI_pkg.egg-info/dependency_links.txt
[6.027s] writing entry points to ../../build/GUI_pkg/GUI_pkg.egg-info/entry_points.txt
[6.027s] writing requirements to ../../build/GUI_pkg/GUI_pkg.egg-info/requires.txt
[6.029s] writing top-level names to ../../build/GUI_pkg/GUI_pkg.egg-info/top_level.txt
[6.029s] writing manifest file '../../build/GUI_pkg/GUI_pkg.egg-info/SOURCES.txt'
[6.029s] reading manifest file '../../build/GUI_pkg/GUI_pkg.egg-info/SOURCES.txt'
[6.029s] writing manifest file '../../build/GUI_pkg/GUI_pkg.egg-info/SOURCES.txt'
[6.030s] running build
[6.031s] running build_py
[6.032s] creating /home/roverj8/LUIS/ARGJ08/ARGOSJ8_IA_/build/GUI_pkg/build
[6.034s] creating /home/roverj8/LUIS/ARGJ08/ARGOSJ8_IA_/build/GUI_pkg/build/lib
[6.034s] creating /home/roverj8/LUIS/ARGJ08/ARGOSJ8_IA_/build/GUI_pkg/build/lib/GUI_pkg
[6.034s] copying GUI_pkg/gui_node.py -> /home/roverj8/LUIS/ARGJ08/ARGOSJ8_IA_/build/GUI_pkg/build/lib/GUI_pkg
[6.035s] copying GUI_pkg/tabs.py -> /home/roverj8/LUIS/ARGJ08/ARGOSJ8_IA_/build/GUI_pkg/build/lib/GUI_pkg
[6.036s] copying GUI_pkg/__init__.py -> /home/roverj8/LUIS/ARGJ08/ARGOSJ8_IA_/build/GUI_pkg/build/lib/GUI_pkg
[6.036s] copying GUI_pkg/profiler.py -> /home/roverj8/LUIS/ARGJ08/ARGOSJ8_IA_/build/GUI_pkg/build/lib/GUI_pkg
[6.036s] copying GUI_pkg/ui_tabs.py -> /home/roverj8/LUIS/ARGJ08/ARGOSJ8_IA_/build/GUI_pkg/build/lib/GUI_pkg
[6.037s] copying GUI_pkg/zoom_image_handler.py -> /home/roverj8/LUIS/ARGJ08/ARGOSJ8_IA_/build/GUI_pkg/build/lib/GUI_pkg
[6.038s] copying GUI_pkg/ui_form.py -> /home/roverj8/LUIS/ARGJ08/ARGOSJ8_IA_/build/GUI_pkg/build/lib/GUI_pkg
[6.039s] copying GUI_pkg/path_utils.py -> /home/roverj8/LUIS/ARGJ08/ARGOSJ8_IA_/build/GUI_pkg/build/lib/GUI_pkg
[6.040s] copying GUI_pkg/geonav_conversions.py -> /home/roverj8/LUIS/ARGJ08/ARGOSJ8_IA_/build/GUI_pkg/build/lib/GUI_pkg
[6.040s] copying GUI_pkg/profile_analisys.py -> /home/roverj8/LUIS/ARGJ08/ARGOSJ8_IA_/build/GUI_pkg/build/lib/GUI_pkg
[6.041s] copying GUI_pkg/mainwindow.py -> /home/roverj8/LUIS/ARGJ08/ARGOSJ8_IA_/build/GUI_pkg/build/lib/GUI_pkg
[6.042s] copying GUI_pkg/ros_classes.py -> /home/roverj8/LUIS/ARGJ08/ARGOSJ8_IA_/build/GUI_pkg/build/lib/GUI_pkg
[6.058s] creating /home/roverj8/LUIS/ARGJ08/ARGOSJ8_IA_/build/GUI_pkg/build/lib/GUI_pkg/cythonized_code
[6.059s] copying GUI_pkg/cythonized_code/__init__.py -> /home/roverj8/LUIS/ARGJ08/ARGOSJ8_IA_/build/GUI_pkg/build/lib/GUI_pkg/cythonized_code
[6.059s] copying GUI_pkg/cythonized_code/setup.py -> /home/roverj8/LUIS/ARGJ08/ARGOSJ8_IA_/build/GUI_pkg/build/lib/GUI_pkg/cythonized_code
[6.059s] running install
[6.059s] running install_lib
[6.059s] creating /home/roverj8/LUIS/ARGJ08/ARGOSJ8_IA_/install/GUI_pkg/lib/python3.10/site-packages/GUI_pkg
[6.059s] copying /home/roverj8/LUIS/ARGJ08/ARGOSJ8_IA_/build/GUI_pkg/build/lib/GUI_pkg/gui_node.py -> /home/roverj8/LUIS/ARGJ08/ARGOSJ8_IA_/install/GUI_pkg/lib/python3.10/site-packages/GUI_pkg
[6.059s] copying /home/roverj8/LUIS/ARGJ08/ARGOSJ8_IA_/build/GUI_pkg/build/lib/GUI_pkg/tabs.py -> /home/roverj8/LUIS/ARGJ08/ARGOSJ8_IA_/install/GUI_pkg/lib/python3.10/site-packages/GUI_pkg
[6.059s] copying /home/roverj8/LUIS/ARGJ08/ARGOSJ8_IA_/build/GUI_pkg/build/lib/GUI_pkg/__init__.py -> /home/roverj8/LUIS/ARGJ08/ARGOSJ8_IA_/install/GUI_pkg/lib/python3.10/site-packages/GUI_pkg
[6.060s] copying /home/roverj8/LUIS/ARGJ08/ARGOSJ8_IA_/build/GUI_pkg/build/lib/GUI_pkg/profiler.py -> /home/roverj8/LUIS/ARGJ08/ARGOSJ8_IA_/install/GUI_pkg/lib/python3.10/site-packages/GUI_pkg
[6.060s] copying /home/roverj8/LUIS/ARGJ08/ARGOSJ8_IA_/build/GUI_pkg/build/lib/GUI_pkg/ui_tabs.py -> /home/roverj8/LUIS/ARGJ08/ARGOSJ8_IA_/install/GUI_pkg/lib/python3.10/site-packages/GUI_pkg
[6.060s] copying /home/roverj8/LUIS/ARGJ08/ARGOSJ8_IA_/build/GUI_pkg/build/lib/GUI_pkg/zoom_image_handler.py -> /home/roverj8/LUIS/ARGJ08/ARGOSJ8_IA_/install/GUI_pkg/lib/python3.10/site-packages/GUI_pkg
[6.060s] copying /home/roverj8/LUIS/ARGJ08/ARGOSJ8_IA_/build/GUI_pkg/build/lib/GUI_pkg/ui_form.py -> /home/roverj8/LUIS/ARGJ08/ARGOSJ8_IA_/install/GUI_pkg/lib/python3.10/site-packages/GUI_pkg
[6.060s] creating /home/roverj8/LUIS/ARGJ08/ARGOSJ8_IA_/install/GUI_pkg/lib/python3.10/site-packages/GUI_pkg/cythonized_code
[6.060s] copying /home/roverj8/LUIS/ARGJ08/ARGOSJ8_IA_/build/GUI_pkg/build/lib/GUI_pkg/cythonized_code/__init__.py -> /home/roverj8/LUIS/ARGJ08/ARGOSJ8_IA_/install/GUI_pkg/lib/python3.10/site-packages/GUI_pkg/cythonized_code
[6.060s] copying /home/roverj8/LUIS/ARGJ08/ARGOSJ8_IA_/build/GUI_pkg/build/lib/GUI_pkg/cythonized_code/setup.py -> /home/roverj8/LUIS/ARGJ08/ARGOSJ8_IA_/install/GUI_pkg/lib/python3.10/site-packages/GUI_pkg/cythonized_code
[6.060s] copying /home/roverj8/LUIS/ARGJ08/ARGOSJ8_IA_/build/GUI_pkg/build/lib/GUI_pkg/path_utils.py -> /home/roverj8/LUIS/ARGJ08/ARGOSJ8_IA_/install/GUI_pkg/lib/python3.10/site-packages/GUI_pkg
[6.061s] copying /home/roverj8/LUIS/ARGJ08/ARGOSJ8_IA_/build/GUI_pkg/build/lib/GUI_pkg/geonav_conversions.py -> /home/roverj8/LUIS/ARGJ08/ARGOSJ8_IA_/install/GUI_pkg/lib/python3.10/site-packages/GUI_pkg
[6.061s] copying /home/roverj8/LUIS/ARGJ08/ARGOSJ8_IA_/build/GUI_pkg/build/lib/GUI_pkg/profile_analisys.py -> /home/roverj8/LUIS/ARGJ08/ARGOSJ8_IA_/install/GUI_pkg/lib/python3.10/site-packages/GUI_pkg
[6.061s] copying /home/roverj8/LUIS/ARGJ08/ARGOSJ8_IA_/build/GUI_pkg/build/lib/GUI_pkg/mainwindow.py -> /home/roverj8/LUIS/ARGJ08/ARGOSJ8_IA_/install/GUI_pkg/lib/python3.10/site-packages/GUI_pkg
[6.061s] copying /home/roverj8/LUIS/ARGJ08/ARGOSJ8_IA_/build/GUI_pkg/build/lib/GUI_pkg/ros_classes.py -> /home/roverj8/LUIS/ARGJ08/ARGOSJ8_IA_/install/GUI_pkg/lib/python3.10/site-packages/GUI_pkg
[6.061s] byte-compiling /home/roverj8/LUIS/ARGJ08/ARGOSJ8_IA_/install/GUI_pkg/lib/python3.10/site-packages/GUI_pkg/gui_node.py to gui_node.cpython-310.pyc
[6.061s] byte-compiling /home/roverj8/LUIS/ARGJ08/ARGOSJ8_IA_/install/GUI_pkg/lib/python3.10/site-packages/GUI_pkg/tabs.py to tabs.cpython-310.pyc
[6.061s] byte-compiling /home/roverj8/LUIS/ARGJ08/ARGOSJ8_IA_/install/GUI_pkg/lib/python3.10/site-packages/GUI_pkg/__init__.py to __init__.cpython-310.pyc
[6.061s] byte-compiling /home/roverj8/LUIS/ARGJ08/ARGOSJ8_IA_/install/GUI_pkg/lib/python3.10/site-packages/GUI_pkg/profiler.py to profiler.cpython-310.pyc
[6.062s] byte-compiling /home/roverj8/LUIS/ARGJ08/ARGOSJ8_IA_/install/GUI_pkg/lib/python3.10/site-packages/GUI_pkg/ui_tabs.py to ui_tabs.cpython-310.pyc
[6.062s] byte-compiling /home/roverj8/LUIS/ARGJ08/ARGOSJ8_IA_/install/GUI_pkg/lib/python3.10/site-packages/GUI_pkg/zoom_image_handler.py to zoom_image_handler.cpython-310.pyc
[6.062s] byte-compiling /home/roverj8/LUIS/ARGJ08/ARGOSJ8_IA_/install/GUI_pkg/lib/python3.10/site-packages/GUI_pkg/ui_form.py to ui_form.cpython-310.pyc
[6.062s] byte-compiling /home/roverj8/LUIS/ARGJ08/ARGOSJ8_IA_/install/GUI_pkg/lib/python3.10/site-packages/GUI_pkg/cythonized_code/__init__.py to __init__.cpython-310.pyc
[6.062s] byte-compiling /home/roverj8/LUIS/ARGJ08/ARGOSJ8_IA_/install/GUI_pkg/lib/python3.10/site-packages/GUI_pkg/cythonized_code/setup.py to setup.cpython-310.pyc
[6.062s] byte-compiling /home/roverj8/LUIS/ARGJ08/ARGOSJ8_IA_/install/GUI_pkg/lib/python3.10/site-packages/GUI_pkg/path_utils.py to path_utils.cpython-310.pyc
[6.062s] byte-compiling /home/roverj8/LUIS/ARGJ08/ARGOSJ8_IA_/install/GUI_pkg/lib/python3.10/site-packages/GUI_pkg/geonav_conversions.py to geonav_conversions.cpython-310.pyc
[6.062s] byte-compiling /home/roverj8/LUIS/ARGJ08/ARGOSJ8_IA_/install/GUI_pkg/lib/python3.10/site-packages/GUI_pkg/profile_analisys.py to profile_analisys.cpython-310.pyc
[6.063s] byte-compiling /home/roverj8/LUIS/ARGJ08/ARGOSJ8_IA_/install/GUI_pkg/lib/python3.10/site-packages/GUI_pkg/mainwindow.py to mainwindow.cpython-310.pyc
[6.063s] byte-compiling /home/roverj8/LUIS/ARGJ08/ARGOSJ8_IA_/install/GUI_pkg/lib/python3.10/site-packages/GUI_pkg/ros_classes.py to ros_classes.cpython-310.pyc
[6.063s] running install_egg_info
[6.063s] Copying ../../build/GUI_pkg/GUI_pkg.egg-info to /home/roverj8/LUIS/ARGJ08/ARGOSJ8_IA_/install/GUI_pkg/lib/python3.10/site-packages/GUI_pkg-0.0.0-py3.10.egg-info
[6.063s] running install_scripts
[6.063s] Installing gui_node script to /home/roverj8/LUIS/ARGJ08/ARGOSJ8_IA_/install/GUI_pkg/lib/GUI_pkg
[6.063s] writing list of installed files to '/home/roverj8/LUIS/ARGJ08/ARGOSJ8_IA_/build/GUI_pkg/install.log'
[6.087s] Invoked command in '/home/roverj8/LUIS/ARGJ08/ARGOSJ8_IA_/src/GUI_pkg' returned '0': PYTHONPATH=/home/roverj8/LUIS/ARGJ08/ARGOSJ8_IA_/build/GUI_pkg/prefix_override:/usr/lib/python3/dist-packages/colcon_core/task/python/colcon_distutils_commands:/home/roverj8/LUIS/ARGJ08/ARGOSJ8_IA_/install/GUI_pkg/lib/python3.10/site-packages:${PYTHONPATH} /usr/bin/python3 -W ignore:setup.py install is deprecated -W ignore:easy_install command is deprecated setup.py egg_info --egg-base ../../build/GUI_pkg build --build-base /home/roverj8/LUIS/ARGJ08/ARGOSJ8_IA_/build/GUI_pkg/build install --record /home/roverj8/LUIS/ARGJ08/ARGOSJ8_IA_/build/GUI_pkg/install.log --single-version-externally-managed
