running egg_info
creating ../../build/android_ros2_server/android_ros2_server.egg-info
writing ../../build/android_ros2_server/android_ros2_server.egg-info/PKG-INFO
writing dependency_links to ../../build/android_ros2_server/android_ros2_server.egg-info/dependency_links.txt
writing entry points to ../../build/android_ros2_server/android_ros2_server.egg-info/entry_points.txt
writing requirements to ../../build/android_ros2_server/android_ros2_server.egg-info/requires.txt
writing top-level names to ../../build/android_ros2_server/android_ros2_server.egg-info/top_level.txt
writing manifest file '../../build/android_ros2_server/android_ros2_server.egg-info/SOURCES.txt'
reading manifest file '../../build/android_ros2_server/android_ros2_server.egg-info/SOURCES.txt'
writing manifest file '../../build/android_ros2_server/android_ros2_server.egg-info/SOURCES.txt'
running build
running build_py
creating /home/roverj8/LUIS/ARGJ08/ARGOSJ8_IA_/build/android_ros2_server/build
creating /home/roverj8/LUIS/ARGJ08/ARGOSJ8_IA_/build/android_ros2_server/build/lib
creating /home/roverj8/LUIS/ARGJ08/ARGOSJ8_IA_/build/android_ros2_server/build/lib/android_ros2_server
copying android_ros2_server/__init__.py -> /home/roverj8/LUIS/ARGJ08/ARGOSJ8_IA_/build/android_ros2_server/build/lib/android_ros2_server
copying android_ros2_server/server.py -> /home/roverj8/LUIS/ARGJ08/ARGOSJ8_IA_/build/android_ros2_server/build/lib/android_ros2_server
running install
running install_lib
creating /home/roverj8/LUIS/ARGJ08/ARGOSJ8_IA_/install/android_ros2_server/lib/python3.10/site-packages/android_ros2_server
copying /home/roverj8/LUIS/ARGJ08/ARGOSJ8_IA_/build/android_ros2_server/build/lib/android_ros2_server/__init__.py -> /home/roverj8/LUIS/ARGJ08/ARGOSJ8_IA_/install/android_ros2_server/lib/python3.10/site-packages/android_ros2_server
copying /home/roverj8/LUIS/ARGJ08/ARGOSJ8_IA_/build/android_ros2_server/build/lib/android_ros2_server/server.py -> /home/roverj8/LUIS/ARGJ08/ARGOSJ8_IA_/install/android_ros2_server/lib/python3.10/site-packages/android_ros2_server
byte-compiling /home/roverj8/LUIS/ARGJ08/ARGOSJ8_IA_/install/android_ros2_server/lib/python3.10/site-packages/android_ros2_server/__init__.py to __init__.cpython-310.pyc
byte-compiling /home/roverj8/LUIS/ARGJ08/ARGOSJ8_IA_/install/android_ros2_server/lib/python3.10/site-packages/android_ros2_server/server.py to server.cpython-310.pyc
running install_data
creating /home/roverj8/LUIS/ARGJ08/ARGOSJ8_IA_/install/android_ros2_server/share/ament_index
creating /home/roverj8/LUIS/ARGJ08/ARGOSJ8_IA_/install/android_ros2_server/share/ament_index/resource_index
creating /home/roverj8/LUIS/ARGJ08/ARGOSJ8_IA_/install/android_ros2_server/share/ament_index/resource_index/packages
copying resource/android_ros2_server -> /home/roverj8/LUIS/ARGJ08/ARGOSJ8_IA_/install/android_ros2_server/share/ament_index/resource_index/packages
copying package.xml -> /home/roverj8/LUIS/ARGJ08/ARGOSJ8_IA_/install/android_ros2_server/share/android_ros2_server
running install_egg_info
Copying ../../build/android_ros2_server/android_ros2_server.egg-info to /home/roverj8/LUIS/ARGJ08/ARGOSJ8_IA_/install/android_ros2_server/lib/python3.10/site-packages/android_ros2_server-0.0.0-py3.10.egg-info
running install_scripts
Installing tcp_server_node script to /home/roverj8/LUIS/ARGJ08/ARGOSJ8_IA_/install/android_ros2_server/lib/android_ros2_server
writing list of installed files to '/home/roverj8/LUIS/ARGJ08/ARGOSJ8_IA_/build/android_ros2_server/install.log'
