[3.592s] Invoking command in '/home/roverj8/LUIS/ARGJ08/ARGOSJ8_IA_/src/android_ros2_server': PYTHONPATH=/home/roverj8/LUIS/ARGJ08/ARGOSJ8_IA_/build/android_ros2_server/prefix_override:/usr/lib/python3/dist-packages/colcon_core/task/python/colcon_distutils_commands:/home/roverj8/LUIS/ARGJ08/ARGOSJ8_IA_/install/android_ros2_server/lib/python3.10/site-packages:${PYTHONPATH} /usr/bin/python3 -W ignore:setup.py install is deprecated -W ignore:easy_install command is deprecated setup.py egg_info --egg-base ../../build/android_ros2_server build --build-base /home/roverj8/LUIS/ARGJ08/ARGOSJ8_IA_/build/android_ros2_server/build install --record /home/roverj8/LUIS/ARGJ08/ARGOSJ8_IA_/build/android_ros2_server/install.log --single-version-externally-managed install_data
[5.999s] running egg_info
[6.000s] creating ../../build/android_ros2_server/android_ros2_server.egg-info
[6.000s] writing ../../build/android_ros2_server/android_ros2_server.egg-info/PKG-INFO
[6.000s] writing dependency_links to ../../build/android_ros2_server/android_ros2_server.egg-info/dependency_links.txt
[6.000s] writing entry points to ../../build/android_ros2_server/android_ros2_server.egg-info/entry_points.txt
[6.000s] writing requirements to ../../build/android_ros2_server/android_ros2_server.egg-info/requires.txt
[6.000s] writing top-level names to ../../build/android_ros2_server/android_ros2_server.egg-info/top_level.txt
[6.008s] writing manifest file '../../build/android_ros2_server/android_ros2_server.egg-info/SOURCES.txt'
[6.008s] reading manifest file '../../build/android_ros2_server/android_ros2_server.egg-info/SOURCES.txt'
[6.009s] writing manifest file '../../build/android_ros2_server/android_ros2_server.egg-info/SOURCES.txt'
[6.009s] running build
[6.009s] running build_py
[6.009s] creating /home/roverj8/LUIS/ARGJ08/ARGOSJ8_IA_/build/android_ros2_server/build
[6.009s] creating /home/roverj8/LUIS/ARGJ08/ARGOSJ8_IA_/build/android_ros2_server/build/lib
[6.009s] creating /home/roverj8/LUIS/ARGJ08/ARGOSJ8_IA_/build/android_ros2_server/build/lib/android_ros2_server
[6.009s] copying android_ros2_server/__init__.py -> /home/roverj8/LUIS/ARGJ08/ARGOSJ8_IA_/build/android_ros2_server/build/lib/android_ros2_server
[6.009s] copying android_ros2_server/server.py -> /home/roverj8/LUIS/ARGJ08/ARGOSJ8_IA_/build/android_ros2_server/build/lib/android_ros2_server
[6.010s] running install
[6.010s] running install_lib
[6.010s] creating /home/roverj8/LUIS/ARGJ08/ARGOSJ8_IA_/install/android_ros2_server/lib/python3.10/site-packages/android_ros2_server
[6.010s] copying /home/roverj8/LUIS/ARGJ08/ARGOSJ8_IA_/build/android_ros2_server/build/lib/android_ros2_server/__init__.py -> /home/roverj8/LUIS/ARGJ08/ARGOSJ8_IA_/install/android_ros2_server/lib/python3.10/site-packages/android_ros2_server
[6.010s] copying /home/roverj8/LUIS/ARGJ08/ARGOSJ8_IA_/build/android_ros2_server/build/lib/android_ros2_server/server.py -> /home/roverj8/LUIS/ARGJ08/ARGOSJ8_IA_/install/android_ros2_server/lib/python3.10/site-packages/android_ros2_server
[6.010s] byte-compiling /home/roverj8/LUIS/ARGJ08/ARGOSJ8_IA_/install/android_ros2_server/lib/python3.10/site-packages/android_ros2_server/__init__.py to __init__.cpython-310.pyc
[6.010s] byte-compiling /home/roverj8/LUIS/ARGJ08/ARGOSJ8_IA_/install/android_ros2_server/lib/python3.10/site-packages/android_ros2_server/server.py to server.cpython-310.pyc
[6.010s] running install_data
[6.011s] creating /home/roverj8/LUIS/ARGJ08/ARGOSJ8_IA_/install/android_ros2_server/share/ament_index
[6.011s] creating /home/roverj8/LUIS/ARGJ08/ARGOSJ8_IA_/install/android_ros2_server/share/ament_index/resource_index
[6.011s] creating /home/roverj8/LUIS/ARGJ08/ARGOSJ8_IA_/install/android_ros2_server/share/ament_index/resource_index/packages
[6.011s] copying resource/android_ros2_server -> /home/roverj8/LUIS/ARGJ08/ARGOSJ8_IA_/install/android_ros2_server/share/ament_index/resource_index/packages
[6.011s] copying package.xml -> /home/roverj8/LUIS/ARGJ08/ARGOSJ8_IA_/install/android_ros2_server/share/android_ros2_server
[6.011s] running install_egg_info
[6.011s] Copying ../../build/android_ros2_server/android_ros2_server.egg-info to /home/roverj8/LUIS/ARGJ08/ARGOSJ8_IA_/install/android_ros2_server/lib/python3.10/site-packages/android_ros2_server-0.0.0-py3.10.egg-info
[6.011s] running install_scripts
[6.012s] Installing tcp_server_node script to /home/roverj8/LUIS/ARGJ08/ARGOSJ8_IA_/install/android_ros2_server/lib/android_ros2_server
[6.012s] writing list of installed files to '/home/roverj8/LUIS/ARGJ08/ARGOSJ8_IA_/build/android_ros2_server/install.log'
[6.014s] Invoked command in '/home/roverj8/LUIS/ARGJ08/ARGOSJ8_IA_/src/android_ros2_server' returned '0': PYTHONPATH=/home/roverj8/LUIS/ARGJ08/ARGOSJ8_IA_/build/android_ros2_server/prefix_override:/usr/lib/python3/dist-packages/colcon_core/task/python/colcon_distutils_commands:/home/roverj8/LUIS/ARGJ08/ARGOSJ8_IA_/install/android_ros2_server/lib/python3.10/site-packages:${PYTHONPATH} /usr/bin/python3 -W ignore:setup.py install is deprecated -W ignore:easy_install command is deprecated setup.py egg_info --egg-base ../../build/android_ros2_server build --build-base /home/roverj8/LUIS/ARGJ08/ARGOSJ8_IA_/build/android_ros2_server/build install --record /home/roverj8/LUIS/ARGJ08/ARGOSJ8_IA_/build/android_ros2_server/install.log --single-version-externally-managed install_data
