[1.199s] Invoking command in '/home/roverj8/LUIS/ARGJ08/ARGOSJ8_IA_/build/hector_gazebo_plugins': CMAKE_PREFIX_PATH=/opt/ros/humble /usr/bin/cmake /home/roverj8/LUIS/ARGJ08/ARGOSJ8_IA_/src/hector_gazebo -DCMAKE_INSTALL_PREFIX=/home/roverj8/LUIS/ARGJ08/ARGOSJ8_IA_/install/hector_gazebo_plugins
[2.465s] -- Found ament_cmake: 1.3.14 (/opt/ros/humble/share/ament_cmake/cmake)
[2.465s] -- Found Python3: /usr/bin/python3 (found version "3.10.12") found components: Interpreter 
[2.465s] -- Found rclcpp: 16.0.19 (/opt/ros/humble/share/rclcpp/cmake)
[2.465s] -- Found rosidl_generator_c: 3.1.8 (/opt/ros/humble/share/rosidl_generator_c/cmake)
[2.465s] -- Found rosidl_adapter: 3.1.8 (/opt/ros/humble/share/rosidl_adapter/cmake)
[2.465s] -- Found rosidl_generator_cpp: 3.1.8 (/opt/ros/humble/share/rosidl_generator_cpp/cmake)
[2.465s] -- Using all available rosidl_typesupport_c: rosidl_typesupport_fastrtps_c;rosidl_typesupport_introspection_c
[2.465s] -- Using all available rosidl_typesupport_cpp: rosidl_typesupport_fastrtps_cpp;rosidl_typesupport_introspection_cpp
[2.465s] -- Found rmw_implementation_cmake: 6.1.2 (/opt/ros/humble/share/rmw_implementation_cmake/cmake)
[2.467s] -- Found rmw_fastrtps_cpp: 6.2.10 (/opt/ros/humble/share/rmw_fastrtps_cpp/cmake)
[2.473s] -- Found OpenSSL: /usr/lib/x86_64-linux-gnu/libcrypto.so (found version "3.0.2")  
[2.476s] -- Found FastRTPS: /opt/ros/humble/include  
[2.476s] -- Using RMW implementation 'rmw_fastrtps_cpp' as default
[2.481s] -- Looking for pthread.h
[2.481s] -- Looking for pthread.h - found
[2.482s] -- Performing Test CMAKE_HAVE_LIBC_PTHREAD
[2.482s] -- Performing Test CMAKE_HAVE_LIBC_PTHREAD - Success
[2.482s] -- Found Threads: TRUE  
[2.598s] -- Found std_srvs: 4.9.1 (/opt/ros/humble/share/std_srvs/cmake)
[2.661s] -- Found gazebo_ros: 3.9.0 (/opt/ros/humble/share/gazebo_ros/cmake)
[2.733s] -- Found PkgConfig: /usr/bin/pkg-config (found version "0.29.2") 
[2.733s] -- Checking for module 'bullet>=2.82'
[2.790s] --   Found bullet, version 3.05
[3.464s] -- Found fcl: /usr/include (found suitable version "0.7.0", minimum required is "0.5.0") 
[3.886s] -- Found assimp: /usr/include (found version "5.2.0") 
[3.980s] -- Found DART: /usr/include (Required is at least version "6.6") found components: dart 
[4.162s] -- Found Boost: /usr/lib/x86_64-linux-gnu/cmake/Boost-1.74.0/BoostConfig.cmake (found suitable version "1.74.0", minimum required is "1.40.0") found components: thread system filesystem program_options regex iostreams date_time 
[4.251s] -- Found Protobuf: /usr/lib/x86_64-linux-gnu/libprotobuf.so (found version "3.12.4") 
[4.261s] -- Looking for ignition-math6 -- found version 6.10.0
[4.277s] -- Searching for dependencies of ignition-math6
[4.295s] -- Looking for OGRE...
[4.297s] -- OGRE_PREFIX_WATCH changed.
[4.326s] -- Checking for module 'OGRE'
[4.422s] --   Found OGRE, version 1.9.0
[4.566s] -- Found Ogre Ghadamon (1.9.0)
[4.584s] -- Found OGRE: optimized;/usr/lib/x86_64-linux-gnu/libOgreMain.so;debug;/usr/lib/x86_64-linux-gnu/libOgreMain.so
[4.639s] -- Looking for OGRE_Paging...
[4.650s] -- Found OGRE_Paging: optimized;/usr/lib/x86_64-linux-gnu/libOgrePaging.so;debug;/usr/lib/x86_64-linux-gnu/libOgrePaging.so
[4.650s] -- Looking for OGRE_Terrain...
[4.666s] -- Found OGRE_Terrain: optimized;/usr/lib/x86_64-linux-gnu/libOgreTerrain.so;debug;/usr/lib/x86_64-linux-gnu/libOgreTerrain.so
[4.666s] -- Looking for OGRE_Property...
[4.672s] -- Found OGRE_Property: optimized;/usr/lib/x86_64-linux-gnu/libOgreProperty.so;debug;/usr/lib/x86_64-linux-gnu/libOgreProperty.so
[4.672s] -- Looking for OGRE_RTShaderSystem...
[4.685s] -- Found OGRE_RTShaderSystem: optimized;/usr/lib/x86_64-linux-gnu/libOgreRTShaderSystem.so;debug;/usr/lib/x86_64-linux-gnu/libOgreRTShaderSystem.so
[4.686s] -- Looking for OGRE_Volume...
[4.701s] -- Found OGRE_Volume: optimized;/usr/lib/x86_64-linux-gnu/libOgreVolume.so;debug;/usr/lib/x86_64-linux-gnu/libOgreVolume.so
[4.701s] -- Looking for OGRE_Overlay...
[4.710s] -- Found OGRE_Overlay: optimized;/usr/lib/x86_64-linux-gnu/libOgreOverlay.so;debug;/usr/lib/x86_64-linux-gnu/libOgreOverlay.so
[5.008s] -- Looking for ignition-math6 -- found version 6.10.0
[5.013s] -- Looking for ignition-transport8 -- found version 8.2.1
[5.014s] -- Searching for dependencies of ignition-transport8
[5.063s] -- Found Protobuf: /usr/lib/x86_64-linux-gnu/libprotobuf.so (found suitable version "3.12.4", minimum required is "3") 
[5.098s] -- Config-file not installed for ZeroMQ -- checking for pkg-config
[5.118s] -- Checking for module 'libzmq >= 4'
[5.232s] --   Found libzmq , version 4.3.4
[5.527s] -- Found ZeroMQ: TRUE (Required is at least version "4") 
[5.561s] -- Checking for module 'uuid'
[5.687s] --   Found uuid, version 2.37.2
[6.049s] -- Found UUID: TRUE  
[6.049s] -- Looking for ignition-msgs5 -- found version 5.8.1
[6.049s] -- Searching for dependencies of ignition-msgs5
[6.117s] -- Looking for ignition-math6 -- found version 6.10.0
[6.163s] -- Checking for module 'tinyxml2'
[6.256s] --   Found tinyxml2, version 9.0.0
[6.521s] -- Looking for ignition-msgs5 -- found version 5.8.1
[6.526s] -- Looking for ignition-common3 -- found version 3.14.0
[6.528s] -- Searching for dependencies of ignition-common3
[6.530s] -- Looking for dlfcn.h - found
[6.532s] -- Looking for libdl - found
[6.537s] -- Found DL: TRUE  
[6.612s] -- Found tinyobjloader: /usr/lib/x86_64-linux-gnu/cmake/tinyobjloader/tinyobjloader-config.cmake (found version "2.0.0") 
[6.613s] -- Searching for <ignition-common3> component [graphics]
[6.635s] -- Looking for ignition-common3-graphics -- found version 3.14.0
[6.636s] -- Searching for dependencies of ignition-common3-graphics
[6.637s] -- Looking for ignition-math6 -- found version 6.10.0
[6.654s] -- Looking for ignition-fuel_tools4 -- found version 4.4.0
[6.656s] -- Searching for dependencies of ignition-fuel_tools4
[7.141s] -- Found CURL: /usr/lib/x86_64-linux-gnu/libcurl.so (found version "7.81.0")  
[7.192s] -- Checking for module 'jsoncpp'
[7.289s] --   Found jsoncpp, version 1.9.5
[7.520s] -- Found JSONCPP: TRUE  
[7.539s] -- Checking for module 'libzip'
[7.650s] --   Found libzip, version 1.7.3
[8.076s] -- Found ZIP: TRUE  
[8.077s] -- Looking for ignition-common3 -- found version 3.14.0
[8.078s] -- Looking for ignition-math6 -- found version 6.10.0
[8.080s] -- Looking for ignition-msgs5 -- found version 5.8.1
[8.091s] -- Gazebo version: 11.10
[8.092s] -- Checking for module 'tbb'
[8.206s] --   Found tbb, version 2021.5.0
[8.445s] -- Found geographic_msgs: 1.0.6 (/opt/ros/humble/share/geographic_msgs/cmake)
[8.915s] -- Found nav_msgs: 4.9.1 (/opt/ros/humble/share/nav_msgs/cmake)
[9.108s] -- Found sensor_msgs: 4.9.1 (/opt/ros/humble/share/sensor_msgs/cmake)
[9.303s] -- Found tf2: 0.25.20 (/opt/ros/humble/share/tf2/cmake)
[9.373s] -- Found rosidl_default_generators: 1.2.1 (/opt/ros/humble/share/rosidl_default_generators/cmake)
[12.022s] -- Found ament_cmake_ros: 0.10.0 (/opt/ros/humble/share/ament_cmake_ros/cmake)
[15.122s] -- Using all available rosidl_typesupport_c: rosidl_typesupport_fastrtps_c;rosidl_typesupport_introspection_c
[16.158s] -- Using all available rosidl_typesupport_cpp: rosidl_typesupport_fastrtps_cpp;rosidl_typesupport_introspection_cpp
[16.354s] -- Found PythonInterp: /usr/bin/python3 (found suitable version "3.10.12", minimum required is "3.6") 
[16.357s] -- Found python_cmake_module: 0.10.0 (/opt/ros/humble/share/python_cmake_module/cmake)
[16.571s] -- Found PythonLibs: /usr/lib/x86_64-linux-gnu/libpython3.10.so (found suitable version "3.10.12", minimum required is "3.5") 
[16.571s] -- Using PYTHON_EXECUTABLE: /usr/bin/python3
[16.571s] -- Using PYTHON_INCLUDE_DIRS: /usr/include/python3.10
[16.571s] -- Using PYTHON_LIBRARIES: /usr/lib/x86_64-linux-gnu/libpython3.10.so
[16.814s] -- Found PythonExtra: .so  
[18.786s] -- Found rmw_cyclonedds_cpp: 1.3.4 (/opt/ros/humble/share/rmw_cyclonedds_cpp/cmake)
[19.120s] -- Configuring done
[19.778s] -- Generating done
[19.957s] -- Build files have been written to: /home/roverj8/LUIS/ARGJ08/ARGOSJ8_IA_/build/hector_gazebo_plugins
[20.060s] Invoked command in '/home/roverj8/LUIS/ARGJ08/ARGOSJ8_IA_/build/hector_gazebo_plugins' returned '0': CMAKE_PREFIX_PATH=/opt/ros/humble /usr/bin/cmake /home/roverj8/LUIS/ARGJ08/ARGOSJ8_IA_/src/hector_gazebo -DCMAKE_INSTALL_PREFIX=/home/roverj8/LUIS/ARGJ08/ARGOSJ8_IA_/install/hector_gazebo_plugins
[20.061s] Invoking command in '/home/roverj8/LUIS/ARGJ08/ARGOSJ8_IA_/build/hector_gazebo_plugins': CMAKE_PREFIX_PATH=/opt/ros/humble /usr/bin/cmake --build /home/roverj8/LUIS/ARGJ08/ARGOSJ8_IA_/build/hector_gazebo_plugins -- -j24 -l24
[20.423s] [  2%] [34m[1mGenerating Rust code for ROS interfaces[0m
[21.489s] [  2%] Built target hector_gazebo_plugins__rs
[21.626s] [  4%] [32mBuilding CXX object CMakeFiles/hector_gazebo_ros_sonar.dir/src/gazebo_ros_sonar.cpp.o[0m
[48.799s] [  6%] [32m[1mLinking CXX shared library libhector_gazebo_ros_sonar.so[0m
[49.668s] [  6%] Built target hector_gazebo_ros_sonar
[49.694s] [  8%] [32mBuilding CXX object CMakeFiles/hector_gazebo_ros_magnetic.dir/src/gazebo_ros_magnetic.cpp.o[0m
[66.842s] [ 10%] [32m[1mLinking CXX shared library libhector_gazebo_ros_magnetic.so[0m
[67.589s] [ 10%] Built target hector_gazebo_ros_magnetic
[67.614s] [ 12%] [32mBuilding CXX object CMakeFiles/hector_gazebo_reset_plugin.dir/src/reset_plugin.cpp.o[0m
[77.991s] [ 14%] [32m[1mLinking CXX shared library libhector_gazebo_reset_plugin.so[0m
[78.642s] [ 14%] Built target hector_gazebo_reset_plugin
[78.666s] [ 16%] [34m[1mGenerating C code for ROS interfaces[0m
[78.676s] [ 16%] Built target ament_cmake_python_copy_hector_gazebo_plugins
[78.681s] [ 18%] [34m[1mGenerating C++ code for ROS interfaces[0m
[79.244s] [ 20%] [32mBuilding C object CMakeFiles/hector_gazebo_plugins__rosidl_generator_c.dir/rosidl_generator_c/hector_gazebo_plugins/srv/detail/set_bias__functions.c.o[0m
[79.253s] [ 22%] [32mBuilding C object CMakeFiles/hector_gazebo_plugins__rosidl_generator_c.dir/rosidl_generator_c/hector_gazebo_plugins/srv/detail/set_reference_geo_pose__functions.c.o[0m
[79.256s] [ 22%] Built target hector_gazebo_plugins__cpp
[79.273s] [ 24%] [34m[1mGenerating C++ type support dispatch for ROS interfaces[0m
[79.277s] [ 26%] [34m[1mGenerating C++ introspection for ROS interfaces[0m
[79.278s] [ 28%] [34m[1mGenerating C++ type support for eProsima Fast-RTPS[0m
[79.381s] [ 30%] [32m[1mLinking C shared library libhector_gazebo_plugins__rosidl_generator_c.so[0m
[79.383s] running egg_info
[79.385s] creating hector_gazebo_plugins.egg-info
[79.385s] writing hector_gazebo_plugins.egg-info/PKG-INFO
[79.386s] writing dependency_links to hector_gazebo_plugins.egg-info/dependency_links.txt
[79.386s] writing top-level names to hector_gazebo_plugins.egg-info/top_level.txt
[79.390s] writing manifest file 'hector_gazebo_plugins.egg-info/SOURCES.txt'
[79.398s] reading manifest file 'hector_gazebo_plugins.egg-info/SOURCES.txt'
[79.399s] writing manifest file 'hector_gazebo_plugins.egg-info/SOURCES.txt'
[79.457s] [ 30%] Built target hector_gazebo_plugins__rosidl_generator_c
[79.463s] [ 30%] Built target ament_cmake_python_build_hector_gazebo_plugins_egg
[79.471s] [ 32%] [34m[1mGenerating C type support for eProsima Fast-RTPS[0m
[79.479s] [ 34%] [34m[1mGenerating C type support dispatch for ROS interfaces[0m
[79.771s] [ 36%] [32mBuilding CXX object CMakeFiles/hector_gazebo_plugins__rosidl_typesupport_introspection_cpp.dir/rosidl_typesupport_introspection_cpp/hector_gazebo_plugins/srv/detail/set_bias__type_support.cpp.o[0m
[79.772s] [ 38%] [32mBuilding CXX object CMakeFiles/hector_gazebo_plugins__rosidl_typesupport_introspection_cpp.dir/rosidl_typesupport_introspection_cpp/hector_gazebo_plugins/srv/detail/set_reference_geo_pose__type_support.cpp.o[0m
[79.845s] [ 40%] [32mBuilding CXX object CMakeFiles/hector_gazebo_plugins__rosidl_typesupport_cpp.dir/rosidl_typesupport_cpp/hector_gazebo_plugins/srv/set_reference_geo_pose__type_support.cpp.o[0m
[79.848s] [ 42%] [32mBuilding CXX object CMakeFiles/hector_gazebo_plugins__rosidl_typesupport_cpp.dir/rosidl_typesupport_cpp/hector_gazebo_plugins/srv/set_bias__type_support.cpp.o[0m
[80.030s] [ 44%] [32mBuilding CXX object CMakeFiles/hector_gazebo_plugins__rosidl_typesupport_fastrtps_c.dir/rosidl_typesupport_fastrtps_c/hector_gazebo_plugins/srv/detail/set_reference_geo_pose__type_support_c.cpp.o[0m
[80.032s] [ 46%] [32mBuilding CXX object CMakeFiles/hector_gazebo_plugins__rosidl_typesupport_fastrtps_c.dir/rosidl_typesupport_fastrtps_c/hector_gazebo_plugins/srv/detail/set_bias__type_support_c.cpp.o[0m
[80.138s] [ 48%] [32mBuilding CXX object CMakeFiles/hector_gazebo_plugins__rosidl_typesupport_fastrtps_cpp.dir/rosidl_typesupport_fastrtps_cpp/hector_gazebo_plugins/srv/detail/dds_fastrtps/set_bias__type_support.cpp.o[0m
[80.143s] [ 50%] [32mBuilding CXX object CMakeFiles/hector_gazebo_plugins__rosidl_typesupport_fastrtps_cpp.dir/rosidl_typesupport_fastrtps_cpp/hector_gazebo_plugins/srv/detail/dds_fastrtps/set_reference_geo_pose__type_support.cpp.o[0m
[80.145s] [ 52%] [32mBuilding CXX object CMakeFiles/hector_gazebo_plugins__rosidl_typesupport_c.dir/rosidl_typesupport_c/hector_gazebo_plugins/srv/set_bias__type_support.cpp.o[0m
[80.145s] [ 54%] [32mBuilding CXX object CMakeFiles/hector_gazebo_plugins__rosidl_typesupport_c.dir/rosidl_typesupport_c/hector_gazebo_plugins/srv/set_reference_geo_pose__type_support.cpp.o[0m
[80.222s] [ 56%] [32m[1mLinking CXX shared library libhector_gazebo_plugins__rosidl_typesupport_c.so[0m
[80.314s] [ 56%] Built target hector_gazebo_plugins__rosidl_typesupport_c
[80.328s] [ 58%] [34m[1mGenerating C introspection for ROS interfaces[0m
[80.340s] [ 60%] [32m[1mLinking CXX shared library libhector_gazebo_plugins__rosidl_typesupport_cpp.so[0m
[80.430s] [ 60%] Built target hector_gazebo_plugins__rosidl_typesupport_cpp
[80.460s] [ 62%] [32mBuilding CXX object CMakeFiles/hector_gazebo_ros_imu.dir/src/gazebo_ros_imu.cpp.o[0m
[80.464s] [ 64%] [32mBuilding CXX object CMakeFiles/hector_gazebo_ros_gps.dir/src/gazebo_ros_gps.cpp.o[0m
[80.646s] [ 66%] [32m[1mLinking CXX shared library libhector_gazebo_plugins__rosidl_typesupport_fastrtps_c.so[0m
[80.782s] [ 68%] [32m[1mLinking CXX shared library libhector_gazebo_plugins__rosidl_typesupport_introspection_cpp.so[0m
[80.864s] [ 68%] Built target hector_gazebo_plugins__rosidl_typesupport_fastrtps_c
[80.937s] [ 68%] Built target hector_gazebo_plugins__rosidl_typesupport_introspection_cpp
[80.969s] [ 72%] [32m[1mLinking CXX shared library libhector_gazebo_plugins__rosidl_typesupport_fastrtps_cpp.so[0m
[80.969s] [ 72%] [32mBuilding C object CMakeFiles/hector_gazebo_plugins__rosidl_typesupport_introspection_c.dir/rosidl_typesupport_introspection_c/hector_gazebo_plugins/srv/detail/set_bias__type_support.c.o[0m
[80.971s] [ 74%] [32mBuilding C object CMakeFiles/hector_gazebo_plugins__rosidl_typesupport_introspection_c.dir/rosidl_typesupport_introspection_c/hector_gazebo_plugins/srv/detail/set_reference_geo_pose__type_support.c.o[0m
[81.057s] [ 76%] [32m[1mLinking C shared library libhector_gazebo_plugins__rosidl_typesupport_introspection_c.so[0m
[81.090s] [ 76%] Built target hector_gazebo_plugins__rosidl_typesupport_fastrtps_cpp
[81.101s] [ 76%] Built target hector_gazebo_plugins__rosidl_typesupport_introspection_c
[81.129s] [ 76%] Built target hector_gazebo_plugins
[81.164s] [ 78%] [34m[1mGenerating Python code for ROS interfaces[0m
[82.165s] [ 78%] Built target hector_gazebo_plugins__py
[82.188s] [ 80%] [32mBuilding C object CMakeFiles/hector_gazebo_plugins__rosidl_generator_py.dir/rosidl_generator_py/hector_gazebo_plugins/srv/_set_bias_s.c.o[0m
[82.195s] [ 82%] [32mBuilding C object CMakeFiles/hector_gazebo_plugins__rosidl_generator_py.dir/rosidl_generator_py/hector_gazebo_plugins/srv/_set_reference_geo_pose_s.c.o[0m
[82.452s] [ 84%] [32m[1mLinking C shared library rosidl_generator_py/hector_gazebo_plugins/libhector_gazebo_plugins__rosidl_generator_py.so[0m
[82.554s] [ 84%] Built target hector_gazebo_plugins__rosidl_generator_py
[82.589s] [ 86%] [32mBuilding C object CMakeFiles/hector_gazebo_plugins__rosidl_typesupport_fastrtps_c__pyext.dir/rosidl_generator_py/hector_gazebo_plugins/_hector_gazebo_plugins_s.ep.rosidl_typesupport_fastrtps_c.c.o[0m
[82.589s] [ 88%] [32mBuilding C object CMakeFiles/hector_gazebo_plugins__rosidl_typesupport_c__pyext.dir/rosidl_generator_py/hector_gazebo_plugins/_hector_gazebo_plugins_s.ep.rosidl_typesupport_c.c.o[0m
[82.592s] [ 90%] [32mBuilding C object CMakeFiles/hector_gazebo_plugins__rosidl_typesupport_introspection_c__pyext.dir/rosidl_generator_py/hector_gazebo_plugins/_hector_gazebo_plugins_s.ep.rosidl_typesupport_introspection_c.c.o[0m
[82.840s] [ 92%] [32m[1mLinking C shared library rosidl_generator_py/hector_gazebo_plugins/hector_gazebo_plugins_s__rosidl_typesupport_c.cpython-310-x86_64-linux-gnu.so[0m
[82.873s] [ 94%] [32m[1mLinking C shared library rosidl_generator_py/hector_gazebo_plugins/hector_gazebo_plugins_s__rosidl_typesupport_fastrtps_c.cpython-310-x86_64-linux-gnu.so[0m
[82.882s] [ 96%] [32m[1mLinking C shared library rosidl_generator_py/hector_gazebo_plugins/hector_gazebo_plugins_s__rosidl_typesupport_introspection_c.cpython-310-x86_64-linux-gnu.so[0m
[82.945s] [ 96%] Built target hector_gazebo_plugins__rosidl_typesupport_c__pyext
[82.967s] [ 96%] Built target hector_gazebo_plugins__rosidl_typesupport_fastrtps_c__pyext
[82.992s] [ 96%] Built target hector_gazebo_plugins__rosidl_typesupport_introspection_c__pyext
[99.298s] [ 98%] [32m[1mLinking CXX shared library libhector_gazebo_ros_imu.so[0m
[100.227s] [ 98%] Built target hector_gazebo_ros_imu
[101.346s] [100%] [32m[1mLinking CXX shared library libhector_gazebo_ros_gps.so[0m
[102.086s] [100%] Built target hector_gazebo_ros_gps
