[0.493s] Invoking command in '/home/roverj8/LUIS/ARGJ08/ARGOSJ8_IA_/build/fixposition_sensor_pkg': /usr/bin/cmake /home/roverj8/LUIS/ARGJ08/ARGOSJ8_IA_/src/gazebo_sim_pkgs/fix_position_pkg -DCMAKE_INSTALL_PREFIX=/home/roverj8/LUIS/ARGJ08/ARGOSJ8_IA_/install/fixposition_sensor_pkg
[1.177s] -- Configuring incomplete, errors occurred!
[1.177s] See also "/home/roverj8/LUIS/ARGJ08/ARGOSJ8_IA_/build/fixposition_sensor_pkg/CMakeFiles/CMakeOutput.log".
[1.180s] [31mCMake Error at CMakeLists.txt:9 (find_package):
[1.181s]   By not providing "Findament_cmake.cmake" in CMAKE_MODULE_PATH this project
[1.181s]   has asked CMake to find a package configuration file provided by
[1.181s]   "ament_cmake", but CMake did not find one.
[1.181s] 
[1.181s]   Could not find a package configuration file provided by "ament_cmake" with
[1.181s]   any of the following names:
[1.181s] 
[1.181s]     ament_cmakeConfig.cmake
[1.181s]     ament_cmake-config.cmake
[1.181s] 
[1.181s]   Add the installation prefix of "ament_cmake" to CMAKE_PREFIX_PATH or set
[1.181s]   "ament_cmake_DIR" to a directory containing one of the above files.  If
[1.182s]   "ament_cmake" provides a separate development package or SDK, be sure it
[1.182s]   has been installed.
[1.182s] 
[1.182s] [0m
[1.206s] Invoked command in '/home/roverj8/LUIS/ARGJ08/ARGOSJ8_IA_/build/fixposition_sensor_pkg' returned '1': /usr/bin/cmake /home/roverj8/LUIS/ARGJ08/ARGOSJ8_IA_/src/gazebo_sim_pkgs/fix_position_pkg -DCMAKE_INSTALL_PREFIX=/home/roverj8/LUIS/ARGJ08/ARGOSJ8_IA_/install/fixposition_sensor_pkg
