[0.942s] Invoking command in '/home/roverj8/LUIS/ARGJ08/ARGOSJ8_IA_/build/wiimote_msgs': /usr/bin/cmake /home/roverj8/LUIS/ARGJ08/ARGOSJ8_IA_/src/j8_joystick/wiimote_msgs -DCMAKE_INSTALL_PREFIX=/home/roverj8/LUIS/ARGJ08/ARGOSJ8_IA_/install/wiimote_msgs
[1.009s] -- The C compiler identification is GNU 11.4.0
[1.028s] -- The CXX compiler identification is GNU 11.4.0
[1.037s] -- Detecting C compiler ABI info
[1.100s] -- Detecting C compiler ABI info - done
[1.109s] -- Check for working C compiler: /usr/bin/cc - skipped
[1.110s] -- Detecting C compile features
[1.110s] -- Detecting C compile features - done
[1.113s] -- Detecting CXX compiler ABI info
[1.230s] -- Detecting CXX compiler ABI info - done
[1.242s] -- Check for working CXX compiler: /usr/bin/c++ - skipped
[1.243s] -- Detecting CXX compile features
[1.243s] -- Detecting CXX compile features - done
[1.248s] [31mCMake Error at CMakeLists.txt:19 (find_package):
[1.248s]   By not providing "Findament_cmake.cmake" in CMAKE_MODULE_PATH this project
[1.248s]   has asked CMake to find a package configuration file provided by
[1.248s]   "ament_cmake", but CMake did not find one.
[1.248s] 
[1.248s]   Could not find a package configuration file provided by "ament_cmake" with
[1.249s]   any of the following names:
[1.249s] 
[1.249s]     ament_cmakeConfig.cmake
[1.249s]     ament_cmake-config.cmake
[1.249s] 
[1.249s]   Add the installation prefix of "ament_cmake" to CMAKE_PREFIX_PATH or set
[1.249s]   "ament_cmake_DIR" to a directory containing one of the above files.  If
[1.249s]   "ament_cmake" provides a separate development package or SDK, be sure it
[1.249s]   has been installed.
[1.249s] 
[1.249s] [0m
[1.249s] -- Configuring incomplete, errors occurred!
[1.249s] See also "/home/roverj8/LUIS/ARGJ08/ARGOSJ8_IA_/build/wiimote_msgs/CMakeFiles/CMakeOutput.log".
