[1.012s] Invoking command in '/home/rhobtor/PHD/j8_control/J8_control/build/joy_linux': CMAKE_PREFIX_PATH=${CMAKE_PREFIX_PATH}:/home/rhobtor/PHD/path_dem/install_navigation/path_dem:/home/rhobtor/PHD/path_dem/install/path_dem:/home/rhobtor/PHD/install_global_belief_final/path_dem:/home/rhobtor/PHD/ARGOSJ8_IA/ARGOSJ8_IA_/install/car:/home/rhobtor/PHD/ARGOSJ8_IA/ARGOSJ8_IA_/install/ntrip_client:/home/rhobtor/PHD/ARGOSJ8_IA/ARGOSJ8_IA_/install/j8_gui:/home/rhobtor/PHD/ARGOSJ8_IA/ARGOSJ8_IA_/install/gui:/home/rhobtor/PHD/ARGOSJ8_IA/ARGOSJ8_IA_/install/android_ros2_server:/home/rhobtor/PHD/ARGOSJ8_IA/ARGOSJ8_IA_/install/GUI_pkg:/home/rhobtor/PHD/model_terrain_ugv/Model_terrain_ugv/install/model_terrain:/opt/ros/humble /usr/bin/cmake /home/rhobtor/PHD/j8_control/J8_control/src/j8_joystick/joy_linux -DCMAKE_INSTALL_PREFIX=/home/rhobtor/PHD/j8_control/J8_control/install/joy_linux
[1.292s] -- The C compiler identification is GNU 11.4.0
[1.292s] -- The CXX compiler identification is GNU 11.4.0
[1.292s] -- Detecting C compiler ABI info
[1.292s] -- Detecting C compiler ABI info - done
[1.292s] -- Check for working C compiler: /usr/bin/cc - skipped
[1.292s] -- Detecting C compile features
[1.292s] -- Detecting C compile features - done
[1.292s] -- Detecting CXX compiler ABI info
[1.361s] -- Detecting CXX compiler ABI info - done
[1.371s] -- Check for working CXX compiler: /usr/bin/c++ - skipped
[1.372s] -- Detecting CXX compile features
[1.372s] -- Detecting CXX compile features - done
[1.378s] -- Found ament_cmake: 1.3.14 (/opt/ros/humble/share/ament_cmake/cmake)
[1.998s] -- Found Python3: /usr/bin/python3 (found version "3.10.12") found components: Interpreter 
[2.167s] -- Found diagnostic_msgs: 4.9.2 (/opt/ros/humble/share/diagnostic_msgs/cmake)
[2.236s] -- Found rosidl_generator_c: 3.1.9 (/opt/ros/humble/share/rosidl_generator_c/cmake)
[2.255s] -- Found rosidl_adapter: 3.1.9 (/opt/ros/humble/share/rosidl_adapter/cmake)
[2.270s] -- Found rosidl_generator_cpp: 3.1.9 (/opt/ros/humble/share/rosidl_generator_cpp/cmake)
[2.290s] -- Using all available rosidl_typesupport_c: rosidl_typesupport_fastrtps_c;rosidl_typesupport_introspection_c
[2.317s] -- Using all available rosidl_typesupport_cpp: rosidl_typesupport_fastrtps_cpp;rosidl_typesupport_introspection_cpp
[2.371s] -- Found diagnostic_updater: 4.0.7 (/opt/ros/humble/share/diagnostic_updater/cmake)
[2.459s] -- Found rmw_implementation_cmake: 6.1.3 (/opt/ros/humble/share/rmw_implementation_cmake/cmake)
[2.468s] -- Found rmw_fastrtps_cpp: 6.2.10 (/opt/ros/humble/share/rmw_fastrtps_cpp/cmake)
[2.621s] -- Found OpenSSL: /usr/lib/x86_64-linux-gnu/libcrypto.so (found version "3.0.2")  
[2.698s] -- Found FastRTPS: /opt/ros/humble/include  
[2.793s] -- Using RMW implementation 'rmw_fastrtps_cpp' as default
[2.811s] -- Looking for pthread.h
[2.963s] -- Looking for pthread.h - found
[2.963s] -- Performing Test CMAKE_HAVE_LIBC_PTHREAD
[3.162s] -- Performing Test CMAKE_HAVE_LIBC_PTHREAD - Success
[3.162s] -- Found Threads: TRUE  
[3.251s] -- Found sensor_msgs: 4.9.2 (/opt/ros/humble/share/sensor_msgs/cmake)
[3.295s] -- Looking for include file linux/joystick.h
[3.498s] -- Looking for include file linux/joystick.h - found
[3.521s] -- Found ament_lint_auto: 0.12.15 (/opt/ros/humble/share/ament_lint_auto/cmake)
[3.920s] -- Added test 'cppcheck' to perform static code analysis on C / C++ code
[3.923s] -- Configured cppcheck include dirs: /home/rhobtor/PHD/j8_control/J8_control/src/j8_joystick/joy_linux/msg/cpp
[3.923s] -- Configured cppcheck exclude dirs and/or files: 
[3.927s] -- Added test 'cpplint' to check C / C++ code against the Google style
[3.927s] -- Configured cpplint exclude dirs and/or files: 
[3.932s] -- Added test 'lint_cmake' to check CMake code style
[3.940s] -- Added test 'uncrustify' to check C / C++ code style
[3.940s] -- Configured uncrustify additional arguments: 
[3.945s] -- Added test 'xmllint' to check XML markup files
[3.949s] -- Configuring done
[3.992s] -- Generating done
[4.015s] -- Build files have been written to: /home/rhobtor/PHD/j8_control/J8_control/build/joy_linux
[4.073s] Invoked command in '/home/rhobtor/PHD/j8_control/J8_control/build/joy_linux' returned '0': CMAKE_PREFIX_PATH=${CMAKE_PREFIX_PATH}:/home/rhobtor/PHD/path_dem/install_navigation/path_dem:/home/rhobtor/PHD/path_dem/install/path_dem:/home/rhobtor/PHD/install_global_belief_final/path_dem:/home/rhobtor/PHD/ARGOSJ8_IA/ARGOSJ8_IA_/install/car:/home/rhobtor/PHD/ARGOSJ8_IA/ARGOSJ8_IA_/install/ntrip_client:/home/rhobtor/PHD/ARGOSJ8_IA/ARGOSJ8_IA_/install/j8_gui:/home/rhobtor/PHD/ARGOSJ8_IA/ARGOSJ8_IA_/install/gui:/home/rhobtor/PHD/ARGOSJ8_IA/ARGOSJ8_IA_/install/android_ros2_server:/home/rhobtor/PHD/ARGOSJ8_IA/ARGOSJ8_IA_/install/GUI_pkg:/home/rhobtor/PHD/model_terrain_ugv/Model_terrain_ugv/install/model_terrain:/opt/ros/humble /usr/bin/cmake /home/rhobtor/PHD/j8_control/J8_control/src/j8_joystick/joy_linux -DCMAKE_INSTALL_PREFIX=/home/rhobtor/PHD/j8_control/J8_control/install/joy_linux
[4.074s] Invoking command in '/home/rhobtor/PHD/j8_control/J8_control/build/joy_linux': CMAKE_PREFIX_PATH=${CMAKE_PREFIX_PATH}:/home/rhobtor/PHD/path_dem/install_navigation/path_dem:/home/rhobtor/PHD/path_dem/install/path_dem:/home/rhobtor/PHD/install_global_belief_final/path_dem:/home/rhobtor/PHD/ARGOSJ8_IA/ARGOSJ8_IA_/install/car:/home/rhobtor/PHD/ARGOSJ8_IA/ARGOSJ8_IA_/install/ntrip_client:/home/rhobtor/PHD/ARGOSJ8_IA/ARGOSJ8_IA_/install/j8_gui:/home/rhobtor/PHD/ARGOSJ8_IA/ARGOSJ8_IA_/install/gui:/home/rhobtor/PHD/ARGOSJ8_IA/ARGOSJ8_IA_/install/android_ros2_server:/home/rhobtor/PHD/ARGOSJ8_IA/ARGOSJ8_IA_/install/GUI_pkg:/home/rhobtor/PHD/model_terrain_ugv/Model_terrain_ugv/install/model_terrain:/opt/ros/humble /usr/bin/cmake --build /home/rhobtor/PHD/j8_control/J8_control/build/joy_linux -- -j20 -l20
[9.563s] [ 50%] [32mBuilding CXX object CMakeFiles/joy_linux_node.dir/src/joy_linux_node.cpp.o[0m
[24.640s] [100%] [32m[1mLinking CXX executable joy_linux_node[0m
[25.279s] [100%] Built target joy_linux_node
[25.315s] Invoked command in '/home/rhobtor/PHD/j8_control/J8_control/build/joy_linux' returned '0': CMAKE_PREFIX_PATH=${CMAKE_PREFIX_PATH}:/home/rhobtor/PHD/path_dem/install_navigation/path_dem:/home/rhobtor/PHD/path_dem/install/path_dem:/home/rhobtor/PHD/install_global_belief_final/path_dem:/home/rhobtor/PHD/ARGOSJ8_IA/ARGOSJ8_IA_/install/car:/home/rhobtor/PHD/ARGOSJ8_IA/ARGOSJ8_IA_/install/ntrip_client:/home/rhobtor/PHD/ARGOSJ8_IA/ARGOSJ8_IA_/install/j8_gui:/home/rhobtor/PHD/ARGOSJ8_IA/ARGOSJ8_IA_/install/gui:/home/rhobtor/PHD/ARGOSJ8_IA/ARGOSJ8_IA_/install/android_ros2_server:/home/rhobtor/PHD/ARGOSJ8_IA/ARGOSJ8_IA_/install/GUI_pkg:/home/rhobtor/PHD/model_terrain_ugv/Model_terrain_ugv/install/model_terrain:/opt/ros/humble /usr/bin/cmake --build /home/rhobtor/PHD/j8_control/J8_control/build/joy_linux -- -j20 -l20
[25.319s] Invoking command in '/home/rhobtor/PHD/j8_control/J8_control/build/joy_linux': CMAKE_PREFIX_PATH=${CMAKE_PREFIX_PATH}:/home/rhobtor/PHD/path_dem/install_navigation/path_dem:/home/rhobtor/PHD/path_dem/install/path_dem:/home/rhobtor/PHD/install_global_belief_final/path_dem:/home/rhobtor/PHD/ARGOSJ8_IA/ARGOSJ8_IA_/install/car:/home/rhobtor/PHD/ARGOSJ8_IA/ARGOSJ8_IA_/install/ntrip_client:/home/rhobtor/PHD/ARGOSJ8_IA/ARGOSJ8_IA_/install/j8_gui:/home/rhobtor/PHD/ARGOSJ8_IA/ARGOSJ8_IA_/install/gui:/home/rhobtor/PHD/ARGOSJ8_IA/ARGOSJ8_IA_/install/android_ros2_server:/home/rhobtor/PHD/ARGOSJ8_IA/ARGOSJ8_IA_/install/GUI_pkg:/home/rhobtor/PHD/model_terrain_ugv/Model_terrain_ugv/install/model_terrain:/opt/ros/humble /usr/bin/cmake --install /home/rhobtor/PHD/j8_control/J8_control/build/joy_linux
[25.332s] -- Install configuration: ""
[25.332s] -- Installing: /home/rhobtor/PHD/j8_control/J8_control/install/joy_linux/lib/joy_linux/joy_linux_node
[25.339s] -- Set runtime path of "/home/rhobtor/PHD/j8_control/J8_control/install/joy_linux/lib/joy_linux/joy_linux_node" to ""
[25.339s] -- Installing: /home/rhobtor/PHD/j8_control/J8_control/install/joy_linux/share/ament_index/resource_index/package_run_dependencies/joy_linux
[25.339s] -- Installing: /home/rhobtor/PHD/j8_control/J8_control/install/joy_linux/share/ament_index/resource_index/parent_prefix_path/joy_linux
[25.339s] -- Installing: /home/rhobtor/PHD/j8_control/J8_control/install/joy_linux/share/joy_linux/environment/ament_prefix_path.sh
[25.339s] -- Installing: /home/rhobtor/PHD/j8_control/J8_control/install/joy_linux/share/joy_linux/environment/ament_prefix_path.dsv
[25.339s] -- Installing: /home/rhobtor/PHD/j8_control/J8_control/install/joy_linux/share/joy_linux/environment/path.sh
[25.339s] -- Installing: /home/rhobtor/PHD/j8_control/J8_control/install/joy_linux/share/joy_linux/environment/path.dsv
[25.339s] -- Installing: /home/rhobtor/PHD/j8_control/J8_control/install/joy_linux/share/joy_linux/local_setup.bash
[25.339s] -- Installing: /home/rhobtor/PHD/j8_control/J8_control/install/joy_linux/share/joy_linux/local_setup.sh
[25.339s] -- Installing: /home/rhobtor/PHD/j8_control/J8_control/install/joy_linux/share/joy_linux/local_setup.zsh
[25.339s] -- Installing: /home/rhobtor/PHD/j8_control/J8_control/install/joy_linux/share/joy_linux/local_setup.dsv
[25.339s] -- Installing: /home/rhobtor/PHD/j8_control/J8_control/install/joy_linux/share/joy_linux/package.dsv
[25.339s] -- Installing: /home/rhobtor/PHD/j8_control/J8_control/install/joy_linux/share/ament_index/resource_index/packages/joy_linux
[25.339s] -- Installing: /home/rhobtor/PHD/j8_control/J8_control/install/joy_linux/share/joy_linux/cmake/joy_linuxConfig.cmake
[25.339s] -- Installing: /home/rhobtor/PHD/j8_control/J8_control/install/joy_linux/share/joy_linux/cmake/joy_linuxConfig-version.cmake
[25.339s] -- Installing: /home/rhobtor/PHD/j8_control/J8_control/install/joy_linux/share/joy_linux/package.xml
[25.342s] Invoked command in '/home/rhobtor/PHD/j8_control/J8_control/build/joy_linux' returned '0': CMAKE_PREFIX_PATH=${CMAKE_PREFIX_PATH}:/home/rhobtor/PHD/path_dem/install_navigation/path_dem:/home/rhobtor/PHD/path_dem/install/path_dem:/home/rhobtor/PHD/install_global_belief_final/path_dem:/home/rhobtor/PHD/ARGOSJ8_IA/ARGOSJ8_IA_/install/car:/home/rhobtor/PHD/ARGOSJ8_IA/ARGOSJ8_IA_/install/ntrip_client:/home/rhobtor/PHD/ARGOSJ8_IA/ARGOSJ8_IA_/install/j8_gui:/home/rhobtor/PHD/ARGOSJ8_IA/ARGOSJ8_IA_/install/gui:/home/rhobtor/PHD/ARGOSJ8_IA/ARGOSJ8_IA_/install/android_ros2_server:/home/rhobtor/PHD/ARGOSJ8_IA/ARGOSJ8_IA_/install/GUI_pkg:/home/rhobtor/PHD/model_terrain_ugv/Model_terrain_ugv/install/model_terrain:/opt/ros/humble /usr/bin/cmake --install /home/rhobtor/PHD/j8_control/J8_control/build/joy_linux
