[0.096s] Invoking command in '/home/rhobtor/PHD/j8_control/J8_control/build/argj801_ctl_platform_interfaces': CMAKE_PREFIX_PATH=${CMAKE_PREFIX_PATH}:/home/rhobtor/PHD/path_dem/install_navigation/path_dem:/home/rhobtor/PHD/path_dem/install/path_dem:/home/rhobtor/PHD/install_global_belief_final/path_dem:/home/rhobtor/PHD/ARGOSJ8_IA/ARGOSJ8_IA_/install/car:/home/rhobtor/PHD/ARGOSJ8_IA/ARGOSJ8_IA_/install/ntrip_client:/home/rhobtor/PHD/ARGOSJ8_IA/ARGOSJ8_IA_/install/j8_gui:/home/rhobtor/PHD/ARGOSJ8_IA/ARGOSJ8_IA_/install/gui:/home/rhobtor/PHD/ARGOSJ8_IA/ARGOSJ8_IA_/install/android_ros2_server:/home/rhobtor/PHD/ARGOSJ8_IA/ARGOSJ8_IA_/install/GUI_pkg:/home/rhobtor/PHD/model_terrain_ugv/Model_terrain_ugv/install/model_terrain:/opt/ros/humble /usr/bin/cmake /home/rhobtor/PHD/j8_control/J8_control/src/argj801_ctl_platform/argj801_ctl_platform_interfaces -DCMAKE_INSTALL_PREFIX=/home/rhobtor/PHD/j8_control/J8_control/install/argj801_ctl_platform_interfaces
[1.340s] -- The C compiler identification is GNU 11.4.0
[1.340s] -- The CXX compiler identification is GNU 11.4.0
[1.340s] -- Detecting C compiler ABI info
[1.340s] -- Detecting C compiler ABI info - done
[1.340s] -- Check for working C compiler: /usr/bin/cc - skipped
[1.340s] -- Detecting C compile features
[1.340s] -- Detecting C compile features - done
[1.340s] -- Detecting CXX compiler ABI info
[1.341s] -- Detecting CXX compiler ABI info - done
[1.341s] -- Check for working CXX compiler: /usr/bin/c++ - skipped
[1.341s] -- Detecting CXX compile features
[1.341s] -- Detecting CXX compile features - done
[1.341s] -- Found ament_cmake: 1.3.14 (/opt/ros/humble/share/ament_cmake/cmake)
[1.341s] -- Found Python3: /usr/bin/python3 (found version "3.10.12") found components: Interpreter 
[1.341s] -- Found rosidl_default_runtime: 1.2.1 (/opt/ros/humble/share/rosidl_default_runtime/cmake)
[1.341s] -- Using all available rosidl_typesupport_c: rosidl_typesupport_fastrtps_c;rosidl_typesupport_introspection_c
[1.341s] -- Found rosidl_adapter: 3.1.9 (/opt/ros/humble/share/rosidl_adapter/cmake)
[1.341s] -- Using all available rosidl_typesupport_cpp: rosidl_typesupport_fastrtps_cpp;rosidl_typesupport_introspection_cpp
[1.341s] -- Found rosidl_default_generators: 1.2.1 (/opt/ros/humble/share/rosidl_default_generators/cmake)
[1.471s] -- Found ament_cmake_ros: 0.10.0 (/opt/ros/humble/share/ament_cmake_ros/cmake)
[1.793s] -- Using all available rosidl_typesupport_c: rosidl_typesupport_fastrtps_c;rosidl_typesupport_introspection_c
[2.183s] -- Using all available rosidl_typesupport_cpp: rosidl_typesupport_fastrtps_cpp;rosidl_typesupport_introspection_cpp
[2.212s] -- Found PythonInterp: /usr/bin/python3 (found suitable version "3.10.12", minimum required is "3.6") 
[2.217s] -- Found python_cmake_module: 0.10.0 (/opt/ros/humble/share/python_cmake_module/cmake)
[2.264s] -- Found PythonLibs: /usr/lib/x86_64-linux-gnu/libpython3.10.so (found suitable version "3.10.12", minimum required is "3.5") 
[2.266s] -- Using PYTHON_EXECUTABLE: /usr/bin/python3
[2.266s] -- Using PYTHON_INCLUDE_DIRS: /usr/include/python3.10
[2.266s] -- Using PYTHON_LIBRARIES: /usr/lib/x86_64-linux-gnu/libpython3.10.so
[2.300s] -- Found PythonExtra: .so  
[2.533s] -- Configuring done
[2.583s] -- Generating done
[2.596s] -- Build files have been written to: /home/rhobtor/PHD/j8_control/J8_control/build/argj801_ctl_platform_interfaces
[2.635s] Invoked command in '/home/rhobtor/PHD/j8_control/J8_control/build/argj801_ctl_platform_interfaces' returned '0': CMAKE_PREFIX_PATH=${CMAKE_PREFIX_PATH}:/home/rhobtor/PHD/path_dem/install_navigation/path_dem:/home/rhobtor/PHD/path_dem/install/path_dem:/home/rhobtor/PHD/install_global_belief_final/path_dem:/home/rhobtor/PHD/ARGOSJ8_IA/ARGOSJ8_IA_/install/car:/home/rhobtor/PHD/ARGOSJ8_IA/ARGOSJ8_IA_/install/ntrip_client:/home/rhobtor/PHD/ARGOSJ8_IA/ARGOSJ8_IA_/install/j8_gui:/home/rhobtor/PHD/ARGOSJ8_IA/ARGOSJ8_IA_/install/gui:/home/rhobtor/PHD/ARGOSJ8_IA/ARGOSJ8_IA_/install/android_ros2_server:/home/rhobtor/PHD/ARGOSJ8_IA/ARGOSJ8_IA_/install/GUI_pkg:/home/rhobtor/PHD/model_terrain_ugv/Model_terrain_ugv/install/model_terrain:/opt/ros/humble /usr/bin/cmake /home/rhobtor/PHD/j8_control/J8_control/src/argj801_ctl_platform/argj801_ctl_platform_interfaces -DCMAKE_INSTALL_PREFIX=/home/rhobtor/PHD/j8_control/J8_control/install/argj801_ctl_platform_interfaces
[2.641s] Invoking command in '/home/rhobtor/PHD/j8_control/J8_control/build/argj801_ctl_platform_interfaces': CMAKE_PREFIX_PATH=${CMAKE_PREFIX_PATH}:/home/rhobtor/PHD/path_dem/install_navigation/path_dem:/home/rhobtor/PHD/path_dem/install/path_dem:/home/rhobtor/PHD/install_global_belief_final/path_dem:/home/rhobtor/PHD/ARGOSJ8_IA/ARGOSJ8_IA_/install/car:/home/rhobtor/PHD/ARGOSJ8_IA/ARGOSJ8_IA_/install/ntrip_client:/home/rhobtor/PHD/ARGOSJ8_IA/ARGOSJ8_IA_/install/j8_gui:/home/rhobtor/PHD/ARGOSJ8_IA/ARGOSJ8_IA_/install/gui:/home/rhobtor/PHD/ARGOSJ8_IA/ARGOSJ8_IA_/install/android_ros2_server:/home/rhobtor/PHD/ARGOSJ8_IA/ARGOSJ8_IA_/install/GUI_pkg:/home/rhobtor/PHD/model_terrain_ugv/Model_terrain_ugv/install/model_terrain:/opt/ros/humble /usr/bin/cmake --build /home/rhobtor/PHD/j8_control/J8_control/build/argj801_ctl_platform_interfaces -- -j20 -l20
[2.872s] [  1%] [34m[1mGenerating C code for ROS interfaces[0m
[2.873s] [  3%] [34m[1mGenerating C++ code for ROS interfaces[0m
[2.873s] [  4%] [34m[1mGenerating Rust code for ROS interfaces[0m
[2.873s] [  4%] Built target ament_cmake_python_copy_argj801_ctl_platform_interfaces
[3.249s] running egg_info
[3.286s] creating argj801_ctl_platform_interfaces.egg-info
[3.286s] writing argj801_ctl_platform_interfaces.egg-info/PKG-INFO
[3.287s] writing dependency_links to argj801_ctl_platform_interfaces.egg-info/dependency_links.txt
[3.287s] writing top-level names to argj801_ctl_platform_interfaces.egg-info/top_level.txt
[3.287s] writing manifest file 'argj801_ctl_platform_interfaces.egg-info/SOURCES.txt'
[3.305s] [  4%] Built target argj801_ctl_platform_interfaces__rs
[3.389s] reading manifest file 'argj801_ctl_platform_interfaces.egg-info/SOURCES.txt'
[3.390s] writing manifest file 'argj801_ctl_platform_interfaces.egg-info/SOURCES.txt'
[3.502s] [  4%] Built target ament_cmake_python_build_argj801_ctl_platform_interfaces_egg
[3.916s] [  4%] Built target argj801_ctl_platform_interfaces__cpp
[3.952s] [  6%] [34m[1mGenerating C++ type support dispatch for ROS interfaces[0m
[3.961s] [  7%] [34m[1mGenerating C++ type support for eProsima Fast-RTPS[0m
[3.974s] [  9%] [34m[1mGenerating C++ introspection for ROS interfaces[0m
[4.218s] [ 12%] [32mBuilding C object CMakeFiles/argj801_ctl_platform_interfaces__rosidl_generator_c.dir/rosidl_generator_c/argj801_ctl_platform_interfaces/srv/detail/emergency_stop__functions.c.o[0m
[4.221s] [ 12%] [32mBuilding C object CMakeFiles/argj801_ctl_platform_interfaces__rosidl_generator_c.dir/rosidl_generator_c/argj801_ctl_platform_interfaces/msg/detail/cmd_throttle_msg__functions.c.o[0m
[4.229s] [ 15%] [32mBuilding C object CMakeFiles/argj801_ctl_platform_interfaces__rosidl_generator_c.dir/rosidl_generator_c/argj801_ctl_platform_interfaces/srv/detail/set_velocity__functions.c.o[0m
[4.229s] [ 15%] [32mBuilding C object CMakeFiles/argj801_ctl_platform_interfaces__rosidl_generator_c.dir/rosidl_generator_c/argj801_ctl_platform_interfaces/srv/detail/get_velocity__functions.c.o[0m
[4.238s] [ 17%] [32mBuilding C object CMakeFiles/argj801_ctl_platform_interfaces__rosidl_generator_c.dir/rosidl_generator_c/argj801_ctl_platform_interfaces/msg/detail/kinematic_debug_msg__functions.c.o[0m
[4.468s] [ 18%] [32m[1mLinking C shared library libargj801_ctl_platform_interfaces__rosidl_generator_c.so[0m
[4.649s] [ 18%] Built target argj801_ctl_platform_interfaces__rosidl_generator_c
[4.684s] [ 20%] [34m[1mGenerating C type support for eProsima Fast-RTPS[0m
[4.695s] [ 21%] [34m[1mGenerating C introspection for ROS interfaces[0m
[4.702s] [ 23%] [34m[1mGenerating C type support dispatch for ROS interfaces[0m
[4.919s] [ 25%] [32mBuilding CXX object CMakeFiles/argj801_ctl_platform_interfaces__rosidl_typesupport_cpp.dir/rosidl_typesupport_cpp/argj801_ctl_platform_interfaces/msg/cmd_throttle_msg__type_support.cpp.o[0m
[4.920s] [ 26%] [32mBuilding CXX object CMakeFiles/argj801_ctl_platform_interfaces__rosidl_typesupport_cpp.dir/rosidl_typesupport_cpp/argj801_ctl_platform_interfaces/srv/emergency_stop__type_support.cpp.o[0m
[4.924s] [ 28%] [32mBuilding CXX object CMakeFiles/argj801_ctl_platform_interfaces__rosidl_typesupport_cpp.dir/rosidl_typesupport_cpp/argj801_ctl_platform_interfaces/srv/get_velocity__type_support.cpp.o[0m
[4.924s] [ 29%] [32mBuilding CXX object CMakeFiles/argj801_ctl_platform_interfaces__rosidl_typesupport_cpp.dir/rosidl_typesupport_cpp/argj801_ctl_platform_interfaces/srv/set_velocity__type_support.cpp.o[0m
[4.934s] [ 31%] [32mBuilding CXX object CMakeFiles/argj801_ctl_platform_interfaces__rosidl_typesupport_cpp.dir/rosidl_typesupport_cpp/argj801_ctl_platform_interfaces/msg/kinematic_debug_msg__type_support.cpp.o[0m
[5.846s] [ 32%] [32mBuilding CXX object CMakeFiles/argj801_ctl_platform_interfaces__rosidl_typesupport_introspection_cpp.dir/rosidl_typesupport_introspection_cpp/argj801_ctl_platform_interfaces/srv/detail/set_velocity__type_support.cpp.o[0m
[5.850s] [ 34%] [32mBuilding CXX object CMakeFiles/argj801_ctl_platform_interfaces__rosidl_typesupport_introspection_cpp.dir/rosidl_typesupport_introspection_cpp/argj801_ctl_platform_interfaces/srv/detail/get_velocity__type_support.cpp.o[0m
[5.868s] [ 37%] [32mBuilding CXX object CMakeFiles/argj801_ctl_platform_interfaces__rosidl_typesupport_introspection_cpp.dir/rosidl_typesupport_introspection_cpp/argj801_ctl_platform_interfaces/srv/detail/emergency_stop__type_support.cpp.o[0m
[5.876s] [ 37%] [32mBuilding CXX object CMakeFiles/argj801_ctl_platform_interfaces__rosidl_typesupport_introspection_cpp.dir/rosidl_typesupport_introspection_cpp/argj801_ctl_platform_interfaces/msg/detail/cmd_throttle_msg__type_support.cpp.o[0m
[5.880s] [ 39%] [32mBuilding CXX object CMakeFiles/argj801_ctl_platform_interfaces__rosidl_typesupport_introspection_cpp.dir/rosidl_typesupport_introspection_cpp/argj801_ctl_platform_interfaces/msg/detail/kinematic_debug_msg__type_support.cpp.o[0m
[6.078s] [ 40%] [32m[1mLinking CXX shared library libargj801_ctl_platform_interfaces__rosidl_typesupport_cpp.so[0m
[6.096s] [ 42%] [32mBuilding CXX object CMakeFiles/argj801_ctl_platform_interfaces__rosidl_typesupport_fastrtps_cpp.dir/rosidl_typesupport_fastrtps_cpp/argj801_ctl_platform_interfaces/srv/detail/dds_fastrtps/set_velocity__type_support.cpp.o[0m
[6.099s] [ 43%] [32mBuilding CXX object CMakeFiles/argj801_ctl_platform_interfaces__rosidl_typesupport_fastrtps_cpp.dir/rosidl_typesupport_fastrtps_cpp/argj801_ctl_platform_interfaces/srv/detail/dds_fastrtps/get_velocity__type_support.cpp.o[0m
[6.101s] [ 45%] [32mBuilding CXX object CMakeFiles/argj801_ctl_platform_interfaces__rosidl_typesupport_fastrtps_cpp.dir/rosidl_typesupport_fastrtps_cpp/argj801_ctl_platform_interfaces/msg/detail/dds_fastrtps/kinematic_debug_msg__type_support.cpp.o[0m
[6.102s] [ 46%] [32mBuilding CXX object CMakeFiles/argj801_ctl_platform_interfaces__rosidl_typesupport_fastrtps_cpp.dir/rosidl_typesupport_fastrtps_cpp/argj801_ctl_platform_interfaces/msg/detail/dds_fastrtps/cmd_throttle_msg__type_support.cpp.o[0m
[6.109s] [ 48%] [32mBuilding CXX object CMakeFiles/argj801_ctl_platform_interfaces__rosidl_typesupport_fastrtps_cpp.dir/rosidl_typesupport_fastrtps_cpp/argj801_ctl_platform_interfaces/srv/detail/dds_fastrtps/emergency_stop__type_support.cpp.o[0m
[6.234s] [ 48%] Built target argj801_ctl_platform_interfaces__rosidl_typesupport_cpp
[6.518s] [ 50%] [32mBuilding CXX object CMakeFiles/argj801_ctl_platform_interfaces__rosidl_typesupport_fastrtps_c.dir/rosidl_typesupport_fastrtps_c/argj801_ctl_platform_interfaces/srv/detail/set_velocity__type_support_c.cpp.o[0m
[6.549s] [ 51%] [32mBuilding CXX object CMakeFiles/argj801_ctl_platform_interfaces__rosidl_typesupport_fastrtps_c.dir/rosidl_typesupport_fastrtps_c/argj801_ctl_platform_interfaces/srv/detail/emergency_stop__type_support_c.cpp.o[0m
[6.550s] [ 53%] [32mBuilding CXX object CMakeFiles/argj801_ctl_platform_interfaces__rosidl_typesupport_fastrtps_c.dir/rosidl_typesupport_fastrtps_c/argj801_ctl_platform_interfaces/srv/detail/get_velocity__type_support_c.cpp.o[0m
[6.550s] [ 56%] [32mBuilding CXX object CMakeFiles/argj801_ctl_platform_interfaces__rosidl_typesupport_fastrtps_c.dir/rosidl_typesupport_fastrtps_c/argj801_ctl_platform_interfaces/msg/detail/kinematic_debug_msg__type_support_c.cpp.o[0m
[6.557s] [ 56%] [32mBuilding CXX object CMakeFiles/argj801_ctl_platform_interfaces__rosidl_typesupport_fastrtps_c.dir/rosidl_typesupport_fastrtps_c/argj801_ctl_platform_interfaces/msg/detail/cmd_throttle_msg__type_support_c.cpp.o[0m
[6.706s] [ 57%] [32mBuilding C object CMakeFiles/argj801_ctl_platform_interfaces__rosidl_typesupport_introspection_c.dir/rosidl_typesupport_introspection_c/argj801_ctl_platform_interfaces/srv/detail/set_velocity__type_support.c.o[0m
[6.718s] [ 59%] [32mBuilding C object CMakeFiles/argj801_ctl_platform_interfaces__rosidl_typesupport_introspection_c.dir/rosidl_typesupport_introspection_c/argj801_ctl_platform_interfaces/srv/detail/get_velocity__type_support.c.o[0m
[6.724s] [ 60%] [32mBuilding C object CMakeFiles/argj801_ctl_platform_interfaces__rosidl_typesupport_introspection_c.dir/rosidl_typesupport_introspection_c/argj801_ctl_platform_interfaces/msg/detail/cmd_throttle_msg__type_support.c.o[0m
[6.743s] [ 62%] [32mBuilding C object CMakeFiles/argj801_ctl_platform_interfaces__rosidl_typesupport_introspection_c.dir/rosidl_typesupport_introspection_c/argj801_ctl_platform_interfaces/srv/detail/emergency_stop__type_support.c.o[0m
[6.834s] [ 64%] [32mBuilding C object CMakeFiles/argj801_ctl_platform_interfaces__rosidl_typesupport_introspection_c.dir/rosidl_typesupport_introspection_c/argj801_ctl_platform_interfaces/msg/detail/kinematic_debug_msg__type_support.c.o[0m
[6.940s] [ 65%] [32mBuilding CXX object CMakeFiles/argj801_ctl_platform_interfaces__rosidl_typesupport_c.dir/rosidl_typesupport_c/argj801_ctl_platform_interfaces/srv/set_velocity__type_support.cpp.o[0m
[6.951s] [ 67%] [32mBuilding CXX object CMakeFiles/argj801_ctl_platform_interfaces__rosidl_typesupport_c.dir/rosidl_typesupport_c/argj801_ctl_platform_interfaces/srv/get_velocity__type_support.cpp.o[0m
[6.959s] [ 68%] [32mBuilding CXX object CMakeFiles/argj801_ctl_platform_interfaces__rosidl_typesupport_c.dir/rosidl_typesupport_c/argj801_ctl_platform_interfaces/srv/emergency_stop__type_support.cpp.o[0m
[6.960s] [ 70%] [32m[1mLinking C shared library libargj801_ctl_platform_interfaces__rosidl_typesupport_introspection_c.so[0m
[6.968s] [ 71%] [32mBuilding CXX object CMakeFiles/argj801_ctl_platform_interfaces__rosidl_typesupport_c.dir/rosidl_typesupport_c/argj801_ctl_platform_interfaces/msg/kinematic_debug_msg__type_support.cpp.o[0m
[6.973s] [ 73%] [32mBuilding CXX object CMakeFiles/argj801_ctl_platform_interfaces__rosidl_typesupport_c.dir/rosidl_typesupport_c/argj801_ctl_platform_interfaces/msg/cmd_throttle_msg__type_support.cpp.o[0m
[7.050s] [ 73%] Built target argj801_ctl_platform_interfaces__rosidl_typesupport_introspection_c
[7.107s] [ 75%] [32m[1mLinking CXX shared library libargj801_ctl_platform_interfaces__rosidl_typesupport_c.so[0m
[7.290s] [ 75%] Built target argj801_ctl_platform_interfaces__rosidl_typesupport_c
[7.442s] [ 76%] [32m[1mLinking CXX shared library libargj801_ctl_platform_interfaces__rosidl_typesupport_introspection_cpp.so[0m
[7.572s] [ 76%] Built target argj801_ctl_platform_interfaces__rosidl_typesupport_introspection_cpp
[7.665s] [ 78%] [32m[1mLinking CXX shared library libargj801_ctl_platform_interfaces__rosidl_typesupport_fastrtps_cpp.so[0m
[7.863s] [ 79%] [32m[1mLinking CXX shared library libargj801_ctl_platform_interfaces__rosidl_typesupport_fastrtps_c.so[0m
[8.054s] [ 79%] Built target argj801_ctl_platform_interfaces__rosidl_typesupport_fastrtps_cpp
[8.234s] [ 79%] Built target argj801_ctl_platform_interfaces__rosidl_typesupport_fastrtps_c
[8.313s] [ 79%] Built target argj801_ctl_platform_interfaces
[8.434s] [ 81%] [34m[1mGenerating Python code for ROS interfaces[0m
[12.193s] [ 81%] Built target argj801_ctl_platform_interfaces__py
[12.289s] [ 82%] [32mBuilding C object CMakeFiles/argj801_ctl_platform_interfaces__rosidl_generator_py.dir/rosidl_generator_py/argj801_ctl_platform_interfaces/srv/_set_velocity_s.c.o[0m
[12.289s] [ 85%] [32mBuilding C object CMakeFiles/argj801_ctl_platform_interfaces__rosidl_generator_py.dir/rosidl_generator_py/argj801_ctl_platform_interfaces/srv/_emergency_stop_s.c.o[0m
[12.289s] [ 84%] [32mBuilding C object CMakeFiles/argj801_ctl_platform_interfaces__rosidl_generator_py.dir/rosidl_generator_py/argj801_ctl_platform_interfaces/msg/_kinematic_debug_msg_s.c.o[0m
[12.308s] [ 89%] [32mBuilding C object CMakeFiles/argj801_ctl_platform_interfaces__rosidl_generator_py.dir/rosidl_generator_py/argj801_ctl_platform_interfaces/srv/_get_velocity_s.c.o[0m
[12.308s] [ 89%] [32mBuilding C object CMakeFiles/argj801_ctl_platform_interfaces__rosidl_generator_py.dir/rosidl_generator_py/argj801_ctl_platform_interfaces/msg/_cmd_throttle_msg_s.c.o[0m
[12.699s] [ 90%] [32m[1mLinking C shared library rosidl_generator_py/argj801_ctl_platform_interfaces/libargj801_ctl_platform_interfaces__rosidl_generator_py.so[0m
[12.780s] [ 90%] Built target argj801_ctl_platform_interfaces__rosidl_generator_py
[12.823s] [ 92%] [32mBuilding C object CMakeFiles/argj801_ctl_platform_interfaces__rosidl_typesupport_fastrtps_c__pyext.dir/rosidl_generator_py/argj801_ctl_platform_interfaces/_argj801_ctl_platform_interfaces_s.ep.rosidl_typesupport_fastrtps_c.c.o[0m
[12.835s] [ 93%] [32mBuilding C object CMakeFiles/argj801_ctl_platform_interfaces__rosidl_typesupport_c__pyext.dir/rosidl_generator_py/argj801_ctl_platform_interfaces/_argj801_ctl_platform_interfaces_s.ep.rosidl_typesupport_c.c.o[0m
[12.837s] [ 95%] [32mBuilding C object CMakeFiles/argj801_ctl_platform_interfaces__rosidl_typesupport_introspection_c__pyext.dir/rosidl_generator_py/argj801_ctl_platform_interfaces/_argj801_ctl_platform_interfaces_s.ep.rosidl_typesupport_introspection_c.c.o[0m
[13.001s] [ 96%] [32m[1mLinking C shared library rosidl_generator_py/argj801_ctl_platform_interfaces/argj801_ctl_platform_interfaces_s__rosidl_typesupport_c.cpython-310-x86_64-linux-gnu.so[0m
[13.076s] [ 96%] Built target argj801_ctl_platform_interfaces__rosidl_typesupport_c__pyext
[13.157s] [ 98%] [32m[1mLinking C shared library rosidl_generator_py/argj801_ctl_platform_interfaces/argj801_ctl_platform_interfaces_s__rosidl_typesupport_introspection_c.cpython-310-x86_64-linux-gnu.so[0m
[13.215s] [100%] [32m[1mLinking C shared library rosidl_generator_py/argj801_ctl_platform_interfaces/argj801_ctl_platform_interfaces_s__rosidl_typesupport_fastrtps_c.cpython-310-x86_64-linux-gnu.so[0m
[13.246s] [100%] Built target argj801_ctl_platform_interfaces__rosidl_typesupport_introspection_c__pyext
[13.311s] [100%] Built target argj801_ctl_platform_interfaces__rosidl_typesupport_fastrtps_c__pyext
[13.348s] Invoked command in '/home/rhobtor/PHD/j8_control/J8_control/build/argj801_ctl_platform_interfaces' returned '0': CMAKE_PREFIX_PATH=${CMAKE_PREFIX_PATH}:/home/rhobtor/PHD/path_dem/install_navigation/path_dem:/home/rhobtor/PHD/path_dem/install/path_dem:/home/rhobtor/PHD/install_global_belief_final/path_dem:/home/rhobtor/PHD/ARGOSJ8_IA/ARGOSJ8_IA_/install/car:/home/rhobtor/PHD/ARGOSJ8_IA/ARGOSJ8_IA_/install/ntrip_client:/home/rhobtor/PHD/ARGOSJ8_IA/ARGOSJ8_IA_/install/j8_gui:/home/rhobtor/PHD/ARGOSJ8_IA/ARGOSJ8_IA_/install/gui:/home/rhobtor/PHD/ARGOSJ8_IA/ARGOSJ8_IA_/install/android_ros2_server:/home/rhobtor/PHD/ARGOSJ8_IA/ARGOSJ8_IA_/install/GUI_pkg:/home/rhobtor/PHD/model_terrain_ugv/Model_terrain_ugv/install/model_terrain:/opt/ros/humble /usr/bin/cmake --build /home/rhobtor/PHD/j8_control/J8_control/build/argj801_ctl_platform_interfaces -- -j20 -l20
[13.349s] Invoking command in '/home/rhobtor/PHD/j8_control/J8_control/build/argj801_ctl_platform_interfaces': CMAKE_PREFIX_PATH=${CMAKE_PREFIX_PATH}:/home/rhobtor/PHD/path_dem/install_navigation/path_dem:/home/rhobtor/PHD/path_dem/install/path_dem:/home/rhobtor/PHD/install_global_belief_final/path_dem:/home/rhobtor/PHD/ARGOSJ8_IA/ARGOSJ8_IA_/install/car:/home/rhobtor/PHD/ARGOSJ8_IA/ARGOSJ8_IA_/install/ntrip_client:/home/rhobtor/PHD/ARGOSJ8_IA/ARGOSJ8_IA_/install/j8_gui:/home/rhobtor/PHD/ARGOSJ8_IA/ARGOSJ8_IA_/install/gui:/home/rhobtor/PHD/ARGOSJ8_IA/ARGOSJ8_IA_/install/android_ros2_server:/home/rhobtor/PHD/ARGOSJ8_IA/ARGOSJ8_IA_/install/GUI_pkg:/home/rhobtor/PHD/model_terrain_ugv/Model_terrain_ugv/install/model_terrain:/opt/ros/humble /usr/bin/cmake --install /home/rhobtor/PHD/j8_control/J8_control/build/argj801_ctl_platform_interfaces
[15.715s] -- Install configuration: ""
[15.715s] -- Installing: /home/rhobtor/PHD/j8_control/J8_control/install/argj801_ctl_platform_interfaces/share/ament_index/resource_index/rosidl_interfaces/argj801_ctl_platform_interfaces
[15.715s] -- Installing: /home/rhobtor/PHD/j8_control/J8_control/install/argj801_ctl_platform_interfaces/include/argj801_ctl_platform_interfaces/argj801_ctl_platform_interfaces
[15.715s] -- Installing: /home/rhobtor/PHD/j8_control/J8_control/install/argj801_ctl_platform_interfaces/include/argj801_ctl_platform_interfaces/argj801_ctl_platform_interfaces/srv
[15.715s] -- Installing: /home/rhobtor/PHD/j8_control/J8_control/install/argj801_ctl_platform_interfaces/include/argj801_ctl_platform_interfaces/argj801_ctl_platform_interfaces/srv/emergency_stop.h
[15.715s] -- Installing: /home/rhobtor/PHD/j8_control/J8_control/install/argj801_ctl_platform_interfaces/include/argj801_ctl_platform_interfaces/argj801_ctl_platform_interfaces/srv/detail
[15.716s] -- Installing: /home/rhobtor/PHD/j8_control/J8_control/install/argj801_ctl_platform_interfaces/include/argj801_ctl_platform_interfaces/argj801_ctl_platform_interfaces/srv/detail/set_velocity__functions.h
[15.716s] -- Installing: /home/rhobtor/PHD/j8_control/J8_control/install/argj801_ctl_platform_interfaces/include/argj801_ctl_platform_interfaces/argj801_ctl_platform_interfaces/srv/detail/emergency_stop__type_support.h
[15.716s] -- Installing: /home/rhobtor/PHD/j8_control/J8_control/install/argj801_ctl_platform_interfaces/include/argj801_ctl_platform_interfaces/argj801_ctl_platform_interfaces/srv/detail/get_velocity__struct.h
[15.716s] -- Installing: /home/rhobtor/PHD/j8_control/J8_control/install/argj801_ctl_platform_interfaces/include/argj801_ctl_platform_interfaces/argj801_ctl_platform_interfaces/srv/detail/get_velocity__functions.c
[15.716s] -- Installing: /home/rhobtor/PHD/j8_control/J8_control/install/argj801_ctl_platform_interfaces/include/argj801_ctl_platform_interfaces/argj801_ctl_platform_interfaces/srv/detail/emergency_stop__functions.c
[15.716s] -- Installing: /home/rhobtor/PHD/j8_control/J8_control/install/argj801_ctl_platform_interfaces/include/argj801_ctl_platform_interfaces/argj801_ctl_platform_interfaces/srv/detail/emergency_stop__functions.h
[15.716s] -- Installing: /home/rhobtor/PHD/j8_control/J8_control/install/argj801_ctl_platform_interfaces/include/argj801_ctl_platform_interfaces/argj801_ctl_platform_interfaces/srv/detail/get_velocity__type_support.h
[15.716s] -- Installing: /home/rhobtor/PHD/j8_control/J8_control/install/argj801_ctl_platform_interfaces/include/argj801_ctl_platform_interfaces/argj801_ctl_platform_interfaces/srv/detail/set_velocity__functions.c
[15.716s] -- Installing: /home/rhobtor/PHD/j8_control/J8_control/install/argj801_ctl_platform_interfaces/include/argj801_ctl_platform_interfaces/argj801_ctl_platform_interfaces/srv/detail/get_velocity__functions.h
[15.716s] -- Installing: /home/rhobtor/PHD/j8_control/J8_control/install/argj801_ctl_platform_interfaces/include/argj801_ctl_platform_interfaces/argj801_ctl_platform_interfaces/srv/detail/set_velocity__struct.h
[15.716s] -- Installing: /home/rhobtor/PHD/j8_control/J8_control/install/argj801_ctl_platform_interfaces/include/argj801_ctl_platform_interfaces/argj801_ctl_platform_interfaces/srv/detail/set_velocity__type_support.h
[15.716s] -- Installing: /home/rhobtor/PHD/j8_control/J8_control/install/argj801_ctl_platform_interfaces/include/argj801_ctl_platform_interfaces/argj801_ctl_platform_interfaces/srv/detail/emergency_stop__struct.h
[15.716s] -- Installing: /home/rhobtor/PHD/j8_control/J8_control/install/argj801_ctl_platform_interfaces/include/argj801_ctl_platform_interfaces/argj801_ctl_platform_interfaces/srv/set_velocity.h
[15.716s] -- Installing: /home/rhobtor/PHD/j8_control/J8_control/install/argj801_ctl_platform_interfaces/include/argj801_ctl_platform_interfaces/argj801_ctl_platform_interfaces/srv/get_velocity.h
[15.716s] -- Installing: /home/rhobtor/PHD/j8_control/J8_control/install/argj801_ctl_platform_interfaces/include/argj801_ctl_platform_interfaces/argj801_ctl_platform_interfaces/msg
[15.716s] -- Installing: /home/rhobtor/PHD/j8_control/J8_control/install/argj801_ctl_platform_interfaces/include/argj801_ctl_platform_interfaces/argj801_ctl_platform_interfaces/msg/rosidl_generator_c__visibility_control.h
[15.716s] -- Installing: /home/rhobtor/PHD/j8_control/J8_control/install/argj801_ctl_platform_interfaces/include/argj801_ctl_platform_interfaces/argj801_ctl_platform_interfaces/msg/kinematic_debug_msg.h
[15.716s] -- Installing: /home/rhobtor/PHD/j8_control/J8_control/install/argj801_ctl_platform_interfaces/include/argj801_ctl_platform_interfaces/argj801_ctl_platform_interfaces/msg/detail
[15.716s] -- Installing: /home/rhobtor/PHD/j8_control/J8_control/install/argj801_ctl_platform_interfaces/include/argj801_ctl_platform_interfaces/argj801_ctl_platform_interfaces/msg/detail/cmd_throttle_msg__struct.h
[15.716s] -- Installing: /home/rhobtor/PHD/j8_control/J8_control/install/argj801_ctl_platform_interfaces/include/argj801_ctl_platform_interfaces/argj801_ctl_platform_interfaces/msg/detail/cmd_throttle_msg__type_support.h
[15.716s] -- Installing: /home/rhobtor/PHD/j8_control/J8_control/install/argj801_ctl_platform_interfaces/include/argj801_ctl_platform_interfaces/argj801_ctl_platform_interfaces/msg/detail/kinematic_debug_msg__type_support.h
[15.717s] -- Installing: /home/rhobtor/PHD/j8_control/J8_control/install/argj801_ctl_platform_interfaces/include/argj801_ctl_platform_interfaces/argj801_ctl_platform_interfaces/msg/detail/cmd_throttle_msg__functions.c
[15.717s] -- Installing: /home/rhobtor/PHD/j8_control/J8_control/install/argj801_ctl_platform_interfaces/include/argj801_ctl_platform_interfaces/argj801_ctl_platform_interfaces/msg/detail/kinematic_debug_msg__functions.h
[15.717s] -- Installing: /home/rhobtor/PHD/j8_control/J8_control/install/argj801_ctl_platform_interfaces/include/argj801_ctl_platform_interfaces/argj801_ctl_platform_interfaces/msg/detail/cmd_throttle_msg__functions.h
[15.717s] -- Installing: /home/rhobtor/PHD/j8_control/J8_control/install/argj801_ctl_platform_interfaces/include/argj801_ctl_platform_interfaces/argj801_ctl_platform_interfaces/msg/detail/kinematic_debug_msg__struct.h
[15.717s] -- Installing: /home/rhobtor/PHD/j8_control/J8_control/install/argj801_ctl_platform_interfaces/include/argj801_ctl_platform_interfaces/argj801_ctl_platform_interfaces/msg/detail/kinematic_debug_msg__functions.c
[15.717s] -- Installing: /home/rhobtor/PHD/j8_control/J8_control/install/argj801_ctl_platform_interfaces/include/argj801_ctl_platform_interfaces/argj801_ctl_platform_interfaces/msg/cmd_throttle_msg.h
[15.717s] -- Installing: /home/rhobtor/PHD/j8_control/J8_control/install/argj801_ctl_platform_interfaces/share/argj801_ctl_platform_interfaces/environment/library_path.sh
[15.717s] -- Installing: /home/rhobtor/PHD/j8_control/J8_control/install/argj801_ctl_platform_interfaces/share/argj801_ctl_platform_interfaces/environment/library_path.dsv
[15.717s] -- Installing: /home/rhobtor/PHD/j8_control/J8_control/install/argj801_ctl_platform_interfaces/lib/libargj801_ctl_platform_interfaces__rosidl_generator_c.so
[15.717s] -- Set runtime path of "/home/rhobtor/PHD/j8_control/J8_control/install/argj801_ctl_platform_interfaces/lib/libargj801_ctl_platform_interfaces__rosidl_generator_c.so" to ""
[15.717s] -- Up-to-date: /home/rhobtor/PHD/j8_control/J8_control/install/argj801_ctl_platform_interfaces/include/argj801_ctl_platform_interfaces/argj801_ctl_platform_interfaces
[15.717s] -- Up-to-date: /home/rhobtor/PHD/j8_control/J8_control/install/argj801_ctl_platform_interfaces/include/argj801_ctl_platform_interfaces/argj801_ctl_platform_interfaces/srv
[15.717s] -- Up-to-date: /home/rhobtor/PHD/j8_control/J8_control/install/argj801_ctl_platform_interfaces/include/argj801_ctl_platform_interfaces/argj801_ctl_platform_interfaces/srv/detail
[15.717s] -- Installing: /home/rhobtor/PHD/j8_control/J8_control/install/argj801_ctl_platform_interfaces/include/argj801_ctl_platform_interfaces/argj801_ctl_platform_interfaces/srv/detail/set_velocity__rosidl_typesupport_fastrtps_c.h
[15.717s] -- Installing: /home/rhobtor/PHD/j8_control/J8_control/install/argj801_ctl_platform_interfaces/include/argj801_ctl_platform_interfaces/argj801_ctl_platform_interfaces/srv/detail/emergency_stop__rosidl_typesupport_fastrtps_c.h
[15.717s] -- Installing: /home/rhobtor/PHD/j8_control/J8_control/install/argj801_ctl_platform_interfaces/include/argj801_ctl_platform_interfaces/argj801_ctl_platform_interfaces/srv/detail/get_velocity__rosidl_typesupport_fastrtps_c.h
[15.717s] -- Up-to-date: /home/rhobtor/PHD/j8_control/J8_control/install/argj801_ctl_platform_interfaces/include/argj801_ctl_platform_interfaces/argj801_ctl_platform_interfaces/msg
[15.717s] -- Installing: /home/rhobtor/PHD/j8_control/J8_control/install/argj801_ctl_platform_interfaces/include/argj801_ctl_platform_interfaces/argj801_ctl_platform_interfaces/msg/rosidl_typesupport_fastrtps_c__visibility_control.h
[15.717s] -- Up-to-date: /home/rhobtor/PHD/j8_control/J8_control/install/argj801_ctl_platform_interfaces/include/argj801_ctl_platform_interfaces/argj801_ctl_platform_interfaces/msg/detail
[15.717s] -- Installing: /home/rhobtor/PHD/j8_control/J8_control/install/argj801_ctl_platform_interfaces/include/argj801_ctl_platform_interfaces/argj801_ctl_platform_interfaces/msg/detail/cmd_throttle_msg__rosidl_typesupport_fastrtps_c.h
[15.717s] -- Installing: /home/rhobtor/PHD/j8_control/J8_control/install/argj801_ctl_platform_interfaces/include/argj801_ctl_platform_interfaces/argj801_ctl_platform_interfaces/msg/detail/kinematic_debug_msg__rosidl_typesupport_fastrtps_c.h
[15.717s] -- Installing: /home/rhobtor/PHD/j8_control/J8_control/install/argj801_ctl_platform_interfaces/lib/libargj801_ctl_platform_interfaces__rosidl_typesupport_fastrtps_c.so
[15.718s] -- Set runtime path of "/home/rhobtor/PHD/j8_control/J8_control/install/argj801_ctl_platform_interfaces/lib/libargj801_ctl_platform_interfaces__rosidl_typesupport_fastrtps_c.so" to ""
[15.718s] -- Up-to-date: /home/rhobtor/PHD/j8_control/J8_control/install/argj801_ctl_platform_interfaces/include/argj801_ctl_platform_interfaces/argj801_ctl_platform_interfaces
[15.718s] -- Up-to-date: /home/rhobtor/PHD/j8_control/J8_control/install/argj801_ctl_platform_interfaces/include/argj801_ctl_platform_interfaces/argj801_ctl_platform_interfaces/srv
[15.718s] -- Up-to-date: /home/rhobtor/PHD/j8_control/J8_control/install/argj801_ctl_platform_interfaces/include/argj801_ctl_platform_interfaces/argj801_ctl_platform_interfaces/srv/detail
[15.718s] -- Installing: /home/rhobtor/PHD/j8_control/J8_control/install/argj801_ctl_platform_interfaces/include/argj801_ctl_platform_interfaces/argj801_ctl_platform_interfaces/srv/detail/get_velocity__type_support.c
[15.718s] -- Installing: /home/rhobtor/PHD/j8_control/J8_control/install/argj801_ctl_platform_interfaces/include/argj801_ctl_platform_interfaces/argj801_ctl_platform_interfaces/srv/detail/emergency_stop__rosidl_typesupport_introspection_c.h
[15.718s] -- Installing: /home/rhobtor/PHD/j8_control/J8_control/install/argj801_ctl_platform_interfaces/include/argj801_ctl_platform_interfaces/argj801_ctl_platform_interfaces/srv/detail/get_velocity__rosidl_typesupport_introspection_c.h
[15.718s] -- Installing: /home/rhobtor/PHD/j8_control/J8_control/install/argj801_ctl_platform_interfaces/include/argj801_ctl_platform_interfaces/argj801_ctl_platform_interfaces/srv/detail/set_velocity__rosidl_typesupport_introspection_c.h
[15.718s] -- Installing: /home/rhobtor/PHD/j8_control/J8_control/install/argj801_ctl_platform_interfaces/include/argj801_ctl_platform_interfaces/argj801_ctl_platform_interfaces/srv/detail/set_velocity__type_support.c
[15.718s] -- Installing: /home/rhobtor/PHD/j8_control/J8_control/install/argj801_ctl_platform_interfaces/include/argj801_ctl_platform_interfaces/argj801_ctl_platform_interfaces/srv/detail/emergency_stop__type_support.c
[15.718s] -- Up-to-date: /home/rhobtor/PHD/j8_control/J8_control/install/argj801_ctl_platform_interfaces/include/argj801_ctl_platform_interfaces/argj801_ctl_platform_interfaces/msg
[15.718s] -- Installing: /home/rhobtor/PHD/j8_control/J8_control/install/argj801_ctl_platform_interfaces/include/argj801_ctl_platform_interfaces/argj801_ctl_platform_interfaces/msg/rosidl_typesupport_introspection_c__visibility_control.h
[15.732s] -- Up-to-date: /home/rhobtor/PHD/j8_control/J8_control/install/argj801_ctl_platform_interfaces/include/argj801_ctl_platform_interfaces/argj801_ctl_platform_interfaces/msg/detail
[15.733s] -- Installing: /home/rhobtor/PHD/j8_control/J8_control/install/argj801_ctl_platform_interfaces/include/argj801_ctl_platform_interfaces/argj801_ctl_platform_interfaces/msg/detail/kinematic_debug_msg__rosidl_typesupport_introspection_c.h
[15.733s] -- Installing: /home/rhobtor/PHD/j8_control/J8_control/install/argj801_ctl_platform_interfaces/include/argj801_ctl_platform_interfaces/argj801_ctl_platform_interfaces/msg/detail/kinematic_debug_msg__type_support.c
[15.733s] -- Installing: /home/rhobtor/PHD/j8_control/J8_control/install/argj801_ctl_platform_interfaces/include/argj801_ctl_platform_interfaces/argj801_ctl_platform_interfaces/msg/detail/cmd_throttle_msg__type_support.c
[15.733s] -- Installing: /home/rhobtor/PHD/j8_control/J8_control/install/argj801_ctl_platform_interfaces/include/argj801_ctl_platform_interfaces/argj801_ctl_platform_interfaces/msg/detail/cmd_throttle_msg__rosidl_typesupport_introspection_c.h
[15.733s] -- Installing: /home/rhobtor/PHD/j8_control/J8_control/install/argj801_ctl_platform_interfaces/lib/libargj801_ctl_platform_interfaces__rosidl_typesupport_introspection_c.so
[15.733s] -- Set runtime path of "/home/rhobtor/PHD/j8_control/J8_control/install/argj801_ctl_platform_interfaces/lib/libargj801_ctl_platform_interfaces__rosidl_typesupport_introspection_c.so" to ""
[15.733s] -- Installing: /home/rhobtor/PHD/j8_control/J8_control/install/argj801_ctl_platform_interfaces/lib/libargj801_ctl_platform_interfaces__rosidl_typesupport_c.so
[15.733s] -- Set runtime path of "/home/rhobtor/PHD/j8_control/J8_control/install/argj801_ctl_platform_interfaces/lib/libargj801_ctl_platform_interfaces__rosidl_typesupport_c.so" to ""
[15.733s] -- Up-to-date: /home/rhobtor/PHD/j8_control/J8_control/install/argj801_ctl_platform_interfaces/include/argj801_ctl_platform_interfaces/argj801_ctl_platform_interfaces
[15.733s] -- Up-to-date: /home/rhobtor/PHD/j8_control/J8_control/install/argj801_ctl_platform_interfaces/include/argj801_ctl_platform_interfaces/argj801_ctl_platform_interfaces/srv
[15.733s] -- Installing: /home/rhobtor/PHD/j8_control/J8_control/install/argj801_ctl_platform_interfaces/include/argj801_ctl_platform_interfaces/argj801_ctl_platform_interfaces/srv/set_velocity.hpp
[15.733s] -- Up-to-date: /home/rhobtor/PHD/j8_control/J8_control/install/argj801_ctl_platform_interfaces/include/argj801_ctl_platform_interfaces/argj801_ctl_platform_interfaces/srv/detail
[15.733s] -- Installing: /home/rhobtor/PHD/j8_control/J8_control/install/argj801_ctl_platform_interfaces/include/argj801_ctl_platform_interfaces/argj801_ctl_platform_interfaces/srv/detail/emergency_stop__struct.hpp
[15.733s] -- Installing: /home/rhobtor/PHD/j8_control/J8_control/install/argj801_ctl_platform_interfaces/include/argj801_ctl_platform_interfaces/argj801_ctl_platform_interfaces/srv/detail/set_velocity__builder.hpp
[15.733s] -- Installing: /home/rhobtor/PHD/j8_control/J8_control/install/argj801_ctl_platform_interfaces/include/argj801_ctl_platform_interfaces/argj801_ctl_platform_interfaces/srv/detail/emergency_stop__type_support.hpp
[15.733s] -- Installing: /home/rhobtor/PHD/j8_control/J8_control/install/argj801_ctl_platform_interfaces/include/argj801_ctl_platform_interfaces/argj801_ctl_platform_interfaces/srv/detail/set_velocity__traits.hpp
[15.733s] -- Installing: /home/rhobtor/PHD/j8_control/J8_control/install/argj801_ctl_platform_interfaces/include/argj801_ctl_platform_interfaces/argj801_ctl_platform_interfaces/srv/detail/emergency_stop__traits.hpp
[15.734s] -- Installing: /home/rhobtor/PHD/j8_control/J8_control/install/argj801_ctl_platform_interfaces/include/argj801_ctl_platform_interfaces/argj801_ctl_platform_interfaces/srv/detail/get_velocity__type_support.hpp
[15.734s] -- Installing: /home/rhobtor/PHD/j8_control/J8_control/install/argj801_ctl_platform_interfaces/include/argj801_ctl_platform_interfaces/argj801_ctl_platform_interfaces/srv/detail/get_velocity__traits.hpp
[15.734s] -- Installing: /home/rhobtor/PHD/j8_control/J8_control/install/argj801_ctl_platform_interfaces/include/argj801_ctl_platform_interfaces/argj801_ctl_platform_interfaces/srv/detail/set_velocity__type_support.hpp
[15.734s] -- Installing: /home/rhobtor/PHD/j8_control/J8_control/install/argj801_ctl_platform_interfaces/include/argj801_ctl_platform_interfaces/argj801_ctl_platform_interfaces/srv/detail/set_velocity__struct.hpp
[15.734s] -- Installing: /home/rhobtor/PHD/j8_control/J8_control/install/argj801_ctl_platform_interfaces/include/argj801_ctl_platform_interfaces/argj801_ctl_platform_interfaces/srv/detail/get_velocity__builder.hpp
[15.734s] -- Installing: /home/rhobtor/PHD/j8_control/J8_control/install/argj801_ctl_platform_interfaces/include/argj801_ctl_platform_interfaces/argj801_ctl_platform_interfaces/srv/detail/emergency_stop__builder.hpp
[15.734s] -- Installing: /home/rhobtor/PHD/j8_control/J8_control/install/argj801_ctl_platform_interfaces/include/argj801_ctl_platform_interfaces/argj801_ctl_platform_interfaces/srv/detail/get_velocity__struct.hpp
[15.734s] -- Installing: /home/rhobtor/PHD/j8_control/J8_control/install/argj801_ctl_platform_interfaces/include/argj801_ctl_platform_interfaces/argj801_ctl_platform_interfaces/srv/get_velocity.hpp
[15.734s] -- Installing: /home/rhobtor/PHD/j8_control/J8_control/install/argj801_ctl_platform_interfaces/include/argj801_ctl_platform_interfaces/argj801_ctl_platform_interfaces/srv/emergency_stop.hpp
[15.734s] -- Up-to-date: /home/rhobtor/PHD/j8_control/J8_control/install/argj801_ctl_platform_interfaces/include/argj801_ctl_platform_interfaces/argj801_ctl_platform_interfaces/msg
[15.734s] -- Installing: /home/rhobtor/PHD/j8_control/J8_control/install/argj801_ctl_platform_interfaces/include/argj801_ctl_platform_interfaces/argj801_ctl_platform_interfaces/msg/cmd_throttle_msg.hpp
[15.734s] -- Up-to-date: /home/rhobtor/PHD/j8_control/J8_control/install/argj801_ctl_platform_interfaces/include/argj801_ctl_platform_interfaces/argj801_ctl_platform_interfaces/msg/detail
[15.734s] -- Installing: /home/rhobtor/PHD/j8_control/J8_control/install/argj801_ctl_platform_interfaces/include/argj801_ctl_platform_interfaces/argj801_ctl_platform_interfaces/msg/detail/cmd_throttle_msg__struct.hpp
[15.734s] -- Installing: /home/rhobtor/PHD/j8_control/J8_control/install/argj801_ctl_platform_interfaces/include/argj801_ctl_platform_interfaces/argj801_ctl_platform_interfaces/msg/detail/kinematic_debug_msg__builder.hpp
[15.734s] -- Installing: /home/rhobtor/PHD/j8_control/J8_control/install/argj801_ctl_platform_interfaces/include/argj801_ctl_platform_interfaces/argj801_ctl_platform_interfaces/msg/detail/cmd_throttle_msg__traits.hpp
[15.734s] -- Installing: /home/rhobtor/PHD/j8_control/J8_control/install/argj801_ctl_platform_interfaces/include/argj801_ctl_platform_interfaces/argj801_ctl_platform_interfaces/msg/detail/kinematic_debug_msg__traits.hpp
[15.734s] -- Installing: /home/rhobtor/PHD/j8_control/J8_control/install/argj801_ctl_platform_interfaces/include/argj801_ctl_platform_interfaces/argj801_ctl_platform_interfaces/msg/detail/kinematic_debug_msg__struct.hpp
[15.734s] -- Installing: /home/rhobtor/PHD/j8_control/J8_control/install/argj801_ctl_platform_interfaces/include/argj801_ctl_platform_interfaces/argj801_ctl_platform_interfaces/msg/detail/cmd_throttle_msg__builder.hpp
[15.734s] -- Installing: /home/rhobtor/PHD/j8_control/J8_control/install/argj801_ctl_platform_interfaces/include/argj801_ctl_platform_interfaces/argj801_ctl_platform_interfaces/msg/detail/kinematic_debug_msg__type_support.hpp
[15.734s] -- Installing: /home/rhobtor/PHD/j8_control/J8_control/install/argj801_ctl_platform_interfaces/include/argj801_ctl_platform_interfaces/argj801_ctl_platform_interfaces/msg/detail/cmd_throttle_msg__type_support.hpp
[15.735s] -- Installing: /home/rhobtor/PHD/j8_control/J8_control/install/argj801_ctl_platform_interfaces/include/argj801_ctl_platform_interfaces/argj801_ctl_platform_interfaces/msg/rosidl_generator_cpp__visibility_control.hpp
[15.735s] -- Installing: /home/rhobtor/PHD/j8_control/J8_control/install/argj801_ctl_platform_interfaces/include/argj801_ctl_platform_interfaces/argj801_ctl_platform_interfaces/msg/kinematic_debug_msg.hpp
[15.735s] -- Up-to-date: /home/rhobtor/PHD/j8_control/J8_control/install/argj801_ctl_platform_interfaces/include/argj801_ctl_platform_interfaces/argj801_ctl_platform_interfaces
[15.735s] -- Up-to-date: /home/rhobtor/PHD/j8_control/J8_control/install/argj801_ctl_platform_interfaces/include/argj801_ctl_platform_interfaces/argj801_ctl_platform_interfaces/srv
[15.735s] -- Up-to-date: /home/rhobtor/PHD/j8_control/J8_control/install/argj801_ctl_platform_interfaces/include/argj801_ctl_platform_interfaces/argj801_ctl_platform_interfaces/srv/detail
[15.735s] -- Installing: /home/rhobtor/PHD/j8_control/J8_control/install/argj801_ctl_platform_interfaces/include/argj801_ctl_platform_interfaces/argj801_ctl_platform_interfaces/srv/detail/dds_fastrtps
[15.735s] -- Installing: /home/rhobtor/PHD/j8_control/J8_control/install/argj801_ctl_platform_interfaces/include/argj801_ctl_platform_interfaces/argj801_ctl_platform_interfaces/srv/detail/set_velocity__rosidl_typesupport_fastrtps_cpp.hpp
[15.735s] -- Installing: /home/rhobtor/PHD/j8_control/J8_control/install/argj801_ctl_platform_interfaces/include/argj801_ctl_platform_interfaces/argj801_ctl_platform_interfaces/srv/detail/emergency_stop__rosidl_typesupport_fastrtps_cpp.hpp
[15.735s] -- Installing: /home/rhobtor/PHD/j8_control/J8_control/install/argj801_ctl_platform_interfaces/include/argj801_ctl_platform_interfaces/argj801_ctl_platform_interfaces/srv/detail/get_velocity__rosidl_typesupport_fastrtps_cpp.hpp
[15.735s] -- Up-to-date: /home/rhobtor/PHD/j8_control/J8_control/install/argj801_ctl_platform_interfaces/include/argj801_ctl_platform_interfaces/argj801_ctl_platform_interfaces/msg
[15.735s] -- Installing: /home/rhobtor/PHD/j8_control/J8_control/install/argj801_ctl_platform_interfaces/include/argj801_ctl_platform_interfaces/argj801_ctl_platform_interfaces/msg/rosidl_typesupport_fastrtps_cpp__visibility_control.h
[15.735s] -- Up-to-date: /home/rhobtor/PHD/j8_control/J8_control/install/argj801_ctl_platform_interfaces/include/argj801_ctl_platform_interfaces/argj801_ctl_platform_interfaces/msg/detail
[15.735s] -- Installing: /home/rhobtor/PHD/j8_control/J8_control/install/argj801_ctl_platform_interfaces/include/argj801_ctl_platform_interfaces/argj801_ctl_platform_interfaces/msg/detail/cmd_throttle_msg__rosidl_typesupport_fastrtps_cpp.hpp
[15.735s] -- Installing: /home/rhobtor/PHD/j8_control/J8_control/install/argj801_ctl_platform_interfaces/include/argj801_ctl_platform_interfaces/argj801_ctl_platform_interfaces/msg/detail/dds_fastrtps
[15.738s] -- Installing: /home/rhobtor/PHD/j8_control/J8_control/install/argj801_ctl_platform_interfaces/include/argj801_ctl_platform_interfaces/argj801_ctl_platform_interfaces/msg/detail/kinematic_debug_msg__rosidl_typesupport_fastrtps_cpp.hpp
[15.738s] -- Installing: /home/rhobtor/PHD/j8_control/J8_control/install/argj801_ctl_platform_interfaces/lib/libargj801_ctl_platform_interfaces__rosidl_typesupport_fastrtps_cpp.so
[15.739s] -- Set runtime path of "/home/rhobtor/PHD/j8_control/J8_control/install/argj801_ctl_platform_interfaces/lib/libargj801_ctl_platform_interfaces__rosidl_typesupport_fastrtps_cpp.so" to ""
[15.739s] -- Up-to-date: /home/rhobtor/PHD/j8_control/J8_control/install/argj801_ctl_platform_interfaces/include/argj801_ctl_platform_interfaces/argj801_ctl_platform_interfaces
[15.740s] -- Up-to-date: /home/rhobtor/PHD/j8_control/J8_control/install/argj801_ctl_platform_interfaces/include/argj801_ctl_platform_interfaces/argj801_ctl_platform_interfaces/srv
[15.740s] -- Up-to-date: /home/rhobtor/PHD/j8_control/J8_control/install/argj801_ctl_platform_interfaces/include/argj801_ctl_platform_interfaces/argj801_ctl_platform_interfaces/srv/detail
[15.740s] -- Installing: /home/rhobtor/PHD/j8_control/J8_control/install/argj801_ctl_platform_interfaces/include/argj801_ctl_platform_interfaces/argj801_ctl_platform_interfaces/srv/detail/get_velocity__type_support.cpp
[15.740s] -- Installing: /home/rhobtor/PHD/j8_control/J8_control/install/argj801_ctl_platform_interfaces/include/argj801_ctl_platform_interfaces/argj801_ctl_platform_interfaces/srv/detail/set_velocity__rosidl_typesupport_introspection_cpp.hpp
[15.740s] -- Installing: /home/rhobtor/PHD/j8_control/J8_control/install/argj801_ctl_platform_interfaces/include/argj801_ctl_platform_interfaces/argj801_ctl_platform_interfaces/srv/detail/emergency_stop__type_support.cpp
[15.740s] -- Installing: /home/rhobtor/PHD/j8_control/J8_control/install/argj801_ctl_platform_interfaces/include/argj801_ctl_platform_interfaces/argj801_ctl_platform_interfaces/srv/detail/emergency_stop__rosidl_typesupport_introspection_cpp.hpp
[15.740s] -- Installing: /home/rhobtor/PHD/j8_control/J8_control/install/argj801_ctl_platform_interfaces/include/argj801_ctl_platform_interfaces/argj801_ctl_platform_interfaces/srv/detail/set_velocity__type_support.cpp
[15.740s] -- Installing: /home/rhobtor/PHD/j8_control/J8_control/install/argj801_ctl_platform_interfaces/include/argj801_ctl_platform_interfaces/argj801_ctl_platform_interfaces/srv/detail/get_velocity__rosidl_typesupport_introspection_cpp.hpp
[15.740s] -- Up-to-date: /home/rhobtor/PHD/j8_control/J8_control/install/argj801_ctl_platform_interfaces/include/argj801_ctl_platform_interfaces/argj801_ctl_platform_interfaces/msg
[15.740s] -- Up-to-date: /home/rhobtor/PHD/j8_control/J8_control/install/argj801_ctl_platform_interfaces/include/argj801_ctl_platform_interfaces/argj801_ctl_platform_interfaces/msg/detail
[15.740s] -- Installing: /home/rhobtor/PHD/j8_control/J8_control/install/argj801_ctl_platform_interfaces/include/argj801_ctl_platform_interfaces/argj801_ctl_platform_interfaces/msg/detail/cmd_throttle_msg__rosidl_typesupport_introspection_cpp.hpp
[15.740s] -- Installing: /home/rhobtor/PHD/j8_control/J8_control/install/argj801_ctl_platform_interfaces/include/argj801_ctl_platform_interfaces/argj801_ctl_platform_interfaces/msg/detail/cmd_throttle_msg__type_support.cpp
[15.740s] -- Installing: /home/rhobtor/PHD/j8_control/J8_control/install/argj801_ctl_platform_interfaces/include/argj801_ctl_platform_interfaces/argj801_ctl_platform_interfaces/msg/detail/kinematic_debug_msg__type_support.cpp
[15.740s] -- Installing: /home/rhobtor/PHD/j8_control/J8_control/install/argj801_ctl_platform_interfaces/include/argj801_ctl_platform_interfaces/argj801_ctl_platform_interfaces/msg/detail/kinematic_debug_msg__rosidl_typesupport_introspection_cpp.hpp
[15.740s] -- Installing: /home/rhobtor/PHD/j8_control/J8_control/install/argj801_ctl_platform_interfaces/lib/libargj801_ctl_platform_interfaces__rosidl_typesupport_introspection_cpp.so
[15.740s] -- Set runtime path of "/home/rhobtor/PHD/j8_control/J8_control/install/argj801_ctl_platform_interfaces/lib/libargj801_ctl_platform_interfaces__rosidl_typesupport_introspection_cpp.so" to ""
[15.740s] -- Installing: /home/rhobtor/PHD/j8_control/J8_control/install/argj801_ctl_platform_interfaces/lib/libargj801_ctl_platform_interfaces__rosidl_typesupport_cpp.so
[15.740s] -- Set runtime path of "/home/rhobtor/PHD/j8_control/J8_control/install/argj801_ctl_platform_interfaces/lib/libargj801_ctl_platform_interfaces__rosidl_typesupport_cpp.so" to ""
[15.741s] -- Installing: /home/rhobtor/PHD/j8_control/J8_control/install/argj801_ctl_platform_interfaces/share/argj801_ctl_platform_interfaces/environment/pythonpath.sh
[15.741s] -- Installing: /home/rhobtor/PHD/j8_control/J8_control/install/argj801_ctl_platform_interfaces/share/argj801_ctl_platform_interfaces/environment/pythonpath.dsv
[15.741s] -- Installing: /home/rhobtor/PHD/j8_control/J8_control/install/argj801_ctl_platform_interfaces/local/lib/python3.10/dist-packages/argj801_ctl_platform_interfaces-0.0.0-py3.10.egg-info
[15.741s] -- Installing: /home/rhobtor/PHD/j8_control/J8_control/install/argj801_ctl_platform_interfaces/local/lib/python3.10/dist-packages/argj801_ctl_platform_interfaces-0.0.0-py3.10.egg-info/dependency_links.txt
[15.741s] -- Installing: /home/rhobtor/PHD/j8_control/J8_control/install/argj801_ctl_platform_interfaces/local/lib/python3.10/dist-packages/argj801_ctl_platform_interfaces-0.0.0-py3.10.egg-info/top_level.txt
[15.741s] -- Installing: /home/rhobtor/PHD/j8_control/J8_control/install/argj801_ctl_platform_interfaces/local/lib/python3.10/dist-packages/argj801_ctl_platform_interfaces-0.0.0-py3.10.egg-info/PKG-INFO
[15.741s] -- Installing: /home/rhobtor/PHD/j8_control/J8_control/install/argj801_ctl_platform_interfaces/local/lib/python3.10/dist-packages/argj801_ctl_platform_interfaces-0.0.0-py3.10.egg-info/SOURCES.txt
[15.741s] -- Installing: /home/rhobtor/PHD/j8_control/J8_control/install/argj801_ctl_platform_interfaces/local/lib/python3.10/dist-packages/argj801_ctl_platform_interfaces
[15.741s] -- Installing: /home/rhobtor/PHD/j8_control/J8_control/install/argj801_ctl_platform_interfaces/local/lib/python3.10/dist-packages/argj801_ctl_platform_interfaces/__init__.py
[15.741s] -- Installing: /home/rhobtor/PHD/j8_control/J8_control/install/argj801_ctl_platform_interfaces/local/lib/python3.10/dist-packages/argj801_ctl_platform_interfaces/_argj801_ctl_platform_interfaces_s.ep.rosidl_typesupport_introspection_c.c
[15.751s] -- Installing: /home/rhobtor/PHD/j8_control/J8_control/install/argj801_ctl_platform_interfaces/local/lib/python3.10/dist-packages/argj801_ctl_platform_interfaces/argj801_ctl_platform_interfaces_s__rosidl_typesupport_introspection_c.cpython-310-x86_64-linux-gnu.so
[15.752s] -- Installing: /home/rhobtor/PHD/j8_control/J8_control/install/argj801_ctl_platform_interfaces/local/lib/python3.10/dist-packages/argj801_ctl_platform_interfaces/argj801_ctl_platform_interfaces_s__rosidl_typesupport_c.cpython-310-x86_64-linux-gnu.so
[15.752s] -- Installing: /home/rhobtor/PHD/j8_control/J8_control/install/argj801_ctl_platform_interfaces/local/lib/python3.10/dist-packages/argj801_ctl_platform_interfaces/_argj801_ctl_platform_interfaces_s.ep.rosidl_typesupport_c.c
[15.752s] -- Installing: /home/rhobtor/PHD/j8_control/J8_control/install/argj801_ctl_platform_interfaces/local/lib/python3.10/dist-packages/argj801_ctl_platform_interfaces/srv
[15.752s] -- Installing: /home/rhobtor/PHD/j8_control/J8_control/install/argj801_ctl_platform_interfaces/local/lib/python3.10/dist-packages/argj801_ctl_platform_interfaces/srv/_get_velocity_s.c
[15.752s] -- Installing: /home/rhobtor/PHD/j8_control/J8_control/install/argj801_ctl_platform_interfaces/local/lib/python3.10/dist-packages/argj801_ctl_platform_interfaces/srv/__init__.py
[15.752s] -- Installing: /home/rhobtor/PHD/j8_control/J8_control/install/argj801_ctl_platform_interfaces/local/lib/python3.10/dist-packages/argj801_ctl_platform_interfaces/srv/_set_velocity.py
[15.752s] -- Installing: /home/rhobtor/PHD/j8_control/J8_control/install/argj801_ctl_platform_interfaces/local/lib/python3.10/dist-packages/argj801_ctl_platform_interfaces/srv/_emergency_stop_s.c
[15.752s] -- Installing: /home/rhobtor/PHD/j8_control/J8_control/install/argj801_ctl_platform_interfaces/local/lib/python3.10/dist-packages/argj801_ctl_platform_interfaces/srv/_set_velocity_s.c
[15.752s] -- Installing: /home/rhobtor/PHD/j8_control/J8_control/install/argj801_ctl_platform_interfaces/local/lib/python3.10/dist-packages/argj801_ctl_platform_interfaces/srv/_get_velocity.py
[15.752s] -- Installing: /home/rhobtor/PHD/j8_control/J8_control/install/argj801_ctl_platform_interfaces/local/lib/python3.10/dist-packages/argj801_ctl_platform_interfaces/srv/_emergency_stop.py
[15.752s] -- Installing: /home/rhobtor/PHD/j8_control/J8_control/install/argj801_ctl_platform_interfaces/local/lib/python3.10/dist-packages/argj801_ctl_platform_interfaces/msg
[15.752s] -- Installing: /home/rhobtor/PHD/j8_control/J8_control/install/argj801_ctl_platform_interfaces/local/lib/python3.10/dist-packages/argj801_ctl_platform_interfaces/msg/__init__.py
[15.752s] -- Installing: /home/rhobtor/PHD/j8_control/J8_control/install/argj801_ctl_platform_interfaces/local/lib/python3.10/dist-packages/argj801_ctl_platform_interfaces/msg/_cmd_throttle_msg.py
[15.752s] -- Installing: /home/rhobtor/PHD/j8_control/J8_control/install/argj801_ctl_platform_interfaces/local/lib/python3.10/dist-packages/argj801_ctl_platform_interfaces/msg/_kinematic_debug_msg_s.c
[15.752s] -- Installing: /home/rhobtor/PHD/j8_control/J8_control/install/argj801_ctl_platform_interfaces/local/lib/python3.10/dist-packages/argj801_ctl_platform_interfaces/msg/_cmd_throttle_msg_s.c
[15.752s] -- Installing: /home/rhobtor/PHD/j8_control/J8_control/install/argj801_ctl_platform_interfaces/local/lib/python3.10/dist-packages/argj801_ctl_platform_interfaces/msg/_kinematic_debug_msg.py
[15.752s] -- Installing: /home/rhobtor/PHD/j8_control/J8_control/install/argj801_ctl_platform_interfaces/local/lib/python3.10/dist-packages/argj801_ctl_platform_interfaces/argj801_ctl_platform_interfaces_s__rosidl_typesupport_fastrtps_c.cpython-310-x86_64-linux-gnu.so
[15.752s] -- Installing: /home/rhobtor/PHD/j8_control/J8_control/install/argj801_ctl_platform_interfaces/local/lib/python3.10/dist-packages/argj801_ctl_platform_interfaces/libargj801_ctl_platform_interfaces__rosidl_generator_py.so
[15.752s] -- Installing: /home/rhobtor/PHD/j8_control/J8_control/install/argj801_ctl_platform_interfaces/local/lib/python3.10/dist-packages/argj801_ctl_platform_interfaces/_argj801_ctl_platform_interfaces_s.ep.rosidl_typesupport_fastrtps_c.c
[15.908s] Listing '/home/rhobtor/PHD/j8_control/J8_control/install/argj801_ctl_platform_interfaces/local/lib/python3.10/dist-packages/argj801_ctl_platform_interfaces'...
[15.909s] Compiling '/home/rhobtor/PHD/j8_control/J8_control/install/argj801_ctl_platform_interfaces/local/lib/python3.10/dist-packages/argj801_ctl_platform_interfaces/__init__.py'...
[15.909s] Listing '/home/rhobtor/PHD/j8_control/J8_control/install/argj801_ctl_platform_interfaces/local/lib/python3.10/dist-packages/argj801_ctl_platform_interfaces/msg'...
[15.909s] Compiling '/home/rhobtor/PHD/j8_control/J8_control/install/argj801_ctl_platform_interfaces/local/lib/python3.10/dist-packages/argj801_ctl_platform_interfaces/msg/__init__.py'...
[15.909s] Compiling '/home/rhobtor/PHD/j8_control/J8_control/install/argj801_ctl_platform_interfaces/local/lib/python3.10/dist-packages/argj801_ctl_platform_interfaces/msg/_cmd_throttle_msg.py'...
[15.909s] Compiling '/home/rhobtor/PHD/j8_control/J8_control/install/argj801_ctl_platform_interfaces/local/lib/python3.10/dist-packages/argj801_ctl_platform_interfaces/msg/_kinematic_debug_msg.py'...
[15.909s] Listing '/home/rhobtor/PHD/j8_control/J8_control/install/argj801_ctl_platform_interfaces/local/lib/python3.10/dist-packages/argj801_ctl_platform_interfaces/srv'...
[15.909s] Compiling '/home/rhobtor/PHD/j8_control/J8_control/install/argj801_ctl_platform_interfaces/local/lib/python3.10/dist-packages/argj801_ctl_platform_interfaces/srv/__init__.py'...
[15.909s] Compiling '/home/rhobtor/PHD/j8_control/J8_control/install/argj801_ctl_platform_interfaces/local/lib/python3.10/dist-packages/argj801_ctl_platform_interfaces/srv/_emergency_stop.py'...
[15.909s] Compiling '/home/rhobtor/PHD/j8_control/J8_control/install/argj801_ctl_platform_interfaces/local/lib/python3.10/dist-packages/argj801_ctl_platform_interfaces/srv/_get_velocity.py'...
[15.909s] Compiling '/home/rhobtor/PHD/j8_control/J8_control/install/argj801_ctl_platform_interfaces/local/lib/python3.10/dist-packages/argj801_ctl_platform_interfaces/srv/_set_velocity.py'...
[15.944s] -- Installing: /home/rhobtor/PHD/j8_control/J8_control/install/argj801_ctl_platform_interfaces/local/lib/python3.10/dist-packages/argj801_ctl_platform_interfaces/argj801_ctl_platform_interfaces_s__rosidl_typesupport_fastrtps_c.cpython-310-x86_64-linux-gnu.so
[15.944s] -- Set runtime path of "/home/rhobtor/PHD/j8_control/J8_control/install/argj801_ctl_platform_interfaces/local/lib/python3.10/dist-packages/argj801_ctl_platform_interfaces/argj801_ctl_platform_interfaces_s__rosidl_typesupport_fastrtps_c.cpython-310-x86_64-linux-gnu.so" to ""
[15.944s] -- Installing: /home/rhobtor/PHD/j8_control/J8_control/install/argj801_ctl_platform_interfaces/local/lib/python3.10/dist-packages/argj801_ctl_platform_interfaces/argj801_ctl_platform_interfaces_s__rosidl_typesupport_introspection_c.cpython-310-x86_64-linux-gnu.so
[15.944s] -- Set runtime path of "/home/rhobtor/PHD/j8_control/J8_control/install/argj801_ctl_platform_interfaces/local/lib/python3.10/dist-packages/argj801_ctl_platform_interfaces/argj801_ctl_platform_interfaces_s__rosidl_typesupport_introspection_c.cpython-310-x86_64-linux-gnu.so" to ""
[15.944s] -- Installing: /home/rhobtor/PHD/j8_control/J8_control/install/argj801_ctl_platform_interfaces/local/lib/python3.10/dist-packages/argj801_ctl_platform_interfaces/argj801_ctl_platform_interfaces_s__rosidl_typesupport_c.cpython-310-x86_64-linux-gnu.so
[15.945s] -- Set runtime path of "/home/rhobtor/PHD/j8_control/J8_control/install/argj801_ctl_platform_interfaces/local/lib/python3.10/dist-packages/argj801_ctl_platform_interfaces/argj801_ctl_platform_interfaces_s__rosidl_typesupport_c.cpython-310-x86_64-linux-gnu.so" to ""
[15.945s] -- Installing: /home/rhobtor/PHD/j8_control/J8_control/install/argj801_ctl_platform_interfaces/lib/libargj801_ctl_platform_interfaces__rosidl_generator_py.so
[15.946s] -- Set runtime path of "/home/rhobtor/PHD/j8_control/J8_control/install/argj801_ctl_platform_interfaces/lib/libargj801_ctl_platform_interfaces__rosidl_generator_py.so" to ""
[15.946s] -- Installing: /home/rhobtor/PHD/j8_control/J8_control/install/argj801_ctl_platform_interfaces/share/ament_index/resource_index/rust_packages/argj801_ctl_platform_interfaces
[15.948s] -- Installing: /home/rhobtor/PHD/j8_control/J8_control/install/argj801_ctl_platform_interfaces/share/argj801_ctl_platform_interfaces/rust
[15.948s] -- Installing: /home/rhobtor/PHD/j8_control/J8_control/install/argj801_ctl_platform_interfaces/share/argj801_ctl_platform_interfaces/rust/build.rs
[15.949s] -- Installing: /home/rhobtor/PHD/j8_control/J8_control/install/argj801_ctl_platform_interfaces/share/argj801_ctl_platform_interfaces/rust/src
[15.949s] -- Installing: /home/rhobtor/PHD/j8_control/J8_control/install/argj801_ctl_platform_interfaces/share/argj801_ctl_platform_interfaces/rust/src/srv.rs
[15.949s] -- Installing: /home/rhobtor/PHD/j8_control/J8_control/install/argj801_ctl_platform_interfaces/share/argj801_ctl_platform_interfaces/rust/src/msg.rs
[15.950s] -- Installing: /home/rhobtor/PHD/j8_control/J8_control/install/argj801_ctl_platform_interfaces/share/argj801_ctl_platform_interfaces/rust/src/srv
[15.951s] -- Installing: /home/rhobtor/PHD/j8_control/J8_control/install/argj801_ctl_platform_interfaces/share/argj801_ctl_platform_interfaces/rust/src/srv/rmw.rs
[15.951s] -- Installing: /home/rhobtor/PHD/j8_control/J8_control/install/argj801_ctl_platform_interfaces/share/argj801_ctl_platform_interfaces/rust/src/msg
[15.951s] -- Installing: /home/rhobtor/PHD/j8_control/J8_control/install/argj801_ctl_platform_interfaces/share/argj801_ctl_platform_interfaces/rust/src/msg/rmw.rs
[15.951s] -- Installing: /home/rhobtor/PHD/j8_control/J8_control/install/argj801_ctl_platform_interfaces/share/argj801_ctl_platform_interfaces/rust/src/lib.rs
[15.952s] -- Installing: /home/rhobtor/PHD/j8_control/J8_control/install/argj801_ctl_platform_interfaces/share/argj801_ctl_platform_interfaces/rust/Cargo.toml
[15.952s] -- Installing: /home/rhobtor/PHD/j8_control/J8_control/install/argj801_ctl_platform_interfaces/share/argj801_ctl_platform_interfaces/srv/SetVelocity.idl
[15.952s] -- Installing: /home/rhobtor/PHD/j8_control/J8_control/install/argj801_ctl_platform_interfaces/share/argj801_ctl_platform_interfaces/srv/GetVelocity.idl
[15.953s] -- Installing: /home/rhobtor/PHD/j8_control/J8_control/install/argj801_ctl_platform_interfaces/share/argj801_ctl_platform_interfaces/srv/EmergencyStop.idl
[15.963s] -- Installing: /home/rhobtor/PHD/j8_control/J8_control/install/argj801_ctl_platform_interfaces/share/argj801_ctl_platform_interfaces/msg/CmdThrottleMsg.idl
[15.963s] -- Installing: /home/rhobtor/PHD/j8_control/J8_control/install/argj801_ctl_platform_interfaces/share/argj801_ctl_platform_interfaces/msg/KinematicDebugMsg.idl
[15.963s] -- Installing: /home/rhobtor/PHD/j8_control/J8_control/install/argj801_ctl_platform_interfaces/share/argj801_ctl_platform_interfaces/srv/SetVelocity.srv
[15.963s] -- Installing: /home/rhobtor/PHD/j8_control/J8_control/install/argj801_ctl_platform_interfaces/share/argj801_ctl_platform_interfaces/srv/SetVelocity_Request.msg
[15.963s] -- Installing: /home/rhobtor/PHD/j8_control/J8_control/install/argj801_ctl_platform_interfaces/share/argj801_ctl_platform_interfaces/srv/SetVelocity_Response.msg
[15.963s] -- Installing: /home/rhobtor/PHD/j8_control/J8_control/install/argj801_ctl_platform_interfaces/share/argj801_ctl_platform_interfaces/srv/GetVelocity.srv
[15.963s] -- Installing: /home/rhobtor/PHD/j8_control/J8_control/install/argj801_ctl_platform_interfaces/share/argj801_ctl_platform_interfaces/srv/GetVelocity_Request.msg
[15.963s] -- Installing: /home/rhobtor/PHD/j8_control/J8_control/install/argj801_ctl_platform_interfaces/share/argj801_ctl_platform_interfaces/srv/GetVelocity_Response.msg
[15.963s] -- Installing: /home/rhobtor/PHD/j8_control/J8_control/install/argj801_ctl_platform_interfaces/share/argj801_ctl_platform_interfaces/srv/EmergencyStop.srv
[15.963s] -- Installing: /home/rhobtor/PHD/j8_control/J8_control/install/argj801_ctl_platform_interfaces/share/argj801_ctl_platform_interfaces/srv/EmergencyStop_Request.msg
[15.963s] -- Installing: /home/rhobtor/PHD/j8_control/J8_control/install/argj801_ctl_platform_interfaces/share/argj801_ctl_platform_interfaces/srv/EmergencyStop_Response.msg
[15.963s] -- Installing: /home/rhobtor/PHD/j8_control/J8_control/install/argj801_ctl_platform_interfaces/share/argj801_ctl_platform_interfaces/msg/CmdThrottleMsg.msg
[15.963s] -- Installing: /home/rhobtor/PHD/j8_control/J8_control/install/argj801_ctl_platform_interfaces/share/argj801_ctl_platform_interfaces/msg/KinematicDebugMsg.msg
[15.963s] -- Installing: /home/rhobtor/PHD/j8_control/J8_control/install/argj801_ctl_platform_interfaces/share/ament_index/resource_index/package_run_dependencies/argj801_ctl_platform_interfaces
[15.964s] -- Installing: /home/rhobtor/PHD/j8_control/J8_control/install/argj801_ctl_platform_interfaces/share/ament_index/resource_index/parent_prefix_path/argj801_ctl_platform_interfaces
[15.964s] -- Installing: /home/rhobtor/PHD/j8_control/J8_control/install/argj801_ctl_platform_interfaces/share/argj801_ctl_platform_interfaces/environment/ament_prefix_path.sh
[15.964s] -- Installing: /home/rhobtor/PHD/j8_control/J8_control/install/argj801_ctl_platform_interfaces/share/argj801_ctl_platform_interfaces/environment/ament_prefix_path.dsv
[15.964s] -- Installing: /home/rhobtor/PHD/j8_control/J8_control/install/argj801_ctl_platform_interfaces/share/argj801_ctl_platform_interfaces/environment/path.sh
[15.964s] -- Installing: /home/rhobtor/PHD/j8_control/J8_control/install/argj801_ctl_platform_interfaces/share/argj801_ctl_platform_interfaces/environment/path.dsv
[15.964s] -- Installing: /home/rhobtor/PHD/j8_control/J8_control/install/argj801_ctl_platform_interfaces/share/argj801_ctl_platform_interfaces/local_setup.bash
[15.964s] -- Installing: /home/rhobtor/PHD/j8_control/J8_control/install/argj801_ctl_platform_interfaces/share/argj801_ctl_platform_interfaces/local_setup.sh
[15.965s] -- Installing: /home/rhobtor/PHD/j8_control/J8_control/install/argj801_ctl_platform_interfaces/share/argj801_ctl_platform_interfaces/local_setup.zsh
[15.965s] -- Installing: /home/rhobtor/PHD/j8_control/J8_control/install/argj801_ctl_platform_interfaces/share/argj801_ctl_platform_interfaces/local_setup.dsv
[15.965s] -- Installing: /home/rhobtor/PHD/j8_control/J8_control/install/argj801_ctl_platform_interfaces/share/argj801_ctl_platform_interfaces/package.dsv
[15.965s] -- Installing: /home/rhobtor/PHD/j8_control/J8_control/install/argj801_ctl_platform_interfaces/share/ament_index/resource_index/packages/argj801_ctl_platform_interfaces
[15.966s] -- Installing: /home/rhobtor/PHD/j8_control/J8_control/install/argj801_ctl_platform_interfaces/share/argj801_ctl_platform_interfaces/cmake/export_argj801_ctl_platform_interfaces__rosidl_generator_cExport.cmake
[15.967s] -- Installing: /home/rhobtor/PHD/j8_control/J8_control/install/argj801_ctl_platform_interfaces/share/argj801_ctl_platform_interfaces/cmake/export_argj801_ctl_platform_interfaces__rosidl_generator_cExport-noconfig.cmake
[15.967s] -- Installing: /home/rhobtor/PHD/j8_control/J8_control/install/argj801_ctl_platform_interfaces/share/argj801_ctl_platform_interfaces/cmake/export_argj801_ctl_platform_interfaces__rosidl_typesupport_fastrtps_cExport.cmake
[15.972s] -- Installing: /home/rhobtor/PHD/j8_control/J8_control/install/argj801_ctl_platform_interfaces/share/argj801_ctl_platform_interfaces/cmake/export_argj801_ctl_platform_interfaces__rosidl_typesupport_fastrtps_cExport-noconfig.cmake
[15.973s] -- Installing: /home/rhobtor/PHD/j8_control/J8_control/install/argj801_ctl_platform_interfaces/share/argj801_ctl_platform_interfaces/cmake/argj801_ctl_platform_interfaces__rosidl_typesupport_introspection_cExport.cmake
[15.973s] -- Installing: /home/rhobtor/PHD/j8_control/J8_control/install/argj801_ctl_platform_interfaces/share/argj801_ctl_platform_interfaces/cmake/argj801_ctl_platform_interfaces__rosidl_typesupport_introspection_cExport-noconfig.cmake
[15.973s] -- Installing: /home/rhobtor/PHD/j8_control/J8_control/install/argj801_ctl_platform_interfaces/share/argj801_ctl_platform_interfaces/cmake/argj801_ctl_platform_interfaces__rosidl_typesupport_cExport.cmake
[15.973s] -- Installing: /home/rhobtor/PHD/j8_control/J8_control/install/argj801_ctl_platform_interfaces/share/argj801_ctl_platform_interfaces/cmake/argj801_ctl_platform_interfaces__rosidl_typesupport_cExport-noconfig.cmake
[15.973s] -- Installing: /home/rhobtor/PHD/j8_control/J8_control/install/argj801_ctl_platform_interfaces/share/argj801_ctl_platform_interfaces/cmake/export_argj801_ctl_platform_interfaces__rosidl_generator_cppExport.cmake
[15.973s] -- Installing: /home/rhobtor/PHD/j8_control/J8_control/install/argj801_ctl_platform_interfaces/share/argj801_ctl_platform_interfaces/cmake/export_argj801_ctl_platform_interfaces__rosidl_typesupport_fastrtps_cppExport.cmake
[15.973s] -- Installing: /home/rhobtor/PHD/j8_control/J8_control/install/argj801_ctl_platform_interfaces/share/argj801_ctl_platform_interfaces/cmake/export_argj801_ctl_platform_interfaces__rosidl_typesupport_fastrtps_cppExport-noconfig.cmake
[15.973s] -- Installing: /home/rhobtor/PHD/j8_control/J8_control/install/argj801_ctl_platform_interfaces/share/argj801_ctl_platform_interfaces/cmake/argj801_ctl_platform_interfaces__rosidl_typesupport_introspection_cppExport.cmake
[15.973s] -- Installing: /home/rhobtor/PHD/j8_control/J8_control/install/argj801_ctl_platform_interfaces/share/argj801_ctl_platform_interfaces/cmake/argj801_ctl_platform_interfaces__rosidl_typesupport_introspection_cppExport-noconfig.cmake
[15.973s] -- Installing: /home/rhobtor/PHD/j8_control/J8_control/install/argj801_ctl_platform_interfaces/share/argj801_ctl_platform_interfaces/cmake/argj801_ctl_platform_interfaces__rosidl_typesupport_cppExport.cmake
[15.973s] -- Installing: /home/rhobtor/PHD/j8_control/J8_control/install/argj801_ctl_platform_interfaces/share/argj801_ctl_platform_interfaces/cmake/argj801_ctl_platform_interfaces__rosidl_typesupport_cppExport-noconfig.cmake
[15.973s] -- Installing: /home/rhobtor/PHD/j8_control/J8_control/install/argj801_ctl_platform_interfaces/share/argj801_ctl_platform_interfaces/cmake/export_argj801_ctl_platform_interfaces__rosidl_generator_pyExport.cmake
[15.973s] -- Installing: /home/rhobtor/PHD/j8_control/J8_control/install/argj801_ctl_platform_interfaces/share/argj801_ctl_platform_interfaces/cmake/export_argj801_ctl_platform_interfaces__rosidl_generator_pyExport-noconfig.cmake
[15.973s] -- Installing: /home/rhobtor/PHD/j8_control/J8_control/install/argj801_ctl_platform_interfaces/share/argj801_ctl_platform_interfaces/cmake/rosidl_cmake-extras.cmake
[15.978s] -- Installing: /home/rhobtor/PHD/j8_control/J8_control/install/argj801_ctl_platform_interfaces/share/argj801_ctl_platform_interfaces/cmake/ament_cmake_export_include_directories-extras.cmake
[15.978s] -- Installing: /home/rhobtor/PHD/j8_control/J8_control/install/argj801_ctl_platform_interfaces/share/argj801_ctl_platform_interfaces/cmake/ament_cmake_export_libraries-extras.cmake
[15.978s] -- Installing: /home/rhobtor/PHD/j8_control/J8_control/install/argj801_ctl_platform_interfaces/share/argj801_ctl_platform_interfaces/cmake/ament_cmake_export_targets-extras.cmake
[15.978s] -- Installing: /home/rhobtor/PHD/j8_control/J8_control/install/argj801_ctl_platform_interfaces/share/argj801_ctl_platform_interfaces/cmake/rosidl_cmake_export_typesupport_targets-extras.cmake
[15.978s] -- Installing: /home/rhobtor/PHD/j8_control/J8_control/install/argj801_ctl_platform_interfaces/share/argj801_ctl_platform_interfaces/cmake/ament_cmake_export_dependencies-extras.cmake
[15.978s] -- Installing: /home/rhobtor/PHD/j8_control/J8_control/install/argj801_ctl_platform_interfaces/share/argj801_ctl_platform_interfaces/cmake/rosidl_cmake_export_typesupport_libraries-extras.cmake
[15.978s] -- Installing: /home/rhobtor/PHD/j8_control/J8_control/install/argj801_ctl_platform_interfaces/share/argj801_ctl_platform_interfaces/cmake/rosidl_cmake_aggregate_target-extras.cmake
[15.978s] -- Installing: /home/rhobtor/PHD/j8_control/J8_control/install/argj801_ctl_platform_interfaces/share/argj801_ctl_platform_interfaces/cmake/argj801_ctl_platform_interfacesConfig.cmake
[15.978s] -- Installing: /home/rhobtor/PHD/j8_control/J8_control/install/argj801_ctl_platform_interfaces/share/argj801_ctl_platform_interfaces/cmake/argj801_ctl_platform_interfacesConfig-version.cmake
[15.979s] -- Installing: /home/rhobtor/PHD/j8_control/J8_control/install/argj801_ctl_platform_interfaces/share/argj801_ctl_platform_interfaces/package.xml
[15.989s] Invoked command in '/home/rhobtor/PHD/j8_control/J8_control/build/argj801_ctl_platform_interfaces' returned '0': CMAKE_PREFIX_PATH=${CMAKE_PREFIX_PATH}:/home/rhobtor/PHD/path_dem/install_navigation/path_dem:/home/rhobtor/PHD/path_dem/install/path_dem:/home/rhobtor/PHD/install_global_belief_final/path_dem:/home/rhobtor/PHD/ARGOSJ8_IA/ARGOSJ8_IA_/install/car:/home/rhobtor/PHD/ARGOSJ8_IA/ARGOSJ8_IA_/install/ntrip_client:/home/rhobtor/PHD/ARGOSJ8_IA/ARGOSJ8_IA_/install/j8_gui:/home/rhobtor/PHD/ARGOSJ8_IA/ARGOSJ8_IA_/install/gui:/home/rhobtor/PHD/ARGOSJ8_IA/ARGOSJ8_IA_/install/android_ros2_server:/home/rhobtor/PHD/ARGOSJ8_IA/ARGOSJ8_IA_/install/GUI_pkg:/home/rhobtor/PHD/model_terrain_ugv/Model_terrain_ugv/install/model_terrain:/opt/ros/humble /usr/bin/cmake --install /home/rhobtor/PHD/j8_control/J8_control/build/argj801_ctl_platform_interfaces
