[0.086s] Invoking command in '/home/rhobtor/PHD/j8_control/J8_control/build/sdl2_vendor': CMAKE_PREFIX_PATH=${CMAKE_PREFIX_PATH}:/home/rhobtor/PHD/path_dem/install_navigation/path_dem:/home/rhobtor/PHD/path_dem/install/path_dem:/home/rhobtor/PHD/install_global_belief_final/path_dem:/home/rhobtor/PHD/ARGOSJ8_IA/ARGOSJ8_IA_/install/car:/home/rhobtor/PHD/ARGOSJ8_IA/ARGOSJ8_IA_/install/ntrip_client:/home/rhobtor/PHD/ARGOSJ8_IA/ARGOSJ8_IA_/install/j8_gui:/home/rhobtor/PHD/ARGOSJ8_IA/ARGOSJ8_IA_/install/gui:/home/rhobtor/PHD/ARGOSJ8_IA/ARGOSJ8_IA_/install/android_ros2_server:/home/rhobtor/PHD/ARGOSJ8_IA/ARGOSJ8_IA_/install/GUI_pkg:/home/rhobtor/PHD/model_terrain_ugv/Model_terrain_ugv/install/model_terrain:/opt/ros/humble /usr/bin/cmake /home/rhobtor/PHD/j8_control/J8_control/src/j8_joystick/sdl2_vendor -DCMAKE_INSTALL_PREFIX=/home/rhobtor/PHD/j8_control/J8_control/install/sdl2_vendor
[1.338s] -- The C compiler identification is GNU 11.4.0
[1.338s] -- The CXX compiler identification is GNU 11.4.0
[1.339s] -- Detecting C compiler ABI info
[1.339s] -- Detecting C compiler ABI info - done
[1.339s] -- Check for working C compiler: /usr/bin/cc - skipped
[1.339s] -- Detecting C compile features
[1.339s] -- Detecting C compile features - done
[1.339s] -- Detecting CXX compiler ABI info
[1.339s] -- Detecting CXX compiler ABI info - done
[1.339s] -- Check for working CXX compiler: /usr/bin/c++ - skipped
[1.339s] -- Detecting CXX compile features
[1.339s] -- Detecting CXX compile features - done
[1.339s] -- Found ament_cmake: 1.3.14 (/opt/ros/humble/share/ament_cmake/cmake)
[1.339s] -- Found Python3: /usr/bin/python3 (found version "3.10.12") found components: Interpreter 
[1.339s] -- Configuring done
[1.339s] -- Generating done
[1.339s] -- Build files have been written to: /home/rhobtor/PHD/j8_control/J8_control/build/sdl2_vendor
[1.351s] Invoked command in '/home/rhobtor/PHD/j8_control/J8_control/build/sdl2_vendor' returned '0': CMAKE_PREFIX_PATH=${CMAKE_PREFIX_PATH}:/home/rhobtor/PHD/path_dem/install_navigation/path_dem:/home/rhobtor/PHD/path_dem/install/path_dem:/home/rhobtor/PHD/install_global_belief_final/path_dem:/home/rhobtor/PHD/ARGOSJ8_IA/ARGOSJ8_IA_/install/car:/home/rhobtor/PHD/ARGOSJ8_IA/ARGOSJ8_IA_/install/ntrip_client:/home/rhobtor/PHD/ARGOSJ8_IA/ARGOSJ8_IA_/install/j8_gui:/home/rhobtor/PHD/ARGOSJ8_IA/ARGOSJ8_IA_/install/gui:/home/rhobtor/PHD/ARGOSJ8_IA/ARGOSJ8_IA_/install/android_ros2_server:/home/rhobtor/PHD/ARGOSJ8_IA/ARGOSJ8_IA_/install/GUI_pkg:/home/rhobtor/PHD/model_terrain_ugv/Model_terrain_ugv/install/model_terrain:/opt/ros/humble /usr/bin/cmake /home/rhobtor/PHD/j8_control/J8_control/src/j8_joystick/sdl2_vendor -DCMAKE_INSTALL_PREFIX=/home/rhobtor/PHD/j8_control/J8_control/install/sdl2_vendor
[1.352s] Invoking command in '/home/rhobtor/PHD/j8_control/J8_control/build/sdl2_vendor': CMAKE_PREFIX_PATH=${CMAKE_PREFIX_PATH}:/home/rhobtor/PHD/path_dem/install_navigation/path_dem:/home/rhobtor/PHD/path_dem/install/path_dem:/home/rhobtor/PHD/install_global_belief_final/path_dem:/home/rhobtor/PHD/ARGOSJ8_IA/ARGOSJ8_IA_/install/car:/home/rhobtor/PHD/ARGOSJ8_IA/ARGOSJ8_IA_/install/ntrip_client:/home/rhobtor/PHD/ARGOSJ8_IA/ARGOSJ8_IA_/install/j8_gui:/home/rhobtor/PHD/ARGOSJ8_IA/ARGOSJ8_IA_/install/gui:/home/rhobtor/PHD/ARGOSJ8_IA/ARGOSJ8_IA_/install/android_ros2_server:/home/rhobtor/PHD/ARGOSJ8_IA/ARGOSJ8_IA_/install/GUI_pkg:/home/rhobtor/PHD/model_terrain_ugv/Model_terrain_ugv/install/model_terrain:/opt/ros/humble /usr/bin/cmake --build /home/rhobtor/PHD/j8_control/J8_control/build/sdl2_vendor -- -j20 -l20
[2.605s] Invoked command in '/home/rhobtor/PHD/j8_control/J8_control/build/sdl2_vendor' returned '0': CMAKE_PREFIX_PATH=${CMAKE_PREFIX_PATH}:/home/rhobtor/PHD/path_dem/install_navigation/path_dem:/home/rhobtor/PHD/path_dem/install/path_dem:/home/rhobtor/PHD/install_global_belief_final/path_dem:/home/rhobtor/PHD/ARGOSJ8_IA/ARGOSJ8_IA_/install/car:/home/rhobtor/PHD/ARGOSJ8_IA/ARGOSJ8_IA_/install/ntrip_client:/home/rhobtor/PHD/ARGOSJ8_IA/ARGOSJ8_IA_/install/j8_gui:/home/rhobtor/PHD/ARGOSJ8_IA/ARGOSJ8_IA_/install/gui:/home/rhobtor/PHD/ARGOSJ8_IA/ARGOSJ8_IA_/install/android_ros2_server:/home/rhobtor/PHD/ARGOSJ8_IA/ARGOSJ8_IA_/install/GUI_pkg:/home/rhobtor/PHD/model_terrain_ugv/Model_terrain_ugv/install/model_terrain:/opt/ros/humble /usr/bin/cmake --build /home/rhobtor/PHD/j8_control/J8_control/build/sdl2_vendor -- -j20 -l20
[2.611s] Invoking command in '/home/rhobtor/PHD/j8_control/J8_control/build/sdl2_vendor': CMAKE_PREFIX_PATH=${CMAKE_PREFIX_PATH}:/home/rhobtor/PHD/path_dem/install_navigation/path_dem:/home/rhobtor/PHD/path_dem/install/path_dem:/home/rhobtor/PHD/install_global_belief_final/path_dem:/home/rhobtor/PHD/ARGOSJ8_IA/ARGOSJ8_IA_/install/car:/home/rhobtor/PHD/ARGOSJ8_IA/ARGOSJ8_IA_/install/ntrip_client:/home/rhobtor/PHD/ARGOSJ8_IA/ARGOSJ8_IA_/install/j8_gui:/home/rhobtor/PHD/ARGOSJ8_IA/ARGOSJ8_IA_/install/gui:/home/rhobtor/PHD/ARGOSJ8_IA/ARGOSJ8_IA_/install/android_ros2_server:/home/rhobtor/PHD/ARGOSJ8_IA/ARGOSJ8_IA_/install/GUI_pkg:/home/rhobtor/PHD/model_terrain_ugv/Model_terrain_ugv/install/model_terrain:/opt/ros/humble /usr/bin/cmake --install /home/rhobtor/PHD/j8_control/J8_control/build/sdl2_vendor
[2.848s] -- Install configuration: ""
[2.849s] -- Installing: /home/rhobtor/PHD/j8_control/J8_control/install/sdl2_vendor/share/sdl2_vendor/cmake
[2.849s] -- Installing: /home/rhobtor/PHD/j8_control/J8_control/install/sdl2_vendor/share/sdl2_vendor/cmake/Modules
[2.849s] -- Installing: /home/rhobtor/PHD/j8_control/J8_control/install/sdl2_vendor/share/sdl2_vendor/cmake/Modules/Findsdl2_custom.cmake
[2.849s] -- Installing: /home/rhobtor/PHD/j8_control/J8_control/install/sdl2_vendor/share/ament_index/resource_index/package_run_dependencies/sdl2_vendor
[2.849s] -- Installing: /home/rhobtor/PHD/j8_control/J8_control/install/sdl2_vendor/share/ament_index/resource_index/parent_prefix_path/sdl2_vendor
[2.849s] -- Installing: /home/rhobtor/PHD/j8_control/J8_control/install/sdl2_vendor/share/sdl2_vendor/environment/ament_prefix_path.sh
[2.849s] -- Installing: /home/rhobtor/PHD/j8_control/J8_control/install/sdl2_vendor/share/sdl2_vendor/environment/ament_prefix_path.dsv
[2.849s] -- Installing: /home/rhobtor/PHD/j8_control/J8_control/install/sdl2_vendor/share/sdl2_vendor/environment/path.sh
[2.849s] -- Installing: /home/rhobtor/PHD/j8_control/J8_control/install/sdl2_vendor/share/sdl2_vendor/environment/path.dsv
[2.849s] -- Installing: /home/rhobtor/PHD/j8_control/J8_control/install/sdl2_vendor/share/sdl2_vendor/local_setup.bash
[2.849s] -- Installing: /home/rhobtor/PHD/j8_control/J8_control/install/sdl2_vendor/share/sdl2_vendor/local_setup.sh
[2.849s] -- Installing: /home/rhobtor/PHD/j8_control/J8_control/install/sdl2_vendor/share/sdl2_vendor/local_setup.zsh
[2.849s] -- Installing: /home/rhobtor/PHD/j8_control/J8_control/install/sdl2_vendor/share/sdl2_vendor/local_setup.dsv
[2.850s] -- Installing: /home/rhobtor/PHD/j8_control/J8_control/install/sdl2_vendor/share/sdl2_vendor/package.dsv
[2.850s] -- Installing: /home/rhobtor/PHD/j8_control/J8_control/install/sdl2_vendor/share/ament_index/resource_index/packages/sdl2_vendor
[2.850s] -- Installing: /home/rhobtor/PHD/j8_control/J8_control/install/sdl2_vendor/share/sdl2_vendor/cmake/sdl2_vendor-extras.cmake
[2.850s] -- Installing: /home/rhobtor/PHD/j8_control/J8_control/install/sdl2_vendor/share/sdl2_vendor/cmake/sdl2_vendorConfig.cmake
[2.850s] -- Installing: /home/rhobtor/PHD/j8_control/J8_control/install/sdl2_vendor/share/sdl2_vendor/cmake/sdl2_vendorConfig-version.cmake
[2.850s] -- Installing: /home/rhobtor/PHD/j8_control/J8_control/install/sdl2_vendor/share/sdl2_vendor/package.xml
[2.907s] Invoked command in '/home/rhobtor/PHD/j8_control/J8_control/build/sdl2_vendor' returned '0': CMAKE_PREFIX_PATH=${CMAKE_PREFIX_PATH}:/home/rhobtor/PHD/path_dem/install_navigation/path_dem:/home/rhobtor/PHD/path_dem/install/path_dem:/home/rhobtor/PHD/install_global_belief_final/path_dem:/home/rhobtor/PHD/ARGOSJ8_IA/ARGOSJ8_IA_/install/car:/home/rhobtor/PHD/ARGOSJ8_IA/ARGOSJ8_IA_/install/ntrip_client:/home/rhobtor/PHD/ARGOSJ8_IA/ARGOSJ8_IA_/install/j8_gui:/home/rhobtor/PHD/ARGOSJ8_IA/ARGOSJ8_IA_/install/gui:/home/rhobtor/PHD/ARGOSJ8_IA/ARGOSJ8_IA_/install/android_ros2_server:/home/rhobtor/PHD/ARGOSJ8_IA/ARGOSJ8_IA_/install/GUI_pkg:/home/rhobtor/PHD/model_terrain_ugv/Model_terrain_ugv/install/model_terrain:/opt/ros/humble /usr/bin/cmake --install /home/rhobtor/PHD/j8_control/J8_control/build/sdl2_vendor
