/home/rhobtor/.local/lib/python3.10/site-packages/setuptools/_distutils/dist.py:287: UserWarning: Unknown distribution option: 'tests_require'
  warnings.warn(msg)
running egg_info
writing ../../build/gui/gui.egg-info/PKG-INFO
writing dependency_links to ../../build/gui/gui.egg-info/dependency_links.txt
writing entry points to ../../build/gui/gui.egg-info/entry_points.txt
writing requirements to ../../build/gui/gui.egg-info/requires.txt
writing top-level names to ../../build/gui/gui.egg-info/top_level.txt
reading manifest file '../../build/gui/gui.egg-info/SOURCES.txt'
writing manifest file '../../build/gui/gui.egg-info/SOURCES.txt'
running build
running build_py
copying gui/__init__.py -> /home/rhobtor/PHD/j8_control/J8_control/build/gui/build/lib/gui
copying gui/gui_node.py -> /home/rhobtor/PHD/j8_control/J8_control/build/gui/build/lib/gui
copying gui/ros_api.py -> /home/rhobtor/PHD/j8_control/J8_control/build/gui/build/lib/gui
copying gui/app/followzed_widget.py -> /home/rhobtor/PHD/j8_control/J8_control/build/gui/build/lib/gui/app
copying gui/app/__init__.py -> /home/rhobtor/PHD/j8_control/J8_control/build/gui/build/lib/gui/app
copying gui/app/control_widget.py -> /home/rhobtor/PHD/j8_control/J8_control/build/gui/build/lib/gui/app
copying gui/app/video_tab.py -> /home/rhobtor/PHD/j8_control/J8_control/build/gui/build/lib/gui/app
copying gui/app/dem_pure_pursuit.py -> /home/rhobtor/PHD/j8_control/J8_control/build/gui/build/lib/gui/app
copying gui/app/map_bridge.py -> /home/rhobtor/PHD/j8_control/J8_control/build/gui/build/lib/gui/app
copying gui/app/person_manager_widget.py -> /home/rhobtor/PHD/j8_control/J8_control/build/gui/build/lib/gui/app
copying gui/app/fsm_debug_widget.py -> /home/rhobtor/PHD/j8_control/J8_control/build/gui/build/lib/gui/app
copying gui/app/state_widget.py -> /home/rhobtor/PHD/j8_control/J8_control/build/gui/build/lib/gui/app
copying gui/app/geo_local.py -> /home/rhobtor/PHD/j8_control/J8_control/build/gui/build/lib/gui/app
copying gui/app/main_window.py -> /home/rhobtor/PHD/j8_control/J8_control/build/gui/build/lib/gui/app
running install
running install_lib
copying /home/rhobtor/PHD/j8_control/J8_control/build/gui/build/lib/gui/app/main_window.py -> /home/rhobtor/PHD/j8_control/J8_control/install/gui/lib/python3.10/site-packages/gui/app
byte-compiling /home/rhobtor/PHD/j8_control/J8_control/install/gui/lib/python3.10/site-packages/gui/app/main_window.py to main_window.cpython-310.pyc
running install_data
copying resource/gui -> /home/rhobtor/PHD/j8_control/J8_control/install/gui/share/ament_index/resource_index/packages
copying package.xml -> /home/rhobtor/PHD/j8_control/J8_control/install/gui/share/gui
copying gui/resources/map.html -> /home/rhobtor/PHD/j8_control/J8_control/install/gui/share/gui/resources
copying resource/gui -> /home/rhobtor/PHD/j8_control/J8_control/install/gui/share/ament_index/resource_index/packages
copying package.xml -> /home/rhobtor/PHD/j8_control/J8_control/install/gui/share/gui
copying gui/resources/map.html -> /home/rhobtor/PHD/j8_control/J8_control/install/gui/share/gui/resources
copying gui/resources/vendor/leaflet/leaflet.js -> /home/rhobtor/PHD/j8_control/J8_control/install/gui/share/gui/resources/vendor/leaflet
copying gui/resources/vendor/leaflet/leaflet.css -> /home/rhobtor/PHD/j8_control/J8_control/install/gui/share/gui/resources/vendor/leaflet
copying gui/resources/vendor/leaflet/images/marker-icon.png -> /home/rhobtor/PHD/j8_control/J8_control/install/gui/share/gui/resources/vendor/leaflet/images
copying gui/resources/vendor/leaflet/images/marker-icon-2x.png -> /home/rhobtor/PHD/j8_control/J8_control/install/gui/share/gui/resources/vendor/leaflet/images
copying gui/resources/vendor/leaflet/images/marker-shadow.png -> /home/rhobtor/PHD/j8_control/J8_control/install/gui/share/gui/resources/vendor/leaflet/images
running install_egg_info
removing '/home/rhobtor/PHD/j8_control/J8_control/install/gui/lib/python3.10/site-packages/gui-0.1.0-py3.10.egg-info' (and everything under it)
Copying ../../build/gui/gui.egg-info to /home/rhobtor/PHD/j8_control/J8_control/install/gui/lib/python3.10/site-packages/gui-0.1.0-py3.10.egg-info
running install_scripts
Installing gui script to /home/rhobtor/PHD/j8_control/J8_control/install/gui/lib/gui
writing list of installed files to '/home/rhobtor/PHD/j8_control/J8_control/build/gui/install.log'
