-- Found ament_cmake: 1.3.14 (/opt/ros/humble/share/ament_cmake/cmake)
-- Found Python3: /usr/bin/python3 (found version "3.10.12") found components: Interpreter 
-- Found geometry_msgs: 4.9.1 (/opt/ros/humble/share/geometry_msgs/cmake)
-- Found rosidl_generator_c: 3.1.8 (/opt/ros/humble/share/rosidl_generator_c/cmake)
-- Found rosidl_adapter: 3.1.8 (/opt/ros/humble/share/rosidl_adapter/cmake)
-- Found rosidl_generator_cpp: 3.1.8 (/opt/ros/humble/share/rosidl_generator_cpp/cmake)
-- Using all available rosidl_typesupport_c: rosidl_typesupport_fastrtps_c;rosidl_typesupport_introspection_c
-- Using all available rosidl_typesupport_cpp: rosidl_typesupport_fastrtps_cpp;rosidl_typesupport_introspection_cpp
-- Found rclcpp: 16.0.19 (/opt/ros/humble/share/rclcpp/cmake)
-- Found rmw_implementation_cmake: 6.1.2 (/opt/ros/humble/share/rmw_implementation_cmake/cmake)
-- Found rmw_fastrtps_cpp: 6.2.10 (/opt/ros/humble/share/rmw_fastrtps_cpp/cmake)
-- Found OpenSSL: /usr/lib/x86_64-linux-gnu/libcrypto.so (found version "3.0.2")  
-- Found FastRTPS: /opt/ros/humble/include  
-- Using RMW implementation 'rmw_fastrtps_cpp' as default
-- Looking for pthread.h
-- Looking for pthread.h - found
-- Performing Test CMAKE_HAVE_LIBC_PTHREAD
-- Performing Test CMAKE_HAVE_LIBC_PTHREAD - Success
-- Found Threads: TRUE  
-- Found rclcpp_components: 16.0.19 (/opt/ros/humble/share/rclcpp_components/cmake)
-- Found sensor_msgs: 4.9.1 (/opt/ros/humble/share/sensor_msgs/cmake)
-- Found SPNAV: /usr/lib/libspnav.so  
-- Found ament_lint_auto: 0.12.15 (/opt/ros/humble/share/ament_lint_auto/cmake)
-- Added test 'cppcheck' to perform static code analysis on C / C++ code
-- Configured cppcheck include dirs: $<BUILD_INTERFACE:/home/roverj8/LUIS/ARGJ08/ARGOSJ8_IA_/src/j8_joystick/spacenav/include>
-- Configured cppcheck exclude dirs and/or files: 
-- Added test 'cpplint' to check C / C++ code against the Google style
-- Configured cpplint exclude dirs and/or files: 
-- Added test 'flake8' to check Python code syntax and style conventions
-- Added test 'lint_cmake' to check CMake code style
-- Added test 'pep257' to check Python code against some of the docstring style conventions in PEP 257
-- Added test 'uncrustify' to check C / C++ code style
-- Configured uncrustify additional arguments: 
-- Added test 'xmllint' to check XML markup files
-- Configuring done
-- Generating done
-- Build files have been written to: /home/roverj8/LUIS/ARGJ08/ARGOSJ8_IA_/build/spacenav
[ 25%] [32mBuilding CXX object CMakeFiles/spacenav.dir/src/spacenav.cpp.o[0m
[ 50%] [32mBuilding CXX object CMakeFiles/spacenav_node.dir/rclcpp_components/node_main_spacenav_node.cpp.o[0m
[ 75%] [32m[1mLinking CXX executable spacenav_node[0m
[ 75%] Built target spacenav_node
[100%] [32m[1mLinking CXX shared library libspacenav.so[0m
[100%] Built target spacenav
-- Install configuration: ""
-- Installing: /home/roverj8/LUIS/ARGJ08/ARGOSJ8_IA_/install/spacenav/lib/libspacenav.so
-- Set runtime path of "/home/roverj8/LUIS/ARGJ08/ARGOSJ8_IA_/install/spacenav/lib/libspacenav.so" to ""
-- Installing: /home/roverj8/LUIS/ARGJ08/ARGOSJ8_IA_/install/spacenav/lib/spacenav/spacenav_node
-- Set runtime path of "/home/roverj8/LUIS/ARGJ08/ARGOSJ8_IA_/install/spacenav/lib/spacenav/spacenav_node" to ""
-- Installing: /home/roverj8/LUIS/ARGJ08/ARGOSJ8_IA_/install/spacenav/include/spacenav
-- Installing: /home/roverj8/LUIS/ARGJ08/ARGOSJ8_IA_/install/spacenav/include/spacenav/spacenav
-- Installing: /home/roverj8/LUIS/ARGJ08/ARGOSJ8_IA_/install/spacenav/include/spacenav/spacenav/spacenav.hpp
-- Installing: /home/roverj8/LUIS/ARGJ08/ARGOSJ8_IA_/install/spacenav/share/spacenav//launch
-- Installing: /home/roverj8/LUIS/ARGJ08/ARGOSJ8_IA_/install/spacenav/share/spacenav//launch/no_deadband-launch.py
-- Installing: /home/roverj8/LUIS/ARGJ08/ARGOSJ8_IA_/install/spacenav/share/spacenav//launch/static_deadband-launch.py
-- Installing: /home/roverj8/LUIS/ARGJ08/ARGOSJ8_IA_/install/spacenav/share/spacenav//launch/classic-launch.py
-- Up-to-date: /home/roverj8/LUIS/ARGJ08/ARGOSJ8_IA_/install/spacenav/lib/libspacenav.so
-- Installing: /home/roverj8/LUIS/ARGJ08/ARGOSJ8_IA_/install/spacenav/share/ament_index/resource_index/package_run_dependencies/spacenav
-- Installing: /home/roverj8/LUIS/ARGJ08/ARGOSJ8_IA_/install/spacenav/share/ament_index/resource_index/parent_prefix_path/spacenav
-- Installing: /home/roverj8/LUIS/ARGJ08/ARGOSJ8_IA_/install/spacenav/share/spacenav/environment/ament_prefix_path.sh
-- Installing: /home/roverj8/LUIS/ARGJ08/ARGOSJ8_IA_/install/spacenav/share/spacenav/environment/ament_prefix_path.dsv
-- Installing: /home/roverj8/LUIS/ARGJ08/ARGOSJ8_IA_/install/spacenav/share/spacenav/environment/path.sh
-- Installing: /home/roverj8/LUIS/ARGJ08/ARGOSJ8_IA_/install/spacenav/share/spacenav/environment/path.dsv
-- Installing: /home/roverj8/LUIS/ARGJ08/ARGOSJ8_IA_/install/spacenav/share/spacenav/local_setup.bash
-- Installing: /home/roverj8/LUIS/ARGJ08/ARGOSJ8_IA_/install/spacenav/share/spacenav/local_setup.sh
-- Installing: /home/roverj8/LUIS/ARGJ08/ARGOSJ8_IA_/install/spacenav/share/spacenav/local_setup.zsh
-- Installing: /home/roverj8/LUIS/ARGJ08/ARGOSJ8_IA_/install/spacenav/share/spacenav/local_setup.dsv
-- Installing: /home/roverj8/LUIS/ARGJ08/ARGOSJ8_IA_/install/spacenav/share/spacenav/package.dsv
-- Installing: /home/roverj8/LUIS/ARGJ08/ARGOSJ8_IA_/install/spacenav/share/ament_index/resource_index/packages/spacenav
-- Installing: /home/roverj8/LUIS/ARGJ08/ARGOSJ8_IA_/install/spacenav/share/ament_index/resource_index/rclcpp_components/spacenav
-- Installing: /home/roverj8/LUIS/ARGJ08/ARGOSJ8_IA_/install/spacenav/share/spacenav/cmake/export_spacenavExport.cmake
-- Installing: /home/roverj8/LUIS/ARGJ08/ARGOSJ8_IA_/install/spacenav/share/spacenav/cmake/export_spacenavExport-noconfig.cmake
-- Installing: /home/roverj8/LUIS/ARGJ08/ARGOSJ8_IA_/install/spacenav/share/spacenav/cmake/ament_cmake_export_targets-extras.cmake
-- Installing: /home/roverj8/LUIS/ARGJ08/ARGOSJ8_IA_/install/spacenav/share/spacenav/cmake/ament_cmake_export_dependencies-extras.cmake
-- Installing: /home/roverj8/LUIS/ARGJ08/ARGOSJ8_IA_/install/spacenav/share/spacenav/cmake/spacenavConfig.cmake
-- Installing: /home/roverj8/LUIS/ARGJ08/ARGOSJ8_IA_/install/spacenav/share/spacenav/cmake/spacenavConfig-version.cmake
-- Installing: /home/roverj8/LUIS/ARGJ08/ARGOSJ8_IA_/install/spacenav/share/spacenav/package.xml
