[2.392s] Invoking command in '/home/roverj8/LUIS/ARGJ08/ARGOSJ8_IA_/build/spacenav': CMAKE_PREFIX_PATH=/opt/ros/humble /usr/bin/cmake /home/roverj8/LUIS/ARGJ08/ARGOSJ8_IA_/src/j8_joystick/spacenav -DCMAKE_INSTALL_PREFIX=/home/roverj8/LUIS/ARGJ08/ARGOSJ8_IA_/install/spacenav
[2.472s] -- Found ament_cmake: 1.3.14 (/opt/ros/humble/share/ament_cmake/cmake)
[2.830s] -- Found Python3: /usr/bin/python3 (found version "3.10.12") found components: Interpreter 
[3.076s] -- Found geometry_msgs: 4.9.1 (/opt/ros/humble/share/geometry_msgs/cmake)
[3.181s] -- Found rosidl_generator_c: 3.1.8 (/opt/ros/humble/share/rosidl_generator_c/cmake)
[3.181s] -- Found rosidl_adapter: 3.1.8 (/opt/ros/humble/share/rosidl_adapter/cmake)
[3.203s] -- Found rosidl_generator_cpp: 3.1.8 (/opt/ros/humble/share/rosidl_generator_cpp/cmake)
[3.250s] -- Using all available rosidl_typesupport_c: rosidl_typesupport_fastrtps_c;rosidl_typesupport_introspection_c
[3.291s] -- Using all available rosidl_typesupport_cpp: rosidl_typesupport_fastrtps_cpp;rosidl_typesupport_introspection_cpp
[3.409s] -- Found rclcpp: 16.0.19 (/opt/ros/humble/share/rclcpp/cmake)
[3.496s] -- Found rmw_implementation_cmake: 6.1.2 (/opt/ros/humble/share/rmw_implementation_cmake/cmake)
[3.502s] -- Found rmw_fastrtps_cpp: 6.2.10 (/opt/ros/humble/share/rmw_fastrtps_cpp/cmake)
[3.956s] -- Found OpenSSL: /usr/lib/x86_64-linux-gnu/libcrypto.so (found version "3.0.2")  
[4.068s] -- Found FastRTPS: /opt/ros/humble/include  
[4.198s] -- Using RMW implementation 'rmw_fastrtps_cpp' as default
[4.254s] -- Looking for pthread.h
[4.667s] -- Looking for pthread.h - found
[4.674s] -- Performing Test CMAKE_HAVE_LIBC_PTHREAD
[5.182s] -- Performing Test CMAKE_HAVE_LIBC_PTHREAD - Success
[5.185s] -- Found Threads: TRUE  
[5.306s] -- Found rclcpp_components: 16.0.19 (/opt/ros/humble/share/rclcpp_components/cmake)
[5.612s] -- Found sensor_msgs: 4.9.1 (/opt/ros/humble/share/sensor_msgs/cmake)
[5.821s] -- Found SPNAV: /usr/lib/libspnav.so  
[5.858s] -- Found ament_lint_auto: 0.12.15 (/opt/ros/humble/share/ament_lint_auto/cmake)
[6.746s] -- Added test 'cppcheck' to perform static code analysis on C / C++ code
[6.746s] -- Configured cppcheck include dirs: $<BUILD_INTERFACE:/home/roverj8/LUIS/ARGJ08/ARGOSJ8_IA_/src/j8_joystick/spacenav/include>
[6.747s] -- Configured cppcheck exclude dirs and/or files: 
[6.748s] -- Added test 'cpplint' to check C / C++ code against the Google style
[6.748s] -- Configured cpplint exclude dirs and/or files: 
[6.749s] -- Added test 'flake8' to check Python code syntax and style conventions
[6.759s] -- Added test 'lint_cmake' to check CMake code style
[6.763s] -- Added test 'pep257' to check Python code against some of the docstring style conventions in PEP 257
[6.770s] -- Added test 'uncrustify' to check C / C++ code style
[6.770s] -- Configured uncrustify additional arguments: 
[6.780s] -- Added test 'xmllint' to check XML markup files
[6.791s] -- Configuring done
[6.869s] -- Generating done
[6.906s] -- Build files have been written to: /home/roverj8/LUIS/ARGJ08/ARGOSJ8_IA_/build/spacenav
[6.961s] Invoked command in '/home/roverj8/LUIS/ARGJ08/ARGOSJ8_IA_/build/spacenav' returned '0': CMAKE_PREFIX_PATH=/opt/ros/humble /usr/bin/cmake /home/roverj8/LUIS/ARGJ08/ARGOSJ8_IA_/src/j8_joystick/spacenav -DCMAKE_INSTALL_PREFIX=/home/roverj8/LUIS/ARGJ08/ARGOSJ8_IA_/install/spacenav
[6.962s] Invoking command in '/home/roverj8/LUIS/ARGJ08/ARGOSJ8_IA_/build/spacenav': CMAKE_PREFIX_PATH=/opt/ros/humble /usr/bin/cmake --build /home/roverj8/LUIS/ARGJ08/ARGOSJ8_IA_/build/spacenav -- -j24 -l24
[10.696s] [ 25%] [32mBuilding CXX object CMakeFiles/spacenav.dir/src/spacenav.cpp.o[0m
[10.696s] [ 50%] [32mBuilding CXX object CMakeFiles/spacenav_node.dir/rclcpp_components/node_main_spacenav_node.cpp.o[0m
[23.040s] [ 75%] [32m[1mLinking CXX executable spacenav_node[0m
[23.848s] [ 75%] Built target spacenav_node
[28.137s] [100%] [32m[1mLinking CXX shared library libspacenav.so[0m
[28.746s] [100%] Built target spacenav
[28.779s] Invoked command in '/home/roverj8/LUIS/ARGJ08/ARGOSJ8_IA_/build/spacenav' returned '0': CMAKE_PREFIX_PATH=/opt/ros/humble /usr/bin/cmake --build /home/roverj8/LUIS/ARGJ08/ARGOSJ8_IA_/build/spacenav -- -j24 -l24
[28.780s] Invoking command in '/home/roverj8/LUIS/ARGJ08/ARGOSJ8_IA_/build/spacenav': CMAKE_PREFIX_PATH=/opt/ros/humble /usr/bin/cmake --install /home/roverj8/LUIS/ARGJ08/ARGOSJ8_IA_/build/spacenav
[30.399s] -- Install configuration: ""
[30.400s] -- Installing: /home/roverj8/LUIS/ARGJ08/ARGOSJ8_IA_/install/spacenav/lib/libspacenav.so
[30.400s] -- Set runtime path of "/home/roverj8/LUIS/ARGJ08/ARGOSJ8_IA_/install/spacenav/lib/libspacenav.so" to ""
[30.400s] -- Installing: /home/roverj8/LUIS/ARGJ08/ARGOSJ8_IA_/install/spacenav/lib/spacenav/spacenav_node
[30.400s] -- Set runtime path of "/home/roverj8/LUIS/ARGJ08/ARGOSJ8_IA_/install/spacenav/lib/spacenav/spacenav_node" to ""
[30.400s] -- Installing: /home/roverj8/LUIS/ARGJ08/ARGOSJ8_IA_/install/spacenav/include/spacenav
[30.400s] -- Installing: /home/roverj8/LUIS/ARGJ08/ARGOSJ8_IA_/install/spacenav/include/spacenav/spacenav
[30.400s] -- Installing: /home/roverj8/LUIS/ARGJ08/ARGOSJ8_IA_/install/spacenav/include/spacenav/spacenav/spacenav.hpp
[30.400s] -- Installing: /home/roverj8/LUIS/ARGJ08/ARGOSJ8_IA_/install/spacenav/share/spacenav//launch
[30.401s] -- Installing: /home/roverj8/LUIS/ARGJ08/ARGOSJ8_IA_/install/spacenav/share/spacenav//launch/no_deadband-launch.py
[30.401s] -- Installing: /home/roverj8/LUIS/ARGJ08/ARGOSJ8_IA_/install/spacenav/share/spacenav//launch/static_deadband-launch.py
[30.401s] -- Installing: /home/roverj8/LUIS/ARGJ08/ARGOSJ8_IA_/install/spacenav/share/spacenav//launch/classic-launch.py
[30.401s] -- Up-to-date: /home/roverj8/LUIS/ARGJ08/ARGOSJ8_IA_/install/spacenav/lib/libspacenav.so
[30.401s] -- Installing: /home/roverj8/LUIS/ARGJ08/ARGOSJ8_IA_/install/spacenav/share/ament_index/resource_index/package_run_dependencies/spacenav
[30.401s] -- Installing: /home/roverj8/LUIS/ARGJ08/ARGOSJ8_IA_/install/spacenav/share/ament_index/resource_index/parent_prefix_path/spacenav
[30.401s] -- Installing: /home/roverj8/LUIS/ARGJ08/ARGOSJ8_IA_/install/spacenav/share/spacenav/environment/ament_prefix_path.sh
[30.402s] -- Installing: /home/roverj8/LUIS/ARGJ08/ARGOSJ8_IA_/install/spacenav/share/spacenav/environment/ament_prefix_path.dsv
[30.402s] -- Installing: /home/roverj8/LUIS/ARGJ08/ARGOSJ8_IA_/install/spacenav/share/spacenav/environment/path.sh
[30.402s] -- Installing: /home/roverj8/LUIS/ARGJ08/ARGOSJ8_IA_/install/spacenav/share/spacenav/environment/path.dsv
[30.402s] -- Installing: /home/roverj8/LUIS/ARGJ08/ARGOSJ8_IA_/install/spacenav/share/spacenav/local_setup.bash
[30.402s] -- Installing: /home/roverj8/LUIS/ARGJ08/ARGOSJ8_IA_/install/spacenav/share/spacenav/local_setup.sh
[30.402s] -- Installing: /home/roverj8/LUIS/ARGJ08/ARGOSJ8_IA_/install/spacenav/share/spacenav/local_setup.zsh
[30.402s] -- Installing: /home/roverj8/LUIS/ARGJ08/ARGOSJ8_IA_/install/spacenav/share/spacenav/local_setup.dsv
[30.402s] -- Installing: /home/roverj8/LUIS/ARGJ08/ARGOSJ8_IA_/install/spacenav/share/spacenav/package.dsv
[30.403s] -- Installing: /home/roverj8/LUIS/ARGJ08/ARGOSJ8_IA_/install/spacenav/share/ament_index/resource_index/packages/spacenav
[30.403s] -- Installing: /home/roverj8/LUIS/ARGJ08/ARGOSJ8_IA_/install/spacenav/share/ament_index/resource_index/rclcpp_components/spacenav
[30.403s] -- Installing: /home/roverj8/LUIS/ARGJ08/ARGOSJ8_IA_/install/spacenav/share/spacenav/cmake/export_spacenavExport.cmake
[30.403s] -- Installing: /home/roverj8/LUIS/ARGJ08/ARGOSJ8_IA_/install/spacenav/share/spacenav/cmake/export_spacenavExport-noconfig.cmake
[30.403s] -- Installing: /home/roverj8/LUIS/ARGJ08/ARGOSJ8_IA_/install/spacenav/share/spacenav/cmake/ament_cmake_export_targets-extras.cmake
[30.403s] -- Installing: /home/roverj8/LUIS/ARGJ08/ARGOSJ8_IA_/install/spacenav/share/spacenav/cmake/ament_cmake_export_dependencies-extras.cmake
[30.403s] -- Installing: /home/roverj8/LUIS/ARGJ08/ARGOSJ8_IA_/install/spacenav/share/spacenav/cmake/spacenavConfig.cmake
[30.403s] -- Installing: /home/roverj8/LUIS/ARGJ08/ARGOSJ8_IA_/install/spacenav/share/spacenav/cmake/spacenavConfig-version.cmake
[30.404s] -- Installing: /home/roverj8/LUIS/ARGJ08/ARGOSJ8_IA_/install/spacenav/share/spacenav/package.xml
[30.411s] Invoked command in '/home/roverj8/LUIS/ARGJ08/ARGOSJ8_IA_/build/spacenav' returned '0': CMAKE_PREFIX_PATH=/opt/ros/humble /usr/bin/cmake --install /home/roverj8/LUIS/ARGJ08/ARGOSJ8_IA_/build/spacenav
