[0.026s] Invoking command in '/home/roverj8/LUIS/ARGJ08/ARGOSJ8_IA_/build/ctl_mission_interfaces': /usr/bin/cmake /home/roverj8/LUIS/ARGJ08/ARGOSJ8_IA_/src/ctl_mission/ctl_mission_interfaces -DCMAKE_INSTALL_PREFIX=/home/roverj8/LUIS/ARGJ08/ARGOSJ8_IA_/install/ctl_mission_interfaces
[0.979s] -- The C compiler identification is GNU 11.4.0
[0.979s] -- The CXX compiler identification is GNU 11.4.0
[0.979s] -- Detecting C compiler ABI info
[0.980s] -- Detecting C compiler ABI info - done
[0.980s] -- Check for working C compiler: /usr/bin/cc - skipped
[0.980s] -- Detecting C compile features
[0.980s] -- Detecting C compile features - done
[0.981s] -- Detecting CXX compiler ABI info
[0.981s] -- Detecting CXX compiler ABI info - done
[0.982s] -- Check for working CXX compiler: /usr/bin/c++ - skipped
[0.982s] -- Detecting CXX compile features
[0.982s] -- Detecting CXX compile features - done
[0.983s] -- Configuring incomplete, errors occurred!
[0.983s] See also "/home/roverj8/LUIS/ARGJ08/ARGOSJ8_IA_/build/ctl_mission_interfaces/CMakeFiles/CMakeOutput.log".
[0.983s] [31mCMake Error at CMakeLists.txt:12 (find_package):
[0.984s]   By not providing "Findament_cmake.cmake" in CMAKE_MODULE_PATH this project
[0.984s]   has asked CMake to find a package configuration file provided by
[0.985s]   "ament_cmake", but CMake did not find one.
[0.985s] 
[0.985s]   Could not find a package configuration file provided by "ament_cmake" with
[0.985s]   any of the following names:
[0.986s] 
[0.986s]     ament_cmakeConfig.cmake
[0.987s]     ament_cmake-config.cmake
[0.987s] 
[0.987s]   Add the installation prefix of "ament_cmake" to CMAKE_PREFIX_PATH or set
[0.987s]   "ament_cmake_DIR" to a directory containing one of the above files.  If
[0.988s]   "ament_cmake" provides a separate development package or SDK, be sure it
[0.989s]   has been installed.
[0.989s] 
[0.989s] [0m
[1.013s] Invoked command in '/home/roverj8/LUIS/ARGJ08/ARGOSJ8_IA_/build/ctl_mission_interfaces' returned '1': /usr/bin/cmake /home/roverj8/LUIS/ARGJ08/ARGOSJ8_IA_/src/ctl_mission/ctl_mission_interfaces -DCMAKE_INSTALL_PREFIX=/home/roverj8/LUIS/ARGJ08/ARGOSJ8_IA_/install/ctl_mission_interfaces
