/home/rhobtor/PHD/j8_control/J8_control/install/car/lib/python3.10/site-packages/car/fusion.py
/home/rhobtor/PHD/j8_control/J8_control/install/car/lib/python3.10/site-packages/car/__init__.py
/home/rhobtor/PHD/j8_control/J8_control/install/car/lib/python3.10/site-packages/car/j8_bueno.py
/home/rhobtor/PHD/j8_control/J8_control/install/car/lib/python3.10/site-packages/car/supervisor_circuit.py
/home/rhobtor/PHD/j8_control/J8_control/install/car/lib/python3.10/site-packages/car/backup_model_ppo_cnn_lstm.py
/home/rhobtor/PHD/j8_control/J8_control/install/car/lib/python3.10/site-packages/car/scape_test.py
/home/rhobtor/PHD/j8_control/J8_control/install/car/lib/python3.10/site-packages/car/colision_zone.py
/home/rhobtor/PHD/j8_control/J8_control/install/car/lib/python3.10/site-packages/car/fixposition_local_tf_from_odom.py
/home/rhobtor/PHD/j8_control/J8_control/install/car/lib/python3.10/site-packages/car/inference_training_mode_simple.py
/home/rhobtor/PHD/j8_control/J8_control/install/car/lib/python3.10/site-packages/car/fixposition_map_odom_static_from_odom.py
/home/rhobtor/PHD/j8_control/J8_control/install/car/lib/python3.10/site-packages/car/memory_map.py
/home/rhobtor/PHD/j8_control/J8_control/install/car/lib/python3.10/site-packages/car/latlon_posearray_to_local.py
/home/rhobtor/PHD/j8_control/J8_control/install/car/lib/python3.10/site-packages/car/gnss_goal_circuit.py
/home/rhobtor/PHD/j8_control/J8_control/install/car/lib/python3.10/site-packages/car/unity_goal.py
/home/rhobtor/PHD/j8_control/J8_control/install/car/lib/python3.10/site-packages/car/supervisor.py
/home/rhobtor/PHD/j8_control/J8_control/install/car/lib/python3.10/site-packages/car/voxel_unity.py
/home/rhobtor/PHD/j8_control/J8_control/install/car/lib/python3.10/site-packages/car/map_navegation.py
/home/rhobtor/PHD/j8_control/J8_control/install/car/lib/python3.10/site-packages/car/path_ppo_cnn_lstm_training_init_mode.py
/home/rhobtor/PHD/j8_control/J8_control/install/car/lib/python3.10/site-packages/car/fp_poi_map_static_from_start.py
/home/rhobtor/PHD/j8_control/J8_control/install/car/lib/python3.10/site-packages/car/navsatfix_goal_to_map_pose.py
/home/rhobtor/PHD/j8_control/J8_control/install/car/lib/python3.10/site-packages/car/frontier_centroid.py
/home/rhobtor/PHD/j8_control/J8_control/install/car/lib/python3.10/site-packages/car/check_goal_gnss.py
/home/rhobtor/PHD/j8_control/J8_control/install/car/lib/python3.10/site-packages/car/path_ppo_cnn_lstm_training_init_mode_simple.py
/home/rhobtor/PHD/j8_control/J8_control/install/car/lib/python3.10/site-packages/car/external_path_controller.py
/home/rhobtor/PHD/j8_control/J8_control/install/car/lib/python3.10/site-packages/car/fixposition_reframe.py
/home/rhobtor/PHD/j8_control/J8_control/install/car/lib/python3.10/site-packages/car/cmd_vel_to_throttle.py
/home/rhobtor/PHD/j8_control/J8_control/install/car/lib/python3.10/site-packages/car/navsatfix_to_ecef.py
/home/rhobtor/PHD/j8_control/J8_control/install/car/lib/python3.10/site-packages/car/planificador_script.py
/home/rhobtor/PHD/j8_control/J8_control/install/car/lib/python3.10/site-packages/car/test_octomap.py
/home/rhobtor/PHD/j8_control/J8_control/install/car/lib/python3.10/site-packages/car/test_j8_old.py
/home/rhobtor/PHD/j8_control/J8_control/install/car/lib/python3.10/site-packages/car/inference_j8.py
/home/rhobtor/PHD/j8_control/J8_control/install/car/lib/python3.10/site-packages/car/lidar_obstacle_detection.py
/home/rhobtor/PHD/j8_control/J8_control/install/car/lib/python3.10/site-packages/car/points_goal.py
/home/rhobtor/PHD/j8_control/J8_control/install/car/lib/python3.10/site-packages/car/inference_full_model.py
/home/rhobtor/PHD/j8_control/J8_control/install/car/lib/python3.10/site-packages/car/test_vel.py
/home/rhobtor/PHD/j8_control/J8_control/install/car/lib/python3.10/site-packages/car/inference_test_j8.py
/home/rhobtor/PHD/j8_control/J8_control/install/car/lib/python3.10/site-packages/car/prior_map_builder.py
/home/rhobtor/PHD/j8_control/J8_control/install/car/lib/python3.10/site-packages/car/map_test_navigation_hgh.py
/home/rhobtor/PHD/j8_control/J8_control/install/car/lib/python3.10/site-packages/car/costmap.py
/home/rhobtor/PHD/j8_control/J8_control/install/car/lib/python3.10/site-packages/car/goal_local_marker.py
/home/rhobtor/PHD/j8_control/J8_control/install/car/lib/python3.10/site-packages/car/points_goal_old.py
/home/rhobtor/PHD/j8_control/J8_control/install/car/lib/python3.10/site-packages/car/path_ppo_cnn_lstm_training_init_mode_j8.py
/home/rhobtor/PHD/j8_control/J8_control/install/car/lib/python3.10/site-packages/car/detected_persons_local_to_latlon.py
/home/rhobtor/PHD/j8_control/J8_control/install/car/lib/python3.10/site-packages/car/filter_points_cloud.py
/home/rhobtor/PHD/j8_control/J8_control/install/car/lib/python3.10/site-packages/car/odom_to_tf.py
/home/rhobtor/PHD/j8_control/J8_control/install/car/lib/python3.10/site-packages/car/fixposition_tf_tree_for_zed.py
/home/rhobtor/PHD/j8_control/J8_control/install/car/lib/python3.10/site-packages/car/keyboard_control.py
/home/rhobtor/PHD/j8_control/J8_control/install/car/lib/python3.10/site-packages/car/latlon_posearray_to_local_utm.py
/home/rhobtor/PHD/j8_control/J8_control/install/car/lib/python3.10/site-packages/car/latlon_circuit.py
/home/rhobtor/PHD/j8_control/J8_control/install/car/lib/python3.10/site-packages/car/j8_test_ppo.py
/home/rhobtor/PHD/j8_control/J8_control/install/car/lib/python3.10/site-packages/car/fp_poi_map_odom_static_test.py
/home/rhobtor/PHD/j8_control/J8_control/install/car/lib/python3.10/site-packages/car/joystick_control.py
/home/rhobtor/PHD/j8_control/J8_control/install/car/lib/python3.10/site-packages/car/path_ppo_cnn_lstm_full_model.py
/home/rhobtor/PHD/j8_control/J8_control/install/car/lib/python3.10/site-packages/car/movement_predictive.py
/home/rhobtor/PHD/j8_control/J8_control/install/car/lib/python3.10/site-packages/car/fixposition_map_anchor.py
/home/rhobtor/PHD/j8_control/J8_control/install/car/lib/python3.10/site-packages/car/zed_static_tf_tree.py
/home/rhobtor/PHD/j8_control/J8_control/install/car/lib/python3.10/site-packages/car/fixposition_odom_to_base_link_tf.py
/home/rhobtor/PHD/j8_control/J8_control/install/car/lib/python3.10/site-packages/car/fake_person_local_detections.py
/home/rhobtor/PHD/j8_control/J8_control/install/car/lib/python3.10/site-packages/car/circuit1.py
/home/rhobtor/PHD/j8_control/J8_control/install/car/lib/python3.10/site-packages/car/j8_policy.py
/home/rhobtor/PHD/j8_control/J8_control/install/car/lib/python3.10/site-packages/car/fake_robot_pose.py
/home/rhobtor/PHD/j8_control/J8_control/install/car/lib/python3.10/site-packages/car/__pycache__/fusion.cpython-310.pyc
/home/rhobtor/PHD/j8_control/J8_control/install/car/lib/python3.10/site-packages/car/__pycache__/__init__.cpython-310.pyc
/home/rhobtor/PHD/j8_control/J8_control/install/car/lib/python3.10/site-packages/car/__pycache__/j8_bueno.cpython-310.pyc
/home/rhobtor/PHD/j8_control/J8_control/install/car/lib/python3.10/site-packages/car/__pycache__/supervisor_circuit.cpython-310.pyc
/home/rhobtor/PHD/j8_control/J8_control/install/car/lib/python3.10/site-packages/car/__pycache__/backup_model_ppo_cnn_lstm.cpython-310.pyc
/home/rhobtor/PHD/j8_control/J8_control/install/car/lib/python3.10/site-packages/car/__pycache__/scape_test.cpython-310.pyc
/home/rhobtor/PHD/j8_control/J8_control/install/car/lib/python3.10/site-packages/car/__pycache__/colision_zone.cpython-310.pyc
/home/rhobtor/PHD/j8_control/J8_control/install/car/lib/python3.10/site-packages/car/__pycache__/fixposition_local_tf_from_odom.cpython-310.pyc
/home/rhobtor/PHD/j8_control/J8_control/install/car/lib/python3.10/site-packages/car/__pycache__/inference_training_mode_simple.cpython-310.pyc
/home/rhobtor/PHD/j8_control/J8_control/install/car/lib/python3.10/site-packages/car/__pycache__/fixposition_map_odom_static_from_odom.cpython-310.pyc
/home/rhobtor/PHD/j8_control/J8_control/install/car/lib/python3.10/site-packages/car/__pycache__/memory_map.cpython-310.pyc
/home/rhobtor/PHD/j8_control/J8_control/install/car/lib/python3.10/site-packages/car/__pycache__/latlon_posearray_to_local.cpython-310.pyc
/home/rhobtor/PHD/j8_control/J8_control/install/car/lib/python3.10/site-packages/car/__pycache__/gnss_goal_circuit.cpython-310.pyc
/home/rhobtor/PHD/j8_control/J8_control/install/car/lib/python3.10/site-packages/car/__pycache__/unity_goal.cpython-310.pyc
/home/rhobtor/PHD/j8_control/J8_control/install/car/lib/python3.10/site-packages/car/__pycache__/supervisor.cpython-310.pyc
/home/rhobtor/PHD/j8_control/J8_control/install/car/lib/python3.10/site-packages/car/__pycache__/voxel_unity.cpython-310.pyc
/home/rhobtor/PHD/j8_control/J8_control/install/car/lib/python3.10/site-packages/car/__pycache__/map_navegation.cpython-310.pyc
/home/rhobtor/PHD/j8_control/J8_control/install/car/lib/python3.10/site-packages/car/__pycache__/path_ppo_cnn_lstm_training_init_mode.cpython-310.pyc
/home/rhobtor/PHD/j8_control/J8_control/install/car/lib/python3.10/site-packages/car/__pycache__/fp_poi_map_static_from_start.cpython-310.pyc
/home/rhobtor/PHD/j8_control/J8_control/install/car/lib/python3.10/site-packages/car/__pycache__/navsatfix_goal_to_map_pose.cpython-310.pyc
/home/rhobtor/PHD/j8_control/J8_control/install/car/lib/python3.10/site-packages/car/__pycache__/frontier_centroid.cpython-310.pyc
/home/rhobtor/PHD/j8_control/J8_control/install/car/lib/python3.10/site-packages/car/__pycache__/check_goal_gnss.cpython-310.pyc
/home/rhobtor/PHD/j8_control/J8_control/install/car/lib/python3.10/site-packages/car/__pycache__/path_ppo_cnn_lstm_training_init_mode_simple.cpython-310.pyc
/home/rhobtor/PHD/j8_control/J8_control/install/car/lib/python3.10/site-packages/car/__pycache__/external_path_controller.cpython-310.pyc
/home/rhobtor/PHD/j8_control/J8_control/install/car/lib/python3.10/site-packages/car/__pycache__/fixposition_reframe.cpython-310.pyc
/home/rhobtor/PHD/j8_control/J8_control/install/car/lib/python3.10/site-packages/car/__pycache__/cmd_vel_to_throttle.cpython-310.pyc
/home/rhobtor/PHD/j8_control/J8_control/install/car/lib/python3.10/site-packages/car/__pycache__/navsatfix_to_ecef.cpython-310.pyc
/home/rhobtor/PHD/j8_control/J8_control/install/car/lib/python3.10/site-packages/car/__pycache__/planificador_script.cpython-310.pyc
/home/rhobtor/PHD/j8_control/J8_control/install/car/lib/python3.10/site-packages/car/__pycache__/test_octomap.cpython-310.pyc
/home/rhobtor/PHD/j8_control/J8_control/install/car/lib/python3.10/site-packages/car/__pycache__/test_j8_old.cpython-310.pyc
/home/rhobtor/PHD/j8_control/J8_control/install/car/lib/python3.10/site-packages/car/__pycache__/inference_j8.cpython-310.pyc
/home/rhobtor/PHD/j8_control/J8_control/install/car/lib/python3.10/site-packages/car/__pycache__/lidar_obstacle_detection.cpython-310.pyc
/home/rhobtor/PHD/j8_control/J8_control/install/car/lib/python3.10/site-packages/car/__pycache__/points_goal.cpython-310.pyc
/home/rhobtor/PHD/j8_control/J8_control/install/car/lib/python3.10/site-packages/car/__pycache__/inference_full_model.cpython-310.pyc
/home/rhobtor/PHD/j8_control/J8_control/install/car/lib/python3.10/site-packages/car/__pycache__/test_vel.cpython-310.pyc
/home/rhobtor/PHD/j8_control/J8_control/install/car/lib/python3.10/site-packages/car/__pycache__/inference_test_j8.cpython-310.pyc
/home/rhobtor/PHD/j8_control/J8_control/install/car/lib/python3.10/site-packages/car/__pycache__/prior_map_builder.cpython-310.pyc
/home/rhobtor/PHD/j8_control/J8_control/install/car/lib/python3.10/site-packages/car/__pycache__/map_test_navigation_hgh.cpython-310.pyc
/home/rhobtor/PHD/j8_control/J8_control/install/car/lib/python3.10/site-packages/car/__pycache__/costmap.cpython-310.pyc
/home/rhobtor/PHD/j8_control/J8_control/install/car/lib/python3.10/site-packages/car/__pycache__/goal_local_marker.cpython-310.pyc
/home/rhobtor/PHD/j8_control/J8_control/install/car/lib/python3.10/site-packages/car/__pycache__/points_goal_old.cpython-310.pyc
/home/rhobtor/PHD/j8_control/J8_control/install/car/lib/python3.10/site-packages/car/__pycache__/path_ppo_cnn_lstm_training_init_mode_j8.cpython-310.pyc
/home/rhobtor/PHD/j8_control/J8_control/install/car/lib/python3.10/site-packages/car/__pycache__/detected_persons_local_to_latlon.cpython-310.pyc
/home/rhobtor/PHD/j8_control/J8_control/install/car/lib/python3.10/site-packages/car/__pycache__/filter_points_cloud.cpython-310.pyc
/home/rhobtor/PHD/j8_control/J8_control/install/car/lib/python3.10/site-packages/car/__pycache__/odom_to_tf.cpython-310.pyc
/home/rhobtor/PHD/j8_control/J8_control/install/car/lib/python3.10/site-packages/car/__pycache__/fixposition_tf_tree_for_zed.cpython-310.pyc
/home/rhobtor/PHD/j8_control/J8_control/install/car/lib/python3.10/site-packages/car/__pycache__/keyboard_control.cpython-310.pyc
/home/rhobtor/PHD/j8_control/J8_control/install/car/lib/python3.10/site-packages/car/__pycache__/latlon_posearray_to_local_utm.cpython-310.pyc
/home/rhobtor/PHD/j8_control/J8_control/install/car/lib/python3.10/site-packages/car/__pycache__/latlon_circuit.cpython-310.pyc
/home/rhobtor/PHD/j8_control/J8_control/install/car/lib/python3.10/site-packages/car/__pycache__/j8_test_ppo.cpython-310.pyc
/home/rhobtor/PHD/j8_control/J8_control/install/car/lib/python3.10/site-packages/car/__pycache__/fp_poi_map_odom_static_test.cpython-310.pyc
/home/rhobtor/PHD/j8_control/J8_control/install/car/lib/python3.10/site-packages/car/__pycache__/joystick_control.cpython-310.pyc
/home/rhobtor/PHD/j8_control/J8_control/install/car/lib/python3.10/site-packages/car/__pycache__/path_ppo_cnn_lstm_full_model.cpython-310.pyc
/home/rhobtor/PHD/j8_control/J8_control/install/car/lib/python3.10/site-packages/car/__pycache__/movement_predictive.cpython-310.pyc
/home/rhobtor/PHD/j8_control/J8_control/install/car/lib/python3.10/site-packages/car/__pycache__/fixposition_map_anchor.cpython-310.pyc
/home/rhobtor/PHD/j8_control/J8_control/install/car/lib/python3.10/site-packages/car/__pycache__/zed_static_tf_tree.cpython-310.pyc
/home/rhobtor/PHD/j8_control/J8_control/install/car/lib/python3.10/site-packages/car/__pycache__/fixposition_odom_to_base_link_tf.cpython-310.pyc
/home/rhobtor/PHD/j8_control/J8_control/install/car/lib/python3.10/site-packages/car/__pycache__/fake_person_local_detections.cpython-310.pyc
/home/rhobtor/PHD/j8_control/J8_control/install/car/lib/python3.10/site-packages/car/__pycache__/circuit1.cpython-310.pyc
/home/rhobtor/PHD/j8_control/J8_control/install/car/lib/python3.10/site-packages/car/__pycache__/j8_policy.cpython-310.pyc
/home/rhobtor/PHD/j8_control/J8_control/install/car/lib/python3.10/site-packages/car/__pycache__/fake_robot_pose.cpython-310.pyc
/home/rhobtor/PHD/j8_control/J8_control/install/car/share/ament_index/resource_index/packages/car
/home/rhobtor/PHD/j8_control/J8_control/install/car/share/car/package.xml
/home/rhobtor/PHD/j8_control/J8_control/install/car/share/car/launch/fixposition_reframe.launch.py
/home/rhobtor/PHD/j8_control/J8_control/install/car/share/car/launch/J8_unity.launch.py
/home/rhobtor/PHD/j8_control/J8_control/install/car/share/car/launch/gazebo_mountain.launch.py
/home/rhobtor/PHD/j8_control/J8_control/install/car/share/car/launch/circuit2.launch.py
/home/rhobtor/PHD/j8_control/J8_control/install/car/share/car/launch/fp_poi_map_odom_base_link_camera_zed_wrapper_urdf_test.launch.py
/home/rhobtor/PHD/j8_control/J8_control/install/car/share/car/launch/gazebo_no_gui.launch.py
/home/rhobtor/PHD/j8_control/J8_control/install/car/share/car/launch/gazebo_simple2.launch.py
/home/rhobtor/PHD/j8_control/J8_control/install/car/share/car/launch/gazebo_simple3.launch.py
/home/rhobtor/PHD/j8_control/J8_control/install/car/share/car/launch/goals_unity.launch.py
/home/rhobtor/PHD/j8_control/J8_control/install/car/share/car/launch/fp_poi_map_static_from_start.launch.py
/home/rhobtor/PHD/j8_control/J8_control/install/car/share/car/launch/fixposition_local_j8_urdf.launch.py
/home/rhobtor/PHD/j8_control/J8_control/install/car/share/car/launch/gazebo_simple_world.launch.py
/home/rhobtor/PHD/j8_control/J8_control/install/car/share/car/launch/j8.launch.py
/home/rhobtor/PHD/j8_control/J8_control/install/car/share/car/launch/circuit1.launch.py
/home/rhobtor/PHD/j8_control/J8_control/install/car/share/car/launch/control.launch.py
/home/rhobtor/PHD/j8_control/J8_control/install/car/share/car/launch/world_1_b.launch.py
/home/rhobtor/PHD/j8_control/J8_control/install/car/share/car/launch/tf_fixposition_j8.launch.py
/home/rhobtor/PHD/j8_control/J8_control/install/car/share/car/launch/easy_world.launch.py
/home/rhobtor/PHD/j8_control/J8_control/install/car/share/car/launch/world_1.launch.py
/home/rhobtor/PHD/j8_control/J8_control/install/car/share/car/launch/fixposition_with_zed_fixposition_tf.launch.py
/home/rhobtor/PHD/j8_control/J8_control/install/car/share/car/launch/tf_fixposition_map_odom_static_j8.launch.py
/home/rhobtor/PHD/j8_control/J8_control/install/car/share/car/launch/river_and_forest.launch.py
/home/rhobtor/PHD/j8_control/J8_control/install/car/share/car/launch/circuit4.launch.py
/home/rhobtor/PHD/j8_control/J8_control/install/car/share/car/launch/rtamap_test.launch.py
/home/rhobtor/PHD/j8_control/J8_control/install/car/share/car/launch/gazebo_simple8.launch.py
/home/rhobtor/PHD/j8_control/J8_control/install/car/share/car/launch/control_with_gazebo.launch.py
/home/rhobtor/PHD/j8_control/J8_control/install/car/share/car/launch/gazebo_simple9.launch.py
/home/rhobtor/PHD/j8_control/J8_control/install/car/share/car/launch/gazebo_simple5.launch.py
/home/rhobtor/PHD/j8_control/J8_control/install/car/share/car/launch/display.launch.py
/home/rhobtor/PHD/j8_control/J8_control/install/car/share/car/launch/gazebo_simple7.launch.py
/home/rhobtor/PHD/j8_control/J8_control/install/car/share/car/launch/fp_poi_map_odom_base_link_camera_test.launch.py
/home/rhobtor/PHD/j8_control/J8_control/install/car/share/car/launch/fp_poi_map_odom_base_link_camera_zed_wrapper_test.launch.py
/home/rhobtor/PHD/j8_control/J8_control/install/car/share/car/launch/gazebo_simple6.launch.py
/home/rhobtor/PHD/j8_control/J8_control/install/car/share/car/launch/fp_poi_map_odom_base_link_test.launch.py
/home/rhobtor/PHD/j8_control/J8_control/install/car/share/car/launch/fixposition_local_j8_urdf_fixposition.launch.py
/home/rhobtor/PHD/j8_control/J8_control/install/car/share/car/launch/gazebo_empty_world.launch.py
/home/rhobtor/PHD/j8_control/J8_control/install/car/share/car/launch/gazebo_simple4.launch.py
/home/rhobtor/PHD/j8_control/J8_control/install/car/share/car/launch/rviz_fixposition_j8.launch.py
/home/rhobtor/PHD/j8_control/J8_control/install/car/share/car/launch/joystick.launch.py
/home/rhobtor/PHD/j8_control/J8_control/install/car/share/car/launch/fixposition_with_zed_no_tf.launch.py
/home/rhobtor/PHD/j8_control/J8_control/install/car/share/car/launch/circuit3.launch.py
/home/rhobtor/PHD/j8_control/J8_control/install/car/share/car/launch/ekf.launch.py
/home/rhobtor/PHD/j8_control/J8_control/install/car/share/car/launch/rviz_fixposition_urdf.launch.py
/home/rhobtor/PHD/j8_control/J8_control/install/car/share/car/launch/forest.launch.py
/home/rhobtor/PHD/j8_control/J8_control/install/car/share/car/launch/gazebo.launch.py
/home/rhobtor/PHD/j8_control/J8_control/install/car/share/car/launch/fp_poi_map_odom_static_test.launch.py
/home/rhobtor/PHD/j8_control/J8_control/install/car/share/car/launch/gnss_goals.launch.py
/home/rhobtor/PHD/j8_control/J8_control/install/car/share/car/launch/object_move_gazebo.launch.py
/home/rhobtor/PHD/j8_control/J8_control/install/car/share/car/urdf/camara.plugin.xacro
/home/rhobtor/PHD/j8_control/J8_control/install/car/share/car/urdf/object_movement.sdf
/home/rhobtor/PHD/j8_control/J8_control/install/car/share/car/urdf/virt_lidar.xacro
/home/rhobtor/PHD/j8_control/J8_control/install/car/share/car/urdf/materials.xacro
/home/rhobtor/PHD/j8_control/J8_control/install/car/share/car/urdf/lidar.plugin.xacro
/home/rhobtor/PHD/j8_control/J8_control/install/car/share/car/urdf/control.plugin.xacro
/home/rhobtor/PHD/j8_control/J8_control/install/car/share/car/urdf/car.gazebo
/home/rhobtor/PHD/j8_control/J8_control/install/car/share/car/urdf/car.xacro
/home/rhobtor/PHD/j8_control/J8_control/install/car/share/car/urdf/car.trans
/home/rhobtor/PHD/j8_control/J8_control/install/car/share/car/worlds/park_tagged.world
/home/rhobtor/PHD/j8_control/J8_control/install/car/share/car/worlds/world_simple6.world
/home/rhobtor/PHD/j8_control/J8_control/install/car/share/car/worlds/river_and_forest.world
/home/rhobtor/PHD/j8_control/J8_control/install/car/share/car/worlds/world_simple_object.world
/home/rhobtor/PHD/j8_control/J8_control/install/car/share/car/worlds/hill_tagged.world
/home/rhobtor/PHD/j8_control/J8_control/install/car/share/car/worlds/mountain.world
/home/rhobtor/PHD/j8_control/J8_control/install/car/share/car/worlds/forest_tagged.world
/home/rhobtor/PHD/j8_control/J8_control/install/car/share/car/worlds/world_simple9.world
/home/rhobtor/PHD/j8_control/J8_control/install/car/share/car/worlds/world_1_b.world
/home/rhobtor/PHD/j8_control/J8_control/install/car/share/car/worlds/lake_tagged.world
/home/rhobtor/PHD/j8_control/J8_control/install/car/share/car/worlds/heightmap_world.world
/home/rhobtor/PHD/j8_control/J8_control/install/car/share/car/worlds/world_simple7.world
/home/rhobtor/PHD/j8_control/J8_control/install/car/share/car/worlds/hill.world
/home/rhobtor/PHD/j8_control/J8_control/install/car/share/car/worlds/world_simple2.world
/home/rhobtor/PHD/j8_control/J8_control/install/car/share/car/worlds/park.world
/home/rhobtor/PHD/j8_control/J8_control/install/car/share/car/worlds/empty.world
/home/rhobtor/PHD/j8_control/J8_control/install/car/share/car/worlds/world_simple3.world
/home/rhobtor/PHD/j8_control/J8_control/install/car/share/car/worlds/world_simple8.world
/home/rhobtor/PHD/j8_control/J8_control/install/car/share/car/worlds/world_1.world
/home/rhobtor/PHD/j8_control/J8_control/install/car/share/car/worlds/world_simple4.world
/home/rhobtor/PHD/j8_control/J8_control/install/car/share/car/worlds/world_1_b1.world
/home/rhobtor/PHD/j8_control/J8_control/install/car/share/car/worlds/lake.world
/home/rhobtor/PHD/j8_control/J8_control/install/car/share/car/worlds/grass_test.world
/home/rhobtor/PHD/j8_control/J8_control/install/car/share/car/worlds/obstacles_and_traps.world
/home/rhobtor/PHD/j8_control/J8_control/install/car/share/car/worlds/grass.world
/home/rhobtor/PHD/j8_control/J8_control/install/car/share/car/worlds/easy_world.world
/home/rhobtor/PHD/j8_control/J8_control/install/car/share/car/worlds/world_simple5.world
/home/rhobtor/PHD/j8_control/J8_control/install/car/share/car/worlds/blender_builder.world
/home/rhobtor/PHD/j8_control/J8_control/install/car/share/car/worlds/forest.world
/home/rhobtor/PHD/j8_control/J8_control/install/car/share/car/worlds/obstacles.world
/home/rhobtor/PHD/j8_control/J8_control/install/car/share/car/worlds/test.world
/home/rhobtor/PHD/j8_control/J8_control/install/car/share/car/worlds/map1_test.world
/home/rhobtor/PHD/j8_control/J8_control/install/car/share/car/meshes/Camara.stl
/home/rhobtor/PHD/j8_control/J8_control/install/car/share/car/meshes/Lidar.stl
/home/rhobtor/PHD/j8_control/J8_control/install/car/share/car/meshes/base_link.stl
/home/rhobtor/PHD/j8_control/J8_control/install/car/share/car/meshes/tire_back_right_1.stl
/home/rhobtor/PHD/j8_control/J8_control/install/car/share/car/meshes/direction_front_left_1.stl
/home/rhobtor/PHD/j8_control/J8_control/install/car/share/car/meshes/direction_back_right_1.stl
/home/rhobtor/PHD/j8_control/J8_control/install/car/share/car/meshes/rim_back_left_1.stl
/home/rhobtor/PHD/j8_control/J8_control/install/car/share/car/meshes/direction_back_left_1.stl
/home/rhobtor/PHD/j8_control/J8_control/install/car/share/car/meshes/tire.stl
/home/rhobtor/PHD/j8_control/J8_control/install/car/share/car/meshes/suspension_back_right_1.stl
/home/rhobtor/PHD/j8_control/J8_control/install/car/share/car/meshes/suspension_front_right_1.stl
/home/rhobtor/PHD/j8_control/J8_control/install/car/share/car/meshes/tire_front_left_1.stl
/home/rhobtor/PHD/j8_control/J8_control/install/car/share/car/meshes/suspension_back_left_1.stl
/home/rhobtor/PHD/j8_control/J8_control/install/car/share/car/meshes/chasis_1.stl
/home/rhobtor/PHD/j8_control/J8_control/install/car/share/car/meshes/direction_front_right_1.stl
/home/rhobtor/PHD/j8_control/J8_control/install/car/share/car/meshes/tire_back_left_1.stl
/home/rhobtor/PHD/j8_control/J8_control/install/car/share/car/meshes/rim.stl
/home/rhobtor/PHD/j8_control/J8_control/install/car/share/car/meshes/tire_front_right_1.stl
/home/rhobtor/PHD/j8_control/J8_control/install/car/share/car/meshes/rim_front_left_1.stl
/home/rhobtor/PHD/j8_control/J8_control/install/car/share/car/meshes/suspension_front_left__1.stl
/home/rhobtor/PHD/j8_control/J8_control/install/car/share/car/meshes/rim_back_right_1.stl
/home/rhobtor/PHD/j8_control/J8_control/install/car/share/car/meshes/rim_front_right_1.stl
/home/rhobtor/PHD/j8_control/J8_control/install/car/share/car/config/circuit_3.yaml
/home/rhobtor/PHD/j8_control/J8_control/install/car/share/car/config/circuit_1.yaml
/home/rhobtor/PHD/j8_control/J8_control/install/car/share/car/config/world1.yaml
/home/rhobtor/PHD/j8_control/J8_control/install/car/share/car/config/world_1_b.yaml
/home/rhobtor/PHD/j8_control/J8_control/install/car/share/car/config/gnss_goals.yaml
/home/rhobtor/PHD/j8_control/J8_control/install/car/share/car/config/mapper_params_online_async.yaml
/home/rhobtor/PHD/j8_control/J8_control/install/car/share/car/config/goal.yaml
/home/rhobtor/PHD/j8_control/J8_control/install/car/share/car/config/river_and_forest.yaml
/home/rhobtor/PHD/j8_control/J8_control/install/car/share/car/config/nav2.yaml
/home/rhobtor/PHD/j8_control/J8_control/install/car/share/car/config/circuit_4.yaml
/home/rhobtor/PHD/j8_control/J8_control/install/car/share/car/config/circuit_2.yaml
/home/rhobtor/PHD/j8_control/J8_control/install/car/share/car/config/ekf_params.yaml
/home/rhobtor/PHD/j8_control/J8_control/install/car/share/car/config/octomap.yaml
/home/rhobtor/PHD/j8_control/J8_control/install/car/share/car/config/display.rviz
/home/rhobtor/PHD/j8_control/J8_control/install/car/lib/car
/home/rhobtor/PHD/j8_control/J8_control/install/car/lib/python3.10/site-packages/car-0.0.0-py3.10.egg-info/requires.txt
/home/rhobtor/PHD/j8_control/J8_control/install/car/lib/python3.10/site-packages/car-0.0.0-py3.10.egg-info/dependency_links.txt
/home/rhobtor/PHD/j8_control/J8_control/install/car/lib/python3.10/site-packages/car-0.0.0-py3.10.egg-info/top_level.txt
/home/rhobtor/PHD/j8_control/J8_control/install/car/lib/python3.10/site-packages/car-0.0.0-py3.10.egg-info/zip-safe
/home/rhobtor/PHD/j8_control/J8_control/install/car/lib/python3.10/site-packages/car-0.0.0-py3.10.egg-info/PKG-INFO
/home/rhobtor/PHD/j8_control/J8_control/install/car/lib/python3.10/site-packages/car-0.0.0-py3.10.egg-info/SOURCES.txt
/home/rhobtor/PHD/j8_control/J8_control/install/car/lib/python3.10/site-packages/car-0.0.0-py3.10.egg-info/entry_points.txt
/home/rhobtor/PHD/j8_control/J8_control/install/car/lib/car/check_goal_gnss
/home/rhobtor/PHD/j8_control/J8_control/install/car/lib/car/circuit1
/home/rhobtor/PHD/j8_control/J8_control/install/car/lib/car/circuit_supervisor
/home/rhobtor/PHD/j8_control/J8_control/install/car/lib/car/cmd_vel_to_throttle
/home/rhobtor/PHD/j8_control/J8_control/install/car/lib/car/colision_zone
/home/rhobtor/PHD/j8_control/J8_control/install/car/lib/car/detected_persons_local_to_latlon
/home/rhobtor/PHD/j8_control/J8_control/install/car/lib/car/external_path_controller
/home/rhobtor/PHD/j8_control/J8_control/install/car/lib/car/fake_person_local_detections
/home/rhobtor/PHD/j8_control/J8_control/install/car/lib/car/fake_robot_pose
/home/rhobtor/PHD/j8_control/J8_control/install/car/lib/car/filter_points_cloud
/home/rhobtor/PHD/j8_control/J8_control/install/car/lib/car/fixposition_local_tf_from_odom
/home/rhobtor/PHD/j8_control/J8_control/install/car/lib/car/fixposition_map_anchor
/home/rhobtor/PHD/j8_control/J8_control/install/car/lib/car/fixposition_map_odom_static_from_odom
/home/rhobtor/PHD/j8_control/J8_control/install/car/lib/car/fixposition_odom_to_base_link_tf
/home/rhobtor/PHD/j8_control/J8_control/install/car/lib/car/fixposition_reframe
/home/rhobtor/PHD/j8_control/J8_control/install/car/lib/car/fixposition_tf_tree_for_zed
/home/rhobtor/PHD/j8_control/J8_control/install/car/lib/car/fp_poi_map_odom_static_test
/home/rhobtor/PHD/j8_control/J8_control/install/car/lib/car/fp_poi_map_static_from_start
/home/rhobtor/PHD/j8_control/J8_control/install/car/lib/car/frontier_centroid
/home/rhobtor/PHD/j8_control/J8_control/install/car/lib/car/fusion
/home/rhobtor/PHD/j8_control/J8_control/install/car/lib/car/gnss_goal_circuit
/home/rhobtor/PHD/j8_control/J8_control/install/car/lib/car/goal_local_marker
/home/rhobtor/PHD/j8_control/J8_control/install/car/lib/car/inference_full_model
/home/rhobtor/PHD/j8_control/J8_control/install/car/lib/car/inference_j8
/home/rhobtor/PHD/j8_control/J8_control/install/car/lib/car/inference_test_j8
/home/rhobtor/PHD/j8_control/J8_control/install/car/lib/car/inference_training_mode_simple
/home/rhobtor/PHD/j8_control/J8_control/install/car/lib/car/j8_bueno
/home/rhobtor/PHD/j8_control/J8_control/install/car/lib/car/j8_policy
/home/rhobtor/PHD/j8_control/J8_control/install/car/lib/car/j8_test_ppo
/home/rhobtor/PHD/j8_control/J8_control/install/car/lib/car/joystick_control
/home/rhobtor/PHD/j8_control/J8_control/install/car/lib/car/keyboard_control
/home/rhobtor/PHD/j8_control/J8_control/install/car/lib/car/latlon_circuit
/home/rhobtor/PHD/j8_control/J8_control/install/car/lib/car/latlon_posearray_to_local
/home/rhobtor/PHD/j8_control/J8_control/install/car/lib/car/latlon_posearray_to_local_utm
/home/rhobtor/PHD/j8_control/J8_control/install/car/lib/car/lidar_detection
/home/rhobtor/PHD/j8_control/J8_control/install/car/lib/car/map_navegation
/home/rhobtor/PHD/j8_control/J8_control/install/car/lib/car/map_navegation_test
/home/rhobtor/PHD/j8_control/J8_control/install/car/lib/car/memory_map
/home/rhobtor/PHD/j8_control/J8_control/install/car/lib/car/movement_predictive
/home/rhobtor/PHD/j8_control/J8_control/install/car/lib/car/navsatfix_goal_to_map_pose
/home/rhobtor/PHD/j8_control/J8_control/install/car/lib/car/navsatfix_to_ecef
/home/rhobtor/PHD/j8_control/J8_control/install/car/lib/car/odom_to_tf
/home/rhobtor/PHD/j8_control/J8_control/install/car/lib/car/path_ppo_cnn_lstm_full_model
/home/rhobtor/PHD/j8_control/J8_control/install/car/lib/car/path_ppo_cnn_lstm_training_init_mode
/home/rhobtor/PHD/j8_control/J8_control/install/car/lib/car/path_ppo_cnn_lstm_training_init_mode_j8
/home/rhobtor/PHD/j8_control/J8_control/install/car/lib/car/path_ppo_cnn_lstm_training_init_mode_simple
/home/rhobtor/PHD/j8_control/J8_control/install/car/lib/car/points_goal
/home/rhobtor/PHD/j8_control/J8_control/install/car/lib/car/points_goal_old
/home/rhobtor/PHD/j8_control/J8_control/install/car/lib/car/prior_map_builder
/home/rhobtor/PHD/j8_control/J8_control/install/car/lib/car/scape_test
/home/rhobtor/PHD/j8_control/J8_control/install/car/lib/car/supervisor_node
/home/rhobtor/PHD/j8_control/J8_control/install/car/lib/car/test_j8_old
/home/rhobtor/PHD/j8_control/J8_control/install/car/lib/car/test_octomap
/home/rhobtor/PHD/j8_control/J8_control/install/car/lib/car/test_vel
/home/rhobtor/PHD/j8_control/J8_control/install/car/lib/car/unity_goal
/home/rhobtor/PHD/j8_control/J8_control/install/car/lib/car/voxel_unity
/home/rhobtor/PHD/j8_control/J8_control/install/car/lib/car/zed_static_tf_tree
