[0.522s] Invoking command in '/home/roverj8/LUIS/ARGJ08/ARGOSJ8_IA_/build/hector_gazebo_plugins': /usr/bin/cmake /home/roverj8/LUIS/ARGJ08/ARGOSJ8_IA_/src/hector_gazebo -DCMAKE_INSTALL_PREFIX=/home/roverj8/LUIS/ARGJ08/ARGOSJ8_IA_/install/hector_gazebo_plugins
[0.855s] -- Configuring incomplete, errors occurred!
[0.855s] See also "/home/roverj8/LUIS/ARGJ08/ARGOSJ8_IA_/build/hector_gazebo_plugins/CMakeFiles/CMakeOutput.log".
[0.855s] [31mCMake Error at CMakeLists.txt:19 (find_package):
[0.855s]   By not providing "Findament_cmake.cmake" in CMAKE_MODULE_PATH this project
[0.855s]   has asked CMake to find a package configuration file provided by
[0.855s]   "ament_cmake", but CMake did not find one.
[0.856s] 
[0.856s]   Could not find a package configuration file provided by "ament_cmake" with
[0.856s]   any of the following names:
[0.856s] 
[0.856s]     ament_cmakeConfig.cmake
[0.856s]     ament_cmake-config.cmake
[0.856s] 
[0.856s]   Add the installation prefix of "ament_cmake" to CMAKE_PREFIX_PATH or set
[0.857s]   "ament_cmake_DIR" to a directory containing one of the above files.  If
[0.857s]   "ament_cmake" provides a separate development package or SDK, be sure it
[0.858s]   has been installed.
[0.858s] 
[0.858s] [0m
[0.880s] Invoked command in '/home/roverj8/LUIS/ARGJ08/ARGOSJ8_IA_/build/hector_gazebo_plugins' returned '1': /usr/bin/cmake /home/roverj8/LUIS/ARGJ08/ARGOSJ8_IA_/src/hector_gazebo -DCMAKE_INSTALL_PREFIX=/home/roverj8/LUIS/ARGJ08/ARGOSJ8_IA_/install/hector_gazebo_plugins
