[0.061s] Invoking command in '/home/rhobtor/PHD/j8_control/J8_control/build/spacenav': CMAKE_PREFIX_PATH=${CMAKE_PREFIX_PATH}:/home/rhobtor/PHD/path_dem/install_navigation/path_dem:/home/rhobtor/PHD/path_dem/install/path_dem:/home/rhobtor/PHD/install_global_belief_final/path_dem:/home/rhobtor/PHD/ARGOSJ8_IA/ARGOSJ8_IA_/install/car:/home/rhobtor/PHD/ARGOSJ8_IA/ARGOSJ8_IA_/install/ntrip_client:/home/rhobtor/PHD/ARGOSJ8_IA/ARGOSJ8_IA_/install/j8_gui:/home/rhobtor/PHD/ARGOSJ8_IA/ARGOSJ8_IA_/install/gui:/home/rhobtor/PHD/ARGOSJ8_IA/ARGOSJ8_IA_/install/android_ros2_server:/home/rhobtor/PHD/ARGOSJ8_IA/ARGOSJ8_IA_/install/GUI_pkg:/home/rhobtor/PHD/model_terrain_ugv/Model_terrain_ugv/install/model_terrain:/opt/ros/humble /usr/bin/cmake /home/rhobtor/PHD/j8_control/J8_control/src/j8_joystick/spacenav -DCMAKE_INSTALL_PREFIX=/home/rhobtor/PHD/j8_control/J8_control/install/spacenav
[0.250s] -- The C compiler identification is GNU 11.4.0
[0.256s] -- The CXX compiler identification is GNU 11.4.0
[0.264s] -- Detecting C compiler ABI info
[0.409s] -- Detecting C compiler ABI info - done
[0.435s] -- Check for working C compiler: /usr/bin/cc - skipped
[0.441s] -- Detecting C compile features
[0.442s] -- Detecting C compile features - done
[0.449s] -- Detecting CXX compiler ABI info
[0.658s] -- Detecting CXX compiler ABI info - done
[0.674s] -- Check for working CXX compiler: /usr/bin/c++ - skipped
[0.678s] -- Detecting CXX compile features
[0.678s] -- Detecting CXX compile features - done
[0.701s] -- Found ament_cmake: 1.3.14 (/opt/ros/humble/share/ament_cmake/cmake)
[1.761s] -- Found Python3: /usr/bin/python3 (found version "3.10.12") found components: Interpreter 
[2.070s] -- Found geometry_msgs: 4.9.2 (/opt/ros/humble/share/geometry_msgs/cmake)
[2.330s] -- Found rosidl_generator_c: 3.1.9 (/opt/ros/humble/share/rosidl_generator_c/cmake)
[2.385s] -- Found rosidl_adapter: 3.1.9 (/opt/ros/humble/share/rosidl_adapter/cmake)
[2.457s] -- Found rosidl_generator_cpp: 3.1.9 (/opt/ros/humble/share/rosidl_generator_cpp/cmake)
[2.549s] -- Using all available rosidl_typesupport_c: rosidl_typesupport_fastrtps_c;rosidl_typesupport_introspection_c
[2.651s] -- Using all available rosidl_typesupport_cpp: rosidl_typesupport_fastrtps_cpp;rosidl_typesupport_introspection_cpp
[2.742s] -- Found rclcpp: 16.0.19 (/opt/ros/humble/share/rclcpp/cmake)
[2.846s] -- Found rmw_implementation_cmake: 6.1.3 (/opt/ros/humble/share/rmw_implementation_cmake/cmake)
[2.854s] -- Found rmw_fastrtps_cpp: 6.2.10 (/opt/ros/humble/share/rmw_fastrtps_cpp/cmake)
[3.174s] -- Found OpenSSL: /usr/lib/x86_64-linux-gnu/libcrypto.so (found version "3.0.2")  
[3.316s] -- Found FastRTPS: /opt/ros/humble/include  
[3.508s] -- Using RMW implementation 'rmw_fastrtps_cpp' as default
[3.579s] -- Looking for pthread.h
[3.915s] -- Looking for pthread.h - found
[3.915s] -- Performing Test CMAKE_HAVE_LIBC_PTHREAD
[4.236s] -- Performing Test CMAKE_HAVE_LIBC_PTHREAD - Success
[4.237s] -- Found Threads: TRUE  
[4.384s] -- Found rclcpp_components: 16.0.19 (/opt/ros/humble/share/rclcpp_components/cmake)
[4.488s] -- Found sensor_msgs: 4.9.2 (/opt/ros/humble/share/sensor_msgs/cmake)
[4.568s] -- Found SPNAV: /usr/lib/libspnav.so  
[4.583s] -- Found ament_lint_auto: 0.12.15 (/opt/ros/humble/share/ament_lint_auto/cmake)
[4.928s] -- Added test 'cppcheck' to perform static code analysis on C / C++ code
[4.929s] -- Configured cppcheck include dirs: $<BUILD_INTERFACE:/home/rhobtor/PHD/j8_control/J8_control/src/j8_joystick/spacenav/include>
[4.929s] -- Configured cppcheck exclude dirs and/or files: 
[4.931s] -- Added test 'cpplint' to check C / C++ code against the Google style
[4.931s] -- Configured cpplint exclude dirs and/or files: 
[4.933s] -- Added test 'flake8' to check Python code syntax and style conventions
[4.939s] -- Added test 'lint_cmake' to check CMake code style
[4.941s] -- Added test 'pep257' to check Python code against some of the docstring style conventions in PEP 257
[4.946s] -- Added test 'uncrustify' to check C / C++ code style
[4.946s] -- Configured uncrustify additional arguments: 
[4.947s] -- Added test 'xmllint' to check XML markup files
[4.957s] -- Configuring done
[4.973s] -- Generating done
[4.985s] -- Build files have been written to: /home/rhobtor/PHD/j8_control/J8_control/build/spacenav
[5.018s] Invoked command in '/home/rhobtor/PHD/j8_control/J8_control/build/spacenav' returned '0': CMAKE_PREFIX_PATH=${CMAKE_PREFIX_PATH}:/home/rhobtor/PHD/path_dem/install_navigation/path_dem:/home/rhobtor/PHD/path_dem/install/path_dem:/home/rhobtor/PHD/install_global_belief_final/path_dem:/home/rhobtor/PHD/ARGOSJ8_IA/ARGOSJ8_IA_/install/car:/home/rhobtor/PHD/ARGOSJ8_IA/ARGOSJ8_IA_/install/ntrip_client:/home/rhobtor/PHD/ARGOSJ8_IA/ARGOSJ8_IA_/install/j8_gui:/home/rhobtor/PHD/ARGOSJ8_IA/ARGOSJ8_IA_/install/gui:/home/rhobtor/PHD/ARGOSJ8_IA/ARGOSJ8_IA_/install/android_ros2_server:/home/rhobtor/PHD/ARGOSJ8_IA/ARGOSJ8_IA_/install/GUI_pkg:/home/rhobtor/PHD/model_terrain_ugv/Model_terrain_ugv/install/model_terrain:/opt/ros/humble /usr/bin/cmake /home/rhobtor/PHD/j8_control/J8_control/src/j8_joystick/spacenav -DCMAKE_INSTALL_PREFIX=/home/rhobtor/PHD/j8_control/J8_control/install/spacenav
[5.019s] Invoking command in '/home/rhobtor/PHD/j8_control/J8_control/build/spacenav': CMAKE_PREFIX_PATH=${CMAKE_PREFIX_PATH}:/home/rhobtor/PHD/path_dem/install_navigation/path_dem:/home/rhobtor/PHD/path_dem/install/path_dem:/home/rhobtor/PHD/install_global_belief_final/path_dem:/home/rhobtor/PHD/ARGOSJ8_IA/ARGOSJ8_IA_/install/car:/home/rhobtor/PHD/ARGOSJ8_IA/ARGOSJ8_IA_/install/ntrip_client:/home/rhobtor/PHD/ARGOSJ8_IA/ARGOSJ8_IA_/install/j8_gui:/home/rhobtor/PHD/ARGOSJ8_IA/ARGOSJ8_IA_/install/gui:/home/rhobtor/PHD/ARGOSJ8_IA/ARGOSJ8_IA_/install/android_ros2_server:/home/rhobtor/PHD/ARGOSJ8_IA/ARGOSJ8_IA_/install/GUI_pkg:/home/rhobtor/PHD/model_terrain_ugv/Model_terrain_ugv/install/model_terrain:/opt/ros/humble /usr/bin/cmake --build /home/rhobtor/PHD/j8_control/J8_control/build/spacenav -- -j20 -l20
[7.369s] [ 25%] [32mBuilding CXX object CMakeFiles/spacenav.dir/src/spacenav.cpp.o[0m
[7.369s] [ 50%] [32mBuilding CXX object CMakeFiles/spacenav_node.dir/rclcpp_components/node_main_spacenav_node.cpp.o[0m
[15.839s] [ 75%] [32m[1mLinking CXX executable spacenav_node[0m
[16.144s] [ 75%] Built target spacenav_node
[19.200s] [100%] [32m[1mLinking CXX shared library libspacenav.so[0m
[19.619s] [100%] Built target spacenav
[19.655s] Invoked command in '/home/rhobtor/PHD/j8_control/J8_control/build/spacenav' returned '0': CMAKE_PREFIX_PATH=${CMAKE_PREFIX_PATH}:/home/rhobtor/PHD/path_dem/install_navigation/path_dem:/home/rhobtor/PHD/path_dem/install/path_dem:/home/rhobtor/PHD/install_global_belief_final/path_dem:/home/rhobtor/PHD/ARGOSJ8_IA/ARGOSJ8_IA_/install/car:/home/rhobtor/PHD/ARGOSJ8_IA/ARGOSJ8_IA_/install/ntrip_client:/home/rhobtor/PHD/ARGOSJ8_IA/ARGOSJ8_IA_/install/j8_gui:/home/rhobtor/PHD/ARGOSJ8_IA/ARGOSJ8_IA_/install/gui:/home/rhobtor/PHD/ARGOSJ8_IA/ARGOSJ8_IA_/install/android_ros2_server:/home/rhobtor/PHD/ARGOSJ8_IA/ARGOSJ8_IA_/install/GUI_pkg:/home/rhobtor/PHD/model_terrain_ugv/Model_terrain_ugv/install/model_terrain:/opt/ros/humble /usr/bin/cmake --build /home/rhobtor/PHD/j8_control/J8_control/build/spacenav -- -j20 -l20
[19.655s] Invoking command in '/home/rhobtor/PHD/j8_control/J8_control/build/spacenav': CMAKE_PREFIX_PATH=${CMAKE_PREFIX_PATH}:/home/rhobtor/PHD/path_dem/install_navigation/path_dem:/home/rhobtor/PHD/path_dem/install/path_dem:/home/rhobtor/PHD/install_global_belief_final/path_dem:/home/rhobtor/PHD/ARGOSJ8_IA/ARGOSJ8_IA_/install/car:/home/rhobtor/PHD/ARGOSJ8_IA/ARGOSJ8_IA_/install/ntrip_client:/home/rhobtor/PHD/ARGOSJ8_IA/ARGOSJ8_IA_/install/j8_gui:/home/rhobtor/PHD/ARGOSJ8_IA/ARGOSJ8_IA_/install/gui:/home/rhobtor/PHD/ARGOSJ8_IA/ARGOSJ8_IA_/install/android_ros2_server:/home/rhobtor/PHD/ARGOSJ8_IA/ARGOSJ8_IA_/install/GUI_pkg:/home/rhobtor/PHD/model_terrain_ugv/Model_terrain_ugv/install/model_terrain:/opt/ros/humble /usr/bin/cmake --install /home/rhobtor/PHD/j8_control/J8_control/build/spacenav
[19.738s] -- Install configuration: ""
[19.738s] -- Installing: /home/rhobtor/PHD/j8_control/J8_control/install/spacenav/lib/libspacenav.so
[19.738s] -- Set runtime path of "/home/rhobtor/PHD/j8_control/J8_control/install/spacenav/lib/libspacenav.so" to ""
[19.739s] -- Installing: /home/rhobtor/PHD/j8_control/J8_control/install/spacenav/lib/spacenav/spacenav_node
[19.739s] -- Set runtime path of "/home/rhobtor/PHD/j8_control/J8_control/install/spacenav/lib/spacenav/spacenav_node" to ""
[19.739s] -- Installing: /home/rhobtor/PHD/j8_control/J8_control/install/spacenav/include/spacenav
[19.739s] -- Installing: /home/rhobtor/PHD/j8_control/J8_control/install/spacenav/include/spacenav/spacenav
[19.739s] -- Installing: /home/rhobtor/PHD/j8_control/J8_control/install/spacenav/include/spacenav/spacenav/spacenav.hpp
[19.739s] -- Installing: /home/rhobtor/PHD/j8_control/J8_control/install/spacenav/share/spacenav//launch
[19.739s] -- Installing: /home/rhobtor/PHD/j8_control/J8_control/install/spacenav/share/spacenav//launch/classic-launch.py
[19.739s] -- Installing: /home/rhobtor/PHD/j8_control/J8_control/install/spacenav/share/spacenav//launch/static_deadband-launch.py
[19.739s] -- Installing: /home/rhobtor/PHD/j8_control/J8_control/install/spacenav/share/spacenav//launch/no_deadband-launch.py
[19.739s] -- Up-to-date: /home/rhobtor/PHD/j8_control/J8_control/install/spacenav/lib/libspacenav.so
[19.739s] -- Installing: /home/rhobtor/PHD/j8_control/J8_control/install/spacenav/share/ament_index/resource_index/package_run_dependencies/spacenav
[19.739s] -- Installing: /home/rhobtor/PHD/j8_control/J8_control/install/spacenav/share/ament_index/resource_index/parent_prefix_path/spacenav
[19.739s] -- Installing: /home/rhobtor/PHD/j8_control/J8_control/install/spacenav/share/spacenav/environment/ament_prefix_path.sh
[19.739s] -- Installing: /home/rhobtor/PHD/j8_control/J8_control/install/spacenav/share/spacenav/environment/ament_prefix_path.dsv
[19.739s] -- Installing: /home/rhobtor/PHD/j8_control/J8_control/install/spacenav/share/spacenav/environment/path.sh
[19.739s] -- Installing: /home/rhobtor/PHD/j8_control/J8_control/install/spacenav/share/spacenav/environment/path.dsv
[19.739s] -- Installing: /home/rhobtor/PHD/j8_control/J8_control/install/spacenav/share/spacenav/local_setup.bash
[19.739s] -- Installing: /home/rhobtor/PHD/j8_control/J8_control/install/spacenav/share/spacenav/local_setup.sh
[19.739s] -- Installing: /home/rhobtor/PHD/j8_control/J8_control/install/spacenav/share/spacenav/local_setup.zsh
[19.739s] -- Installing: /home/rhobtor/PHD/j8_control/J8_control/install/spacenav/share/spacenav/local_setup.dsv
[19.739s] -- Installing: /home/rhobtor/PHD/j8_control/J8_control/install/spacenav/share/spacenav/package.dsv
[19.740s] -- Installing: /home/rhobtor/PHD/j8_control/J8_control/install/spacenav/share/ament_index/resource_index/packages/spacenav
[19.740s] -- Installing: /home/rhobtor/PHD/j8_control/J8_control/install/spacenav/share/ament_index/resource_index/rclcpp_components/spacenav
[19.740s] -- Installing: /home/rhobtor/PHD/j8_control/J8_control/install/spacenav/share/spacenav/cmake/export_spacenavExport.cmake
[19.740s] -- Installing: /home/rhobtor/PHD/j8_control/J8_control/install/spacenav/share/spacenav/cmake/export_spacenavExport-noconfig.cmake
[19.740s] -- Installing: /home/rhobtor/PHD/j8_control/J8_control/install/spacenav/share/spacenav/cmake/ament_cmake_export_targets-extras.cmake
[19.740s] -- Installing: /home/rhobtor/PHD/j8_control/J8_control/install/spacenav/share/spacenav/cmake/ament_cmake_export_dependencies-extras.cmake
[19.740s] -- Installing: /home/rhobtor/PHD/j8_control/J8_control/install/spacenav/share/spacenav/cmake/spacenavConfig.cmake
[19.740s] -- Installing: /home/rhobtor/PHD/j8_control/J8_control/install/spacenav/share/spacenav/cmake/spacenavConfig-version.cmake
[19.740s] -- Installing: /home/rhobtor/PHD/j8_control/J8_control/install/spacenav/share/spacenav/package.xml
[19.796s] Invoked command in '/home/rhobtor/PHD/j8_control/J8_control/build/spacenav' returned '0': CMAKE_PREFIX_PATH=${CMAKE_PREFIX_PATH}:/home/rhobtor/PHD/path_dem/install_navigation/path_dem:/home/rhobtor/PHD/path_dem/install/path_dem:/home/rhobtor/PHD/install_global_belief_final/path_dem:/home/rhobtor/PHD/ARGOSJ8_IA/ARGOSJ8_IA_/install/car:/home/rhobtor/PHD/ARGOSJ8_IA/ARGOSJ8_IA_/install/ntrip_client:/home/rhobtor/PHD/ARGOSJ8_IA/ARGOSJ8_IA_/install/j8_gui:/home/rhobtor/PHD/ARGOSJ8_IA/ARGOSJ8_IA_/install/gui:/home/rhobtor/PHD/ARGOSJ8_IA/ARGOSJ8_IA_/install/android_ros2_server:/home/rhobtor/PHD/ARGOSJ8_IA/ARGOSJ8_IA_/install/GUI_pkg:/home/rhobtor/PHD/model_terrain_ugv/Model_terrain_ugv/install/model_terrain:/opt/ros/humble /usr/bin/cmake --install /home/rhobtor/PHD/j8_control/J8_control/build/spacenav
