[0.098s] Invoking command in '/home/rhobtor/PHD/j8_control/J8_control/build/ublox_serialization': CMAKE_PREFIX_PATH=${CMAKE_PREFIX_PATH}:/home/rhobtor/PHD/path_dem/install_navigation/path_dem:/home/rhobtor/PHD/path_dem/install/path_dem:/home/rhobtor/PHD/install_global_belief_final/path_dem:/home/rhobtor/PHD/ARGOSJ8_IA/ARGOSJ8_IA_/install/car:/home/rhobtor/PHD/ARGOSJ8_IA/ARGOSJ8_IA_/install/ntrip_client:/home/rhobtor/PHD/ARGOSJ8_IA/ARGOSJ8_IA_/install/j8_gui:/home/rhobtor/PHD/ARGOSJ8_IA/ARGOSJ8_IA_/install/gui:/home/rhobtor/PHD/ARGOSJ8_IA/ARGOSJ8_IA_/install/android_ros2_server:/home/rhobtor/PHD/ARGOSJ8_IA/ARGOSJ8_IA_/install/GUI_pkg:/home/rhobtor/PHD/model_terrain_ugv/Model_terrain_ugv/install/model_terrain:/opt/ros/humble /usr/bin/cmake /home/rhobtor/PHD/j8_control/J8_control/src/argo_drivers_pkgs/ublox/ublox_serialization -DCMAKE_INSTALL_PREFIX=/home/rhobtor/PHD/j8_control/J8_control/install/ublox_serialization
[1.346s] -- The C compiler identification is GNU 11.4.0
[1.346s] -- The CXX compiler identification is GNU 11.4.0
[1.346s] -- Detecting C compiler ABI info
[1.346s] -- Detecting C compiler ABI info - done
[1.346s] -- Check for working C compiler: /usr/bin/cc - skipped
[1.346s] -- Detecting C compile features
[1.346s] -- Detecting C compile features - done
[1.346s] -- Detecting CXX compiler ABI info
[1.346s] -- Detecting CXX compiler ABI info - done
[1.346s] -- Check for working CXX compiler: /usr/bin/c++ - skipped
[1.346s] -- Detecting CXX compile features
[1.346s] -- Detecting CXX compile features - done
[1.346s] -- Found ament_cmake: 1.3.14 (/opt/ros/humble/share/ament_cmake/cmake)
[1.346s] -- Found Python3: /usr/bin/python3 (found version "3.10.12") found components: Interpreter 
[1.346s] -- Configuring done
[1.346s] -- Generating done
[1.346s] -- Build files have been written to: /home/rhobtor/PHD/j8_control/J8_control/build/ublox_serialization
[1.377s] Invoked command in '/home/rhobtor/PHD/j8_control/J8_control/build/ublox_serialization' returned '0': CMAKE_PREFIX_PATH=${CMAKE_PREFIX_PATH}:/home/rhobtor/PHD/path_dem/install_navigation/path_dem:/home/rhobtor/PHD/path_dem/install/path_dem:/home/rhobtor/PHD/install_global_belief_final/path_dem:/home/rhobtor/PHD/ARGOSJ8_IA/ARGOSJ8_IA_/install/car:/home/rhobtor/PHD/ARGOSJ8_IA/ARGOSJ8_IA_/install/ntrip_client:/home/rhobtor/PHD/ARGOSJ8_IA/ARGOSJ8_IA_/install/j8_gui:/home/rhobtor/PHD/ARGOSJ8_IA/ARGOSJ8_IA_/install/gui:/home/rhobtor/PHD/ARGOSJ8_IA/ARGOSJ8_IA_/install/android_ros2_server:/home/rhobtor/PHD/ARGOSJ8_IA/ARGOSJ8_IA_/install/GUI_pkg:/home/rhobtor/PHD/model_terrain_ugv/Model_terrain_ugv/install/model_terrain:/opt/ros/humble /usr/bin/cmake /home/rhobtor/PHD/j8_control/J8_control/src/argo_drivers_pkgs/ublox/ublox_serialization -DCMAKE_INSTALL_PREFIX=/home/rhobtor/PHD/j8_control/J8_control/install/ublox_serialization
[1.378s] Invoking command in '/home/rhobtor/PHD/j8_control/J8_control/build/ublox_serialization': CMAKE_PREFIX_PATH=${CMAKE_PREFIX_PATH}:/home/rhobtor/PHD/path_dem/install_navigation/path_dem:/home/rhobtor/PHD/path_dem/install/path_dem:/home/rhobtor/PHD/install_global_belief_final/path_dem:/home/rhobtor/PHD/ARGOSJ8_IA/ARGOSJ8_IA_/install/car:/home/rhobtor/PHD/ARGOSJ8_IA/ARGOSJ8_IA_/install/ntrip_client:/home/rhobtor/PHD/ARGOSJ8_IA/ARGOSJ8_IA_/install/j8_gui:/home/rhobtor/PHD/ARGOSJ8_IA/ARGOSJ8_IA_/install/gui:/home/rhobtor/PHD/ARGOSJ8_IA/ARGOSJ8_IA_/install/android_ros2_server:/home/rhobtor/PHD/ARGOSJ8_IA/ARGOSJ8_IA_/install/GUI_pkg:/home/rhobtor/PHD/model_terrain_ugv/Model_terrain_ugv/install/model_terrain:/opt/ros/humble /usr/bin/cmake --build /home/rhobtor/PHD/j8_control/J8_control/build/ublox_serialization -- -j20 -l20
[2.618s] Invoked command in '/home/rhobtor/PHD/j8_control/J8_control/build/ublox_serialization' returned '0': CMAKE_PREFIX_PATH=${CMAKE_PREFIX_PATH}:/home/rhobtor/PHD/path_dem/install_navigation/path_dem:/home/rhobtor/PHD/path_dem/install/path_dem:/home/rhobtor/PHD/install_global_belief_final/path_dem:/home/rhobtor/PHD/ARGOSJ8_IA/ARGOSJ8_IA_/install/car:/home/rhobtor/PHD/ARGOSJ8_IA/ARGOSJ8_IA_/install/ntrip_client:/home/rhobtor/PHD/ARGOSJ8_IA/ARGOSJ8_IA_/install/j8_gui:/home/rhobtor/PHD/ARGOSJ8_IA/ARGOSJ8_IA_/install/gui:/home/rhobtor/PHD/ARGOSJ8_IA/ARGOSJ8_IA_/install/android_ros2_server:/home/rhobtor/PHD/ARGOSJ8_IA/ARGOSJ8_IA_/install/GUI_pkg:/home/rhobtor/PHD/model_terrain_ugv/Model_terrain_ugv/install/model_terrain:/opt/ros/humble /usr/bin/cmake --build /home/rhobtor/PHD/j8_control/J8_control/build/ublox_serialization -- -j20 -l20
[2.628s] Invoking command in '/home/rhobtor/PHD/j8_control/J8_control/build/ublox_serialization': CMAKE_PREFIX_PATH=${CMAKE_PREFIX_PATH}:/home/rhobtor/PHD/path_dem/install_navigation/path_dem:/home/rhobtor/PHD/path_dem/install/path_dem:/home/rhobtor/PHD/install_global_belief_final/path_dem:/home/rhobtor/PHD/ARGOSJ8_IA/ARGOSJ8_IA_/install/car:/home/rhobtor/PHD/ARGOSJ8_IA/ARGOSJ8_IA_/install/ntrip_client:/home/rhobtor/PHD/ARGOSJ8_IA/ARGOSJ8_IA_/install/j8_gui:/home/rhobtor/PHD/ARGOSJ8_IA/ARGOSJ8_IA_/install/gui:/home/rhobtor/PHD/ARGOSJ8_IA/ARGOSJ8_IA_/install/android_ros2_server:/home/rhobtor/PHD/ARGOSJ8_IA/ARGOSJ8_IA_/install/GUI_pkg:/home/rhobtor/PHD/model_terrain_ugv/Model_terrain_ugv/install/model_terrain:/opt/ros/humble /usr/bin/cmake --install /home/rhobtor/PHD/j8_control/J8_control/build/ublox_serialization
[2.862s] -- Install configuration: ""
[2.862s] -- Installing: /home/rhobtor/PHD/j8_control/J8_control/install/ublox_serialization/include/ublox_serialization
[2.862s] -- Installing: /home/rhobtor/PHD/j8_control/J8_control/install/ublox_serialization/include/ublox_serialization/ublox_serialization
[2.862s] -- Installing: /home/rhobtor/PHD/j8_control/J8_control/install/ublox_serialization/include/ublox_serialization/ublox_serialization/checksum.hpp
[2.869s] -- Installing: /home/rhobtor/PHD/j8_control/J8_control/install/ublox_serialization/include/ublox_serialization/ublox_serialization/serialization.hpp
[2.869s] -- Installing: /home/rhobtor/PHD/j8_control/J8_control/install/ublox_serialization/share/ament_index/resource_index/package_run_dependencies/ublox_serialization
[2.870s] -- Installing: /home/rhobtor/PHD/j8_control/J8_control/install/ublox_serialization/share/ament_index/resource_index/parent_prefix_path/ublox_serialization
[2.870s] -- Installing: /home/rhobtor/PHD/j8_control/J8_control/install/ublox_serialization/share/ublox_serialization/environment/ament_prefix_path.sh
[2.870s] -- Installing: /home/rhobtor/PHD/j8_control/J8_control/install/ublox_serialization/share/ublox_serialization/environment/ament_prefix_path.dsv
[2.870s] -- Installing: /home/rhobtor/PHD/j8_control/J8_control/install/ublox_serialization/share/ublox_serialization/environment/path.sh
[2.870s] -- Installing: /home/rhobtor/PHD/j8_control/J8_control/install/ublox_serialization/share/ublox_serialization/environment/path.dsv
[2.870s] -- Installing: /home/rhobtor/PHD/j8_control/J8_control/install/ublox_serialization/share/ublox_serialization/local_setup.bash
[2.871s] -- Installing: /home/rhobtor/PHD/j8_control/J8_control/install/ublox_serialization/share/ublox_serialization/local_setup.sh
[2.872s] -- Installing: /home/rhobtor/PHD/j8_control/J8_control/install/ublox_serialization/share/ublox_serialization/local_setup.zsh
[2.872s] -- Installing: /home/rhobtor/PHD/j8_control/J8_control/install/ublox_serialization/share/ublox_serialization/local_setup.dsv
[2.872s] -- Installing: /home/rhobtor/PHD/j8_control/J8_control/install/ublox_serialization/share/ublox_serialization/package.dsv
[2.872s] -- Installing: /home/rhobtor/PHD/j8_control/J8_control/install/ublox_serialization/share/ament_index/resource_index/packages/ublox_serialization
[2.872s] -- Installing: /home/rhobtor/PHD/j8_control/J8_control/install/ublox_serialization/share/ublox_serialization/cmake/export_ublox_serializationExport.cmake
[2.872s] -- Installing: /home/rhobtor/PHD/j8_control/J8_control/install/ublox_serialization/share/ublox_serialization/cmake/ament_cmake_export_include_directories-extras.cmake
[2.872s] -- Installing: /home/rhobtor/PHD/j8_control/J8_control/install/ublox_serialization/share/ublox_serialization/cmake/ament_cmake_export_targets-extras.cmake
[2.872s] -- Installing: /home/rhobtor/PHD/j8_control/J8_control/install/ublox_serialization/share/ublox_serialization/cmake/ublox_serializationConfig.cmake
[2.872s] -- Installing: /home/rhobtor/PHD/j8_control/J8_control/install/ublox_serialization/share/ublox_serialization/cmake/ublox_serializationConfig-version.cmake
[2.872s] -- Installing: /home/rhobtor/PHD/j8_control/J8_control/install/ublox_serialization/share/ublox_serialization/package.xml
[2.873s] Invoked command in '/home/rhobtor/PHD/j8_control/J8_control/build/ublox_serialization' returned '0': CMAKE_PREFIX_PATH=${CMAKE_PREFIX_PATH}:/home/rhobtor/PHD/path_dem/install_navigation/path_dem:/home/rhobtor/PHD/path_dem/install/path_dem:/home/rhobtor/PHD/install_global_belief_final/path_dem:/home/rhobtor/PHD/ARGOSJ8_IA/ARGOSJ8_IA_/install/car:/home/rhobtor/PHD/ARGOSJ8_IA/ARGOSJ8_IA_/install/ntrip_client:/home/rhobtor/PHD/ARGOSJ8_IA/ARGOSJ8_IA_/install/j8_gui:/home/rhobtor/PHD/ARGOSJ8_IA/ARGOSJ8_IA_/install/gui:/home/rhobtor/PHD/ARGOSJ8_IA/ARGOSJ8_IA_/install/android_ros2_server:/home/rhobtor/PHD/ARGOSJ8_IA/ARGOSJ8_IA_/install/GUI_pkg:/home/rhobtor/PHD/model_terrain_ugv/Model_terrain_ugv/install/model_terrain:/opt/ros/humble /usr/bin/cmake --install /home/rhobtor/PHD/j8_control/J8_control/build/ublox_serialization
