[0.027s] Invoking command in '/home/roverj8/LUIS/ARGJ08/ARGOSJ8_IA_/build/sdl2_vendor': /usr/bin/cmake /home/roverj8/LUIS/ARGJ08/ARGOSJ8_IA_/src/j8_joystick/sdl2_vendor -DCMAKE_INSTALL_PREFIX=/home/roverj8/LUIS/ARGJ08/ARGOSJ8_IA_/install/sdl2_vendor
[0.990s] -- The C compiler identification is GNU 11.4.0
[0.990s] -- The CXX compiler identification is GNU 11.4.0
[0.990s] -- Detecting C compiler ABI info
[0.990s] -- Detecting C compiler ABI info - done
[0.990s] -- Check for working C compiler: /usr/bin/cc - skipped
[0.990s] -- Detecting C compile features
[0.990s] -- Detecting C compile features - done
[0.990s] -- Detecting CXX compiler ABI info
[0.990s] -- Detecting CXX compiler ABI info - done
[0.990s] -- Check for working CXX compiler: /usr/bin/c++ - skipped
[0.990s] -- Detecting CXX compile features
[0.990s] -- Detecting CXX compile features - done
[0.990s] -- Configuring incomplete, errors occurred!
[0.990s] See also "/home/roverj8/LUIS/ARGJ08/ARGOSJ8_IA_/build/sdl2_vendor/CMakeFiles/CMakeOutput.log".
[0.990s] [31mCMake Error at CMakeLists.txt:8 (find_package):
[0.991s]   By not providing "Findament_cmake.cmake" in CMAKE_MODULE_PATH this project
[0.991s]   has asked CMake to find a package configuration file provided by
[0.991s]   "ament_cmake", but CMake did not find one.
[0.991s] 
[0.991s]   Could not find a package configuration file provided by "ament_cmake" with
[0.991s]   any of the following names:
[0.991s] 
[0.991s]     ament_cmakeConfig.cmake
[0.991s]     ament_cmake-config.cmake
[0.991s] 
[0.991s]   Add the installation prefix of "ament_cmake" to CMAKE_PREFIX_PATH or set
[0.991s]   "ament_cmake_DIR" to a directory containing one of the above files.  If
[0.991s]   "ament_cmake" provides a separate development package or SDK, be sure it
[0.991s]   has been installed.
[0.991s] 
[0.991s] [0m
[1.021s] Invoked command in '/home/roverj8/LUIS/ARGJ08/ARGOSJ8_IA_/build/sdl2_vendor' returned '1': /usr/bin/cmake /home/roverj8/LUIS/ARGJ08/ARGOSJ8_IA_/src/j8_joystick/sdl2_vendor -DCMAKE_INSTALL_PREFIX=/home/roverj8/LUIS/ARGJ08/ARGOSJ8_IA_/install/sdl2_vendor
