[1.466s] Invoking command in '/home/rhobtor/PHD/j8_control/J8_control/src/car_python': AMENT_PREFIX_PATH=/home/rhobtor/PHD/j8_control/J8_control/install/path_manager_interfaces:/home/rhobtor/PHD/j8_control/J8_control/install/car_interfaces:/home/rhobtor/PHD/j8_control/J8_control/install/argj801_ctl_platform_interfaces:${AMENT_PREFIX_PATH} CMAKE_PREFIX_PATH=/home/rhobtor/PHD/j8_control/J8_control/install/path_manager_interfaces:/home/rhobtor/PHD/j8_control/J8_control/install/car_interfaces:/home/rhobtor/PHD/j8_control/J8_control/install/argj801_ctl_platform_interfaces:${CMAKE_PREFIX_PATH} LD_LIBRARY_PATH=/home/rhobtor/PHD/j8_control/J8_control/install/path_manager_interfaces/lib:/home/rhobtor/PHD/j8_control/J8_control/install/car_interfaces/lib:/home/rhobtor/PHD/j8_control/J8_control/install/argj801_ctl_platform_interfaces/lib:${LD_LIBRARY_PATH} PYTHONPATH=/home/rhobtor/PHD/j8_control/J8_control/build/car/prefix_override:/usr/lib/python3/dist-packages/colcon_core/task/python/colcon_distutils_commands:/home/rhobtor/PHD/j8_control/J8_control/install/car/lib/python3.10/site-packages:/home/rhobtor/PHD/j8_control/J8_control/install/path_manager_interfaces/local/lib/python3.10/dist-packages:/home/rhobtor/PHD/j8_control/J8_control/install/car_interfaces/local/lib/python3.10/dist-packages:/home/rhobtor/PHD/j8_control/J8_control/install/argj801_ctl_platform_interfaces/local/lib/python3.10/dist-packages:${PYTHONPATH} /usr/bin/python3 -W ignore:setup.py install is deprecated -W ignore:easy_install command is deprecated setup.py egg_info --egg-base ../../build/car build --build-base /home/rhobtor/PHD/j8_control/J8_control/build/car/build install --record /home/rhobtor/PHD/j8_control/J8_control/build/car/install.log --install-scripts $base/lib/car --single-version-externally-managed install_data
[1.728s] /home/rhobtor/.local/lib/python3.10/site-packages/setuptools/_distutils/dist.py:287: UserWarning: Unknown distribution option: 'tests_require'
[1.728s]   warnings.warn(msg)
[1.908s] running egg_info
[1.934s] creating ../../build/car/car.egg-info
[1.934s] writing ../../build/car/car.egg-info/PKG-INFO
[1.934s] writing dependency_links to ../../build/car/car.egg-info/dependency_links.txt
[1.934s] writing entry points to ../../build/car/car.egg-info/entry_points.txt
[1.934s] writing requirements to ../../build/car/car.egg-info/requires.txt
[1.935s] writing top-level names to ../../build/car/car.egg-info/top_level.txt
[1.935s] writing manifest file '../../build/car/car.egg-info/SOURCES.txt'
[1.989s] reading manifest file '../../build/car/car.egg-info/SOURCES.txt'
[1.989s] writing manifest file '../../build/car/car.egg-info/SOURCES.txt'
[1.989s] running build
[1.989s] running build_py
[1.990s] creating /home/rhobtor/PHD/j8_control/J8_control/build/car/build/lib/car
[1.990s] copying car/fusion.py -> /home/rhobtor/PHD/j8_control/J8_control/build/car/build/lib/car
[1.990s] copying car/__init__.py -> /home/rhobtor/PHD/j8_control/J8_control/build/car/build/lib/car
[1.991s] copying car/j8_bueno.py -> /home/rhobtor/PHD/j8_control/J8_control/build/car/build/lib/car
[1.994s] copying car/supervisor_circuit.py -> /home/rhobtor/PHD/j8_control/J8_control/build/car/build/lib/car
[1.995s] copying car/backup_model_ppo_cnn_lstm.py -> /home/rhobtor/PHD/j8_control/J8_control/build/car/build/lib/car
[1.995s] copying car/scape_test.py -> /home/rhobtor/PHD/j8_control/J8_control/build/car/build/lib/car
[1.995s] copying car/colision_zone.py -> /home/rhobtor/PHD/j8_control/J8_control/build/car/build/lib/car
[1.995s] copying car/fixposition_local_tf_from_odom.py -> /home/rhobtor/PHD/j8_control/J8_control/build/car/build/lib/car
[1.995s] copying car/inference_training_mode_simple.py -> /home/rhobtor/PHD/j8_control/J8_control/build/car/build/lib/car
[1.995s] copying car/fixposition_map_odom_static_from_odom.py -> /home/rhobtor/PHD/j8_control/J8_control/build/car/build/lib/car
[1.995s] copying car/memory_map.py -> /home/rhobtor/PHD/j8_control/J8_control/build/car/build/lib/car
[1.995s] copying car/latlon_posearray_to_local.py -> /home/rhobtor/PHD/j8_control/J8_control/build/car/build/lib/car
[1.995s] copying car/gnss_goal_circuit.py -> /home/rhobtor/PHD/j8_control/J8_control/build/car/build/lib/car
[1.995s] copying car/unity_goal.py -> /home/rhobtor/PHD/j8_control/J8_control/build/car/build/lib/car
[1.995s] copying car/supervisor.py -> /home/rhobtor/PHD/j8_control/J8_control/build/car/build/lib/car
[1.995s] copying car/voxel_unity.py -> /home/rhobtor/PHD/j8_control/J8_control/build/car/build/lib/car
[1.995s] copying car/map_navegation.py -> /home/rhobtor/PHD/j8_control/J8_control/build/car/build/lib/car
[1.995s] copying car/path_ppo_cnn_lstm_training_init_mode.py -> /home/rhobtor/PHD/j8_control/J8_control/build/car/build/lib/car
[1.995s] copying car/fp_poi_map_static_from_start.py -> /home/rhobtor/PHD/j8_control/J8_control/build/car/build/lib/car
[1.995s] copying car/navsatfix_goal_to_map_pose.py -> /home/rhobtor/PHD/j8_control/J8_control/build/car/build/lib/car
[1.995s] copying car/frontier_centroid.py -> /home/rhobtor/PHD/j8_control/J8_control/build/car/build/lib/car
[2.002s] copying car/check_goal_gnss.py -> /home/rhobtor/PHD/j8_control/J8_control/build/car/build/lib/car
[2.002s] copying car/path_ppo_cnn_lstm_training_init_mode_simple.py -> /home/rhobtor/PHD/j8_control/J8_control/build/car/build/lib/car
[2.002s] copying car/external_path_controller.py -> /home/rhobtor/PHD/j8_control/J8_control/build/car/build/lib/car
[2.002s] copying car/fixposition_reframe.py -> /home/rhobtor/PHD/j8_control/J8_control/build/car/build/lib/car
[2.002s] copying car/cmd_vel_to_throttle.py -> /home/rhobtor/PHD/j8_control/J8_control/build/car/build/lib/car
[2.002s] copying car/navsatfix_to_ecef.py -> /home/rhobtor/PHD/j8_control/J8_control/build/car/build/lib/car
[2.002s] copying car/planificador_script.py -> /home/rhobtor/PHD/j8_control/J8_control/build/car/build/lib/car
[2.002s] copying car/test_octomap.py -> /home/rhobtor/PHD/j8_control/J8_control/build/car/build/lib/car
[2.002s] copying car/test_j8_old.py -> /home/rhobtor/PHD/j8_control/J8_control/build/car/build/lib/car
[2.002s] copying car/inference_j8.py -> /home/rhobtor/PHD/j8_control/J8_control/build/car/build/lib/car
[2.003s] copying car/lidar_obstacle_detection.py -> /home/rhobtor/PHD/j8_control/J8_control/build/car/build/lib/car
[2.003s] copying car/points_goal.py -> /home/rhobtor/PHD/j8_control/J8_control/build/car/build/lib/car
[2.003s] copying car/inference_full_model.py -> /home/rhobtor/PHD/j8_control/J8_control/build/car/build/lib/car
[2.003s] copying car/test_vel.py -> /home/rhobtor/PHD/j8_control/J8_control/build/car/build/lib/car
[2.003s] copying car/inference_test_j8.py -> /home/rhobtor/PHD/j8_control/J8_control/build/car/build/lib/car
[2.004s] copying car/prior_map_builder.py -> /home/rhobtor/PHD/j8_control/J8_control/build/car/build/lib/car
[2.007s] copying car/map_test_navigation_hgh.py -> /home/rhobtor/PHD/j8_control/J8_control/build/car/build/lib/car
[2.007s] copying car/costmap.py -> /home/rhobtor/PHD/j8_control/J8_control/build/car/build/lib/car
[2.007s] copying car/goal_local_marker.py -> /home/rhobtor/PHD/j8_control/J8_control/build/car/build/lib/car
[2.008s] copying car/points_goal_old.py -> /home/rhobtor/PHD/j8_control/J8_control/build/car/build/lib/car
[2.008s] copying car/path_ppo_cnn_lstm_training_init_mode_j8.py -> /home/rhobtor/PHD/j8_control/J8_control/build/car/build/lib/car
[2.008s] copying car/detected_persons_local_to_latlon.py -> /home/rhobtor/PHD/j8_control/J8_control/build/car/build/lib/car
[2.008s] copying car/filter_points_cloud.py -> /home/rhobtor/PHD/j8_control/J8_control/build/car/build/lib/car
[2.008s] copying car/odom_to_tf.py -> /home/rhobtor/PHD/j8_control/J8_control/build/car/build/lib/car
[2.008s] copying car/fixposition_tf_tree_for_zed.py -> /home/rhobtor/PHD/j8_control/J8_control/build/car/build/lib/car
[2.008s] copying car/keyboard_control.py -> /home/rhobtor/PHD/j8_control/J8_control/build/car/build/lib/car
[2.008s] copying car/latlon_posearray_to_local_utm.py -> /home/rhobtor/PHD/j8_control/J8_control/build/car/build/lib/car
[2.008s] copying car/latlon_circuit.py -> /home/rhobtor/PHD/j8_control/J8_control/build/car/build/lib/car
[2.008s] copying car/j8_test_ppo.py -> /home/rhobtor/PHD/j8_control/J8_control/build/car/build/lib/car
[2.008s] copying car/fp_poi_map_odom_static_test.py -> /home/rhobtor/PHD/j8_control/J8_control/build/car/build/lib/car
[2.008s] copying car/joystick_control.py -> /home/rhobtor/PHD/j8_control/J8_control/build/car/build/lib/car
[2.008s] copying car/path_ppo_cnn_lstm_full_model.py -> /home/rhobtor/PHD/j8_control/J8_control/build/car/build/lib/car
[2.008s] copying car/movement_predictive.py -> /home/rhobtor/PHD/j8_control/J8_control/build/car/build/lib/car
[2.008s] copying car/fixposition_map_anchor.py -> /home/rhobtor/PHD/j8_control/J8_control/build/car/build/lib/car
[2.008s] copying car/zed_static_tf_tree.py -> /home/rhobtor/PHD/j8_control/J8_control/build/car/build/lib/car
[2.008s] copying car/fixposition_odom_to_base_link_tf.py -> /home/rhobtor/PHD/j8_control/J8_control/build/car/build/lib/car
[2.009s] copying car/fake_person_local_detections.py -> /home/rhobtor/PHD/j8_control/J8_control/build/car/build/lib/car
[2.009s] copying car/circuit1.py -> /home/rhobtor/PHD/j8_control/J8_control/build/car/build/lib/car
[2.009s] copying car/j8_policy.py -> /home/rhobtor/PHD/j8_control/J8_control/build/car/build/lib/car
[2.009s] copying car/fake_robot_pose.py -> /home/rhobtor/PHD/j8_control/J8_control/build/car/build/lib/car
[2.010s] running install
[2.015s] running install_lib
[2.035s] creating /home/rhobtor/PHD/j8_control/J8_control/install/car/lib/python3.10/site-packages/car
[2.035s] copying /home/rhobtor/PHD/j8_control/J8_control/build/car/build/lib/car/fusion.py -> /home/rhobtor/PHD/j8_control/J8_control/install/car/lib/python3.10/site-packages/car
[2.035s] copying /home/rhobtor/PHD/j8_control/J8_control/build/car/build/lib/car/__init__.py -> /home/rhobtor/PHD/j8_control/J8_control/install/car/lib/python3.10/site-packages/car
[2.035s] copying /home/rhobtor/PHD/j8_control/J8_control/build/car/build/lib/car/j8_bueno.py -> /home/rhobtor/PHD/j8_control/J8_control/install/car/lib/python3.10/site-packages/car
[2.036s] copying /home/rhobtor/PHD/j8_control/J8_control/build/car/build/lib/car/supervisor_circuit.py -> /home/rhobtor/PHD/j8_control/J8_control/install/car/lib/python3.10/site-packages/car
[2.036s] copying /home/rhobtor/PHD/j8_control/J8_control/build/car/build/lib/car/backup_model_ppo_cnn_lstm.py -> /home/rhobtor/PHD/j8_control/J8_control/install/car/lib/python3.10/site-packages/car
[2.036s] copying /home/rhobtor/PHD/j8_control/J8_control/build/car/build/lib/car/scape_test.py -> /home/rhobtor/PHD/j8_control/J8_control/install/car/lib/python3.10/site-packages/car
[2.036s] copying /home/rhobtor/PHD/j8_control/J8_control/build/car/build/lib/car/colision_zone.py -> /home/rhobtor/PHD/j8_control/J8_control/install/car/lib/python3.10/site-packages/car
[2.036s] copying /home/rhobtor/PHD/j8_control/J8_control/build/car/build/lib/car/fixposition_local_tf_from_odom.py -> /home/rhobtor/PHD/j8_control/J8_control/install/car/lib/python3.10/site-packages/car
[2.036s] copying /home/rhobtor/PHD/j8_control/J8_control/build/car/build/lib/car/inference_training_mode_simple.py -> /home/rhobtor/PHD/j8_control/J8_control/install/car/lib/python3.10/site-packages/car
[2.037s] copying /home/rhobtor/PHD/j8_control/J8_control/build/car/build/lib/car/fixposition_map_odom_static_from_odom.py -> /home/rhobtor/PHD/j8_control/J8_control/install/car/lib/python3.10/site-packages/car
[2.037s] copying /home/rhobtor/PHD/j8_control/J8_control/build/car/build/lib/car/memory_map.py -> /home/rhobtor/PHD/j8_control/J8_control/install/car/lib/python3.10/site-packages/car
[2.037s] copying /home/rhobtor/PHD/j8_control/J8_control/build/car/build/lib/car/latlon_posearray_to_local.py -> /home/rhobtor/PHD/j8_control/J8_control/install/car/lib/python3.10/site-packages/car
[2.037s] copying /home/rhobtor/PHD/j8_control/J8_control/build/car/build/lib/car/gnss_goal_circuit.py -> /home/rhobtor/PHD/j8_control/J8_control/install/car/lib/python3.10/site-packages/car
[2.037s] copying /home/rhobtor/PHD/j8_control/J8_control/build/car/build/lib/car/unity_goal.py -> /home/rhobtor/PHD/j8_control/J8_control/install/car/lib/python3.10/site-packages/car
[2.037s] copying /home/rhobtor/PHD/j8_control/J8_control/build/car/build/lib/car/supervisor.py -> /home/rhobtor/PHD/j8_control/J8_control/install/car/lib/python3.10/site-packages/car
[2.038s] copying /home/rhobtor/PHD/j8_control/J8_control/build/car/build/lib/car/voxel_unity.py -> /home/rhobtor/PHD/j8_control/J8_control/install/car/lib/python3.10/site-packages/car
[2.038s] copying /home/rhobtor/PHD/j8_control/J8_control/build/car/build/lib/car/map_navegation.py -> /home/rhobtor/PHD/j8_control/J8_control/install/car/lib/python3.10/site-packages/car
[2.038s] copying /home/rhobtor/PHD/j8_control/J8_control/build/car/build/lib/car/path_ppo_cnn_lstm_training_init_mode.py -> /home/rhobtor/PHD/j8_control/J8_control/install/car/lib/python3.10/site-packages/car
[2.038s] copying /home/rhobtor/PHD/j8_control/J8_control/build/car/build/lib/car/fp_poi_map_static_from_start.py -> /home/rhobtor/PHD/j8_control/J8_control/install/car/lib/python3.10/site-packages/car
[2.038s] copying /home/rhobtor/PHD/j8_control/J8_control/build/car/build/lib/car/navsatfix_goal_to_map_pose.py -> /home/rhobtor/PHD/j8_control/J8_control/install/car/lib/python3.10/site-packages/car
[2.039s] copying /home/rhobtor/PHD/j8_control/J8_control/build/car/build/lib/car/frontier_centroid.py -> /home/rhobtor/PHD/j8_control/J8_control/install/car/lib/python3.10/site-packages/car
[2.039s] copying /home/rhobtor/PHD/j8_control/J8_control/build/car/build/lib/car/check_goal_gnss.py -> /home/rhobtor/PHD/j8_control/J8_control/install/car/lib/python3.10/site-packages/car
[2.039s] copying /home/rhobtor/PHD/j8_control/J8_control/build/car/build/lib/car/path_ppo_cnn_lstm_training_init_mode_simple.py -> /home/rhobtor/PHD/j8_control/J8_control/install/car/lib/python3.10/site-packages/car
[2.039s] copying /home/rhobtor/PHD/j8_control/J8_control/build/car/build/lib/car/external_path_controller.py -> /home/rhobtor/PHD/j8_control/J8_control/install/car/lib/python3.10/site-packages/car
[2.039s] copying /home/rhobtor/PHD/j8_control/J8_control/build/car/build/lib/car/fixposition_reframe.py -> /home/rhobtor/PHD/j8_control/J8_control/install/car/lib/python3.10/site-packages/car
[2.039s] copying /home/rhobtor/PHD/j8_control/J8_control/build/car/build/lib/car/cmd_vel_to_throttle.py -> /home/rhobtor/PHD/j8_control/J8_control/install/car/lib/python3.10/site-packages/car
[2.039s] copying /home/rhobtor/PHD/j8_control/J8_control/build/car/build/lib/car/navsatfix_to_ecef.py -> /home/rhobtor/PHD/j8_control/J8_control/install/car/lib/python3.10/site-packages/car
[2.039s] copying /home/rhobtor/PHD/j8_control/J8_control/build/car/build/lib/car/planificador_script.py -> /home/rhobtor/PHD/j8_control/J8_control/install/car/lib/python3.10/site-packages/car
[2.040s] copying /home/rhobtor/PHD/j8_control/J8_control/build/car/build/lib/car/test_octomap.py -> /home/rhobtor/PHD/j8_control/J8_control/install/car/lib/python3.10/site-packages/car
[2.040s] copying /home/rhobtor/PHD/j8_control/J8_control/build/car/build/lib/car/test_j8_old.py -> /home/rhobtor/PHD/j8_control/J8_control/install/car/lib/python3.10/site-packages/car
[2.040s] copying /home/rhobtor/PHD/j8_control/J8_control/build/car/build/lib/car/inference_j8.py -> /home/rhobtor/PHD/j8_control/J8_control/install/car/lib/python3.10/site-packages/car
[2.040s] copying /home/rhobtor/PHD/j8_control/J8_control/build/car/build/lib/car/lidar_obstacle_detection.py -> /home/rhobtor/PHD/j8_control/J8_control/install/car/lib/python3.10/site-packages/car
[2.040s] copying /home/rhobtor/PHD/j8_control/J8_control/build/car/build/lib/car/points_goal.py -> /home/rhobtor/PHD/j8_control/J8_control/install/car/lib/python3.10/site-packages/car
[2.040s] copying /home/rhobtor/PHD/j8_control/J8_control/build/car/build/lib/car/inference_full_model.py -> /home/rhobtor/PHD/j8_control/J8_control/install/car/lib/python3.10/site-packages/car
[2.040s] copying /home/rhobtor/PHD/j8_control/J8_control/build/car/build/lib/car/test_vel.py -> /home/rhobtor/PHD/j8_control/J8_control/install/car/lib/python3.10/site-packages/car
[2.040s] copying /home/rhobtor/PHD/j8_control/J8_control/build/car/build/lib/car/inference_test_j8.py -> /home/rhobtor/PHD/j8_control/J8_control/install/car/lib/python3.10/site-packages/car
[2.041s] copying /home/rhobtor/PHD/j8_control/J8_control/build/car/build/lib/car/prior_map_builder.py -> /home/rhobtor/PHD/j8_control/J8_control/install/car/lib/python3.10/site-packages/car
[2.041s] copying /home/rhobtor/PHD/j8_control/J8_control/build/car/build/lib/car/map_test_navigation_hgh.py -> /home/rhobtor/PHD/j8_control/J8_control/install/car/lib/python3.10/site-packages/car
[2.041s] copying /home/rhobtor/PHD/j8_control/J8_control/build/car/build/lib/car/costmap.py -> /home/rhobtor/PHD/j8_control/J8_control/install/car/lib/python3.10/site-packages/car
[2.041s] copying /home/rhobtor/PHD/j8_control/J8_control/build/car/build/lib/car/goal_local_marker.py -> /home/rhobtor/PHD/j8_control/J8_control/install/car/lib/python3.10/site-packages/car
[2.041s] copying /home/rhobtor/PHD/j8_control/J8_control/build/car/build/lib/car/points_goal_old.py -> /home/rhobtor/PHD/j8_control/J8_control/install/car/lib/python3.10/site-packages/car
[2.041s] copying /home/rhobtor/PHD/j8_control/J8_control/build/car/build/lib/car/path_ppo_cnn_lstm_training_init_mode_j8.py -> /home/rhobtor/PHD/j8_control/J8_control/install/car/lib/python3.10/site-packages/car
[2.041s] copying /home/rhobtor/PHD/j8_control/J8_control/build/car/build/lib/car/detected_persons_local_to_latlon.py -> /home/rhobtor/PHD/j8_control/J8_control/install/car/lib/python3.10/site-packages/car
[2.041s] copying /home/rhobtor/PHD/j8_control/J8_control/build/car/build/lib/car/filter_points_cloud.py -> /home/rhobtor/PHD/j8_control/J8_control/install/car/lib/python3.10/site-packages/car
[2.042s] copying /home/rhobtor/PHD/j8_control/J8_control/build/car/build/lib/car/odom_to_tf.py -> /home/rhobtor/PHD/j8_control/J8_control/install/car/lib/python3.10/site-packages/car
[2.042s] copying /home/rhobtor/PHD/j8_control/J8_control/build/car/build/lib/car/fixposition_tf_tree_for_zed.py -> /home/rhobtor/PHD/j8_control/J8_control/install/car/lib/python3.10/site-packages/car
[2.043s] copying /home/rhobtor/PHD/j8_control/J8_control/build/car/build/lib/car/keyboard_control.py -> /home/rhobtor/PHD/j8_control/J8_control/install/car/lib/python3.10/site-packages/car
[2.043s] copying /home/rhobtor/PHD/j8_control/J8_control/build/car/build/lib/car/latlon_posearray_to_local_utm.py -> /home/rhobtor/PHD/j8_control/J8_control/install/car/lib/python3.10/site-packages/car
[2.043s] copying /home/rhobtor/PHD/j8_control/J8_control/build/car/build/lib/car/latlon_circuit.py -> /home/rhobtor/PHD/j8_control/J8_control/install/car/lib/python3.10/site-packages/car
[2.043s] copying /home/rhobtor/PHD/j8_control/J8_control/build/car/build/lib/car/j8_test_ppo.py -> /home/rhobtor/PHD/j8_control/J8_control/install/car/lib/python3.10/site-packages/car
[2.043s] copying /home/rhobtor/PHD/j8_control/J8_control/build/car/build/lib/car/fp_poi_map_odom_static_test.py -> /home/rhobtor/PHD/j8_control/J8_control/install/car/lib/python3.10/site-packages/car
[2.043s] copying /home/rhobtor/PHD/j8_control/J8_control/build/car/build/lib/car/joystick_control.py -> /home/rhobtor/PHD/j8_control/J8_control/install/car/lib/python3.10/site-packages/car
[2.044s] copying /home/rhobtor/PHD/j8_control/J8_control/build/car/build/lib/car/path_ppo_cnn_lstm_full_model.py -> /home/rhobtor/PHD/j8_control/J8_control/install/car/lib/python3.10/site-packages/car
[2.044s] copying /home/rhobtor/PHD/j8_control/J8_control/build/car/build/lib/car/movement_predictive.py -> /home/rhobtor/PHD/j8_control/J8_control/install/car/lib/python3.10/site-packages/car
[2.044s] copying /home/rhobtor/PHD/j8_control/J8_control/build/car/build/lib/car/fixposition_map_anchor.py -> /home/rhobtor/PHD/j8_control/J8_control/install/car/lib/python3.10/site-packages/car
[2.044s] copying /home/rhobtor/PHD/j8_control/J8_control/build/car/build/lib/car/zed_static_tf_tree.py -> /home/rhobtor/PHD/j8_control/J8_control/install/car/lib/python3.10/site-packages/car
[2.044s] copying /home/rhobtor/PHD/j8_control/J8_control/build/car/build/lib/car/fixposition_odom_to_base_link_tf.py -> /home/rhobtor/PHD/j8_control/J8_control/install/car/lib/python3.10/site-packages/car
[2.044s] copying /home/rhobtor/PHD/j8_control/J8_control/build/car/build/lib/car/fake_person_local_detections.py -> /home/rhobtor/PHD/j8_control/J8_control/install/car/lib/python3.10/site-packages/car
[2.044s] copying /home/rhobtor/PHD/j8_control/J8_control/build/car/build/lib/car/circuit1.py -> /home/rhobtor/PHD/j8_control/J8_control/install/car/lib/python3.10/site-packages/car
[2.044s] copying /home/rhobtor/PHD/j8_control/J8_control/build/car/build/lib/car/j8_policy.py -> /home/rhobtor/PHD/j8_control/J8_control/install/car/lib/python3.10/site-packages/car
[2.044s] copying /home/rhobtor/PHD/j8_control/J8_control/build/car/build/lib/car/fake_robot_pose.py -> /home/rhobtor/PHD/j8_control/J8_control/install/car/lib/python3.10/site-packages/car
[2.045s] byte-compiling /home/rhobtor/PHD/j8_control/J8_control/install/car/lib/python3.10/site-packages/car/fusion.py to fusion.cpython-310.pyc
[2.047s] byte-compiling /home/rhobtor/PHD/j8_control/J8_control/install/car/lib/python3.10/site-packages/car/__init__.py to __init__.cpython-310.pyc
[2.047s] byte-compiling /home/rhobtor/PHD/j8_control/J8_control/install/car/lib/python3.10/site-packages/car/j8_bueno.py to j8_bueno.cpython-310.pyc
[2.061s] byte-compiling /home/rhobtor/PHD/j8_control/J8_control/install/car/lib/python3.10/site-packages/car/supervisor_circuit.py to supervisor_circuit.cpython-310.pyc
[2.066s] byte-compiling /home/rhobtor/PHD/j8_control/J8_control/install/car/lib/python3.10/site-packages/car/backup_model_ppo_cnn_lstm.py to backup_model_ppo_cnn_lstm.cpython-310.pyc
[2.068s] byte-compiling /home/rhobtor/PHD/j8_control/J8_control/install/car/lib/python3.10/site-packages/car/scape_test.py to scape_test.cpython-310.pyc
[2.073s] byte-compiling /home/rhobtor/PHD/j8_control/J8_control/install/car/lib/python3.10/site-packages/car/colision_zone.py to colision_zone.cpython-310.pyc
[2.074s] byte-compiling /home/rhobtor/PHD/j8_control/J8_control/install/car/lib/python3.10/site-packages/car/fixposition_local_tf_from_odom.py to fixposition_local_tf_from_odom.cpython-310.pyc
[2.074s] byte-compiling /home/rhobtor/PHD/j8_control/J8_control/install/car/lib/python3.10/site-packages/car/inference_training_mode_simple.py to inference_training_mode_simple.cpython-310.pyc
[2.077s] byte-compiling /home/rhobtor/PHD/j8_control/J8_control/install/car/lib/python3.10/site-packages/car/fixposition_map_odom_static_from_odom.py to fixposition_map_odom_static_from_odom.cpython-310.pyc
[2.081s] byte-compiling /home/rhobtor/PHD/j8_control/J8_control/install/car/lib/python3.10/site-packages/car/memory_map.py to memory_map.cpython-310.pyc
[2.082s] byte-compiling /home/rhobtor/PHD/j8_control/J8_control/install/car/lib/python3.10/site-packages/car/latlon_posearray_to_local.py to latlon_posearray_to_local.cpython-310.pyc
[2.085s] byte-compiling /home/rhobtor/PHD/j8_control/J8_control/install/car/lib/python3.10/site-packages/car/gnss_goal_circuit.py to gnss_goal_circuit.cpython-310.pyc
[2.088s] byte-compiling /home/rhobtor/PHD/j8_control/J8_control/install/car/lib/python3.10/site-packages/car/unity_goal.py to unity_goal.cpython-310.pyc
[2.089s] byte-compiling /home/rhobtor/PHD/j8_control/J8_control/install/car/lib/python3.10/site-packages/car/supervisor.py to supervisor.cpython-310.pyc
[2.092s] byte-compiling /home/rhobtor/PHD/j8_control/J8_control/install/car/lib/python3.10/site-packages/car/voxel_unity.py to voxel_unity.cpython-310.pyc
[2.093s] byte-compiling /home/rhobtor/PHD/j8_control/J8_control/install/car/lib/python3.10/site-packages/car/map_navegation.py to map_navegation.cpython-310.pyc
[2.100s] byte-compiling /home/rhobtor/PHD/j8_control/J8_control/install/car/lib/python3.10/site-packages/car/path_ppo_cnn_lstm_training_init_mode.py to path_ppo_cnn_lstm_training_init_mode.cpython-310.pyc
[2.103s] byte-compiling /home/rhobtor/PHD/j8_control/J8_control/install/car/lib/python3.10/site-packages/car/fp_poi_map_static_from_start.py to fp_poi_map_static_from_start.cpython-310.pyc
[2.105s] byte-compiling /home/rhobtor/PHD/j8_control/J8_control/install/car/lib/python3.10/site-packages/car/navsatfix_goal_to_map_pose.py to navsatfix_goal_to_map_pose.cpython-310.pyc
[2.106s] byte-compiling /home/rhobtor/PHD/j8_control/J8_control/install/car/lib/python3.10/site-packages/car/frontier_centroid.py to frontier_centroid.cpython-310.pyc
[2.108s] byte-compiling /home/rhobtor/PHD/j8_control/J8_control/install/car/lib/python3.10/site-packages/car/check_goal_gnss.py to check_goal_gnss.cpython-310.pyc
[2.110s] byte-compiling /home/rhobtor/PHD/j8_control/J8_control/install/car/lib/python3.10/site-packages/car/path_ppo_cnn_lstm_training_init_mode_simple.py to path_ppo_cnn_lstm_training_init_mode_simple.cpython-310.pyc
[2.117s] byte-compiling /home/rhobtor/PHD/j8_control/J8_control/install/car/lib/python3.10/site-packages/car/external_path_controller.py to external_path_controller.cpython-310.pyc
[2.123s] byte-compiling /home/rhobtor/PHD/j8_control/J8_control/install/car/lib/python3.10/site-packages/car/fixposition_reframe.py to fixposition_reframe.cpython-310.pyc
[2.125s] byte-compiling /home/rhobtor/PHD/j8_control/J8_control/install/car/lib/python3.10/site-packages/car/cmd_vel_to_throttle.py to cmd_vel_to_throttle.cpython-310.pyc
[2.126s] byte-compiling /home/rhobtor/PHD/j8_control/J8_control/install/car/lib/python3.10/site-packages/car/navsatfix_to_ecef.py to navsatfix_to_ecef.cpython-310.pyc
[2.127s] byte-compiling /home/rhobtor/PHD/j8_control/J8_control/install/car/lib/python3.10/site-packages/car/planificador_script.py to planificador_script.cpython-310.pyc
[2.134s] byte-compiling /home/rhobtor/PHD/j8_control/J8_control/install/car/lib/python3.10/site-packages/car/test_octomap.py to test_octomap.cpython-310.pyc
[2.135s] byte-compiling /home/rhobtor/PHD/j8_control/J8_control/install/car/lib/python3.10/site-packages/car/test_j8_old.py to test_j8_old.cpython-310.pyc
[2.151s] byte-compiling /home/rhobtor/PHD/j8_control/J8_control/install/car/lib/python3.10/site-packages/car/inference_j8.py to inference_j8.cpython-310.pyc
[2.154s] byte-compiling /home/rhobtor/PHD/j8_control/J8_control/install/car/lib/python3.10/site-packages/car/lidar_obstacle_detection.py to lidar_obstacle_detection.cpython-310.pyc
[2.155s] byte-compiling /home/rhobtor/PHD/j8_control/J8_control/install/car/lib/python3.10/site-packages/car/points_goal.py to points_goal.cpython-310.pyc
[2.158s] byte-compiling /home/rhobtor/PHD/j8_control/J8_control/install/car/lib/python3.10/site-packages/car/inference_full_model.py to inference_full_model.cpython-310.pyc
[2.162s] byte-compiling /home/rhobtor/PHD/j8_control/J8_control/install/car/lib/python3.10/site-packages/car/test_vel.py to test_vel.cpython-310.pyc
[2.162s] byte-compiling /home/rhobtor/PHD/j8_control/J8_control/install/car/lib/python3.10/site-packages/car/inference_test_j8.py to inference_test_j8.cpython-310.pyc
[2.171s] byte-compiling /home/rhobtor/PHD/j8_control/J8_control/install/car/lib/python3.10/site-packages/car/prior_map_builder.py to prior_map_builder.cpython-310.pyc
[2.171s] byte-compiling /home/rhobtor/PHD/j8_control/J8_control/install/car/lib/python3.10/site-packages/car/map_test_navigation_hgh.py to map_test_navigation_hgh.cpython-310.pyc
[2.174s] byte-compiling /home/rhobtor/PHD/j8_control/J8_control/install/car/lib/python3.10/site-packages/car/costmap.py to costmap.cpython-310.pyc
[2.174s] byte-compiling /home/rhobtor/PHD/j8_control/J8_control/install/car/lib/python3.10/site-packages/car/goal_local_marker.py to goal_local_marker.cpython-310.pyc
[2.175s] byte-compiling /home/rhobtor/PHD/j8_control/J8_control/install/car/lib/python3.10/site-packages/car/points_goal_old.py to points_goal_old.cpython-310.pyc
[2.177s] byte-compiling /home/rhobtor/PHD/j8_control/J8_control/install/car/lib/python3.10/site-packages/car/path_ppo_cnn_lstm_training_init_mode_j8.py to path_ppo_cnn_lstm_training_init_mode_j8.cpython-310.pyc
[2.200s] byte-compiling /home/rhobtor/PHD/j8_control/J8_control/install/car/lib/python3.10/site-packages/car/detected_persons_local_to_latlon.py to detected_persons_local_to_latlon.cpython-310.pyc
[2.206s] byte-compiling /home/rhobtor/PHD/j8_control/J8_control/install/car/lib/python3.10/site-packages/car/filter_points_cloud.py to filter_points_cloud.cpython-310.pyc
[2.206s] byte-compiling /home/rhobtor/PHD/j8_control/J8_control/install/car/lib/python3.10/site-packages/car/odom_to_tf.py to odom_to_tf.cpython-310.pyc
[2.206s] byte-compiling /home/rhobtor/PHD/j8_control/J8_control/install/car/lib/python3.10/site-packages/car/fixposition_tf_tree_for_zed.py to fixposition_tf_tree_for_zed.cpython-310.pyc
[2.207s] byte-compiling /home/rhobtor/PHD/j8_control/J8_control/install/car/lib/python3.10/site-packages/car/keyboard_control.py to keyboard_control.cpython-310.pyc
[2.209s] byte-compiling /home/rhobtor/PHD/j8_control/J8_control/install/car/lib/python3.10/site-packages/car/latlon_posearray_to_local_utm.py to latlon_posearray_to_local_utm.cpython-310.pyc
[2.217s] byte-compiling /home/rhobtor/PHD/j8_control/J8_control/install/car/lib/python3.10/site-packages/car/latlon_circuit.py to latlon_circuit.cpython-310.pyc
[2.221s] byte-compiling /home/rhobtor/PHD/j8_control/J8_control/install/car/lib/python3.10/site-packages/car/j8_test_ppo.py to j8_test_ppo.cpython-310.pyc
[2.240s] byte-compiling /home/rhobtor/PHD/j8_control/J8_control/install/car/lib/python3.10/site-packages/car/fp_poi_map_odom_static_test.py to fp_poi_map_odom_static_test.cpython-310.pyc
[2.240s] byte-compiling /home/rhobtor/PHD/j8_control/J8_control/install/car/lib/python3.10/site-packages/car/joystick_control.py to joystick_control.cpython-310.pyc
[2.243s] byte-compiling /home/rhobtor/PHD/j8_control/J8_control/install/car/lib/python3.10/site-packages/car/path_ppo_cnn_lstm_full_model.py to path_ppo_cnn_lstm_full_model.cpython-310.pyc
[2.257s] byte-compiling /home/rhobtor/PHD/j8_control/J8_control/install/car/lib/python3.10/site-packages/car/movement_predictive.py to movement_predictive.cpython-310.pyc
[2.258s] byte-compiling /home/rhobtor/PHD/j8_control/J8_control/install/car/lib/python3.10/site-packages/car/fixposition_map_anchor.py to fixposition_map_anchor.cpython-310.pyc
[2.258s] byte-compiling /home/rhobtor/PHD/j8_control/J8_control/install/car/lib/python3.10/site-packages/car/zed_static_tf_tree.py to zed_static_tf_tree.cpython-310.pyc
[2.258s] byte-compiling /home/rhobtor/PHD/j8_control/J8_control/install/car/lib/python3.10/site-packages/car/fixposition_odom_to_base_link_tf.py to fixposition_odom_to_base_link_tf.cpython-310.pyc
[2.260s] byte-compiling /home/rhobtor/PHD/j8_control/J8_control/install/car/lib/python3.10/site-packages/car/fake_person_local_detections.py to fake_person_local_detections.cpython-310.pyc
[2.261s] byte-compiling /home/rhobtor/PHD/j8_control/J8_control/install/car/lib/python3.10/site-packages/car/circuit1.py to circuit1.cpython-310.pyc
[2.264s] byte-compiling /home/rhobtor/PHD/j8_control/J8_control/install/car/lib/python3.10/site-packages/car/j8_policy.py to j8_policy.cpython-310.pyc
[2.283s] byte-compiling /home/rhobtor/PHD/j8_control/J8_control/install/car/lib/python3.10/site-packages/car/fake_robot_pose.py to fake_robot_pose.cpython-310.pyc
[2.284s] running install_data
[2.284s] creating /home/rhobtor/PHD/j8_control/J8_control/install/car/share/ament_index/resource_index/packages
[2.285s] copying resource/car -> /home/rhobtor/PHD/j8_control/J8_control/install/car/share/ament_index/resource_index/packages
[2.285s] copying package.xml -> /home/rhobtor/PHD/j8_control/J8_control/install/car/share/car
[2.285s] creating /home/rhobtor/PHD/j8_control/J8_control/install/car/share/car/launch
[2.285s] copying launch/fixposition_reframe.launch.py -> /home/rhobtor/PHD/j8_control/J8_control/install/car/share/car/launch
[2.285s] copying launch/J8_unity.launch.py -> /home/rhobtor/PHD/j8_control/J8_control/install/car/share/car/launch
[2.288s] copying launch/gazebo_mountain.launch.py -> /home/rhobtor/PHD/j8_control/J8_control/install/car/share/car/launch
[2.288s] copying launch/circuit2.launch.py -> /home/rhobtor/PHD/j8_control/J8_control/install/car/share/car/launch
[2.288s] copying launch/fp_poi_map_odom_base_link_camera_zed_wrapper_urdf_test.launch.py -> /home/rhobtor/PHD/j8_control/J8_control/install/car/share/car/launch
[2.290s] copying launch/gazebo_no_gui.launch.py -> /home/rhobtor/PHD/j8_control/J8_control/install/car/share/car/launch
[2.290s] copying launch/gazebo_simple2.launch.py -> /home/rhobtor/PHD/j8_control/J8_control/install/car/share/car/launch
[2.290s] copying launch/gazebo_simple3.launch.py -> /home/rhobtor/PHD/j8_control/J8_control/install/car/share/car/launch
[2.290s] copying launch/goals_unity.launch.py -> /home/rhobtor/PHD/j8_control/J8_control/install/car/share/car/launch
[2.290s] copying launch/fp_poi_map_static_from_start.launch.py -> /home/rhobtor/PHD/j8_control/J8_control/install/car/share/car/launch
[2.290s] copying launch/fixposition_local_j8_urdf.launch.py -> /home/rhobtor/PHD/j8_control/J8_control/install/car/share/car/launch
[2.290s] copying launch/gazebo_simple_world.launch.py -> /home/rhobtor/PHD/j8_control/J8_control/install/car/share/car/launch
[2.290s] copying launch/j8.launch.py -> /home/rhobtor/PHD/j8_control/J8_control/install/car/share/car/launch
[2.290s] copying launch/circuit1.launch.py -> /home/rhobtor/PHD/j8_control/J8_control/install/car/share/car/launch
[2.290s] copying launch/control.launch.py -> /home/rhobtor/PHD/j8_control/J8_control/install/car/share/car/launch
[2.290s] copying launch/world_1_b.launch.py -> /home/rhobtor/PHD/j8_control/J8_control/install/car/share/car/launch
[2.290s] copying launch/tf_fixposition_j8.launch.py -> /home/rhobtor/PHD/j8_control/J8_control/install/car/share/car/launch
[2.290s] copying launch/easy_world.launch.py -> /home/rhobtor/PHD/j8_control/J8_control/install/car/share/car/launch
[2.290s] copying launch/world_1.launch.py -> /home/rhobtor/PHD/j8_control/J8_control/install/car/share/car/launch
[2.290s] copying launch/fixposition_with_zed_fixposition_tf.launch.py -> /home/rhobtor/PHD/j8_control/J8_control/install/car/share/car/launch
[2.290s] copying launch/tf_fixposition_map_odom_static_j8.launch.py -> /home/rhobtor/PHD/j8_control/J8_control/install/car/share/car/launch
[2.290s] copying launch/river_and_forest.launch.py -> /home/rhobtor/PHD/j8_control/J8_control/install/car/share/car/launch
[2.290s] copying launch/circuit4.launch.py -> /home/rhobtor/PHD/j8_control/J8_control/install/car/share/car/launch
[2.292s] copying launch/rtamap_test.launch.py -> /home/rhobtor/PHD/j8_control/J8_control/install/car/share/car/launch
[2.292s] copying launch/gazebo_simple8.launch.py -> /home/rhobtor/PHD/j8_control/J8_control/install/car/share/car/launch
[2.292s] copying launch/control_with_gazebo.launch.py -> /home/rhobtor/PHD/j8_control/J8_control/install/car/share/car/launch
[2.292s] copying launch/gazebo_simple9.launch.py -> /home/rhobtor/PHD/j8_control/J8_control/install/car/share/car/launch
[2.292s] copying launch/gazebo_simple5.launch.py -> /home/rhobtor/PHD/j8_control/J8_control/install/car/share/car/launch
[2.292s] copying launch/display.launch.py -> /home/rhobtor/PHD/j8_control/J8_control/install/car/share/car/launch
[2.292s] copying launch/gazebo_simple7.launch.py -> /home/rhobtor/PHD/j8_control/J8_control/install/car/share/car/launch
[2.292s] copying launch/fp_poi_map_odom_base_link_camera_test.launch.py -> /home/rhobtor/PHD/j8_control/J8_control/install/car/share/car/launch
[2.292s] copying launch/fp_poi_map_odom_base_link_camera_zed_wrapper_test.launch.py -> /home/rhobtor/PHD/j8_control/J8_control/install/car/share/car/launch
[2.292s] copying launch/gazebo_simple6.launch.py -> /home/rhobtor/PHD/j8_control/J8_control/install/car/share/car/launch
[2.292s] copying launch/fp_poi_map_odom_base_link_test.launch.py -> /home/rhobtor/PHD/j8_control/J8_control/install/car/share/car/launch
[2.293s] copying launch/fixposition_local_j8_urdf_fixposition.launch.py -> /home/rhobtor/PHD/j8_control/J8_control/install/car/share/car/launch
[2.293s] copying launch/gazebo_empty_world.launch.py -> /home/rhobtor/PHD/j8_control/J8_control/install/car/share/car/launch
[2.293s] copying launch/gazebo_simple4.launch.py -> /home/rhobtor/PHD/j8_control/J8_control/install/car/share/car/launch
[2.293s] copying launch/rviz_fixposition_j8.launch.py -> /home/rhobtor/PHD/j8_control/J8_control/install/car/share/car/launch
[2.293s] copying launch/joystick.launch.py -> /home/rhobtor/PHD/j8_control/J8_control/install/car/share/car/launch
[2.293s] copying launch/fixposition_with_zed_no_tf.launch.py -> /home/rhobtor/PHD/j8_control/J8_control/install/car/share/car/launch
[2.293s] copying launch/circuit3.launch.py -> /home/rhobtor/PHD/j8_control/J8_control/install/car/share/car/launch
[2.293s] copying launch/ekf.launch.py -> /home/rhobtor/PHD/j8_control/J8_control/install/car/share/car/launch
[2.293s] copying launch/rviz_fixposition_urdf.launch.py -> /home/rhobtor/PHD/j8_control/J8_control/install/car/share/car/launch
[2.293s] copying launch/forest.launch.py -> /home/rhobtor/PHD/j8_control/J8_control/install/car/share/car/launch
[2.293s] copying launch/gazebo.launch.py -> /home/rhobtor/PHD/j8_control/J8_control/install/car/share/car/launch
[2.293s] copying launch/fp_poi_map_odom_static_test.launch.py -> /home/rhobtor/PHD/j8_control/J8_control/install/car/share/car/launch
[2.293s] copying launch/gnss_goals.launch.py -> /home/rhobtor/PHD/j8_control/J8_control/install/car/share/car/launch
[2.295s] copying launch/object_move_gazebo.launch.py -> /home/rhobtor/PHD/j8_control/J8_control/install/car/share/car/launch
[2.295s] creating /home/rhobtor/PHD/j8_control/J8_control/install/car/share/car/urdf
[2.295s] copying urdf/camara.plugin.xacro -> /home/rhobtor/PHD/j8_control/J8_control/install/car/share/car/urdf
[2.296s] copying urdf/object_movement.sdf -> /home/rhobtor/PHD/j8_control/J8_control/install/car/share/car/urdf
[2.296s] copying urdf/virt_lidar.xacro -> /home/rhobtor/PHD/j8_control/J8_control/install/car/share/car/urdf
[2.296s] copying urdf/materials.xacro -> /home/rhobtor/PHD/j8_control/J8_control/install/car/share/car/urdf
[2.296s] copying urdf/lidar.plugin.xacro -> /home/rhobtor/PHD/j8_control/J8_control/install/car/share/car/urdf
[2.296s] copying urdf/control.plugin.xacro -> /home/rhobtor/PHD/j8_control/J8_control/install/car/share/car/urdf
[2.296s] copying urdf/car.gazebo -> /home/rhobtor/PHD/j8_control/J8_control/install/car/share/car/urdf
[2.296s] copying urdf/car.xacro -> /home/rhobtor/PHD/j8_control/J8_control/install/car/share/car/urdf
[2.296s] copying urdf/car.trans -> /home/rhobtor/PHD/j8_control/J8_control/install/car/share/car/urdf
[2.296s] creating /home/rhobtor/PHD/j8_control/J8_control/install/car/share/car/worlds
[2.296s] copying worlds/park_tagged.world -> /home/rhobtor/PHD/j8_control/J8_control/install/car/share/car/worlds
[2.296s] copying worlds/world_simple6.world -> /home/rhobtor/PHD/j8_control/J8_control/install/car/share/car/worlds
[2.298s] copying worlds/river_and_forest.world -> /home/rhobtor/PHD/j8_control/J8_control/install/car/share/car/worlds
[2.298s] copying worlds/world_simple_object.world -> /home/rhobtor/PHD/j8_control/J8_control/install/car/share/car/worlds
[2.298s] copying worlds/hill_tagged.world -> /home/rhobtor/PHD/j8_control/J8_control/install/car/share/car/worlds
[2.298s] copying worlds/mountain.world -> /home/rhobtor/PHD/j8_control/J8_control/install/car/share/car/worlds
[2.298s] copying worlds/forest_tagged.world -> /home/rhobtor/PHD/j8_control/J8_control/install/car/share/car/worlds
[2.299s] copying worlds/world_simple9.world -> /home/rhobtor/PHD/j8_control/J8_control/install/car/share/car/worlds
[2.299s] copying worlds/world_1_b.world -> /home/rhobtor/PHD/j8_control/J8_control/install/car/share/car/worlds
[2.299s] copying worlds/lake_tagged.world -> /home/rhobtor/PHD/j8_control/J8_control/install/car/share/car/worlds
[2.300s] copying worlds/heightmap_world.world -> /home/rhobtor/PHD/j8_control/J8_control/install/car/share/car/worlds
[2.300s] copying worlds/world_simple7.world -> /home/rhobtor/PHD/j8_control/J8_control/install/car/share/car/worlds
[2.300s] copying worlds/hill.world -> /home/rhobtor/PHD/j8_control/J8_control/install/car/share/car/worlds
[2.300s] copying worlds/world_simple2.world -> /home/rhobtor/PHD/j8_control/J8_control/install/car/share/car/worlds
[2.300s] copying worlds/park.world -> /home/rhobtor/PHD/j8_control/J8_control/install/car/share/car/worlds
[2.301s] copying worlds/empty.world -> /home/rhobtor/PHD/j8_control/J8_control/install/car/share/car/worlds
[2.301s] copying worlds/world_simple3.world -> /home/rhobtor/PHD/j8_control/J8_control/install/car/share/car/worlds
[2.301s] copying worlds/world_simple8.world -> /home/rhobtor/PHD/j8_control/J8_control/install/car/share/car/worlds
[2.301s] copying worlds/world_1.world -> /home/rhobtor/PHD/j8_control/J8_control/install/car/share/car/worlds
[2.301s] copying worlds/world_simple4.world -> /home/rhobtor/PHD/j8_control/J8_control/install/car/share/car/worlds
[2.301s] copying worlds/world_1_b1.world -> /home/rhobtor/PHD/j8_control/J8_control/install/car/share/car/worlds
[2.301s] copying worlds/lake.world -> /home/rhobtor/PHD/j8_control/J8_control/install/car/share/car/worlds
[2.301s] copying worlds/grass_test.world -> /home/rhobtor/PHD/j8_control/J8_control/install/car/share/car/worlds
[2.302s] copying worlds/obstacles_and_traps.world -> /home/rhobtor/PHD/j8_control/J8_control/install/car/share/car/worlds
[2.302s] copying worlds/grass.world -> /home/rhobtor/PHD/j8_control/J8_control/install/car/share/car/worlds
[2.302s] copying worlds/easy_world.world -> /home/rhobtor/PHD/j8_control/J8_control/install/car/share/car/worlds
[2.302s] copying worlds/world_simple5.world -> /home/rhobtor/PHD/j8_control/J8_control/install/car/share/car/worlds
[2.302s] copying worlds/blender_builder.world -> /home/rhobtor/PHD/j8_control/J8_control/install/car/share/car/worlds
[2.302s] copying worlds/forest.world -> /home/rhobtor/PHD/j8_control/J8_control/install/car/share/car/worlds
[2.303s] copying worlds/obstacles.world -> /home/rhobtor/PHD/j8_control/J8_control/install/car/share/car/worlds
[2.303s] copying worlds/test.world -> /home/rhobtor/PHD/j8_control/J8_control/install/car/share/car/worlds
[2.303s] copying worlds/map1_test.world -> /home/rhobtor/PHD/j8_control/J8_control/install/car/share/car/worlds
[2.303s] creating /home/rhobtor/PHD/j8_control/J8_control/install/car/share/car/meshes
[2.303s] copying meshes/Camara.stl -> /home/rhobtor/PHD/j8_control/J8_control/install/car/share/car/meshes
[2.304s] copying meshes/Lidar.stl -> /home/rhobtor/PHD/j8_control/J8_control/install/car/share/car/meshes
[2.304s] copying meshes/base_link.stl -> /home/rhobtor/PHD/j8_control/J8_control/install/car/share/car/meshes
[2.304s] copying meshes/tire_back_right_1.stl -> /home/rhobtor/PHD/j8_control/J8_control/install/car/share/car/meshes
[2.304s] copying meshes/direction_front_left_1.stl -> /home/rhobtor/PHD/j8_control/J8_control/install/car/share/car/meshes
[2.304s] copying meshes/direction_back_right_1.stl -> /home/rhobtor/PHD/j8_control/J8_control/install/car/share/car/meshes
[2.305s] copying meshes/rim_back_left_1.stl -> /home/rhobtor/PHD/j8_control/J8_control/install/car/share/car/meshes
[2.306s] copying meshes/direction_back_left_1.stl -> /home/rhobtor/PHD/j8_control/J8_control/install/car/share/car/meshes
[2.306s] copying meshes/tire.stl -> /home/rhobtor/PHD/j8_control/J8_control/install/car/share/car/meshes
[2.307s] copying meshes/suspension_back_right_1.stl -> /home/rhobtor/PHD/j8_control/J8_control/install/car/share/car/meshes
[2.308s] copying meshes/suspension_front_right_1.stl -> /home/rhobtor/PHD/j8_control/J8_control/install/car/share/car/meshes
[2.308s] copying meshes/tire_front_left_1.stl -> /home/rhobtor/PHD/j8_control/J8_control/install/car/share/car/meshes
[2.308s] copying meshes/suspension_back_left_1.stl -> /home/rhobtor/PHD/j8_control/J8_control/install/car/share/car/meshes
[2.308s] copying meshes/chasis_1.stl -> /home/rhobtor/PHD/j8_control/J8_control/install/car/share/car/meshes
[2.308s] copying meshes/direction_front_right_1.stl -> /home/rhobtor/PHD/j8_control/J8_control/install/car/share/car/meshes
[2.308s] copying meshes/tire_back_left_1.stl -> /home/rhobtor/PHD/j8_control/J8_control/install/car/share/car/meshes
[2.311s] copying meshes/rim.stl -> /home/rhobtor/PHD/j8_control/J8_control/install/car/share/car/meshes
[2.311s] copying meshes/tire_front_right_1.stl -> /home/rhobtor/PHD/j8_control/J8_control/install/car/share/car/meshes
[2.311s] copying meshes/rim_front_left_1.stl -> /home/rhobtor/PHD/j8_control/J8_control/install/car/share/car/meshes
[2.313s] copying meshes/suspension_front_left__1.stl -> /home/rhobtor/PHD/j8_control/J8_control/install/car/share/car/meshes
[2.316s] copying meshes/rim_back_right_1.stl -> /home/rhobtor/PHD/j8_control/J8_control/install/car/share/car/meshes
[2.317s] copying meshes/rim_front_right_1.stl -> /home/rhobtor/PHD/j8_control/J8_control/install/car/share/car/meshes
[2.318s] creating /home/rhobtor/PHD/j8_control/J8_control/install/car/share/car/config
[2.318s] copying config/circuit_3.yaml -> /home/rhobtor/PHD/j8_control/J8_control/install/car/share/car/config
[2.318s] copying config/circuit_1.yaml -> /home/rhobtor/PHD/j8_control/J8_control/install/car/share/car/config
[2.318s] copying config/world1.yaml -> /home/rhobtor/PHD/j8_control/J8_control/install/car/share/car/config
[2.319s] copying config/world_1_b.yaml -> /home/rhobtor/PHD/j8_control/J8_control/install/car/share/car/config
[2.319s] copying config/gnss_goals.yaml -> /home/rhobtor/PHD/j8_control/J8_control/install/car/share/car/config
[2.319s] copying config/mapper_params_online_async.yaml -> /home/rhobtor/PHD/j8_control/J8_control/install/car/share/car/config
[2.319s] copying config/goal.yaml -> /home/rhobtor/PHD/j8_control/J8_control/install/car/share/car/config
[2.319s] copying config/river_and_forest.yaml -> /home/rhobtor/PHD/j8_control/J8_control/install/car/share/car/config
[2.319s] copying config/nav2.yaml -> /home/rhobtor/PHD/j8_control/J8_control/install/car/share/car/config
[2.319s] copying config/circuit_4.yaml -> /home/rhobtor/PHD/j8_control/J8_control/install/car/share/car/config
[2.319s] copying config/circuit_2.yaml -> /home/rhobtor/PHD/j8_control/J8_control/install/car/share/car/config
[2.319s] copying config/ekf_params.yaml -> /home/rhobtor/PHD/j8_control/J8_control/install/car/share/car/config
[2.319s] copying config/octomap.yaml -> /home/rhobtor/PHD/j8_control/J8_control/install/car/share/car/config
[2.319s] copying config/display.rviz -> /home/rhobtor/PHD/j8_control/J8_control/install/car/share/car/config
[2.319s] creating /home/rhobtor/PHD/j8_control/J8_control/install/car/lib/car
[2.321s] running install_egg_info
[2.340s] Copying ../../build/car/car.egg-info to /home/rhobtor/PHD/j8_control/J8_control/install/car/lib/python3.10/site-packages/car-0.0.0-py3.10.egg-info
[2.341s] running install_scripts
[2.387s] Installing check_goal_gnss script to /home/rhobtor/PHD/j8_control/J8_control/install/car/lib/car
[2.387s] Installing circuit1 script to /home/rhobtor/PHD/j8_control/J8_control/install/car/lib/car
[2.387s] Installing circuit_supervisor script to /home/rhobtor/PHD/j8_control/J8_control/install/car/lib/car
[2.387s] Installing cmd_vel_to_throttle script to /home/rhobtor/PHD/j8_control/J8_control/install/car/lib/car
[2.387s] Installing colision_zone script to /home/rhobtor/PHD/j8_control/J8_control/install/car/lib/car
[2.387s] Installing detected_persons_local_to_latlon script to /home/rhobtor/PHD/j8_control/J8_control/install/car/lib/car
[2.387s] Installing external_path_controller script to /home/rhobtor/PHD/j8_control/J8_control/install/car/lib/car
[2.387s] Installing fake_person_local_detections script to /home/rhobtor/PHD/j8_control/J8_control/install/car/lib/car
[2.388s] Installing fake_robot_pose script to /home/rhobtor/PHD/j8_control/J8_control/install/car/lib/car
[2.388s] Installing filter_points_cloud script to /home/rhobtor/PHD/j8_control/J8_control/install/car/lib/car
[2.388s] Installing fixposition_local_tf_from_odom script to /home/rhobtor/PHD/j8_control/J8_control/install/car/lib/car
[2.388s] Installing fixposition_map_anchor script to /home/rhobtor/PHD/j8_control/J8_control/install/car/lib/car
[2.388s] Installing fixposition_map_odom_static_from_odom script to /home/rhobtor/PHD/j8_control/J8_control/install/car/lib/car
[2.388s] Installing fixposition_odom_to_base_link_tf script to /home/rhobtor/PHD/j8_control/J8_control/install/car/lib/car
[2.388s] Installing fixposition_reframe script to /home/rhobtor/PHD/j8_control/J8_control/install/car/lib/car
[2.388s] Installing fixposition_tf_tree_for_zed script to /home/rhobtor/PHD/j8_control/J8_control/install/car/lib/car
[2.388s] Installing fp_poi_map_odom_static_test script to /home/rhobtor/PHD/j8_control/J8_control/install/car/lib/car
[2.388s] Installing fp_poi_map_static_from_start script to /home/rhobtor/PHD/j8_control/J8_control/install/car/lib/car
[2.388s] Installing frontier_centroid script to /home/rhobtor/PHD/j8_control/J8_control/install/car/lib/car
[2.388s] Installing fusion script to /home/rhobtor/PHD/j8_control/J8_control/install/car/lib/car
[2.388s] Installing gnss_goal_circuit script to /home/rhobtor/PHD/j8_control/J8_control/install/car/lib/car
[2.389s] Installing goal_local_marker script to /home/rhobtor/PHD/j8_control/J8_control/install/car/lib/car
[2.389s] Installing inference_full_model script to /home/rhobtor/PHD/j8_control/J8_control/install/car/lib/car
[2.389s] Installing inference_j8 script to /home/rhobtor/PHD/j8_control/J8_control/install/car/lib/car
[2.389s] Installing inference_test_j8 script to /home/rhobtor/PHD/j8_control/J8_control/install/car/lib/car
[2.389s] Installing inference_training_mode_simple script to /home/rhobtor/PHD/j8_control/J8_control/install/car/lib/car
[2.389s] Installing j8_bueno script to /home/rhobtor/PHD/j8_control/J8_control/install/car/lib/car
[2.389s] Installing j8_policy script to /home/rhobtor/PHD/j8_control/J8_control/install/car/lib/car
[2.389s] Installing j8_test_ppo script to /home/rhobtor/PHD/j8_control/J8_control/install/car/lib/car
[2.389s] Installing joystick_control script to /home/rhobtor/PHD/j8_control/J8_control/install/car/lib/car
[2.389s] Installing keyboard_control script to /home/rhobtor/PHD/j8_control/J8_control/install/car/lib/car
[2.389s] Installing latlon_circuit script to /home/rhobtor/PHD/j8_control/J8_control/install/car/lib/car
[2.390s] Installing latlon_posearray_to_local script to /home/rhobtor/PHD/j8_control/J8_control/install/car/lib/car
[2.390s] Installing latlon_posearray_to_local_utm script to /home/rhobtor/PHD/j8_control/J8_control/install/car/lib/car
[2.390s] Installing lidar_detection script to /home/rhobtor/PHD/j8_control/J8_control/install/car/lib/car
[2.390s] Installing map_navegation script to /home/rhobtor/PHD/j8_control/J8_control/install/car/lib/car
[2.390s] Installing map_navegation_test script to /home/rhobtor/PHD/j8_control/J8_control/install/car/lib/car
[2.390s] Installing memory_map script to /home/rhobtor/PHD/j8_control/J8_control/install/car/lib/car
[2.390s] Installing movement_predictive script to /home/rhobtor/PHD/j8_control/J8_control/install/car/lib/car
[2.390s] Installing navsatfix_goal_to_map_pose script to /home/rhobtor/PHD/j8_control/J8_control/install/car/lib/car
[2.391s] Installing navsatfix_to_ecef script to /home/rhobtor/PHD/j8_control/J8_control/install/car/lib/car
[2.391s] Installing odom_to_tf script to /home/rhobtor/PHD/j8_control/J8_control/install/car/lib/car
[2.391s] Installing path_ppo_cnn_lstm_full_model script to /home/rhobtor/PHD/j8_control/J8_control/install/car/lib/car
[2.391s] Installing path_ppo_cnn_lstm_training_init_mode script to /home/rhobtor/PHD/j8_control/J8_control/install/car/lib/car
[2.391s] Installing path_ppo_cnn_lstm_training_init_mode_j8 script to /home/rhobtor/PHD/j8_control/J8_control/install/car/lib/car
[2.391s] Installing path_ppo_cnn_lstm_training_init_mode_simple script to /home/rhobtor/PHD/j8_control/J8_control/install/car/lib/car
[2.391s] Installing points_goal script to /home/rhobtor/PHD/j8_control/J8_control/install/car/lib/car
[2.391s] Installing points_goal_old script to /home/rhobtor/PHD/j8_control/J8_control/install/car/lib/car
[2.391s] Installing prior_map_builder script to /home/rhobtor/PHD/j8_control/J8_control/install/car/lib/car
[2.394s] Installing scape_test script to /home/rhobtor/PHD/j8_control/J8_control/install/car/lib/car
[2.394s] Installing supervisor_node script to /home/rhobtor/PHD/j8_control/J8_control/install/car/lib/car
[2.395s] Installing test_j8_old script to /home/rhobtor/PHD/j8_control/J8_control/install/car/lib/car
[2.395s] Installing test_octomap script to /home/rhobtor/PHD/j8_control/J8_control/install/car/lib/car
[2.395s] Installing test_vel script to /home/rhobtor/PHD/j8_control/J8_control/install/car/lib/car
[2.395s] Installing unity_goal script to /home/rhobtor/PHD/j8_control/J8_control/install/car/lib/car
[2.395s] Installing voxel_unity script to /home/rhobtor/PHD/j8_control/J8_control/install/car/lib/car
[2.395s] Installing zed_static_tf_tree script to /home/rhobtor/PHD/j8_control/J8_control/install/car/lib/car
[2.396s] writing list of installed files to '/home/rhobtor/PHD/j8_control/J8_control/build/car/install.log'
[2.477s] Invoked command in '/home/rhobtor/PHD/j8_control/J8_control/src/car_python' returned '0': AMENT_PREFIX_PATH=/home/rhobtor/PHD/j8_control/J8_control/install/path_manager_interfaces:/home/rhobtor/PHD/j8_control/J8_control/install/car_interfaces:/home/rhobtor/PHD/j8_control/J8_control/install/argj801_ctl_platform_interfaces:${AMENT_PREFIX_PATH} CMAKE_PREFIX_PATH=/home/rhobtor/PHD/j8_control/J8_control/install/path_manager_interfaces:/home/rhobtor/PHD/j8_control/J8_control/install/car_interfaces:/home/rhobtor/PHD/j8_control/J8_control/install/argj801_ctl_platform_interfaces:${CMAKE_PREFIX_PATH} LD_LIBRARY_PATH=/home/rhobtor/PHD/j8_control/J8_control/install/path_manager_interfaces/lib:/home/rhobtor/PHD/j8_control/J8_control/install/car_interfaces/lib:/home/rhobtor/PHD/j8_control/J8_control/install/argj801_ctl_platform_interfaces/lib:${LD_LIBRARY_PATH} PYTHONPATH=/home/rhobtor/PHD/j8_control/J8_control/build/car/prefix_override:/usr/lib/python3/dist-packages/colcon_core/task/python/colcon_distutils_commands:/home/rhobtor/PHD/j8_control/J8_control/install/car/lib/python3.10/site-packages:/home/rhobtor/PHD/j8_control/J8_control/install/path_manager_interfaces/local/lib/python3.10/dist-packages:/home/rhobtor/PHD/j8_control/J8_control/install/car_interfaces/local/lib/python3.10/dist-packages:/home/rhobtor/PHD/j8_control/J8_control/install/argj801_ctl_platform_interfaces/local/lib/python3.10/dist-packages:${PYTHONPATH} /usr/bin/python3 -W ignore:setup.py install is deprecated -W ignore:easy_install command is deprecated setup.py egg_info --egg-base ../../build/car build --build-base /home/rhobtor/PHD/j8_control/J8_control/build/car/build install --record /home/rhobtor/PHD/j8_control/J8_control/build/car/install.log --install-scripts $base/lib/car --single-version-externally-managed install_data
