[0.071s] DEBUG:colcon:Command line arguments: ['/usr/bin/colcon', '--log-base', 'log_gui_navigation', 'build', '--base-paths', 'src/gui', '--packages-select', 'gui', '--build-base', 'build_gui_navigation', '--install-base', 'install', '--symlink-install']
[0.071s] DEBUG:colcon:Parsed command line arguments: Namespace(log_base='log_gui_navigation', log_level=None, verb_name='build', build_base='/home/rhobtor/PHD/j8_control/J8_control/build_gui_navigation', install_base='/home/rhobtor/PHD/j8_control/J8_control/install', merge_install=False, symlink_install=True, test_result_base=None, continue_on_error=False, executor='parallel', parallel_workers=20, event_handlers=None, ignore_user_meta=False, metas=['./colcon.meta'], base_paths=['src/gui'], packages_ignore=None, packages_ignore_regex=None, paths=None, packages_up_to=None, packages_up_to_regex=None, packages_above=None, packages_above_and_dependencies=None, packages_above_depth=None, packages_select_by_dep=None, packages_skip_by_dep=None, packages_skip_up_to=None, packages_select_build_failed=False, packages_skip_build_finished=False, packages_select_test_failures=False, packages_skip_test_passed=False, packages_select=['gui'], packages_skip=None, packages_select_regex=None, packages_skip_regex=None, packages_start=None, packages_end=None, allow_overriding=[], cmake_args=None, cmake_target=None, cmake_target_skip_unavailable=False, cmake_clean_cache=False, cmake_clean_first=False, cmake_force_configure=False, ament_cmake_args=None, catkin_cmake_args=None, catkin_skip_building_tests=False, mixin_files=None, mixin=None, verb_parser=<colcon_mixin.mixin.mixin_argument.MixinArgumentDecorator object at 0x7997b0c9a1d0>, verb_extension=<colcon_core.verb.build.BuildVerb object at 0x7997b0d7fa30>, main=<bound method BuildVerb.main of <colcon_core.verb.build.BuildVerb object at 0x7997b0d7fa30>>, mixin_verb=('build',))
[0.096s] Level 1:colcon.colcon_core.package_discovery:discover_packages(colcon_meta) check parameters
[0.096s] Level 1:colcon.colcon_core.package_discovery:discover_packages(recursive) check parameters
[0.096s] Level 1:colcon.colcon_core.package_discovery:discover_packages(ignore) check parameters
[0.096s] Level 1:colcon.colcon_core.package_discovery:discover_packages(path) check parameters
[0.096s] Level 1:colcon.colcon_core.package_discovery:discover_packages(recursive) discover
[0.096s] INFO:colcon.colcon_core.package_discovery:Crawling recursively for packages in '/home/rhobtor/PHD/j8_control/J8_control/src/gui'
[0.096s] Level 1:colcon.colcon_core.package_identification:_identify(src/gui) by extensions ['ignore', 'ignore_ament_install']
[0.096s] Level 1:colcon.colcon_core.package_identification:_identify(src/gui) by extension 'ignore'
[0.096s] Level 1:colcon.colcon_core.package_identification:_identify(src/gui) by extension 'ignore_ament_install'
[0.096s] Level 1:colcon.colcon_core.package_identification:_identify(src/gui) by extensions ['colcon_pkg']
[0.096s] Level 1:colcon.colcon_core.package_identification:_identify(src/gui) by extension 'colcon_pkg'
[0.096s] Level 1:colcon.colcon_core.package_identification:_identify(src/gui) by extensions ['colcon_meta']
[0.096s] Level 1:colcon.colcon_core.package_identification:_identify(src/gui) by extension 'colcon_meta'
[0.096s] Level 1:colcon.colcon_core.package_identification:_identify(src/gui) by extensions ['ros']
[0.096s] Level 1:colcon.colcon_core.package_identification:_identify(src/gui) by extension 'ros'
[0.106s] DEBUG:colcon.colcon_core.package_identification:Package 'src/gui' with type 'ros.ament_python' and name 'gui'
[0.106s] Level 1:colcon.colcon_core.package_discovery:discover_packages(recursive) using defaults
[0.121s] Level 1:colcon.colcon_core.package_discovery:discover_packages(prefix_path) check parameters
[0.121s] Level 1:colcon.colcon_core.package_discovery:discover_packages(prefix_path) discover
[0.122s] DEBUG:colcon.colcon_installed_package_information.package_discovery:Found 325 installed packages in /opt/ros/humble
[0.123s] Level 1:colcon.colcon_core.package_discovery:discover_packages(prefix_path) using defaults
[0.149s] Level 5:colcon.colcon_core.verb:set package 'gui' build argument 'cmake_args' from command line to 'None'
[0.149s] Level 5:colcon.colcon_core.verb:set package 'gui' build argument 'cmake_target' from command line to 'None'
[0.149s] Level 5:colcon.colcon_core.verb:set package 'gui' build argument 'cmake_target_skip_unavailable' from command line to 'False'
[0.149s] Level 5:colcon.colcon_core.verb:set package 'gui' build argument 'cmake_clean_cache' from command line to 'False'
[0.149s] Level 5:colcon.colcon_core.verb:set package 'gui' build argument 'cmake_clean_first' from command line to 'False'
[0.149s] Level 5:colcon.colcon_core.verb:set package 'gui' build argument 'cmake_force_configure' from command line to 'False'
[0.149s] Level 5:colcon.colcon_core.verb:set package 'gui' build argument 'ament_cmake_args' from command line to 'None'
[0.149s] Level 5:colcon.colcon_core.verb:set package 'gui' build argument 'catkin_cmake_args' from command line to 'None'
[0.149s] Level 5:colcon.colcon_core.verb:set package 'gui' build argument 'catkin_skip_building_tests' from command line to 'False'
[0.149s] DEBUG:colcon.colcon_core.verb:Building package 'gui' with the following arguments: {'ament_cmake_args': None, 'build_base': '/home/rhobtor/PHD/j8_control/J8_control/build_gui_navigation/gui', 'catkin_cmake_args': None, 'catkin_skip_building_tests': False, 'cmake_args': None, 'cmake_clean_cache': False, 'cmake_clean_first': False, 'cmake_force_configure': False, 'cmake_target': None, 'cmake_target_skip_unavailable': False, 'install_base': '/home/rhobtor/PHD/j8_control/J8_control/install/gui', 'merge_install': False, 'path': '/home/rhobtor/PHD/j8_control/J8_control/src/gui', 'symlink_install': True, 'test_result_base': None}
[0.150s] INFO:colcon.colcon_core.executor:Executing jobs using 'parallel' executor
[0.150s] DEBUG:colcon.colcon_parallel_executor.executor.parallel:run_until_complete
[0.150s] INFO:colcon.colcon_ros.task.ament_python.build:Building ROS package in '/home/rhobtor/PHD/j8_control/J8_control/src/gui' with build type 'ament_python'
[0.150s] Level 1:colcon.colcon_core.shell:create_environment_hook('gui', 'ament_prefix_path')
[0.152s] INFO:colcon.colcon_core.plugin_system:Skipping extension 'colcon_core.shell.bat': Not used on non-Windows systems
[0.152s] INFO:colcon.colcon_core.shell:Creating environment hook '/home/rhobtor/PHD/j8_control/J8_control/install/gui/share/gui/hook/ament_prefix_path.ps1'
[0.152s] INFO:colcon.colcon_core.shell:Creating environment descriptor '/home/rhobtor/PHD/j8_control/J8_control/install/gui/share/gui/hook/ament_prefix_path.dsv'
[0.153s] INFO:colcon.colcon_core.shell:Creating environment hook '/home/rhobtor/PHD/j8_control/J8_control/install/gui/share/gui/hook/ament_prefix_path.sh'
[0.153s] INFO:colcon.colcon_core.shell:Skip shell extension 'powershell' for command environment: Not usable outside of PowerShell
[0.153s] DEBUG:colcon.colcon_core.shell:Skip shell extension 'dsv' for command environment
[0.292s] INFO:colcon.colcon_core.task.python.build:Building Python package in '/home/rhobtor/PHD/j8_control/J8_control/src/gui'
[0.292s] INFO:colcon.colcon_core.shell:Skip shell extension 'powershell' for command environment: Not usable outside of PowerShell
[0.292s] DEBUG:colcon.colcon_core.shell:Skip shell extension 'dsv' for command environment
[0.583s] DEBUG:colcon.colcon_core.task.python.build:Available setuptools commands: symlink_data, develop, build, install_lib, install_scripts, egg_info, editable_wheel, sdist, extract_messages, build_py, update_catalog, install_egg_info, install_data, bdist, check, setopt, install_headers, clean, saveopts, build_ext, compile_catalog, init_catalog, bdist_rpm, easy_install, bdist_dumb, build_scripts, bdist_egg, bdist_wheel, dist_info, alias, rotate, install, build_clib
[0.732s] DEBUG:colcon.colcon_core.task.python.build:Available setuptools 'develop' options: --install-dir, --no-deps, --no-user-cfg, --user, --index-url, --prefix, --help, --quiet, --verbose
[0.733s] INFO:colcon.colcon_core.task.python.build:No '--editable' capability in setuptools, falling back to full install
[0.734s] DEBUG:colcon.colcon_core.event_handler.log_command:Invoking command in '/home/rhobtor/PHD/j8_control/J8_control/src/gui': PYTHONPATH=/home/rhobtor/PHD/j8_control/J8_control/build_gui_navigation/gui/prefix_override:/usr/lib/python3/dist-packages/colcon_core/task/python/colcon_distutils_commands:/home/rhobtor/PHD/j8_control/J8_control/install/gui/lib/python3.10/site-packages:${PYTHONPATH} /usr/bin/python3 -W ignore:setup.py install is deprecated -W ignore:easy_install command is deprecated setup.py egg_info --egg-base ../../build_gui_navigation/gui build --build-base /home/rhobtor/PHD/j8_control/J8_control/build_gui_navigation/gui/build install --record /home/rhobtor/PHD/j8_control/J8_control/build_gui_navigation/gui/install.log --install-scripts $base/lib/gui --single-version-externally-managed install_data
[1.015s] DEBUG:colcon.colcon_core.event_handler.log_command:Invoked command in '/home/rhobtor/PHD/j8_control/J8_control/src/gui' returned '0': PYTHONPATH=/home/rhobtor/PHD/j8_control/J8_control/build_gui_navigation/gui/prefix_override:/usr/lib/python3/dist-packages/colcon_core/task/python/colcon_distutils_commands:/home/rhobtor/PHD/j8_control/J8_control/install/gui/lib/python3.10/site-packages:${PYTHONPATH} /usr/bin/python3 -W ignore:setup.py install is deprecated -W ignore:easy_install command is deprecated setup.py egg_info --egg-base ../../build_gui_navigation/gui build --build-base /home/rhobtor/PHD/j8_control/J8_control/build_gui_navigation/gui/build install --record /home/rhobtor/PHD/j8_control/J8_control/build_gui_navigation/gui/install.log --install-scripts $base/lib/gui --single-version-externally-managed install_data
[1.018s] Level 1:colcon.colcon_core.environment:checking '/home/rhobtor/PHD/j8_control/J8_control/install/gui' for CMake module files
[1.018s] Level 1:colcon.colcon_core.environment:checking '/home/rhobtor/PHD/j8_control/J8_control/install/gui' for CMake config files
[1.018s] Level 1:colcon.colcon_core.environment:checking '/home/rhobtor/PHD/j8_control/J8_control/install/gui/lib'
[1.019s] Level 1:colcon.colcon_core.environment:checking '/home/rhobtor/PHD/j8_control/J8_control/install/gui/bin'
[1.019s] Level 1:colcon.colcon_core.environment:checking '/home/rhobtor/PHD/j8_control/J8_control/install/gui/lib/pkgconfig/gui.pc'
[1.019s] Level 1:colcon.colcon_core.environment:checking '/home/rhobtor/PHD/j8_control/J8_control/install/gui/lib/python3.10/site-packages'
[1.019s] Level 1:colcon.colcon_core.shell:create_environment_hook('gui', 'pythonpath')
[1.019s] INFO:colcon.colcon_core.shell:Creating environment hook '/home/rhobtor/PHD/j8_control/J8_control/install/gui/share/gui/hook/pythonpath.ps1'
[1.019s] INFO:colcon.colcon_core.shell:Creating environment descriptor '/home/rhobtor/PHD/j8_control/J8_control/install/gui/share/gui/hook/pythonpath.dsv'
[1.019s] INFO:colcon.colcon_core.shell:Creating environment hook '/home/rhobtor/PHD/j8_control/J8_control/install/gui/share/gui/hook/pythonpath.sh'
[1.020s] Level 1:colcon.colcon_core.environment:checking '/home/rhobtor/PHD/j8_control/J8_control/install/gui/bin'
[1.020s] Level 1:colcon.colcon_core.environment:create_environment_scripts_only(gui)
[1.020s] INFO:colcon.colcon_core.shell:Creating package script '/home/rhobtor/PHD/j8_control/J8_control/install/gui/share/gui/package.ps1'
[1.021s] INFO:colcon.colcon_core.shell:Creating package descriptor '/home/rhobtor/PHD/j8_control/J8_control/install/gui/share/gui/package.dsv'
[1.021s] INFO:colcon.colcon_core.shell:Creating package script '/home/rhobtor/PHD/j8_control/J8_control/install/gui/share/gui/package.sh'
[1.021s] INFO:colcon.colcon_core.shell:Creating package script '/home/rhobtor/PHD/j8_control/J8_control/install/gui/share/gui/package.bash'
[1.022s] INFO:colcon.colcon_core.shell:Creating package script '/home/rhobtor/PHD/j8_control/J8_control/install/gui/share/gui/package.zsh'
[1.022s] Level 1:colcon.colcon_core.environment:create_file_with_runtime_dependencies(/home/rhobtor/PHD/j8_control/J8_control/install/gui/share/colcon-core/packages/gui)
[1.022s] DEBUG:colcon.colcon_parallel_executor.executor.parallel:closing loop
[1.022s] DEBUG:colcon.colcon_parallel_executor.executor.parallel:loop closed
[1.022s] DEBUG:colcon.colcon_parallel_executor.executor.parallel:run_until_complete finished with '0'
[1.022s] DEBUG:colcon.colcon_core.event_reactor:joining thread
[1.026s] INFO:colcon.colcon_core.plugin_system:Skipping extension 'colcon_notification.desktop_notification.terminal_notifier': Not used on non-Darwin systems
[1.026s] INFO:colcon.colcon_core.plugin_system:Skipping extension 'colcon_notification.desktop_notification.win32': Not used on non-Windows systems
[1.026s] INFO:colcon.colcon_notification.desktop_notification:Sending desktop notification using 'notify2'
[1.032s] DEBUG:colcon.colcon_core.event_reactor:joined thread
[1.033s] INFO:colcon.colcon_core.shell:Creating prefix script '/home/rhobtor/PHD/j8_control/J8_control/install/local_setup.ps1'
[1.033s] INFO:colcon.colcon_core.shell:Creating prefix util module '/home/rhobtor/PHD/j8_control/J8_control/install/_local_setup_util_ps1.py'
[1.034s] INFO:colcon.colcon_core.shell:Creating prefix chain script '/home/rhobtor/PHD/j8_control/J8_control/install/setup.ps1'
[1.035s] INFO:colcon.colcon_core.shell:Creating prefix script '/home/rhobtor/PHD/j8_control/J8_control/install/local_setup.sh'
[1.035s] INFO:colcon.colcon_core.shell:Creating prefix util module '/home/rhobtor/PHD/j8_control/J8_control/install/_local_setup_util_sh.py'
[1.035s] INFO:colcon.colcon_core.shell:Creating prefix chain script '/home/rhobtor/PHD/j8_control/J8_control/install/setup.sh'
[1.036s] INFO:colcon.colcon_core.shell:Creating prefix script '/home/rhobtor/PHD/j8_control/J8_control/install/local_setup.bash'
[1.036s] INFO:colcon.colcon_core.shell:Creating prefix chain script '/home/rhobtor/PHD/j8_control/J8_control/install/setup.bash'
[1.037s] INFO:colcon.colcon_core.shell:Creating prefix script '/home/rhobtor/PHD/j8_control/J8_control/install/local_setup.zsh'
[1.037s] INFO:colcon.colcon_core.shell:Creating prefix chain script '/home/rhobtor/PHD/j8_control/J8_control/install/setup.zsh'
