[0.082s] Invoking command in '/home/rhobtor/PHD/j8_control/J8_control/build/security_check_interfaces': CMAKE_PREFIX_PATH=${CMAKE_PREFIX_PATH}:/home/rhobtor/PHD/path_dem/install_navigation/path_dem:/home/rhobtor/PHD/path_dem/install/path_dem:/home/rhobtor/PHD/install_global_belief_final/path_dem:/home/rhobtor/PHD/ARGOSJ8_IA/ARGOSJ8_IA_/install/car:/home/rhobtor/PHD/ARGOSJ8_IA/ARGOSJ8_IA_/install/ntrip_client:/home/rhobtor/PHD/ARGOSJ8_IA/ARGOSJ8_IA_/install/j8_gui:/home/rhobtor/PHD/ARGOSJ8_IA/ARGOSJ8_IA_/install/gui:/home/rhobtor/PHD/ARGOSJ8_IA/ARGOSJ8_IA_/install/android_ros2_server:/home/rhobtor/PHD/ARGOSJ8_IA/ARGOSJ8_IA_/install/GUI_pkg:/home/rhobtor/PHD/model_terrain_ugv/Model_terrain_ugv/install/model_terrain:/opt/ros/humble /usr/bin/cmake /home/rhobtor/PHD/j8_control/J8_control/src/security_check/security_check_interfaces -DCMAKE_INSTALL_PREFIX=/home/rhobtor/PHD/j8_control/J8_control/install/security_check_interfaces
[1.333s] -- The C compiler identification is GNU 11.4.0
[1.333s] -- The CXX compiler identification is GNU 11.4.0
[1.333s] -- Detecting C compiler ABI info
[1.333s] -- Detecting C compiler ABI info - done
[1.333s] -- Check for working C compiler: /usr/bin/cc - skipped
[1.334s] -- Detecting C compile features
[1.334s] -- Detecting C compile features - done
[1.334s] -- Detecting CXX compiler ABI info
[1.334s] -- Detecting CXX compiler ABI info - done
[1.334s] -- Check for working CXX compiler: /usr/bin/c++ - skipped
[1.334s] -- Detecting CXX compile features
[1.334s] -- Detecting CXX compile features - done
[1.334s] -- Found ament_cmake: 1.3.14 (/opt/ros/humble/share/ament_cmake/cmake)
[1.334s] -- Found Python3: /usr/bin/python3 (found version "3.10.12") found components: Interpreter 
[1.334s] -- Found rosidl_default_generators: 1.2.1 (/opt/ros/humble/share/rosidl_default_generators/cmake)
[1.334s] -- Using all available rosidl_typesupport_c: rosidl_typesupport_fastrtps_c;rosidl_typesupport_introspection_c
[1.334s] -- Found rosidl_adapter: 3.1.9 (/opt/ros/humble/share/rosidl_adapter/cmake)
[1.334s] -- Using all available rosidl_typesupport_cpp: rosidl_typesupport_fastrtps_cpp;rosidl_typesupport_introspection_cpp
[1.334s] -- Found std_msgs: 4.9.2 (/opt/ros/humble/share/std_msgs/cmake)
[1.544s] -- Found ament_cmake_ros: 0.10.0 (/opt/ros/humble/share/ament_cmake_ros/cmake)
[1.976s] -- Using all available rosidl_typesupport_c: rosidl_typesupport_fastrtps_c;rosidl_typesupport_introspection_c
[2.392s] -- Using all available rosidl_typesupport_cpp: rosidl_typesupport_fastrtps_cpp;rosidl_typesupport_introspection_cpp
[2.429s] -- Found PythonInterp: /usr/bin/python3 (found suitable version "3.10.12", minimum required is "3.6") 
[2.430s] -- Found python_cmake_module: 0.10.0 (/opt/ros/humble/share/python_cmake_module/cmake)
[2.472s] -- Found PythonLibs: /usr/lib/x86_64-linux-gnu/libpython3.10.so (found suitable version "3.10.12", minimum required is "3.5") 
[2.472s] -- Using PYTHON_EXECUTABLE: /usr/bin/python3
[2.472s] -- Using PYTHON_INCLUDE_DIRS: /usr/include/python3.10
[2.472s] -- Using PYTHON_LIBRARIES: /usr/lib/x86_64-linux-gnu/libpython3.10.so
[2.502s] -- Found PythonExtra: .so  
[2.699s] -- Configuring done
[2.735s] -- Generating done
[2.756s] -- Build files have been written to: /home/rhobtor/PHD/j8_control/J8_control/build/security_check_interfaces
[2.784s] Invoked command in '/home/rhobtor/PHD/j8_control/J8_control/build/security_check_interfaces' returned '0': CMAKE_PREFIX_PATH=${CMAKE_PREFIX_PATH}:/home/rhobtor/PHD/path_dem/install_navigation/path_dem:/home/rhobtor/PHD/path_dem/install/path_dem:/home/rhobtor/PHD/install_global_belief_final/path_dem:/home/rhobtor/PHD/ARGOSJ8_IA/ARGOSJ8_IA_/install/car:/home/rhobtor/PHD/ARGOSJ8_IA/ARGOSJ8_IA_/install/ntrip_client:/home/rhobtor/PHD/ARGOSJ8_IA/ARGOSJ8_IA_/install/j8_gui:/home/rhobtor/PHD/ARGOSJ8_IA/ARGOSJ8_IA_/install/gui:/home/rhobtor/PHD/ARGOSJ8_IA/ARGOSJ8_IA_/install/android_ros2_server:/home/rhobtor/PHD/ARGOSJ8_IA/ARGOSJ8_IA_/install/GUI_pkg:/home/rhobtor/PHD/model_terrain_ugv/Model_terrain_ugv/install/model_terrain:/opt/ros/humble /usr/bin/cmake /home/rhobtor/PHD/j8_control/J8_control/src/security_check/security_check_interfaces -DCMAKE_INSTALL_PREFIX=/home/rhobtor/PHD/j8_control/J8_control/install/security_check_interfaces
[2.785s] Invoking command in '/home/rhobtor/PHD/j8_control/J8_control/build/security_check_interfaces': CMAKE_PREFIX_PATH=${CMAKE_PREFIX_PATH}:/home/rhobtor/PHD/path_dem/install_navigation/path_dem:/home/rhobtor/PHD/path_dem/install/path_dem:/home/rhobtor/PHD/install_global_belief_final/path_dem:/home/rhobtor/PHD/ARGOSJ8_IA/ARGOSJ8_IA_/install/car:/home/rhobtor/PHD/ARGOSJ8_IA/ARGOSJ8_IA_/install/ntrip_client:/home/rhobtor/PHD/ARGOSJ8_IA/ARGOSJ8_IA_/install/j8_gui:/home/rhobtor/PHD/ARGOSJ8_IA/ARGOSJ8_IA_/install/gui:/home/rhobtor/PHD/ARGOSJ8_IA/ARGOSJ8_IA_/install/android_ros2_server:/home/rhobtor/PHD/ARGOSJ8_IA/ARGOSJ8_IA_/install/GUI_pkg:/home/rhobtor/PHD/model_terrain_ugv/Model_terrain_ugv/install/model_terrain:/opt/ros/humble /usr/bin/cmake --build /home/rhobtor/PHD/j8_control/J8_control/build/security_check_interfaces -- -j20 -l20
[3.070s] [  2%] [34m[1mGenerating C code for ROS interfaces[0m
[3.070s] [  5%] [34m[1mGenerating Rust code for ROS interfaces[0m
[3.073s] [  7%] [34m[1mGenerating C++ code for ROS interfaces[0m
[3.074s] [  7%] Built target ament_cmake_python_copy_security_check_interfaces
[3.260s] running egg_info
[3.315s] creating security_check_interfaces.egg-info
[3.315s] writing security_check_interfaces.egg-info/PKG-INFO
[3.316s] writing dependency_links to security_check_interfaces.egg-info/dependency_links.txt
[3.316s] writing top-level names to security_check_interfaces.egg-info/top_level.txt
[3.316s] writing manifest file 'security_check_interfaces.egg-info/SOURCES.txt'
[3.345s] [  7%] Built target security_check_interfaces__rs
[3.388s] reading manifest file 'security_check_interfaces.egg-info/SOURCES.txt'
[3.391s] writing manifest file 'security_check_interfaces.egg-info/SOURCES.txt'
[3.506s] [ 10%] [32mBuilding C object CMakeFiles/security_check_interfaces__rosidl_generator_c.dir/rosidl_generator_c/security_check_interfaces/srv/detail/password_check__functions.c.o[0m
[3.509s] [ 12%] [32mBuilding C object CMakeFiles/security_check_interfaces__rosidl_generator_c.dir/rosidl_generator_c/security_check_interfaces/srv/detail/get_security_check_status__functions.c.o[0m
[3.539s] [ 12%] Built target ament_cmake_python_build_security_check_interfaces_egg
[3.727s] [ 12%] Built target security_check_interfaces__cpp
[3.745s] [ 15%] [32m[1mLinking C shared library libsecurity_check_interfaces__rosidl_generator_c.so[0m
[3.753s] [ 17%] [34m[1mGenerating C++ type support dispatch for ROS interfaces[0m
[3.763s] [ 20%] [34m[1mGenerating C++ type support for eProsima Fast-RTPS[0m
[3.767s] [ 22%] [34m[1mGenerating C++ introspection for ROS interfaces[0m
[3.889s] [ 22%] Built target security_check_interfaces__rosidl_generator_c
[3.933s] [ 25%] [34m[1mGenerating C introspection for ROS interfaces[0m
[3.933s] [ 27%] [34m[1mGenerating C type support for eProsima Fast-RTPS[0m
[3.950s] [ 30%] [34m[1mGenerating C type support dispatch for ROS interfaces[0m
[4.404s] [ 32%] [32mBuilding CXX object CMakeFiles/security_check_interfaces__rosidl_typesupport_cpp.dir/rosidl_typesupport_cpp/security_check_interfaces/srv/password_check__type_support.cpp.o[0m
[4.414s] [ 35%] [32mBuilding CXX object CMakeFiles/security_check_interfaces__rosidl_typesupport_cpp.dir/rosidl_typesupport_cpp/security_check_interfaces/srv/get_security_check_status__type_support.cpp.o[0m
[4.543s] [ 37%] [32mBuilding CXX object CMakeFiles/security_check_interfaces__rosidl_typesupport_introspection_cpp.dir/rosidl_typesupport_introspection_cpp/security_check_interfaces/srv/detail/password_check__type_support.cpp.o[0m
[4.552s] [ 40%] [32mBuilding CXX object CMakeFiles/security_check_interfaces__rosidl_typesupport_introspection_cpp.dir/rosidl_typesupport_introspection_cpp/security_check_interfaces/srv/detail/get_security_check_status__type_support.cpp.o[0m
[4.972s] [ 42%] [32mBuilding CXX object CMakeFiles/security_check_interfaces__rosidl_typesupport_fastrtps_c.dir/rosidl_typesupport_fastrtps_c/security_check_interfaces/srv/detail/password_check__type_support_c.cpp.o[0m
[5.007s] [ 45%] [32mBuilding CXX object CMakeFiles/security_check_interfaces__rosidl_typesupport_fastrtps_c.dir/rosidl_typesupport_fastrtps_c/security_check_interfaces/srv/detail/get_security_check_status__type_support_c.cpp.o[0m
[5.182s] [ 47%] [32mBuilding CXX object CMakeFiles/security_check_interfaces__rosidl_typesupport_c.dir/rosidl_typesupport_c/security_check_interfaces/srv/password_check__type_support.cpp.o[0m
[5.215s] [ 50%] [32mBuilding CXX object CMakeFiles/security_check_interfaces__rosidl_typesupport_c.dir/rosidl_typesupport_c/security_check_interfaces/srv/get_security_check_status__type_support.cpp.o[0m
[5.302s] [ 52%] [32m[1mLinking CXX shared library libsecurity_check_interfaces__rosidl_typesupport_cpp.so[0m
[5.329s] [ 55%] [32mBuilding CXX object CMakeFiles/security_check_interfaces__rosidl_typesupport_fastrtps_cpp.dir/rosidl_typesupport_fastrtps_cpp/security_check_interfaces/srv/detail/dds_fastrtps/password_check__type_support.cpp.o[0m
[5.358s] [ 57%] [32mBuilding CXX object CMakeFiles/security_check_interfaces__rosidl_typesupport_fastrtps_cpp.dir/rosidl_typesupport_fastrtps_cpp/security_check_interfaces/srv/detail/dds_fastrtps/get_security_check_status__type_support.cpp.o[0m
[5.361s] [ 60%] [32m[1mLinking CXX shared library libsecurity_check_interfaces__rosidl_typesupport_c.so[0m
[5.477s] [ 60%] Built target security_check_interfaces__rosidl_typesupport_cpp
[5.524s] [ 62%] [32mBuilding C object CMakeFiles/security_check_interfaces__rosidl_typesupport_introspection_c.dir/rosidl_typesupport_introspection_c/security_check_interfaces/srv/detail/password_check__type_support.c.o[0m
[5.532s] [ 65%] [32mBuilding C object CMakeFiles/security_check_interfaces__rosidl_typesupport_introspection_c.dir/rosidl_typesupport_introspection_c/security_check_interfaces/srv/detail/get_security_check_status__type_support.c.o[0m
[5.564s] [ 65%] Built target security_check_interfaces__rosidl_typesupport_c
[5.665s] [ 67%] [32m[1mLinking C shared library libsecurity_check_interfaces__rosidl_typesupport_introspection_c.so[0m
[5.770s] [ 67%] Built target security_check_interfaces__rosidl_typesupport_introspection_c
[5.952s] [ 70%] [32m[1mLinking CXX shared library libsecurity_check_interfaces__rosidl_typesupport_introspection_cpp.so[0m
[6.300s] [ 70%] Built target security_check_interfaces__rosidl_typesupport_introspection_cpp
[6.695s] [ 72%] [32m[1mLinking CXX shared library libsecurity_check_interfaces__rosidl_typesupport_fastrtps_c.so[0m
[6.977s] [ 75%] [32m[1mLinking CXX shared library libsecurity_check_interfaces__rosidl_typesupport_fastrtps_cpp.so[0m
[7.013s] [ 75%] Built target security_check_interfaces__rosidl_typesupport_fastrtps_c
[7.387s] [ 75%] Built target security_check_interfaces__rosidl_typesupport_fastrtps_cpp
[7.475s] [ 75%] Built target security_check_interfaces
[7.530s] [ 77%] [34m[1mGenerating Python code for ROS interfaces[0m
[9.769s] [ 77%] Built target security_check_interfaces__py
[9.873s] [ 80%] [32mBuilding C object CMakeFiles/security_check_interfaces__rosidl_generator_py.dir/rosidl_generator_py/security_check_interfaces/srv/_password_check_s.c.o[0m
[9.914s] [ 82%] [32mBuilding C object CMakeFiles/security_check_interfaces__rosidl_generator_py.dir/rosidl_generator_py/security_check_interfaces/srv/_get_security_check_status_s.c.o[0m
[10.421s] [ 85%] [32m[1mLinking C shared library rosidl_generator_py/security_check_interfaces/libsecurity_check_interfaces__rosidl_generator_py.so[0m
[10.612s] [ 85%] Built target security_check_interfaces__rosidl_generator_py
[10.705s] [ 87%] [32mBuilding C object CMakeFiles/security_check_interfaces__rosidl_typesupport_introspection_c__pyext.dir/rosidl_generator_py/security_check_interfaces/_security_check_interfaces_s.ep.rosidl_typesupport_introspection_c.c.o[0m
[10.712s] [ 90%] [32mBuilding C object CMakeFiles/security_check_interfaces__rosidl_typesupport_fastrtps_c__pyext.dir/rosidl_generator_py/security_check_interfaces/_security_check_interfaces_s.ep.rosidl_typesupport_fastrtps_c.c.o[0m
[10.736s] [ 92%] [32mBuilding C object CMakeFiles/security_check_interfaces__rosidl_typesupport_c__pyext.dir/rosidl_generator_py/security_check_interfaces/_security_check_interfaces_s.ep.rosidl_typesupport_c.c.o[0m
[11.027s] [ 95%] [32m[1mLinking C shared library rosidl_generator_py/security_check_interfaces/security_check_interfaces_s__rosidl_typesupport_c.cpython-310-x86_64-linux-gnu.so[0m
[11.143s] [ 97%] [32m[1mLinking C shared library rosidl_generator_py/security_check_interfaces/security_check_interfaces_s__rosidl_typesupport_introspection_c.cpython-310-x86_64-linux-gnu.so[0m
[11.194s] [ 97%] Built target security_check_interfaces__rosidl_typesupport_c__pyext
[11.206s] [100%] [32m[1mLinking C shared library rosidl_generator_py/security_check_interfaces/security_check_interfaces_s__rosidl_typesupport_fastrtps_c.cpython-310-x86_64-linux-gnu.so[0m
[11.309s] [100%] Built target security_check_interfaces__rosidl_typesupport_introspection_c__pyext
[11.361s] [100%] Built target security_check_interfaces__rosidl_typesupport_fastrtps_c__pyext
[11.432s] Invoked command in '/home/rhobtor/PHD/j8_control/J8_control/build/security_check_interfaces' returned '0': CMAKE_PREFIX_PATH=${CMAKE_PREFIX_PATH}:/home/rhobtor/PHD/path_dem/install_navigation/path_dem:/home/rhobtor/PHD/path_dem/install/path_dem:/home/rhobtor/PHD/install_global_belief_final/path_dem:/home/rhobtor/PHD/ARGOSJ8_IA/ARGOSJ8_IA_/install/car:/home/rhobtor/PHD/ARGOSJ8_IA/ARGOSJ8_IA_/install/ntrip_client:/home/rhobtor/PHD/ARGOSJ8_IA/ARGOSJ8_IA_/install/j8_gui:/home/rhobtor/PHD/ARGOSJ8_IA/ARGOSJ8_IA_/install/gui:/home/rhobtor/PHD/ARGOSJ8_IA/ARGOSJ8_IA_/install/android_ros2_server:/home/rhobtor/PHD/ARGOSJ8_IA/ARGOSJ8_IA_/install/GUI_pkg:/home/rhobtor/PHD/model_terrain_ugv/Model_terrain_ugv/install/model_terrain:/opt/ros/humble /usr/bin/cmake --build /home/rhobtor/PHD/j8_control/J8_control/build/security_check_interfaces -- -j20 -l20
[11.433s] Invoking command in '/home/rhobtor/PHD/j8_control/J8_control/build/security_check_interfaces': CMAKE_PREFIX_PATH=${CMAKE_PREFIX_PATH}:/home/rhobtor/PHD/path_dem/install_navigation/path_dem:/home/rhobtor/PHD/path_dem/install/path_dem:/home/rhobtor/PHD/install_global_belief_final/path_dem:/home/rhobtor/PHD/ARGOSJ8_IA/ARGOSJ8_IA_/install/car:/home/rhobtor/PHD/ARGOSJ8_IA/ARGOSJ8_IA_/install/ntrip_client:/home/rhobtor/PHD/ARGOSJ8_IA/ARGOSJ8_IA_/install/j8_gui:/home/rhobtor/PHD/ARGOSJ8_IA/ARGOSJ8_IA_/install/gui:/home/rhobtor/PHD/ARGOSJ8_IA/ARGOSJ8_IA_/install/android_ros2_server:/home/rhobtor/PHD/ARGOSJ8_IA/ARGOSJ8_IA_/install/GUI_pkg:/home/rhobtor/PHD/model_terrain_ugv/Model_terrain_ugv/install/model_terrain:/opt/ros/humble /usr/bin/cmake --install /home/rhobtor/PHD/j8_control/J8_control/build/security_check_interfaces
[12.237s] -- Install configuration: ""
[12.237s] -- Installing: /home/rhobtor/PHD/j8_control/J8_control/install/security_check_interfaces/share/ament_index/resource_index/rosidl_interfaces/security_check_interfaces
[12.237s] -- Installing: /home/rhobtor/PHD/j8_control/J8_control/install/security_check_interfaces/include/security_check_interfaces/security_check_interfaces
[12.237s] -- Installing: /home/rhobtor/PHD/j8_control/J8_control/install/security_check_interfaces/include/security_check_interfaces/security_check_interfaces/srv
[12.237s] -- Installing: /home/rhobtor/PHD/j8_control/J8_control/install/security_check_interfaces/include/security_check_interfaces/security_check_interfaces/srv/get_security_check_status.h
[12.237s] -- Installing: /home/rhobtor/PHD/j8_control/J8_control/install/security_check_interfaces/include/security_check_interfaces/security_check_interfaces/srv/password_check.h
[12.237s] -- Installing: /home/rhobtor/PHD/j8_control/J8_control/install/security_check_interfaces/include/security_check_interfaces/security_check_interfaces/srv/detail
[12.237s] -- Installing: /home/rhobtor/PHD/j8_control/J8_control/install/security_check_interfaces/include/security_check_interfaces/security_check_interfaces/srv/detail/get_security_check_status__functions.c
[12.237s] -- Installing: /home/rhobtor/PHD/j8_control/J8_control/install/security_check_interfaces/include/security_check_interfaces/security_check_interfaces/srv/detail/password_check__struct.h
[12.237s] -- Installing: /home/rhobtor/PHD/j8_control/J8_control/install/security_check_interfaces/include/security_check_interfaces/security_check_interfaces/srv/detail/password_check__functions.c
[12.237s] -- Installing: /home/rhobtor/PHD/j8_control/J8_control/install/security_check_interfaces/include/security_check_interfaces/security_check_interfaces/srv/detail/get_security_check_status__type_support.h
[12.238s] -- Installing: /home/rhobtor/PHD/j8_control/J8_control/install/security_check_interfaces/include/security_check_interfaces/security_check_interfaces/srv/detail/get_security_check_status__struct.h
[12.239s] -- Installing: /home/rhobtor/PHD/j8_control/J8_control/install/security_check_interfaces/include/security_check_interfaces/security_check_interfaces/srv/detail/password_check__type_support.h
[12.239s] -- Installing: /home/rhobtor/PHD/j8_control/J8_control/install/security_check_interfaces/include/security_check_interfaces/security_check_interfaces/srv/detail/password_check__functions.h
[12.239s] -- Installing: /home/rhobtor/PHD/j8_control/J8_control/install/security_check_interfaces/include/security_check_interfaces/security_check_interfaces/srv/detail/get_security_check_status__functions.h
[12.239s] -- Installing: /home/rhobtor/PHD/j8_control/J8_control/install/security_check_interfaces/include/security_check_interfaces/security_check_interfaces/msg
[12.239s] -- Installing: /home/rhobtor/PHD/j8_control/J8_control/install/security_check_interfaces/include/security_check_interfaces/security_check_interfaces/msg/rosidl_generator_c__visibility_control.h
[12.240s] -- Installing: /home/rhobtor/PHD/j8_control/J8_control/install/security_check_interfaces/share/security_check_interfaces/environment/library_path.sh
[12.240s] -- Installing: /home/rhobtor/PHD/j8_control/J8_control/install/security_check_interfaces/share/security_check_interfaces/environment/library_path.dsv
[12.243s] -- Installing: /home/rhobtor/PHD/j8_control/J8_control/install/security_check_interfaces/lib/libsecurity_check_interfaces__rosidl_generator_c.so
[12.243s] -- Set runtime path of "/home/rhobtor/PHD/j8_control/J8_control/install/security_check_interfaces/lib/libsecurity_check_interfaces__rosidl_generator_c.so" to ""
[12.243s] -- Up-to-date: /home/rhobtor/PHD/j8_control/J8_control/install/security_check_interfaces/include/security_check_interfaces/security_check_interfaces
[12.243s] -- Up-to-date: /home/rhobtor/PHD/j8_control/J8_control/install/security_check_interfaces/include/security_check_interfaces/security_check_interfaces/srv
[12.243s] -- Up-to-date: /home/rhobtor/PHD/j8_control/J8_control/install/security_check_interfaces/include/security_check_interfaces/security_check_interfaces/srv/detail
[12.243s] -- Installing: /home/rhobtor/PHD/j8_control/J8_control/install/security_check_interfaces/include/security_check_interfaces/security_check_interfaces/srv/detail/password_check__rosidl_typesupport_fastrtps_c.h
[12.243s] -- Installing: /home/rhobtor/PHD/j8_control/J8_control/install/security_check_interfaces/include/security_check_interfaces/security_check_interfaces/srv/detail/get_security_check_status__rosidl_typesupport_fastrtps_c.h
[12.243s] -- Up-to-date: /home/rhobtor/PHD/j8_control/J8_control/install/security_check_interfaces/include/security_check_interfaces/security_check_interfaces/msg
[12.244s] -- Installing: /home/rhobtor/PHD/j8_control/J8_control/install/security_check_interfaces/include/security_check_interfaces/security_check_interfaces/msg/rosidl_typesupport_fastrtps_c__visibility_control.h
[12.244s] -- Installing: /home/rhobtor/PHD/j8_control/J8_control/install/security_check_interfaces/lib/libsecurity_check_interfaces__rosidl_typesupport_fastrtps_c.so
[12.244s] -- Set runtime path of "/home/rhobtor/PHD/j8_control/J8_control/install/security_check_interfaces/lib/libsecurity_check_interfaces__rosidl_typesupport_fastrtps_c.so" to ""
[12.244s] -- Up-to-date: /home/rhobtor/PHD/j8_control/J8_control/install/security_check_interfaces/include/security_check_interfaces/security_check_interfaces
[12.244s] -- Up-to-date: /home/rhobtor/PHD/j8_control/J8_control/install/security_check_interfaces/include/security_check_interfaces/security_check_interfaces/srv
[12.244s] -- Up-to-date: /home/rhobtor/PHD/j8_control/J8_control/install/security_check_interfaces/include/security_check_interfaces/security_check_interfaces/srv/detail
[12.244s] -- Installing: /home/rhobtor/PHD/j8_control/J8_control/install/security_check_interfaces/include/security_check_interfaces/security_check_interfaces/srv/detail/password_check__type_support.c
[12.244s] -- Installing: /home/rhobtor/PHD/j8_control/J8_control/install/security_check_interfaces/include/security_check_interfaces/security_check_interfaces/srv/detail/password_check__rosidl_typesupport_introspection_c.h
[12.244s] -- Installing: /home/rhobtor/PHD/j8_control/J8_control/install/security_check_interfaces/include/security_check_interfaces/security_check_interfaces/srv/detail/get_security_check_status__type_support.c
[12.244s] -- Installing: /home/rhobtor/PHD/j8_control/J8_control/install/security_check_interfaces/include/security_check_interfaces/security_check_interfaces/srv/detail/get_security_check_status__rosidl_typesupport_introspection_c.h
[12.244s] -- Up-to-date: /home/rhobtor/PHD/j8_control/J8_control/install/security_check_interfaces/include/security_check_interfaces/security_check_interfaces/msg
[12.244s] -- Installing: /home/rhobtor/PHD/j8_control/J8_control/install/security_check_interfaces/include/security_check_interfaces/security_check_interfaces/msg/rosidl_typesupport_introspection_c__visibility_control.h
[12.244s] -- Installing: /home/rhobtor/PHD/j8_control/J8_control/install/security_check_interfaces/lib/libsecurity_check_interfaces__rosidl_typesupport_introspection_c.so
[12.244s] -- Set runtime path of "/home/rhobtor/PHD/j8_control/J8_control/install/security_check_interfaces/lib/libsecurity_check_interfaces__rosidl_typesupport_introspection_c.so" to ""
[12.244s] -- Installing: /home/rhobtor/PHD/j8_control/J8_control/install/security_check_interfaces/lib/libsecurity_check_interfaces__rosidl_typesupport_c.so
[12.244s] -- Set runtime path of "/home/rhobtor/PHD/j8_control/J8_control/install/security_check_interfaces/lib/libsecurity_check_interfaces__rosidl_typesupport_c.so" to ""
[12.244s] -- Up-to-date: /home/rhobtor/PHD/j8_control/J8_control/install/security_check_interfaces/include/security_check_interfaces/security_check_interfaces
[12.244s] -- Up-to-date: /home/rhobtor/PHD/j8_control/J8_control/install/security_check_interfaces/include/security_check_interfaces/security_check_interfaces/srv
[12.244s] -- Installing: /home/rhobtor/PHD/j8_control/J8_control/install/security_check_interfaces/include/security_check_interfaces/security_check_interfaces/srv/password_check.hpp
[12.245s] -- Up-to-date: /home/rhobtor/PHD/j8_control/J8_control/install/security_check_interfaces/include/security_check_interfaces/security_check_interfaces/srv/detail
[12.245s] -- Installing: /home/rhobtor/PHD/j8_control/J8_control/install/security_check_interfaces/include/security_check_interfaces/security_check_interfaces/srv/detail/get_security_check_status__type_support.hpp
[12.245s] -- Installing: /home/rhobtor/PHD/j8_control/J8_control/install/security_check_interfaces/include/security_check_interfaces/security_check_interfaces/srv/detail/get_security_check_status__struct.hpp
[12.245s] -- Installing: /home/rhobtor/PHD/j8_control/J8_control/install/security_check_interfaces/include/security_check_interfaces/security_check_interfaces/srv/detail/get_security_check_status__builder.hpp
[12.245s] -- Installing: /home/rhobtor/PHD/j8_control/J8_control/install/security_check_interfaces/include/security_check_interfaces/security_check_interfaces/srv/detail/password_check__type_support.hpp
[12.245s] -- Installing: /home/rhobtor/PHD/j8_control/J8_control/install/security_check_interfaces/include/security_check_interfaces/security_check_interfaces/srv/detail/get_security_check_status__traits.hpp
[12.245s] -- Installing: /home/rhobtor/PHD/j8_control/J8_control/install/security_check_interfaces/include/security_check_interfaces/security_check_interfaces/srv/detail/password_check__builder.hpp
[12.245s] -- Installing: /home/rhobtor/PHD/j8_control/J8_control/install/security_check_interfaces/include/security_check_interfaces/security_check_interfaces/srv/detail/password_check__struct.hpp
[12.245s] -- Installing: /home/rhobtor/PHD/j8_control/J8_control/install/security_check_interfaces/include/security_check_interfaces/security_check_interfaces/srv/detail/password_check__traits.hpp
[12.245s] -- Installing: /home/rhobtor/PHD/j8_control/J8_control/install/security_check_interfaces/include/security_check_interfaces/security_check_interfaces/srv/get_security_check_status.hpp
[12.245s] -- Up-to-date: /home/rhobtor/PHD/j8_control/J8_control/install/security_check_interfaces/include/security_check_interfaces/security_check_interfaces/msg
[12.245s] -- Installing: /home/rhobtor/PHD/j8_control/J8_control/install/security_check_interfaces/include/security_check_interfaces/security_check_interfaces/msg/rosidl_generator_cpp__visibility_control.hpp
[12.245s] -- Up-to-date: /home/rhobtor/PHD/j8_control/J8_control/install/security_check_interfaces/include/security_check_interfaces/security_check_interfaces
[12.245s] -- Up-to-date: /home/rhobtor/PHD/j8_control/J8_control/install/security_check_interfaces/include/security_check_interfaces/security_check_interfaces/srv
[12.245s] -- Up-to-date: /home/rhobtor/PHD/j8_control/J8_control/install/security_check_interfaces/include/security_check_interfaces/security_check_interfaces/srv/detail
[12.245s] -- Installing: /home/rhobtor/PHD/j8_control/J8_control/install/security_check_interfaces/include/security_check_interfaces/security_check_interfaces/srv/detail/get_security_check_status__rosidl_typesupport_fastrtps_cpp.hpp
[12.245s] -- Installing: /home/rhobtor/PHD/j8_control/J8_control/install/security_check_interfaces/include/security_check_interfaces/security_check_interfaces/srv/detail/password_check__rosidl_typesupport_fastrtps_cpp.hpp
[12.245s] -- Installing: /home/rhobtor/PHD/j8_control/J8_control/install/security_check_interfaces/include/security_check_interfaces/security_check_interfaces/srv/detail/dds_fastrtps
[12.245s] -- Up-to-date: /home/rhobtor/PHD/j8_control/J8_control/install/security_check_interfaces/include/security_check_interfaces/security_check_interfaces/msg
[12.245s] -- Installing: /home/rhobtor/PHD/j8_control/J8_control/install/security_check_interfaces/include/security_check_interfaces/security_check_interfaces/msg/rosidl_typesupport_fastrtps_cpp__visibility_control.h
[12.245s] -- Installing: /home/rhobtor/PHD/j8_control/J8_control/install/security_check_interfaces/lib/libsecurity_check_interfaces__rosidl_typesupport_fastrtps_cpp.so
[12.245s] -- Set runtime path of "/home/rhobtor/PHD/j8_control/J8_control/install/security_check_interfaces/lib/libsecurity_check_interfaces__rosidl_typesupport_fastrtps_cpp.so" to ""
[12.246s] -- Up-to-date: /home/rhobtor/PHD/j8_control/J8_control/install/security_check_interfaces/include/security_check_interfaces/security_check_interfaces
[12.246s] -- Up-to-date: /home/rhobtor/PHD/j8_control/J8_control/install/security_check_interfaces/include/security_check_interfaces/security_check_interfaces/srv
[12.246s] -- Up-to-date: /home/rhobtor/PHD/j8_control/J8_control/install/security_check_interfaces/include/security_check_interfaces/security_check_interfaces/srv/detail
[12.246s] -- Installing: /home/rhobtor/PHD/j8_control/J8_control/install/security_check_interfaces/include/security_check_interfaces/security_check_interfaces/srv/detail/password_check__type_support.cpp
[12.246s] -- Installing: /home/rhobtor/PHD/j8_control/J8_control/install/security_check_interfaces/include/security_check_interfaces/security_check_interfaces/srv/detail/get_security_check_status__type_support.cpp
[12.246s] -- Installing: /home/rhobtor/PHD/j8_control/J8_control/install/security_check_interfaces/include/security_check_interfaces/security_check_interfaces/srv/detail/get_security_check_status__rosidl_typesupport_introspection_cpp.hpp
[12.246s] -- Installing: /home/rhobtor/PHD/j8_control/J8_control/install/security_check_interfaces/include/security_check_interfaces/security_check_interfaces/srv/detail/password_check__rosidl_typesupport_introspection_cpp.hpp
[12.246s] -- Installing: /home/rhobtor/PHD/j8_control/J8_control/install/security_check_interfaces/lib/libsecurity_check_interfaces__rosidl_typesupport_introspection_cpp.so
[12.246s] -- Set runtime path of "/home/rhobtor/PHD/j8_control/J8_control/install/security_check_interfaces/lib/libsecurity_check_interfaces__rosidl_typesupport_introspection_cpp.so" to ""
[12.246s] -- Installing: /home/rhobtor/PHD/j8_control/J8_control/install/security_check_interfaces/lib/libsecurity_check_interfaces__rosidl_typesupport_cpp.so
[12.246s] -- Set runtime path of "/home/rhobtor/PHD/j8_control/J8_control/install/security_check_interfaces/lib/libsecurity_check_interfaces__rosidl_typesupport_cpp.so" to ""
[12.246s] -- Installing: /home/rhobtor/PHD/j8_control/J8_control/install/security_check_interfaces/share/security_check_interfaces/environment/pythonpath.sh
[12.246s] -- Installing: /home/rhobtor/PHD/j8_control/J8_control/install/security_check_interfaces/share/security_check_interfaces/environment/pythonpath.dsv
[12.246s] -- Installing: /home/rhobtor/PHD/j8_control/J8_control/install/security_check_interfaces/local/lib/python3.10/dist-packages/security_check_interfaces-0.0.0-py3.10.egg-info
[12.246s] -- Installing: /home/rhobtor/PHD/j8_control/J8_control/install/security_check_interfaces/local/lib/python3.10/dist-packages/security_check_interfaces-0.0.0-py3.10.egg-info/dependency_links.txt
[12.246s] -- Installing: /home/rhobtor/PHD/j8_control/J8_control/install/security_check_interfaces/local/lib/python3.10/dist-packages/security_check_interfaces-0.0.0-py3.10.egg-info/top_level.txt
[12.256s] -- Installing: /home/rhobtor/PHD/j8_control/J8_control/install/security_check_interfaces/local/lib/python3.10/dist-packages/security_check_interfaces-0.0.0-py3.10.egg-info/PKG-INFO
[12.256s] -- Installing: /home/rhobtor/PHD/j8_control/J8_control/install/security_check_interfaces/local/lib/python3.10/dist-packages/security_check_interfaces-0.0.0-py3.10.egg-info/SOURCES.txt
[12.256s] -- Installing: /home/rhobtor/PHD/j8_control/J8_control/install/security_check_interfaces/local/lib/python3.10/dist-packages/security_check_interfaces
[12.256s] -- Installing: /home/rhobtor/PHD/j8_control/J8_control/install/security_check_interfaces/local/lib/python3.10/dist-packages/security_check_interfaces/__init__.py
[12.256s] -- Installing: /home/rhobtor/PHD/j8_control/J8_control/install/security_check_interfaces/local/lib/python3.10/dist-packages/security_check_interfaces/security_check_interfaces_s__rosidl_typesupport_fastrtps_c.cpython-310-x86_64-linux-gnu.so
[12.256s] -- Installing: /home/rhobtor/PHD/j8_control/J8_control/install/security_check_interfaces/local/lib/python3.10/dist-packages/security_check_interfaces/_security_check_interfaces_s.ep.rosidl_typesupport_fastrtps_c.c
[12.257s] -- Installing: /home/rhobtor/PHD/j8_control/J8_control/install/security_check_interfaces/local/lib/python3.10/dist-packages/security_check_interfaces/srv
[12.257s] -- Installing: /home/rhobtor/PHD/j8_control/J8_control/install/security_check_interfaces/local/lib/python3.10/dist-packages/security_check_interfaces/srv/__init__.py
[12.257s] -- Installing: /home/rhobtor/PHD/j8_control/J8_control/install/security_check_interfaces/local/lib/python3.10/dist-packages/security_check_interfaces/srv/_password_check.py
[12.257s] -- Installing: /home/rhobtor/PHD/j8_control/J8_control/install/security_check_interfaces/local/lib/python3.10/dist-packages/security_check_interfaces/srv/_get_security_check_status.py
[12.257s] -- Installing: /home/rhobtor/PHD/j8_control/J8_control/install/security_check_interfaces/local/lib/python3.10/dist-packages/security_check_interfaces/srv/_password_check_s.c
[12.260s] -- Installing: /home/rhobtor/PHD/j8_control/J8_control/install/security_check_interfaces/local/lib/python3.10/dist-packages/security_check_interfaces/srv/_get_security_check_status_s.c
[12.260s] -- Installing: /home/rhobtor/PHD/j8_control/J8_control/install/security_check_interfaces/local/lib/python3.10/dist-packages/security_check_interfaces/_security_check_interfaces_s.ep.rosidl_typesupport_introspection_c.c
[12.260s] -- Installing: /home/rhobtor/PHD/j8_control/J8_control/install/security_check_interfaces/local/lib/python3.10/dist-packages/security_check_interfaces/libsecurity_check_interfaces__rosidl_generator_py.so
[12.260s] -- Installing: /home/rhobtor/PHD/j8_control/J8_control/install/security_check_interfaces/local/lib/python3.10/dist-packages/security_check_interfaces/_security_check_interfaces_s.ep.rosidl_typesupport_c.c
[12.260s] -- Installing: /home/rhobtor/PHD/j8_control/J8_control/install/security_check_interfaces/local/lib/python3.10/dist-packages/security_check_interfaces/security_check_interfaces_s__rosidl_typesupport_introspection_c.cpython-310-x86_64-linux-gnu.so
[12.260s] -- Installing: /home/rhobtor/PHD/j8_control/J8_control/install/security_check_interfaces/local/lib/python3.10/dist-packages/security_check_interfaces/security_check_interfaces_s__rosidl_typesupport_c.cpython-310-x86_64-linux-gnu.so
[12.376s] Listing '/home/rhobtor/PHD/j8_control/J8_control/install/security_check_interfaces/local/lib/python3.10/dist-packages/security_check_interfaces'...
[12.376s] Compiling '/home/rhobtor/PHD/j8_control/J8_control/install/security_check_interfaces/local/lib/python3.10/dist-packages/security_check_interfaces/__init__.py'...
[12.376s] Listing '/home/rhobtor/PHD/j8_control/J8_control/install/security_check_interfaces/local/lib/python3.10/dist-packages/security_check_interfaces/srv'...
[12.376s] Compiling '/home/rhobtor/PHD/j8_control/J8_control/install/security_check_interfaces/local/lib/python3.10/dist-packages/security_check_interfaces/srv/__init__.py'...
[12.376s] Compiling '/home/rhobtor/PHD/j8_control/J8_control/install/security_check_interfaces/local/lib/python3.10/dist-packages/security_check_interfaces/srv/_get_security_check_status.py'...
[12.376s] Compiling '/home/rhobtor/PHD/j8_control/J8_control/install/security_check_interfaces/local/lib/python3.10/dist-packages/security_check_interfaces/srv/_password_check.py'...
[12.396s] -- Installing: /home/rhobtor/PHD/j8_control/J8_control/install/security_check_interfaces/local/lib/python3.10/dist-packages/security_check_interfaces/security_check_interfaces_s__rosidl_typesupport_fastrtps_c.cpython-310-x86_64-linux-gnu.so
[12.396s] -- Set runtime path of "/home/rhobtor/PHD/j8_control/J8_control/install/security_check_interfaces/local/lib/python3.10/dist-packages/security_check_interfaces/security_check_interfaces_s__rosidl_typesupport_fastrtps_c.cpython-310-x86_64-linux-gnu.so" to ""
[12.396s] -- Installing: /home/rhobtor/PHD/j8_control/J8_control/install/security_check_interfaces/local/lib/python3.10/dist-packages/security_check_interfaces/security_check_interfaces_s__rosidl_typesupport_introspection_c.cpython-310-x86_64-linux-gnu.so
[12.396s] -- Set runtime path of "/home/rhobtor/PHD/j8_control/J8_control/install/security_check_interfaces/local/lib/python3.10/dist-packages/security_check_interfaces/security_check_interfaces_s__rosidl_typesupport_introspection_c.cpython-310-x86_64-linux-gnu.so" to ""
[12.396s] -- Installing: /home/rhobtor/PHD/j8_control/J8_control/install/security_check_interfaces/local/lib/python3.10/dist-packages/security_check_interfaces/security_check_interfaces_s__rosidl_typesupport_c.cpython-310-x86_64-linux-gnu.so
[12.396s] -- Set runtime path of "/home/rhobtor/PHD/j8_control/J8_control/install/security_check_interfaces/local/lib/python3.10/dist-packages/security_check_interfaces/security_check_interfaces_s__rosidl_typesupport_c.cpython-310-x86_64-linux-gnu.so" to ""
[12.396s] -- Installing: /home/rhobtor/PHD/j8_control/J8_control/install/security_check_interfaces/lib/libsecurity_check_interfaces__rosidl_generator_py.so
[12.398s] -- Set runtime path of "/home/rhobtor/PHD/j8_control/J8_control/install/security_check_interfaces/lib/libsecurity_check_interfaces__rosidl_generator_py.so" to ""
[12.398s] -- Installing: /home/rhobtor/PHD/j8_control/J8_control/install/security_check_interfaces/share/ament_index/resource_index/rust_packages/security_check_interfaces
[12.401s] -- Installing: /home/rhobtor/PHD/j8_control/J8_control/install/security_check_interfaces/share/security_check_interfaces/rust
[12.401s] -- Installing: /home/rhobtor/PHD/j8_control/J8_control/install/security_check_interfaces/share/security_check_interfaces/rust/build.rs
[12.401s] -- Installing: /home/rhobtor/PHD/j8_control/J8_control/install/security_check_interfaces/share/security_check_interfaces/rust/src
[12.401s] -- Installing: /home/rhobtor/PHD/j8_control/J8_control/install/security_check_interfaces/share/security_check_interfaces/rust/src/srv.rs
[12.401s] -- Installing: /home/rhobtor/PHD/j8_control/J8_control/install/security_check_interfaces/share/security_check_interfaces/rust/src/srv
[12.402s] -- Installing: /home/rhobtor/PHD/j8_control/J8_control/install/security_check_interfaces/share/security_check_interfaces/rust/src/srv/rmw.rs
[12.402s] -- Installing: /home/rhobtor/PHD/j8_control/J8_control/install/security_check_interfaces/share/security_check_interfaces/rust/src/lib.rs
[12.402s] -- Installing: /home/rhobtor/PHD/j8_control/J8_control/install/security_check_interfaces/share/security_check_interfaces/rust/Cargo.toml
[12.402s] -- Installing: /home/rhobtor/PHD/j8_control/J8_control/install/security_check_interfaces/share/security_check_interfaces/srv/PasswordCheck.idl
[12.406s] -- Installing: /home/rhobtor/PHD/j8_control/J8_control/install/security_check_interfaces/share/security_check_interfaces/srv/GetSecurityCheckStatus.idl
[12.406s] -- Installing: /home/rhobtor/PHD/j8_control/J8_control/install/security_check_interfaces/share/security_check_interfaces/srv/PasswordCheck.srv
[12.406s] -- Installing: /home/rhobtor/PHD/j8_control/J8_control/install/security_check_interfaces/share/security_check_interfaces/srv/PasswordCheck_Request.msg
[12.406s] -- Installing: /home/rhobtor/PHD/j8_control/J8_control/install/security_check_interfaces/share/security_check_interfaces/srv/PasswordCheck_Response.msg
[12.406s] -- Installing: /home/rhobtor/PHD/j8_control/J8_control/install/security_check_interfaces/share/security_check_interfaces/srv/GetSecurityCheckStatus.srv
[12.406s] -- Installing: /home/rhobtor/PHD/j8_control/J8_control/install/security_check_interfaces/share/security_check_interfaces/srv/GetSecurityCheckStatus_Request.msg
[12.406s] -- Installing: /home/rhobtor/PHD/j8_control/J8_control/install/security_check_interfaces/share/security_check_interfaces/srv/GetSecurityCheckStatus_Response.msg
[12.406s] -- Installing: /home/rhobtor/PHD/j8_control/J8_control/install/security_check_interfaces/share/ament_index/resource_index/package_run_dependencies/security_check_interfaces
[12.406s] -- Installing: /home/rhobtor/PHD/j8_control/J8_control/install/security_check_interfaces/share/ament_index/resource_index/parent_prefix_path/security_check_interfaces
[12.406s] -- Installing: /home/rhobtor/PHD/j8_control/J8_control/install/security_check_interfaces/share/security_check_interfaces/environment/ament_prefix_path.sh
[12.407s] -- Installing: /home/rhobtor/PHD/j8_control/J8_control/install/security_check_interfaces/share/security_check_interfaces/environment/ament_prefix_path.dsv
[12.407s] -- Installing: /home/rhobtor/PHD/j8_control/J8_control/install/security_check_interfaces/share/security_check_interfaces/environment/path.sh
[12.407s] -- Installing: /home/rhobtor/PHD/j8_control/J8_control/install/security_check_interfaces/share/security_check_interfaces/environment/path.dsv
[12.416s] -- Installing: /home/rhobtor/PHD/j8_control/J8_control/install/security_check_interfaces/share/security_check_interfaces/local_setup.bash
[12.416s] -- Installing: /home/rhobtor/PHD/j8_control/J8_control/install/security_check_interfaces/share/security_check_interfaces/local_setup.sh
[12.416s] -- Installing: /home/rhobtor/PHD/j8_control/J8_control/install/security_check_interfaces/share/security_check_interfaces/local_setup.zsh
[12.416s] -- Installing: /home/rhobtor/PHD/j8_control/J8_control/install/security_check_interfaces/share/security_check_interfaces/local_setup.dsv
[12.416s] -- Installing: /home/rhobtor/PHD/j8_control/J8_control/install/security_check_interfaces/share/security_check_interfaces/package.dsv
[12.416s] -- Installing: /home/rhobtor/PHD/j8_control/J8_control/install/security_check_interfaces/share/ament_index/resource_index/packages/security_check_interfaces
[12.417s] -- Installing: /home/rhobtor/PHD/j8_control/J8_control/install/security_check_interfaces/share/security_check_interfaces/cmake/export_security_check_interfaces__rosidl_generator_cExport.cmake
[12.417s] -- Installing: /home/rhobtor/PHD/j8_control/J8_control/install/security_check_interfaces/share/security_check_interfaces/cmake/export_security_check_interfaces__rosidl_generator_cExport-noconfig.cmake
[12.417s] -- Installing: /home/rhobtor/PHD/j8_control/J8_control/install/security_check_interfaces/share/security_check_interfaces/cmake/export_security_check_interfaces__rosidl_typesupport_fastrtps_cExport.cmake
[12.417s] -- Installing: /home/rhobtor/PHD/j8_control/J8_control/install/security_check_interfaces/share/security_check_interfaces/cmake/export_security_check_interfaces__rosidl_typesupport_fastrtps_cExport-noconfig.cmake
[12.417s] -- Installing: /home/rhobtor/PHD/j8_control/J8_control/install/security_check_interfaces/share/security_check_interfaces/cmake/security_check_interfaces__rosidl_typesupport_introspection_cExport.cmake
[12.417s] -- Installing: /home/rhobtor/PHD/j8_control/J8_control/install/security_check_interfaces/share/security_check_interfaces/cmake/security_check_interfaces__rosidl_typesupport_introspection_cExport-noconfig.cmake
[12.417s] -- Installing: /home/rhobtor/PHD/j8_control/J8_control/install/security_check_interfaces/share/security_check_interfaces/cmake/security_check_interfaces__rosidl_typesupport_cExport.cmake
[12.417s] -- Installing: /home/rhobtor/PHD/j8_control/J8_control/install/security_check_interfaces/share/security_check_interfaces/cmake/security_check_interfaces__rosidl_typesupport_cExport-noconfig.cmake
[12.417s] -- Installing: /home/rhobtor/PHD/j8_control/J8_control/install/security_check_interfaces/share/security_check_interfaces/cmake/export_security_check_interfaces__rosidl_generator_cppExport.cmake
[12.417s] -- Installing: /home/rhobtor/PHD/j8_control/J8_control/install/security_check_interfaces/share/security_check_interfaces/cmake/export_security_check_interfaces__rosidl_typesupport_fastrtps_cppExport.cmake
[12.418s] -- Installing: /home/rhobtor/PHD/j8_control/J8_control/install/security_check_interfaces/share/security_check_interfaces/cmake/export_security_check_interfaces__rosidl_typesupport_fastrtps_cppExport-noconfig.cmake
[12.418s] -- Installing: /home/rhobtor/PHD/j8_control/J8_control/install/security_check_interfaces/share/security_check_interfaces/cmake/security_check_interfaces__rosidl_typesupport_introspection_cppExport.cmake
[12.418s] -- Installing: /home/rhobtor/PHD/j8_control/J8_control/install/security_check_interfaces/share/security_check_interfaces/cmake/security_check_interfaces__rosidl_typesupport_introspection_cppExport-noconfig.cmake
[12.418s] -- Installing: /home/rhobtor/PHD/j8_control/J8_control/install/security_check_interfaces/share/security_check_interfaces/cmake/security_check_interfaces__rosidl_typesupport_cppExport.cmake
[12.419s] -- Installing: /home/rhobtor/PHD/j8_control/J8_control/install/security_check_interfaces/share/security_check_interfaces/cmake/security_check_interfaces__rosidl_typesupport_cppExport-noconfig.cmake
[12.419s] -- Installing: /home/rhobtor/PHD/j8_control/J8_control/install/security_check_interfaces/share/security_check_interfaces/cmake/export_security_check_interfaces__rosidl_generator_pyExport.cmake
[12.419s] -- Installing: /home/rhobtor/PHD/j8_control/J8_control/install/security_check_interfaces/share/security_check_interfaces/cmake/export_security_check_interfaces__rosidl_generator_pyExport-noconfig.cmake
[12.419s] -- Installing: /home/rhobtor/PHD/j8_control/J8_control/install/security_check_interfaces/share/security_check_interfaces/cmake/rosidl_cmake-extras.cmake
[12.419s] -- Installing: /home/rhobtor/PHD/j8_control/J8_control/install/security_check_interfaces/share/security_check_interfaces/cmake/ament_cmake_export_dependencies-extras.cmake
[12.419s] -- Installing: /home/rhobtor/PHD/j8_control/J8_control/install/security_check_interfaces/share/security_check_interfaces/cmake/ament_cmake_export_include_directories-extras.cmake
[12.420s] -- Installing: /home/rhobtor/PHD/j8_control/J8_control/install/security_check_interfaces/share/security_check_interfaces/cmake/ament_cmake_export_libraries-extras.cmake
[12.420s] -- Installing: /home/rhobtor/PHD/j8_control/J8_control/install/security_check_interfaces/share/security_check_interfaces/cmake/ament_cmake_export_targets-extras.cmake
[12.421s] -- Installing: /home/rhobtor/PHD/j8_control/J8_control/install/security_check_interfaces/share/security_check_interfaces/cmake/rosidl_cmake_export_typesupport_targets-extras.cmake
[12.421s] -- Installing: /home/rhobtor/PHD/j8_control/J8_control/install/security_check_interfaces/share/security_check_interfaces/cmake/rosidl_cmake_export_typesupport_libraries-extras.cmake
[12.430s] -- Installing: /home/rhobtor/PHD/j8_control/J8_control/install/security_check_interfaces/share/security_check_interfaces/cmake/rosidl_cmake_aggregate_target-extras.cmake
[12.430s] -- Installing: /home/rhobtor/PHD/j8_control/J8_control/install/security_check_interfaces/share/security_check_interfaces/cmake/security_check_interfacesConfig.cmake
[12.430s] -- Installing: /home/rhobtor/PHD/j8_control/J8_control/install/security_check_interfaces/share/security_check_interfaces/cmake/security_check_interfacesConfig-version.cmake
[12.431s] -- Installing: /home/rhobtor/PHD/j8_control/J8_control/install/security_check_interfaces/share/security_check_interfaces/package.xml
[12.453s] Invoked command in '/home/rhobtor/PHD/j8_control/J8_control/build/security_check_interfaces' returned '0': CMAKE_PREFIX_PATH=${CMAKE_PREFIX_PATH}:/home/rhobtor/PHD/path_dem/install_navigation/path_dem:/home/rhobtor/PHD/path_dem/install/path_dem:/home/rhobtor/PHD/install_global_belief_final/path_dem:/home/rhobtor/PHD/ARGOSJ8_IA/ARGOSJ8_IA_/install/car:/home/rhobtor/PHD/ARGOSJ8_IA/ARGOSJ8_IA_/install/ntrip_client:/home/rhobtor/PHD/ARGOSJ8_IA/ARGOSJ8_IA_/install/j8_gui:/home/rhobtor/PHD/ARGOSJ8_IA/ARGOSJ8_IA_/install/gui:/home/rhobtor/PHD/ARGOSJ8_IA/ARGOSJ8_IA_/install/android_ros2_server:/home/rhobtor/PHD/ARGOSJ8_IA/ARGOSJ8_IA_/install/GUI_pkg:/home/rhobtor/PHD/model_terrain_ugv/Model_terrain_ugv/install/model_terrain:/opt/ros/humble /usr/bin/cmake --install /home/rhobtor/PHD/j8_control/J8_control/build/security_check_interfaces
