[0.066s] Invoking command in '/home/roverj8/LUIS/ARGJ08/ARGOSJ8_IA_/build/argj801_sensors_msgs': /usr/bin/cmake /home/roverj8/LUIS/ARGJ08/ARGOSJ8_IA_/src/argo_drivers_pkgs/argj801_sensors/argj801_sensors_msgs -DCMAKE_INSTALL_PREFIX=/home/roverj8/LUIS/ARGJ08/ARGOSJ8_IA_/install/argj801_sensors_msgs
[1.176s] -- Configuring incomplete, errors occurred!
[1.176s] See also "/home/roverj8/LUIS/ARGJ08/ARGOSJ8_IA_/build/argj801_sensors_msgs/CMakeFiles/CMakeOutput.log".
[1.176s] [31mCMake Error at CMakeLists.txt:13 (find_package):
[1.176s]   By not providing "Findament_cmake.cmake" in CMAKE_MODULE_PATH this project
[1.176s]   has asked CMake to find a package configuration file provided by
[1.176s]   "ament_cmake", but CMake did not find one.
[1.176s] 
[1.176s]   Could not find a package configuration file provided by "ament_cmake" with
[1.176s]   any of the following names:
[1.176s] 
[1.176s]     ament_cmakeConfig.cmake
[1.176s]     ament_cmake-config.cmake
[1.177s] 
[1.177s]   Add the installation prefix of "ament_cmake" to CMAKE_PREFIX_PATH or set
[1.177s]   "ament_cmake_DIR" to a directory containing one of the above files.  If
[1.177s]   "ament_cmake" provides a separate development package or SDK, be sure it
[1.177s]   has been installed.
[1.179s] 
[1.179s] [0m
[1.215s] Invoked command in '/home/roverj8/LUIS/ARGJ08/ARGOSJ8_IA_/build/argj801_sensors_msgs' returned '1': /usr/bin/cmake /home/roverj8/LUIS/ARGJ08/ARGOSJ8_IA_/src/argo_drivers_pkgs/argj801_sensors/argj801_sensors_msgs -DCMAKE_INSTALL_PREFIX=/home/roverj8/LUIS/ARGJ08/ARGOSJ8_IA_/install/argj801_sensors_msgs
