[2.052s] Invoking command in '/home/rhobtor/PHD/j8_control/J8_control/src/test_gui_j8/src/j8_gui': PYTHONPATH=/home/rhobtor/PHD/j8_control/J8_control/build/j8_gui/prefix_override:/usr/lib/python3/dist-packages/colcon_core/task/python/colcon_distutils_commands:/home/rhobtor/PHD/j8_control/J8_control/install/j8_gui/lib/python3.10/site-packages:${PYTHONPATH} /usr/bin/python3 -W ignore:setup.py install is deprecated -W ignore:easy_install command is deprecated setup.py egg_info --egg-base ../../../../build/j8_gui build --build-base /home/rhobtor/PHD/j8_control/J8_control/build/j8_gui/build install --record /home/rhobtor/PHD/j8_control/J8_control/build/j8_gui/install.log --install-scripts $base/lib/j8_gui --single-version-externally-managed install_data
[2.739s] running egg_info
[2.740s] creating ../../../../build/j8_gui/j8_gui.egg-info
[2.740s] writing ../../../../build/j8_gui/j8_gui.egg-info/PKG-INFO
[2.740s] writing dependency_links to ../../../../build/j8_gui/j8_gui.egg-info/dependency_links.txt
[2.740s] writing entry points to ../../../../build/j8_gui/j8_gui.egg-info/entry_points.txt
[2.740s] writing requirements to ../../../../build/j8_gui/j8_gui.egg-info/requires.txt
[2.740s] writing top-level names to ../../../../build/j8_gui/j8_gui.egg-info/top_level.txt
[2.740s] writing manifest file '../../../../build/j8_gui/j8_gui.egg-info/SOURCES.txt'
[2.740s] reading manifest file '../../../../build/j8_gui/j8_gui.egg-info/SOURCES.txt'
[2.740s] writing manifest file '../../../../build/j8_gui/j8_gui.egg-info/SOURCES.txt'
[2.740s] running build
[2.740s] running build_py
[2.742s] creating /home/rhobtor/PHD/j8_control/J8_control/build/j8_gui/build/lib/j8_gui
[2.742s] copying j8_gui/__init__.py -> /home/rhobtor/PHD/j8_control/J8_control/build/j8_gui/build/lib/j8_gui
[2.743s] copying j8_gui/gui_node.py -> /home/rhobtor/PHD/j8_control/J8_control/build/j8_gui/build/lib/j8_gui
[2.743s] copying j8_gui/ros_api.py -> /home/rhobtor/PHD/j8_control/J8_control/build/j8_gui/build/lib/j8_gui
[2.743s] creating /home/rhobtor/PHD/j8_control/J8_control/build/j8_gui/build/lib/j8_gui/app
[2.743s] copying j8_gui/app/followzed_widget.py -> /home/rhobtor/PHD/j8_control/J8_control/build/j8_gui/build/lib/j8_gui/app
[2.743s] copying j8_gui/app/__init__.py -> /home/rhobtor/PHD/j8_control/J8_control/build/j8_gui/build/lib/j8_gui/app
[2.743s] copying j8_gui/app/control_widget.py -> /home/rhobtor/PHD/j8_control/J8_control/build/j8_gui/build/lib/j8_gui/app
[2.743s] copying j8_gui/app/map_bridge.py -> /home/rhobtor/PHD/j8_control/J8_control/build/j8_gui/build/lib/j8_gui/app
[2.743s] copying j8_gui/app/person_manager_widget.py -> /home/rhobtor/PHD/j8_control/J8_control/build/j8_gui/build/lib/j8_gui/app
[2.743s] copying j8_gui/app/state_widget.py -> /home/rhobtor/PHD/j8_control/J8_control/build/j8_gui/build/lib/j8_gui/app
[2.743s] copying j8_gui/app/geo_local.py -> /home/rhobtor/PHD/j8_control/J8_control/build/j8_gui/build/lib/j8_gui/app
[2.743s] copying j8_gui/app/main_window.py -> /home/rhobtor/PHD/j8_control/J8_control/build/j8_gui/build/lib/j8_gui/app
[2.743s] running install
[2.743s] running install_lib
[2.743s] creating /home/rhobtor/PHD/j8_control/J8_control/install/j8_gui/lib/python3.10/site-packages/j8_gui
[2.743s] copying /home/rhobtor/PHD/j8_control/J8_control/build/j8_gui/build/lib/j8_gui/__init__.py -> /home/rhobtor/PHD/j8_control/J8_control/install/j8_gui/lib/python3.10/site-packages/j8_gui
[2.743s] copying /home/rhobtor/PHD/j8_control/J8_control/build/j8_gui/build/lib/j8_gui/gui_node.py -> /home/rhobtor/PHD/j8_control/J8_control/install/j8_gui/lib/python3.10/site-packages/j8_gui
[2.743s] copying /home/rhobtor/PHD/j8_control/J8_control/build/j8_gui/build/lib/j8_gui/ros_api.py -> /home/rhobtor/PHD/j8_control/J8_control/install/j8_gui/lib/python3.10/site-packages/j8_gui
[2.743s] creating /home/rhobtor/PHD/j8_control/J8_control/install/j8_gui/lib/python3.10/site-packages/j8_gui/app
[2.743s] copying /home/rhobtor/PHD/j8_control/J8_control/build/j8_gui/build/lib/j8_gui/app/followzed_widget.py -> /home/rhobtor/PHD/j8_control/J8_control/install/j8_gui/lib/python3.10/site-packages/j8_gui/app
[2.743s] copying /home/rhobtor/PHD/j8_control/J8_control/build/j8_gui/build/lib/j8_gui/app/__init__.py -> /home/rhobtor/PHD/j8_control/J8_control/install/j8_gui/lib/python3.10/site-packages/j8_gui/app
[2.743s] copying /home/rhobtor/PHD/j8_control/J8_control/build/j8_gui/build/lib/j8_gui/app/control_widget.py -> /home/rhobtor/PHD/j8_control/J8_control/install/j8_gui/lib/python3.10/site-packages/j8_gui/app
[2.743s] copying /home/rhobtor/PHD/j8_control/J8_control/build/j8_gui/build/lib/j8_gui/app/map_bridge.py -> /home/rhobtor/PHD/j8_control/J8_control/install/j8_gui/lib/python3.10/site-packages/j8_gui/app
[2.743s] copying /home/rhobtor/PHD/j8_control/J8_control/build/j8_gui/build/lib/j8_gui/app/person_manager_widget.py -> /home/rhobtor/PHD/j8_control/J8_control/install/j8_gui/lib/python3.10/site-packages/j8_gui/app
[2.743s] copying /home/rhobtor/PHD/j8_control/J8_control/build/j8_gui/build/lib/j8_gui/app/state_widget.py -> /home/rhobtor/PHD/j8_control/J8_control/install/j8_gui/lib/python3.10/site-packages/j8_gui/app
[2.743s] copying /home/rhobtor/PHD/j8_control/J8_control/build/j8_gui/build/lib/j8_gui/app/geo_local.py -> /home/rhobtor/PHD/j8_control/J8_control/install/j8_gui/lib/python3.10/site-packages/j8_gui/app
[2.744s] copying /home/rhobtor/PHD/j8_control/J8_control/build/j8_gui/build/lib/j8_gui/app/main_window.py -> /home/rhobtor/PHD/j8_control/J8_control/install/j8_gui/lib/python3.10/site-packages/j8_gui/app
[2.744s] byte-compiling /home/rhobtor/PHD/j8_control/J8_control/install/j8_gui/lib/python3.10/site-packages/j8_gui/__init__.py to __init__.cpython-310.pyc
[2.744s] byte-compiling /home/rhobtor/PHD/j8_control/J8_control/install/j8_gui/lib/python3.10/site-packages/j8_gui/gui_node.py to gui_node.cpython-310.pyc
[2.744s] byte-compiling /home/rhobtor/PHD/j8_control/J8_control/install/j8_gui/lib/python3.10/site-packages/j8_gui/ros_api.py to ros_api.cpython-310.pyc
[2.744s] byte-compiling /home/rhobtor/PHD/j8_control/J8_control/install/j8_gui/lib/python3.10/site-packages/j8_gui/app/followzed_widget.py to followzed_widget.cpython-310.pyc
[2.744s] byte-compiling /home/rhobtor/PHD/j8_control/J8_control/install/j8_gui/lib/python3.10/site-packages/j8_gui/app/__init__.py to __init__.cpython-310.pyc
[2.744s] byte-compiling /home/rhobtor/PHD/j8_control/J8_control/install/j8_gui/lib/python3.10/site-packages/j8_gui/app/control_widget.py to control_widget.cpython-310.pyc
[2.744s] byte-compiling /home/rhobtor/PHD/j8_control/J8_control/install/j8_gui/lib/python3.10/site-packages/j8_gui/app/map_bridge.py to map_bridge.cpython-310.pyc
[2.744s] byte-compiling /home/rhobtor/PHD/j8_control/J8_control/install/j8_gui/lib/python3.10/site-packages/j8_gui/app/person_manager_widget.py to person_manager_widget.cpython-310.pyc
[2.744s] byte-compiling /home/rhobtor/PHD/j8_control/J8_control/install/j8_gui/lib/python3.10/site-packages/j8_gui/app/state_widget.py to state_widget.cpython-310.pyc
[2.744s] byte-compiling /home/rhobtor/PHD/j8_control/J8_control/install/j8_gui/lib/python3.10/site-packages/j8_gui/app/geo_local.py to geo_local.cpython-310.pyc
[2.744s] byte-compiling /home/rhobtor/PHD/j8_control/J8_control/install/j8_gui/lib/python3.10/site-packages/j8_gui/app/main_window.py to main_window.cpython-310.pyc
[2.744s] running install_data
[2.744s] creating /home/rhobtor/PHD/j8_control/J8_control/install/j8_gui/share/ament_index/resource_index/packages
[2.744s] copying resource/j8_gui -> /home/rhobtor/PHD/j8_control/J8_control/install/j8_gui/share/ament_index/resource_index/packages
[2.744s] copying package.xml -> /home/rhobtor/PHD/j8_control/J8_control/install/j8_gui/share/j8_gui
[2.744s] creating /home/rhobtor/PHD/j8_control/J8_control/install/j8_gui/share/j8_gui/resources
[2.744s] copying j8_gui/resources/map.html -> /home/rhobtor/PHD/j8_control/J8_control/install/j8_gui/share/j8_gui/resources
[2.744s] copying resource/j8_gui -> /home/rhobtor/PHD/j8_control/J8_control/install/j8_gui/share/ament_index/resource_index/packages
[2.744s] copying package.xml -> /home/rhobtor/PHD/j8_control/J8_control/install/j8_gui/share/j8_gui
[2.744s] copying j8_gui/resources/map.html -> /home/rhobtor/PHD/j8_control/J8_control/install/j8_gui/share/j8_gui/resources
[2.744s] creating /home/rhobtor/PHD/j8_control/J8_control/install/j8_gui/share/j8_gui/resources/vendor/leaflet
[2.744s] copying j8_gui/resources/vendor/leaflet/leaflet.js -> /home/rhobtor/PHD/j8_control/J8_control/install/j8_gui/share/j8_gui/resources/vendor/leaflet
[2.744s] copying j8_gui/resources/vendor/leaflet/leaflet.css -> /home/rhobtor/PHD/j8_control/J8_control/install/j8_gui/share/j8_gui/resources/vendor/leaflet
[2.744s] creating /home/rhobtor/PHD/j8_control/J8_control/install/j8_gui/share/j8_gui/resources/vendor/leaflet/images
[2.744s] copying j8_gui/resources/vendor/leaflet/images/marker-icon.png -> /home/rhobtor/PHD/j8_control/J8_control/install/j8_gui/share/j8_gui/resources/vendor/leaflet/images
[2.745s] copying j8_gui/resources/vendor/leaflet/images/marker-icon-2x.png -> /home/rhobtor/PHD/j8_control/J8_control/install/j8_gui/share/j8_gui/resources/vendor/leaflet/images
[2.745s] copying j8_gui/resources/vendor/leaflet/images/marker-shadow.png -> /home/rhobtor/PHD/j8_control/J8_control/install/j8_gui/share/j8_gui/resources/vendor/leaflet/images
[2.745s] running install_egg_info
[2.745s] Copying ../../../../build/j8_gui/j8_gui.egg-info to /home/rhobtor/PHD/j8_control/J8_control/install/j8_gui/lib/python3.10/site-packages/j8_gui-0.1.0-py3.10.egg-info
[2.745s] running install_scripts
[2.745s] Installing gui script to /home/rhobtor/PHD/j8_control/J8_control/install/j8_gui/lib/j8_gui
[2.745s] writing list of installed files to '/home/rhobtor/PHD/j8_control/J8_control/build/j8_gui/install.log'
[2.745s] /home/rhobtor/.local/lib/python3.10/site-packages/setuptools/_distutils/dist.py:287: UserWarning: Unknown distribution option: 'tests_require'
[2.753s]   warnings.warn(msg)
[2.972s] Invoked command in '/home/rhobtor/PHD/j8_control/J8_control/src/test_gui_j8/src/j8_gui' returned '0': PYTHONPATH=/home/rhobtor/PHD/j8_control/J8_control/build/j8_gui/prefix_override:/usr/lib/python3/dist-packages/colcon_core/task/python/colcon_distutils_commands:/home/rhobtor/PHD/j8_control/J8_control/install/j8_gui/lib/python3.10/site-packages:${PYTHONPATH} /usr/bin/python3 -W ignore:setup.py install is deprecated -W ignore:easy_install command is deprecated setup.py egg_info --egg-base ../../../../build/j8_gui build --build-base /home/rhobtor/PHD/j8_control/J8_control/build/j8_gui/build install --record /home/rhobtor/PHD/j8_control/J8_control/build/j8_gui/install.log --install-scripts $base/lib/j8_gui --single-version-externally-managed install_data
