/home/roverj8/LUIS/ARGJ08/ARGOSJ8_IA_/src/car_python/setup.py:4: DeprecationWarning: The distutils package is deprecated and slated for removal in Python 3.12. Use setuptools or check PEP 632 for potential alternatives
  from distutils.cmd import Command
running egg_info
creating ../../build/car/car.egg-info
writing ../../build/car/car.egg-info/PKG-INFO
writing dependency_links to ../../build/car/car.egg-info/dependency_links.txt
writing entry points to ../../build/car/car.egg-info/entry_points.txt
writing requirements to ../../build/car/car.egg-info/requires.txt
writing top-level names to ../../build/car/car.egg-info/top_level.txt
writing manifest file '../../build/car/car.egg-info/SOURCES.txt'
reading manifest file '../../build/car/car.egg-info/SOURCES.txt'
writing manifest file '../../build/car/car.egg-info/SOURCES.txt'
running build
running build_py
creating /home/roverj8/LUIS/ARGJ08/ARGOSJ8_IA_/build/car/build
creating /home/roverj8/LUIS/ARGJ08/ARGOSJ8_IA_/build/car/build/lib
creating /home/roverj8/LUIS/ARGJ08/ARGOSJ8_IA_/build/car/build/lib/car
copying car/navsatfix_to_ecef.py -> /home/roverj8/LUIS/ARGJ08/ARGOSJ8_IA_/build/car/build/lib/car
copying car/detected_persons_local_to_latlon.py -> /home/roverj8/LUIS/ARGJ08/ARGOSJ8_IA_/build/car/build/lib/car
copying car/costmap.py -> /home/roverj8/LUIS/ARGJ08/ARGOSJ8_IA_/build/car/build/lib/car
copying car/path_ppo_cnn_lstm_training_init_mode_j8.py -> /home/roverj8/LUIS/ARGJ08/ARGOSJ8_IA_/build/car/build/lib/car
copying car/supervisor_circuit.py -> /home/roverj8/LUIS/ARGJ08/ARGOSJ8_IA_/build/car/build/lib/car
copying car/lidar_obstacle_detection.py -> /home/roverj8/LUIS/ARGJ08/ARGOSJ8_IA_/build/car/build/lib/car
copying car/prior_map_builder.py -> /home/roverj8/LUIS/ARGJ08/ARGOSJ8_IA_/build/car/build/lib/car
copying car/backup_model_ppo_cnn_lstm.py -> /home/roverj8/LUIS/ARGJ08/ARGOSJ8_IA_/build/car/build/lib/car
copying car/check_goal_gnss.py -> /home/roverj8/LUIS/ARGJ08/ARGOSJ8_IA_/build/car/build/lib/car
copying car/points_goal_old.py -> /home/roverj8/LUIS/ARGJ08/ARGOSJ8_IA_/build/car/build/lib/car
copying car/inference_training_mode_simple.py -> /home/roverj8/LUIS/ARGJ08/ARGOSJ8_IA_/build/car/build/lib/car
copying car/__init__.py -> /home/roverj8/LUIS/ARGJ08/ARGOSJ8_IA_/build/car/build/lib/car
copying car/path_ppo_cnn_lstm_full_model.py -> /home/roverj8/LUIS/ARGJ08/ARGOSJ8_IA_/build/car/build/lib/car
copying car/joystick_control.py -> /home/roverj8/LUIS/ARGJ08/ARGOSJ8_IA_/build/car/build/lib/car
copying car/movement_predictive.py -> /home/roverj8/LUIS/ARGJ08/ARGOSJ8_IA_/build/car/build/lib/car
copying car/map_test_navigation_hgh.py -> /home/roverj8/LUIS/ARGJ08/ARGOSJ8_IA_/build/car/build/lib/car
copying car/goal_local_marker.py -> /home/roverj8/LUIS/ARGJ08/ARGOSJ8_IA_/build/car/build/lib/car
copying car/latlon_posearray_to_local_utm.py -> /home/roverj8/LUIS/ARGJ08/ARGOSJ8_IA_/build/car/build/lib/car
copying car/fixposition_map_anchor.py -> /home/roverj8/LUIS/ARGJ08/ARGOSJ8_IA_/build/car/build/lib/car
copying car/j8_policy.py -> /home/roverj8/LUIS/ARGJ08/ARGOSJ8_IA_/build/car/build/lib/car
copying car/map_navegation.py -> /home/roverj8/LUIS/ARGJ08/ARGOSJ8_IA_/build/car/build/lib/car
copying car/planificador_script.py -> /home/roverj8/LUIS/ARGJ08/ARGOSJ8_IA_/build/car/build/lib/car
copying car/external_path_controller.py -> /home/roverj8/LUIS/ARGJ08/ARGOSJ8_IA_/build/car/build/lib/car
copying car/voxel_unity.py -> /home/roverj8/LUIS/ARGJ08/ARGOSJ8_IA_/build/car/build/lib/car
copying car/fake_robot_pose.py -> /home/roverj8/LUIS/ARGJ08/ARGOSJ8_IA_/build/car/build/lib/car
copying car/keyboard_control.py -> /home/roverj8/LUIS/ARGJ08/ARGOSJ8_IA_/build/car/build/lib/car
copying car/unity_goal.py -> /home/roverj8/LUIS/ARGJ08/ARGOSJ8_IA_/build/car/build/lib/car
copying car/points_goal.py -> /home/roverj8/LUIS/ARGJ08/ARGOSJ8_IA_/build/car/build/lib/car
copying car/colision_zone.py -> /home/roverj8/LUIS/ARGJ08/ARGOSJ8_IA_/build/car/build/lib/car
copying car/j8_bueno.py -> /home/roverj8/LUIS/ARGJ08/ARGOSJ8_IA_/build/car/build/lib/car
copying car/fusion.py -> /home/roverj8/LUIS/ARGJ08/ARGOSJ8_IA_/build/car/build/lib/car
copying car/scape_test.py -> /home/roverj8/LUIS/ARGJ08/ARGOSJ8_IA_/build/car/build/lib/car
copying car/memory_map.py -> /home/roverj8/LUIS/ARGJ08/ARGOSJ8_IA_/build/car/build/lib/car
copying car/inference_full_model.py -> /home/roverj8/LUIS/ARGJ08/ARGOSJ8_IA_/build/car/build/lib/car
copying car/latlon_circuit.py -> /home/roverj8/LUIS/ARGJ08/ARGOSJ8_IA_/build/car/build/lib/car
copying car/fake_person_local_detections.py -> /home/roverj8/LUIS/ARGJ08/ARGOSJ8_IA_/build/car/build/lib/car
copying car/j8_test_ppo.py -> /home/roverj8/LUIS/ARGJ08/ARGOSJ8_IA_/build/car/build/lib/car
copying car/circuit1.py -> /home/roverj8/LUIS/ARGJ08/ARGOSJ8_IA_/build/car/build/lib/car
copying car/fixposition_tf_tree_for_zed.py -> /home/roverj8/LUIS/ARGJ08/ARGOSJ8_IA_/build/car/build/lib/car
copying car/navsatfix_goal_to_map_pose.py -> /home/roverj8/LUIS/ARGJ08/ARGOSJ8_IA_/build/car/build/lib/car
copying car/test_j8_old.py -> /home/roverj8/LUIS/ARGJ08/ARGOSJ8_IA_/build/car/build/lib/car
copying car/inference_test_j8.py -> /home/roverj8/LUIS/ARGJ08/ARGOSJ8_IA_/build/car/build/lib/car
copying car/test_vel.py -> /home/roverj8/LUIS/ARGJ08/ARGOSJ8_IA_/build/car/build/lib/car
copying car/fp_poi_map_odom_static_test.py -> /home/roverj8/LUIS/ARGJ08/ARGOSJ8_IA_/build/car/build/lib/car
copying car/supervisor.py -> /home/roverj8/LUIS/ARGJ08/ARGOSJ8_IA_/build/car/build/lib/car
copying car/path_ppo_cnn_lstm_training_init_mode.py -> /home/roverj8/LUIS/ARGJ08/ARGOSJ8_IA_/build/car/build/lib/car
copying car/fixposition_reframe.py -> /home/roverj8/LUIS/ARGJ08/ARGOSJ8_IA_/build/car/build/lib/car
copying car/fp_poi_map_static_from_start.py -> /home/roverj8/LUIS/ARGJ08/ARGOSJ8_IA_/build/car/build/lib/car
copying car/fixposition_local_tf_from_odom.py -> /home/roverj8/LUIS/ARGJ08/ARGOSJ8_IA_/build/car/build/lib/car
copying car/filter_points_cloud.py -> /home/roverj8/LUIS/ARGJ08/ARGOSJ8_IA_/build/car/build/lib/car
copying car/latlon_posearray_to_local.py -> /home/roverj8/LUIS/ARGJ08/ARGOSJ8_IA_/build/car/build/lib/car
copying car/test_octomap.py -> /home/roverj8/LUIS/ARGJ08/ARGOSJ8_IA_/build/car/build/lib/car
copying car/path_ppo_cnn_lstm_training_init_mode_simple.py -> /home/roverj8/LUIS/ARGJ08/ARGOSJ8_IA_/build/car/build/lib/car
copying car/gnss_goal_circuit.py -> /home/roverj8/LUIS/ARGJ08/ARGOSJ8_IA_/build/car/build/lib/car
copying car/fixposition_map_odom_static_from_odom.py -> /home/roverj8/LUIS/ARGJ08/ARGOSJ8_IA_/build/car/build/lib/car
copying car/inference_j8.py -> /home/roverj8/LUIS/ARGJ08/ARGOSJ8_IA_/build/car/build/lib/car
copying car/zed_static_tf_tree.py -> /home/roverj8/LUIS/ARGJ08/ARGOSJ8_IA_/build/car/build/lib/car
copying car/cmd_vel_to_throttle.py -> /home/roverj8/LUIS/ARGJ08/ARGOSJ8_IA_/build/car/build/lib/car
copying car/fixposition_odom_to_base_link_tf.py -> /home/roverj8/LUIS/ARGJ08/ARGOSJ8_IA_/build/car/build/lib/car
copying car/odom_to_tf.py -> /home/roverj8/LUIS/ARGJ08/ARGOSJ8_IA_/build/car/build/lib/car
copying car/frontier_centroid.py -> /home/roverj8/LUIS/ARGJ08/ARGOSJ8_IA_/build/car/build/lib/car
running install
running install_lib
creating /home/roverj8/LUIS/ARGJ08/ARGOSJ8_IA_/install/car/lib/python3.10/site-packages/car
copying /home/roverj8/LUIS/ARGJ08/ARGOSJ8_IA_/build/car/build/lib/car/navsatfix_to_ecef.py -> /home/roverj8/LUIS/ARGJ08/ARGOSJ8_IA_/install/car/lib/python3.10/site-packages/car
copying /home/roverj8/LUIS/ARGJ08/ARGOSJ8_IA_/build/car/build/lib/car/detected_persons_local_to_latlon.py -> /home/roverj8/LUIS/ARGJ08/ARGOSJ8_IA_/install/car/lib/python3.10/site-packages/car
copying /home/roverj8/LUIS/ARGJ08/ARGOSJ8_IA_/build/car/build/lib/car/costmap.py -> /home/roverj8/LUIS/ARGJ08/ARGOSJ8_IA_/install/car/lib/python3.10/site-packages/car
copying /home/roverj8/LUIS/ARGJ08/ARGOSJ8_IA_/build/car/build/lib/car/path_ppo_cnn_lstm_training_init_mode_j8.py -> /home/roverj8/LUIS/ARGJ08/ARGOSJ8_IA_/install/car/lib/python3.10/site-packages/car
copying /home/roverj8/LUIS/ARGJ08/ARGOSJ8_IA_/build/car/build/lib/car/supervisor_circuit.py -> /home/roverj8/LUIS/ARGJ08/ARGOSJ8_IA_/install/car/lib/python3.10/site-packages/car
copying /home/roverj8/LUIS/ARGJ08/ARGOSJ8_IA_/build/car/build/lib/car/lidar_obstacle_detection.py -> /home/roverj8/LUIS/ARGJ08/ARGOSJ8_IA_/install/car/lib/python3.10/site-packages/car
copying /home/roverj8/LUIS/ARGJ08/ARGOSJ8_IA_/build/car/build/lib/car/prior_map_builder.py -> /home/roverj8/LUIS/ARGJ08/ARGOSJ8_IA_/install/car/lib/python3.10/site-packages/car
copying /home/roverj8/LUIS/ARGJ08/ARGOSJ8_IA_/build/car/build/lib/car/backup_model_ppo_cnn_lstm.py -> /home/roverj8/LUIS/ARGJ08/ARGOSJ8_IA_/install/car/lib/python3.10/site-packages/car
copying /home/roverj8/LUIS/ARGJ08/ARGOSJ8_IA_/build/car/build/lib/car/check_goal_gnss.py -> /home/roverj8/LUIS/ARGJ08/ARGOSJ8_IA_/install/car/lib/python3.10/site-packages/car
copying /home/roverj8/LUIS/ARGJ08/ARGOSJ8_IA_/build/car/build/lib/car/points_goal_old.py -> /home/roverj8/LUIS/ARGJ08/ARGOSJ8_IA_/install/car/lib/python3.10/site-packages/car
copying /home/roverj8/LUIS/ARGJ08/ARGOSJ8_IA_/build/car/build/lib/car/inference_training_mode_simple.py -> /home/roverj8/LUIS/ARGJ08/ARGOSJ8_IA_/install/car/lib/python3.10/site-packages/car
copying /home/roverj8/LUIS/ARGJ08/ARGOSJ8_IA_/build/car/build/lib/car/__init__.py -> /home/roverj8/LUIS/ARGJ08/ARGOSJ8_IA_/install/car/lib/python3.10/site-packages/car
copying /home/roverj8/LUIS/ARGJ08/ARGOSJ8_IA_/build/car/build/lib/car/path_ppo_cnn_lstm_full_model.py -> /home/roverj8/LUIS/ARGJ08/ARGOSJ8_IA_/install/car/lib/python3.10/site-packages/car
copying /home/roverj8/LUIS/ARGJ08/ARGOSJ8_IA_/build/car/build/lib/car/joystick_control.py -> /home/roverj8/LUIS/ARGJ08/ARGOSJ8_IA_/install/car/lib/python3.10/site-packages/car
copying /home/roverj8/LUIS/ARGJ08/ARGOSJ8_IA_/build/car/build/lib/car/movement_predictive.py -> /home/roverj8/LUIS/ARGJ08/ARGOSJ8_IA_/install/car/lib/python3.10/site-packages/car
copying /home/roverj8/LUIS/ARGJ08/ARGOSJ8_IA_/build/car/build/lib/car/map_test_navigation_hgh.py -> /home/roverj8/LUIS/ARGJ08/ARGOSJ8_IA_/install/car/lib/python3.10/site-packages/car
copying /home/roverj8/LUIS/ARGJ08/ARGOSJ8_IA_/build/car/build/lib/car/goal_local_marker.py -> /home/roverj8/LUIS/ARGJ08/ARGOSJ8_IA_/install/car/lib/python3.10/site-packages/car
copying /home/roverj8/LUIS/ARGJ08/ARGOSJ8_IA_/build/car/build/lib/car/latlon_posearray_to_local_utm.py -> /home/roverj8/LUIS/ARGJ08/ARGOSJ8_IA_/install/car/lib/python3.10/site-packages/car
copying /home/roverj8/LUIS/ARGJ08/ARGOSJ8_IA_/build/car/build/lib/car/fixposition_map_anchor.py -> /home/roverj8/LUIS/ARGJ08/ARGOSJ8_IA_/install/car/lib/python3.10/site-packages/car
copying /home/roverj8/LUIS/ARGJ08/ARGOSJ8_IA_/build/car/build/lib/car/j8_policy.py -> /home/roverj8/LUIS/ARGJ08/ARGOSJ8_IA_/install/car/lib/python3.10/site-packages/car
copying /home/roverj8/LUIS/ARGJ08/ARGOSJ8_IA_/build/car/build/lib/car/map_navegation.py -> /home/roverj8/LUIS/ARGJ08/ARGOSJ8_IA_/install/car/lib/python3.10/site-packages/car
copying /home/roverj8/LUIS/ARGJ08/ARGOSJ8_IA_/build/car/build/lib/car/planificador_script.py -> /home/roverj8/LUIS/ARGJ08/ARGOSJ8_IA_/install/car/lib/python3.10/site-packages/car
copying /home/roverj8/LUIS/ARGJ08/ARGOSJ8_IA_/build/car/build/lib/car/external_path_controller.py -> /home/roverj8/LUIS/ARGJ08/ARGOSJ8_IA_/install/car/lib/python3.10/site-packages/car
copying /home/roverj8/LUIS/ARGJ08/ARGOSJ8_IA_/build/car/build/lib/car/voxel_unity.py -> /home/roverj8/LUIS/ARGJ08/ARGOSJ8_IA_/install/car/lib/python3.10/site-packages/car
copying /home/roverj8/LUIS/ARGJ08/ARGOSJ8_IA_/build/car/build/lib/car/fake_robot_pose.py -> /home/roverj8/LUIS/ARGJ08/ARGOSJ8_IA_/install/car/lib/python3.10/site-packages/car
copying /home/roverj8/LUIS/ARGJ08/ARGOSJ8_IA_/build/car/build/lib/car/keyboard_control.py -> /home/roverj8/LUIS/ARGJ08/ARGOSJ8_IA_/install/car/lib/python3.10/site-packages/car
copying /home/roverj8/LUIS/ARGJ08/ARGOSJ8_IA_/build/car/build/lib/car/unity_goal.py -> /home/roverj8/LUIS/ARGJ08/ARGOSJ8_IA_/install/car/lib/python3.10/site-packages/car
copying /home/roverj8/LUIS/ARGJ08/ARGOSJ8_IA_/build/car/build/lib/car/points_goal.py -> /home/roverj8/LUIS/ARGJ08/ARGOSJ8_IA_/install/car/lib/python3.10/site-packages/car
copying /home/roverj8/LUIS/ARGJ08/ARGOSJ8_IA_/build/car/build/lib/car/colision_zone.py -> /home/roverj8/LUIS/ARGJ08/ARGOSJ8_IA_/install/car/lib/python3.10/site-packages/car
copying /home/roverj8/LUIS/ARGJ08/ARGOSJ8_IA_/build/car/build/lib/car/j8_bueno.py -> /home/roverj8/LUIS/ARGJ08/ARGOSJ8_IA_/install/car/lib/python3.10/site-packages/car
copying /home/roverj8/LUIS/ARGJ08/ARGOSJ8_IA_/build/car/build/lib/car/fusion.py -> /home/roverj8/LUIS/ARGJ08/ARGOSJ8_IA_/install/car/lib/python3.10/site-packages/car
copying /home/roverj8/LUIS/ARGJ08/ARGOSJ8_IA_/build/car/build/lib/car/scape_test.py -> /home/roverj8/LUIS/ARGJ08/ARGOSJ8_IA_/install/car/lib/python3.10/site-packages/car
copying /home/roverj8/LUIS/ARGJ08/ARGOSJ8_IA_/build/car/build/lib/car/memory_map.py -> /home/roverj8/LUIS/ARGJ08/ARGOSJ8_IA_/install/car/lib/python3.10/site-packages/car
copying /home/roverj8/LUIS/ARGJ08/ARGOSJ8_IA_/build/car/build/lib/car/inference_full_model.py -> /home/roverj8/LUIS/ARGJ08/ARGOSJ8_IA_/install/car/lib/python3.10/site-packages/car
copying /home/roverj8/LUIS/ARGJ08/ARGOSJ8_IA_/build/car/build/lib/car/latlon_circuit.py -> /home/roverj8/LUIS/ARGJ08/ARGOSJ8_IA_/install/car/lib/python3.10/site-packages/car
copying /home/roverj8/LUIS/ARGJ08/ARGOSJ8_IA_/build/car/build/lib/car/fake_person_local_detections.py -> /home/roverj8/LUIS/ARGJ08/ARGOSJ8_IA_/install/car/lib/python3.10/site-packages/car
copying /home/roverj8/LUIS/ARGJ08/ARGOSJ8_IA_/build/car/build/lib/car/j8_test_ppo.py -> /home/roverj8/LUIS/ARGJ08/ARGOSJ8_IA_/install/car/lib/python3.10/site-packages/car
copying /home/roverj8/LUIS/ARGJ08/ARGOSJ8_IA_/build/car/build/lib/car/circuit1.py -> /home/roverj8/LUIS/ARGJ08/ARGOSJ8_IA_/install/car/lib/python3.10/site-packages/car
copying /home/roverj8/LUIS/ARGJ08/ARGOSJ8_IA_/build/car/build/lib/car/fixposition_tf_tree_for_zed.py -> /home/roverj8/LUIS/ARGJ08/ARGOSJ8_IA_/install/car/lib/python3.10/site-packages/car
copying /home/roverj8/LUIS/ARGJ08/ARGOSJ8_IA_/build/car/build/lib/car/navsatfix_goal_to_map_pose.py -> /home/roverj8/LUIS/ARGJ08/ARGOSJ8_IA_/install/car/lib/python3.10/site-packages/car
copying /home/roverj8/LUIS/ARGJ08/ARGOSJ8_IA_/build/car/build/lib/car/test_j8_old.py -> /home/roverj8/LUIS/ARGJ08/ARGOSJ8_IA_/install/car/lib/python3.10/site-packages/car
copying /home/roverj8/LUIS/ARGJ08/ARGOSJ8_IA_/build/car/build/lib/car/inference_test_j8.py -> /home/roverj8/LUIS/ARGJ08/ARGOSJ8_IA_/install/car/lib/python3.10/site-packages/car
copying /home/roverj8/LUIS/ARGJ08/ARGOSJ8_IA_/build/car/build/lib/car/test_vel.py -> /home/roverj8/LUIS/ARGJ08/ARGOSJ8_IA_/install/car/lib/python3.10/site-packages/car
copying /home/roverj8/LUIS/ARGJ08/ARGOSJ8_IA_/build/car/build/lib/car/fp_poi_map_odom_static_test.py -> /home/roverj8/LUIS/ARGJ08/ARGOSJ8_IA_/install/car/lib/python3.10/site-packages/car
copying /home/roverj8/LUIS/ARGJ08/ARGOSJ8_IA_/build/car/build/lib/car/supervisor.py -> /home/roverj8/LUIS/ARGJ08/ARGOSJ8_IA_/install/car/lib/python3.10/site-packages/car
copying /home/roverj8/LUIS/ARGJ08/ARGOSJ8_IA_/build/car/build/lib/car/path_ppo_cnn_lstm_training_init_mode.py -> /home/roverj8/LUIS/ARGJ08/ARGOSJ8_IA_/install/car/lib/python3.10/site-packages/car
copying /home/roverj8/LUIS/ARGJ08/ARGOSJ8_IA_/build/car/build/lib/car/fixposition_reframe.py -> /home/roverj8/LUIS/ARGJ08/ARGOSJ8_IA_/install/car/lib/python3.10/site-packages/car
copying /home/roverj8/LUIS/ARGJ08/ARGOSJ8_IA_/build/car/build/lib/car/fp_poi_map_static_from_start.py -> /home/roverj8/LUIS/ARGJ08/ARGOSJ8_IA_/install/car/lib/python3.10/site-packages/car
copying /home/roverj8/LUIS/ARGJ08/ARGOSJ8_IA_/build/car/build/lib/car/fixposition_local_tf_from_odom.py -> /home/roverj8/LUIS/ARGJ08/ARGOSJ8_IA_/install/car/lib/python3.10/site-packages/car
copying /home/roverj8/LUIS/ARGJ08/ARGOSJ8_IA_/build/car/build/lib/car/filter_points_cloud.py -> /home/roverj8/LUIS/ARGJ08/ARGOSJ8_IA_/install/car/lib/python3.10/site-packages/car
copying /home/roverj8/LUIS/ARGJ08/ARGOSJ8_IA_/build/car/build/lib/car/latlon_posearray_to_local.py -> /home/roverj8/LUIS/ARGJ08/ARGOSJ8_IA_/install/car/lib/python3.10/site-packages/car
copying /home/roverj8/LUIS/ARGJ08/ARGOSJ8_IA_/build/car/build/lib/car/test_octomap.py -> /home/roverj8/LUIS/ARGJ08/ARGOSJ8_IA_/install/car/lib/python3.10/site-packages/car
copying /home/roverj8/LUIS/ARGJ08/ARGOSJ8_IA_/build/car/build/lib/car/path_ppo_cnn_lstm_training_init_mode_simple.py -> /home/roverj8/LUIS/ARGJ08/ARGOSJ8_IA_/install/car/lib/python3.10/site-packages/car
copying /home/roverj8/LUIS/ARGJ08/ARGOSJ8_IA_/build/car/build/lib/car/gnss_goal_circuit.py -> /home/roverj8/LUIS/ARGJ08/ARGOSJ8_IA_/install/car/lib/python3.10/site-packages/car
copying /home/roverj8/LUIS/ARGJ08/ARGOSJ8_IA_/build/car/build/lib/car/fixposition_map_odom_static_from_odom.py -> /home/roverj8/LUIS/ARGJ08/ARGOSJ8_IA_/install/car/lib/python3.10/site-packages/car
copying /home/roverj8/LUIS/ARGJ08/ARGOSJ8_IA_/build/car/build/lib/car/inference_j8.py -> /home/roverj8/LUIS/ARGJ08/ARGOSJ8_IA_/install/car/lib/python3.10/site-packages/car
copying /home/roverj8/LUIS/ARGJ08/ARGOSJ8_IA_/build/car/build/lib/car/zed_static_tf_tree.py -> /home/roverj8/LUIS/ARGJ08/ARGOSJ8_IA_/install/car/lib/python3.10/site-packages/car
copying /home/roverj8/LUIS/ARGJ08/ARGOSJ8_IA_/build/car/build/lib/car/cmd_vel_to_throttle.py -> /home/roverj8/LUIS/ARGJ08/ARGOSJ8_IA_/install/car/lib/python3.10/site-packages/car
copying /home/roverj8/LUIS/ARGJ08/ARGOSJ8_IA_/build/car/build/lib/car/fixposition_odom_to_base_link_tf.py -> /home/roverj8/LUIS/ARGJ08/ARGOSJ8_IA_/install/car/lib/python3.10/site-packages/car
copying /home/roverj8/LUIS/ARGJ08/ARGOSJ8_IA_/build/car/build/lib/car/odom_to_tf.py -> /home/roverj8/LUIS/ARGJ08/ARGOSJ8_IA_/install/car/lib/python3.10/site-packages/car
copying /home/roverj8/LUIS/ARGJ08/ARGOSJ8_IA_/build/car/build/lib/car/frontier_centroid.py -> /home/roverj8/LUIS/ARGJ08/ARGOSJ8_IA_/install/car/lib/python3.10/site-packages/car
byte-compiling /home/roverj8/LUIS/ARGJ08/ARGOSJ8_IA_/install/car/lib/python3.10/site-packages/car/navsatfix_to_ecef.py to navsatfix_to_ecef.cpython-310.pyc
byte-compiling /home/roverj8/LUIS/ARGJ08/ARGOSJ8_IA_/install/car/lib/python3.10/site-packages/car/detected_persons_local_to_latlon.py to detected_persons_local_to_latlon.cpython-310.pyc
byte-compiling /home/roverj8/LUIS/ARGJ08/ARGOSJ8_IA_/install/car/lib/python3.10/site-packages/car/costmap.py to costmap.cpython-310.pyc
byte-compiling /home/roverj8/LUIS/ARGJ08/ARGOSJ8_IA_/install/car/lib/python3.10/site-packages/car/path_ppo_cnn_lstm_training_init_mode_j8.py to path_ppo_cnn_lstm_training_init_mode_j8.cpython-310.pyc
byte-compiling /home/roverj8/LUIS/ARGJ08/ARGOSJ8_IA_/install/car/lib/python3.10/site-packages/car/supervisor_circuit.py to supervisor_circuit.cpython-310.pyc
byte-compiling /home/roverj8/LUIS/ARGJ08/ARGOSJ8_IA_/install/car/lib/python3.10/site-packages/car/lidar_obstacle_detection.py to lidar_obstacle_detection.cpython-310.pyc
byte-compiling /home/roverj8/LUIS/ARGJ08/ARGOSJ8_IA_/install/car/lib/python3.10/site-packages/car/prior_map_builder.py to prior_map_builder.cpython-310.pyc
byte-compiling /home/roverj8/LUIS/ARGJ08/ARGOSJ8_IA_/install/car/lib/python3.10/site-packages/car/backup_model_ppo_cnn_lstm.py to backup_model_ppo_cnn_lstm.cpython-310.pyc
byte-compiling /home/roverj8/LUIS/ARGJ08/ARGOSJ8_IA_/install/car/lib/python3.10/site-packages/car/check_goal_gnss.py to check_goal_gnss.cpython-310.pyc
byte-compiling /home/roverj8/LUIS/ARGJ08/ARGOSJ8_IA_/install/car/lib/python3.10/site-packages/car/points_goal_old.py to points_goal_old.cpython-310.pyc
byte-compiling /home/roverj8/LUIS/ARGJ08/ARGOSJ8_IA_/install/car/lib/python3.10/site-packages/car/inference_training_mode_simple.py to inference_training_mode_simple.cpython-310.pyc
byte-compiling /home/roverj8/LUIS/ARGJ08/ARGOSJ8_IA_/install/car/lib/python3.10/site-packages/car/__init__.py to __init__.cpython-310.pyc
byte-compiling /home/roverj8/LUIS/ARGJ08/ARGOSJ8_IA_/install/car/lib/python3.10/site-packages/car/path_ppo_cnn_lstm_full_model.py to path_ppo_cnn_lstm_full_model.cpython-310.pyc
byte-compiling /home/roverj8/LUIS/ARGJ08/ARGOSJ8_IA_/install/car/lib/python3.10/site-packages/car/joystick_control.py to joystick_control.cpython-310.pyc
byte-compiling /home/roverj8/LUIS/ARGJ08/ARGOSJ8_IA_/install/car/lib/python3.10/site-packages/car/movement_predictive.py to movement_predictive.cpython-310.pyc
byte-compiling /home/roverj8/LUIS/ARGJ08/ARGOSJ8_IA_/install/car/lib/python3.10/site-packages/car/map_test_navigation_hgh.py to map_test_navigation_hgh.cpython-310.pyc
byte-compiling /home/roverj8/LUIS/ARGJ08/ARGOSJ8_IA_/install/car/lib/python3.10/site-packages/car/goal_local_marker.py to goal_local_marker.cpython-310.pyc
byte-compiling /home/roverj8/LUIS/ARGJ08/ARGOSJ8_IA_/install/car/lib/python3.10/site-packages/car/latlon_posearray_to_local_utm.py to latlon_posearray_to_local_utm.cpython-310.pyc
byte-compiling /home/roverj8/LUIS/ARGJ08/ARGOSJ8_IA_/install/car/lib/python3.10/site-packages/car/fixposition_map_anchor.py to fixposition_map_anchor.cpython-310.pyc
byte-compiling /home/roverj8/LUIS/ARGJ08/ARGOSJ8_IA_/install/car/lib/python3.10/site-packages/car/j8_policy.py to j8_policy.cpython-310.pyc
byte-compiling /home/roverj8/LUIS/ARGJ08/ARGOSJ8_IA_/install/car/lib/python3.10/site-packages/car/map_navegation.py to map_navegation.cpython-310.pyc
byte-compiling /home/roverj8/LUIS/ARGJ08/ARGOSJ8_IA_/install/car/lib/python3.10/site-packages/car/planificador_script.py to planificador_script.cpython-310.pyc
byte-compiling /home/roverj8/LUIS/ARGJ08/ARGOSJ8_IA_/install/car/lib/python3.10/site-packages/car/external_path_controller.py to external_path_controller.cpython-310.pyc
byte-compiling /home/roverj8/LUIS/ARGJ08/ARGOSJ8_IA_/install/car/lib/python3.10/site-packages/car/voxel_unity.py to voxel_unity.cpython-310.pyc
byte-compiling /home/roverj8/LUIS/ARGJ08/ARGOSJ8_IA_/install/car/lib/python3.10/site-packages/car/fake_robot_pose.py to fake_robot_pose.cpython-310.pyc
byte-compiling /home/roverj8/LUIS/ARGJ08/ARGOSJ8_IA_/install/car/lib/python3.10/site-packages/car/keyboard_control.py to keyboard_control.cpython-310.pyc
byte-compiling /home/roverj8/LUIS/ARGJ08/ARGOSJ8_IA_/install/car/lib/python3.10/site-packages/car/unity_goal.py to unity_goal.cpython-310.pyc
byte-compiling /home/roverj8/LUIS/ARGJ08/ARGOSJ8_IA_/install/car/lib/python3.10/site-packages/car/points_goal.py to points_goal.cpython-310.pyc
byte-compiling /home/roverj8/LUIS/ARGJ08/ARGOSJ8_IA_/install/car/lib/python3.10/site-packages/car/colision_zone.py to colision_zone.cpython-310.pyc
byte-compiling /home/roverj8/LUIS/ARGJ08/ARGOSJ8_IA_/install/car/lib/python3.10/site-packages/car/j8_bueno.py to j8_bueno.cpython-310.pyc
byte-compiling /home/roverj8/LUIS/ARGJ08/ARGOSJ8_IA_/install/car/lib/python3.10/site-packages/car/fusion.py to fusion.cpython-310.pyc
byte-compiling /home/roverj8/LUIS/ARGJ08/ARGOSJ8_IA_/install/car/lib/python3.10/site-packages/car/scape_test.py to scape_test.cpython-310.pyc
byte-compiling /home/roverj8/LUIS/ARGJ08/ARGOSJ8_IA_/install/car/lib/python3.10/site-packages/car/memory_map.py to memory_map.cpython-310.pyc
byte-compiling /home/roverj8/LUIS/ARGJ08/ARGOSJ8_IA_/install/car/lib/python3.10/site-packages/car/inference_full_model.py to inference_full_model.cpython-310.pyc
byte-compiling /home/roverj8/LUIS/ARGJ08/ARGOSJ8_IA_/install/car/lib/python3.10/site-packages/car/latlon_circuit.py to latlon_circuit.cpython-310.pyc
byte-compiling /home/roverj8/LUIS/ARGJ08/ARGOSJ8_IA_/install/car/lib/python3.10/site-packages/car/fake_person_local_detections.py to fake_person_local_detections.cpython-310.pyc
byte-compiling /home/roverj8/LUIS/ARGJ08/ARGOSJ8_IA_/install/car/lib/python3.10/site-packages/car/j8_test_ppo.py to j8_test_ppo.cpython-310.pyc
byte-compiling /home/roverj8/LUIS/ARGJ08/ARGOSJ8_IA_/install/car/lib/python3.10/site-packages/car/circuit1.py to circuit1.cpython-310.pyc
byte-compiling /home/roverj8/LUIS/ARGJ08/ARGOSJ8_IA_/install/car/lib/python3.10/site-packages/car/fixposition_tf_tree_for_zed.py to fixposition_tf_tree_for_zed.cpython-310.pyc
byte-compiling /home/roverj8/LUIS/ARGJ08/ARGOSJ8_IA_/install/car/lib/python3.10/site-packages/car/navsatfix_goal_to_map_pose.py to navsatfix_goal_to_map_pose.cpython-310.pyc
byte-compiling /home/roverj8/LUIS/ARGJ08/ARGOSJ8_IA_/install/car/lib/python3.10/site-packages/car/test_j8_old.py to test_j8_old.cpython-310.pyc
byte-compiling /home/roverj8/LUIS/ARGJ08/ARGOSJ8_IA_/install/car/lib/python3.10/site-packages/car/inference_test_j8.py to inference_test_j8.cpython-310.pyc
byte-compiling /home/roverj8/LUIS/ARGJ08/ARGOSJ8_IA_/install/car/lib/python3.10/site-packages/car/test_vel.py to test_vel.cpython-310.pyc
byte-compiling /home/roverj8/LUIS/ARGJ08/ARGOSJ8_IA_/install/car/lib/python3.10/site-packages/car/fp_poi_map_odom_static_test.py to fp_poi_map_odom_static_test.cpython-310.pyc
byte-compiling /home/roverj8/LUIS/ARGJ08/ARGOSJ8_IA_/install/car/lib/python3.10/site-packages/car/supervisor.py to supervisor.cpython-310.pyc
byte-compiling /home/roverj8/LUIS/ARGJ08/ARGOSJ8_IA_/install/car/lib/python3.10/site-packages/car/path_ppo_cnn_lstm_training_init_mode.py to path_ppo_cnn_lstm_training_init_mode.cpython-310.pyc
byte-compiling /home/roverj8/LUIS/ARGJ08/ARGOSJ8_IA_/install/car/lib/python3.10/site-packages/car/fixposition_reframe.py to fixposition_reframe.cpython-310.pyc
byte-compiling /home/roverj8/LUIS/ARGJ08/ARGOSJ8_IA_/install/car/lib/python3.10/site-packages/car/fp_poi_map_static_from_start.py to fp_poi_map_static_from_start.cpython-310.pyc
byte-compiling /home/roverj8/LUIS/ARGJ08/ARGOSJ8_IA_/install/car/lib/python3.10/site-packages/car/fixposition_local_tf_from_odom.py to fixposition_local_tf_from_odom.cpython-310.pyc
byte-compiling /home/roverj8/LUIS/ARGJ08/ARGOSJ8_IA_/install/car/lib/python3.10/site-packages/car/filter_points_cloud.py to filter_points_cloud.cpython-310.pyc
byte-compiling /home/roverj8/LUIS/ARGJ08/ARGOSJ8_IA_/install/car/lib/python3.10/site-packages/car/latlon_posearray_to_local.py to latlon_posearray_to_local.cpython-310.pyc
byte-compiling /home/roverj8/LUIS/ARGJ08/ARGOSJ8_IA_/install/car/lib/python3.10/site-packages/car/test_octomap.py to test_octomap.cpython-310.pyc
byte-compiling /home/roverj8/LUIS/ARGJ08/ARGOSJ8_IA_/install/car/lib/python3.10/site-packages/car/path_ppo_cnn_lstm_training_init_mode_simple.py to path_ppo_cnn_lstm_training_init_mode_simple.cpython-310.pyc
byte-compiling /home/roverj8/LUIS/ARGJ08/ARGOSJ8_IA_/install/car/lib/python3.10/site-packages/car/gnss_goal_circuit.py to gnss_goal_circuit.cpython-310.pyc
byte-compiling /home/roverj8/LUIS/ARGJ08/ARGOSJ8_IA_/install/car/lib/python3.10/site-packages/car/fixposition_map_odom_static_from_odom.py to fixposition_map_odom_static_from_odom.cpython-310.pyc
byte-compiling /home/roverj8/LUIS/ARGJ08/ARGOSJ8_IA_/install/car/lib/python3.10/site-packages/car/inference_j8.py to inference_j8.cpython-310.pyc
byte-compiling /home/roverj8/LUIS/ARGJ08/ARGOSJ8_IA_/install/car/lib/python3.10/site-packages/car/zed_static_tf_tree.py to zed_static_tf_tree.cpython-310.pyc
byte-compiling /home/roverj8/LUIS/ARGJ08/ARGOSJ8_IA_/install/car/lib/python3.10/site-packages/car/cmd_vel_to_throttle.py to cmd_vel_to_throttle.cpython-310.pyc
byte-compiling /home/roverj8/LUIS/ARGJ08/ARGOSJ8_IA_/install/car/lib/python3.10/site-packages/car/fixposition_odom_to_base_link_tf.py to fixposition_odom_to_base_link_tf.cpython-310.pyc
byte-compiling /home/roverj8/LUIS/ARGJ08/ARGOSJ8_IA_/install/car/lib/python3.10/site-packages/car/odom_to_tf.py to odom_to_tf.cpython-310.pyc
byte-compiling /home/roverj8/LUIS/ARGJ08/ARGOSJ8_IA_/install/car/lib/python3.10/site-packages/car/frontier_centroid.py to frontier_centroid.cpython-310.pyc
running install_data
creating /home/roverj8/LUIS/ARGJ08/ARGOSJ8_IA_/install/car/share/ament_index
creating /home/roverj8/LUIS/ARGJ08/ARGOSJ8_IA_/install/car/share/ament_index/resource_index
creating /home/roverj8/LUIS/ARGJ08/ARGOSJ8_IA_/install/car/share/ament_index/resource_index/packages
copying resource/car -> /home/roverj8/LUIS/ARGJ08/ARGOSJ8_IA_/install/car/share/ament_index/resource_index/packages
copying package.xml -> /home/roverj8/LUIS/ARGJ08/ARGOSJ8_IA_/install/car/share/car
creating /home/roverj8/LUIS/ARGJ08/ARGOSJ8_IA_/install/car/share/car/launch
copying launch/circuit4.launch.py -> /home/roverj8/LUIS/ARGJ08/ARGOSJ8_IA_/install/car/share/car/launch
copying launch/gazebo_simple_world.launch.py -> /home/roverj8/LUIS/ARGJ08/ARGOSJ8_IA_/install/car/share/car/launch
copying launch/circuit3.launch.py -> /home/roverj8/LUIS/ARGJ08/ARGOSJ8_IA_/install/car/share/car/launch
copying launch/fp_poi_map_odom_base_link_camera_zed_wrapper_test.launch.py -> /home/roverj8/LUIS/ARGJ08/ARGOSJ8_IA_/install/car/share/car/launch
copying launch/rtamap_test.launch.py -> /home/roverj8/LUIS/ARGJ08/ARGOSJ8_IA_/install/car/share/car/launch
copying launch/fixposition_local_j8_urdf.launch.py -> /home/roverj8/LUIS/ARGJ08/ARGOSJ8_IA_/install/car/share/car/launch
copying launch/joystick.launch.py -> /home/roverj8/LUIS/ARGJ08/ARGOSJ8_IA_/install/car/share/car/launch
copying launch/world_1_b.launch.py -> /home/roverj8/LUIS/ARGJ08/ARGOSJ8_IA_/install/car/share/car/launch
copying launch/tf_fixposition_j8.launch.py -> /home/roverj8/LUIS/ARGJ08/ARGOSJ8_IA_/install/car/share/car/launch
copying launch/tf_fixposition_map_odom_static_j8.launch.py -> /home/roverj8/LUIS/ARGJ08/ARGOSJ8_IA_/install/car/share/car/launch
copying launch/gazebo_simple2.launch.py -> /home/roverj8/LUIS/ARGJ08/ARGOSJ8_IA_/install/car/share/car/launch
copying launch/river_and_forest.launch.py -> /home/roverj8/LUIS/ARGJ08/ARGOSJ8_IA_/install/car/share/car/launch
copying launch/fp_poi_map_odom_base_link_camera_zed_wrapper_urdf_test.launch.py -> /home/roverj8/LUIS/ARGJ08/ARGOSJ8_IA_/install/car/share/car/launch
copying launch/gazebo_no_gui.launch.py -> /home/roverj8/LUIS/ARGJ08/ARGOSJ8_IA_/install/car/share/car/launch
copying launch/gazebo_simple8.launch.py -> /home/roverj8/LUIS/ARGJ08/ARGOSJ8_IA_/install/car/share/car/launch
copying launch/object_move_gazebo.launch.py -> /home/roverj8/LUIS/ARGJ08/ARGOSJ8_IA_/install/car/share/car/launch
copying launch/rviz_fixposition_j8.launch.py -> /home/roverj8/LUIS/ARGJ08/ARGOSJ8_IA_/install/car/share/car/launch
copying launch/circuit1.launch.py -> /home/roverj8/LUIS/ARGJ08/ARGOSJ8_IA_/install/car/share/car/launch
copying launch/control_with_gazebo.launch.py -> /home/roverj8/LUIS/ARGJ08/ARGOSJ8_IA_/install/car/share/car/launch
copying launch/gazebo_simple9.launch.py -> /home/roverj8/LUIS/ARGJ08/ARGOSJ8_IA_/install/car/share/car/launch
copying launch/gazebo_simple3.launch.py -> /home/roverj8/LUIS/ARGJ08/ARGOSJ8_IA_/install/car/share/car/launch
copying launch/circuit2.launch.py -> /home/roverj8/LUIS/ARGJ08/ARGOSJ8_IA_/install/car/share/car/launch
copying launch/gazebo_simple5.launch.py -> /home/roverj8/LUIS/ARGJ08/ARGOSJ8_IA_/install/car/share/car/launch
copying launch/rviz_fixposition_urdf.launch.py -> /home/roverj8/LUIS/ARGJ08/ARGOSJ8_IA_/install/car/share/car/launch
copying launch/gazebo_mountain.launch.py -> /home/roverj8/LUIS/ARGJ08/ARGOSJ8_IA_/install/car/share/car/launch
copying launch/fp_poi_map_static_from_start.launch.py -> /home/roverj8/LUIS/ARGJ08/ARGOSJ8_IA_/install/car/share/car/launch
copying launch/control.launch.py -> /home/roverj8/LUIS/ARGJ08/ARGOSJ8_IA_/install/car/share/car/launch
copying launch/fixposition_local_j8_urdf_fixposition.launch.py -> /home/roverj8/LUIS/ARGJ08/ARGOSJ8_IA_/install/car/share/car/launch
copying launch/fp_poi_map_odom_base_link_camera_test.launch.py -> /home/roverj8/LUIS/ARGJ08/ARGOSJ8_IA_/install/car/share/car/launch
copying launch/goals_unity.launch.py -> /home/roverj8/LUIS/ARGJ08/ARGOSJ8_IA_/install/car/share/car/launch
copying launch/fp_poi_map_odom_base_link_test.launch.py -> /home/roverj8/LUIS/ARGJ08/ARGOSJ8_IA_/install/car/share/car/launch
copying launch/J8_unity.launch.py -> /home/roverj8/LUIS/ARGJ08/ARGOSJ8_IA_/install/car/share/car/launch
copying launch/fixposition_with_zed_no_tf.launch.py -> /home/roverj8/LUIS/ARGJ08/ARGOSJ8_IA_/install/car/share/car/launch
copying launch/fixposition_with_zed_fixposition_tf.launch.py -> /home/roverj8/LUIS/ARGJ08/ARGOSJ8_IA_/install/car/share/car/launch
copying launch/easy_world.launch.py -> /home/roverj8/LUIS/ARGJ08/ARGOSJ8_IA_/install/car/share/car/launch
copying launch/gazebo_simple4.launch.py -> /home/roverj8/LUIS/ARGJ08/ARGOSJ8_IA_/install/car/share/car/launch
copying launch/gazebo_empty_world.launch.py -> /home/roverj8/LUIS/ARGJ08/ARGOSJ8_IA_/install/car/share/car/launch
copying launch/gazebo_simple6.launch.py -> /home/roverj8/LUIS/ARGJ08/ARGOSJ8_IA_/install/car/share/car/launch
copying launch/ekf.launch.py -> /home/roverj8/LUIS/ARGJ08/ARGOSJ8_IA_/install/car/share/car/launch
copying launch/j8.launch.py -> /home/roverj8/LUIS/ARGJ08/ARGOSJ8_IA_/install/car/share/car/launch
copying launch/fp_poi_map_odom_static_test.launch.py -> /home/roverj8/LUIS/ARGJ08/ARGOSJ8_IA_/install/car/share/car/launch
copying launch/gazebo.launch.py -> /home/roverj8/LUIS/ARGJ08/ARGOSJ8_IA_/install/car/share/car/launch
copying launch/forest.launch.py -> /home/roverj8/LUIS/ARGJ08/ARGOSJ8_IA_/install/car/share/car/launch
copying launch/gazebo_simple7.launch.py -> /home/roverj8/LUIS/ARGJ08/ARGOSJ8_IA_/install/car/share/car/launch
copying launch/world_1.launch.py -> /home/roverj8/LUIS/ARGJ08/ARGOSJ8_IA_/install/car/share/car/launch
copying launch/display.launch.py -> /home/roverj8/LUIS/ARGJ08/ARGOSJ8_IA_/install/car/share/car/launch
copying launch/gnss_goals.launch.py -> /home/roverj8/LUIS/ARGJ08/ARGOSJ8_IA_/install/car/share/car/launch
copying launch/fixposition_reframe.launch.py -> /home/roverj8/LUIS/ARGJ08/ARGOSJ8_IA_/install/car/share/car/launch
creating /home/roverj8/LUIS/ARGJ08/ARGOSJ8_IA_/install/car/share/car/urdf
copying urdf/car.gazebo -> /home/roverj8/LUIS/ARGJ08/ARGOSJ8_IA_/install/car/share/car/urdf
copying urdf/object_movement.sdf -> /home/roverj8/LUIS/ARGJ08/ARGOSJ8_IA_/install/car/share/car/urdf
copying urdf/control.plugin.xacro -> /home/roverj8/LUIS/ARGJ08/ARGOSJ8_IA_/install/car/share/car/urdf
copying urdf/virt_lidar.xacro -> /home/roverj8/LUIS/ARGJ08/ARGOSJ8_IA_/install/car/share/car/urdf
copying urdf/car.xacro -> /home/roverj8/LUIS/ARGJ08/ARGOSJ8_IA_/install/car/share/car/urdf
copying urdf/camara.plugin.xacro -> /home/roverj8/LUIS/ARGJ08/ARGOSJ8_IA_/install/car/share/car/urdf
copying urdf/lidar.plugin.xacro -> /home/roverj8/LUIS/ARGJ08/ARGOSJ8_IA_/install/car/share/car/urdf
copying urdf/materials.xacro -> /home/roverj8/LUIS/ARGJ08/ARGOSJ8_IA_/install/car/share/car/urdf
copying urdf/car.trans -> /home/roverj8/LUIS/ARGJ08/ARGOSJ8_IA_/install/car/share/car/urdf
creating /home/roverj8/LUIS/ARGJ08/ARGOSJ8_IA_/install/car/share/car/worlds
copying worlds/world_1.world -> /home/roverj8/LUIS/ARGJ08/ARGOSJ8_IA_/install/car/share/car/worlds
copying worlds/river_and_forest.world -> /home/roverj8/LUIS/ARGJ08/ARGOSJ8_IA_/install/car/share/car/worlds
copying worlds/world_simple8.world -> /home/roverj8/LUIS/ARGJ08/ARGOSJ8_IA_/install/car/share/car/worlds
copying worlds/world_simple7.world -> /home/roverj8/LUIS/ARGJ08/ARGOSJ8_IA_/install/car/share/car/worlds
copying worlds/world_simple2.world -> /home/roverj8/LUIS/ARGJ08/ARGOSJ8_IA_/install/car/share/car/worlds
copying worlds/park_tagged.world -> /home/roverj8/LUIS/ARGJ08/ARGOSJ8_IA_/install/car/share/car/worlds
copying worlds/world_simple5.world -> /home/roverj8/LUIS/ARGJ08/ARGOSJ8_IA_/install/car/share/car/worlds
copying worlds/world_1_b.world -> /home/roverj8/LUIS/ARGJ08/ARGOSJ8_IA_/install/car/share/car/worlds
copying worlds/easy_world.world -> /home/roverj8/LUIS/ARGJ08/ARGOSJ8_IA_/install/car/share/car/worlds
copying worlds/obstacles.world -> /home/roverj8/LUIS/ARGJ08/ARGOSJ8_IA_/install/car/share/car/worlds
copying worlds/world_simple4.world -> /home/roverj8/LUIS/ARGJ08/ARGOSJ8_IA_/install/car/share/car/worlds
copying worlds/mountain.world -> /home/roverj8/LUIS/ARGJ08/ARGOSJ8_IA_/install/car/share/car/worlds
copying worlds/hill.world -> /home/roverj8/LUIS/ARGJ08/ARGOSJ8_IA_/install/car/share/car/worlds
copying worlds/blender_builder.world -> /home/roverj8/LUIS/ARGJ08/ARGOSJ8_IA_/install/car/share/car/worlds
copying worlds/heightmap_world.world -> /home/roverj8/LUIS/ARGJ08/ARGOSJ8_IA_/install/car/share/car/worlds
copying worlds/lake.world -> /home/roverj8/LUIS/ARGJ08/ARGOSJ8_IA_/install/car/share/car/worlds
copying worlds/grass.world -> /home/roverj8/LUIS/ARGJ08/ARGOSJ8_IA_/install/car/share/car/worlds
copying worlds/test.world -> /home/roverj8/LUIS/ARGJ08/ARGOSJ8_IA_/install/car/share/car/worlds
copying worlds/empty.world -> /home/roverj8/LUIS/ARGJ08/ARGOSJ8_IA_/install/car/share/car/worlds
copying worlds/forest.world -> /home/roverj8/LUIS/ARGJ08/ARGOSJ8_IA_/install/car/share/car/worlds
copying worlds/world_1_b1.world -> /home/roverj8/LUIS/ARGJ08/ARGOSJ8_IA_/install/car/share/car/worlds
copying worlds/grass_test.world -> /home/roverj8/LUIS/ARGJ08/ARGOSJ8_IA_/install/car/share/car/worlds
copying worlds/park.world -> /home/roverj8/LUIS/ARGJ08/ARGOSJ8_IA_/install/car/share/car/worlds
copying worlds/lake_tagged.world -> /home/roverj8/LUIS/ARGJ08/ARGOSJ8_IA_/install/car/share/car/worlds
copying worlds/obstacles_and_traps.world -> /home/roverj8/LUIS/ARGJ08/ARGOSJ8_IA_/install/car/share/car/worlds
copying worlds/forest_tagged.world -> /home/roverj8/LUIS/ARGJ08/ARGOSJ8_IA_/install/car/share/car/worlds
copying worlds/world_simple9.world -> /home/roverj8/LUIS/ARGJ08/ARGOSJ8_IA_/install/car/share/car/worlds
copying worlds/hill_tagged.world -> /home/roverj8/LUIS/ARGJ08/ARGOSJ8_IA_/install/car/share/car/worlds
copying worlds/world_simple_object.world -> /home/roverj8/LUIS/ARGJ08/ARGOSJ8_IA_/install/car/share/car/worlds
copying worlds/world_simple3.world -> /home/roverj8/LUIS/ARGJ08/ARGOSJ8_IA_/install/car/share/car/worlds
copying worlds/map1_test.world -> /home/roverj8/LUIS/ARGJ08/ARGOSJ8_IA_/install/car/share/car/worlds
copying worlds/world_simple6.world -> /home/roverj8/LUIS/ARGJ08/ARGOSJ8_IA_/install/car/share/car/worlds
creating /home/roverj8/LUIS/ARGJ08/ARGOSJ8_IA_/install/car/share/car/meshes
copying meshes/rim.stl -> /home/roverj8/LUIS/ARGJ08/ARGOSJ8_IA_/install/car/share/car/meshes
copying meshes/tire.stl -> /home/roverj8/LUIS/ARGJ08/ARGOSJ8_IA_/install/car/share/car/meshes
copying meshes/rim_front_right_1.stl -> /home/roverj8/LUIS/ARGJ08/ARGOSJ8_IA_/install/car/share/car/meshes
copying meshes/direction_front_left_1.stl -> /home/roverj8/LUIS/ARGJ08/ARGOSJ8_IA_/install/car/share/car/meshes
copying meshes/tire_front_right_1.stl -> /home/roverj8/LUIS/ARGJ08/ARGOSJ8_IA_/install/car/share/car/meshes
copying meshes/chasis_1.stl -> /home/roverj8/LUIS/ARGJ08/ARGOSJ8_IA_/install/car/share/car/meshes
copying meshes/rim_back_right_1.stl -> /home/roverj8/LUIS/ARGJ08/ARGOSJ8_IA_/install/car/share/car/meshes
copying meshes/suspension_back_right_1.stl -> /home/roverj8/LUIS/ARGJ08/ARGOSJ8_IA_/install/car/share/car/meshes
copying meshes/direction_back_right_1.stl -> /home/roverj8/LUIS/ARGJ08/ARGOSJ8_IA_/install/car/share/car/meshes
copying meshes/direction_front_right_1.stl -> /home/roverj8/LUIS/ARGJ08/ARGOSJ8_IA_/install/car/share/car/meshes
copying meshes/tire_back_right_1.stl -> /home/roverj8/LUIS/ARGJ08/ARGOSJ8_IA_/install/car/share/car/meshes
copying meshes/Camara.stl -> /home/roverj8/LUIS/ARGJ08/ARGOSJ8_IA_/install/car/share/car/meshes
copying meshes/suspension_front_left__1.stl -> /home/roverj8/LUIS/ARGJ08/ARGOSJ8_IA_/install/car/share/car/meshes
copying meshes/rim_front_left_1.stl -> /home/roverj8/LUIS/ARGJ08/ARGOSJ8_IA_/install/car/share/car/meshes
copying meshes/rim_back_left_1.stl -> /home/roverj8/LUIS/ARGJ08/ARGOSJ8_IA_/install/car/share/car/meshes
copying meshes/tire_front_left_1.stl -> /home/roverj8/LUIS/ARGJ08/ARGOSJ8_IA_/install/car/share/car/meshes
copying meshes/suspension_front_right_1.stl -> /home/roverj8/LUIS/ARGJ08/ARGOSJ8_IA_/install/car/share/car/meshes
copying meshes/Lidar.stl -> /home/roverj8/LUIS/ARGJ08/ARGOSJ8_IA_/install/car/share/car/meshes
copying meshes/direction_back_left_1.stl -> /home/roverj8/LUIS/ARGJ08/ARGOSJ8_IA_/install/car/share/car/meshes
copying meshes/tire_back_left_1.stl -> /home/roverj8/LUIS/ARGJ08/ARGOSJ8_IA_/install/car/share/car/meshes
copying meshes/base_link.stl -> /home/roverj8/LUIS/ARGJ08/ARGOSJ8_IA_/install/car/share/car/meshes
copying meshes/suspension_back_left_1.stl -> /home/roverj8/LUIS/ARGJ08/ARGOSJ8_IA_/install/car/share/car/meshes
creating /home/roverj8/LUIS/ARGJ08/ARGOSJ8_IA_/install/car/share/car/config
copying config/octomap.yaml -> /home/roverj8/LUIS/ARGJ08/ARGOSJ8_IA_/install/car/share/car/config
copying config/nav2.yaml -> /home/roverj8/LUIS/ARGJ08/ARGOSJ8_IA_/install/car/share/car/config
copying config/river_and_forest.yaml -> /home/roverj8/LUIS/ARGJ08/ARGOSJ8_IA_/install/car/share/car/config
copying config/circuit_1.yaml -> /home/roverj8/LUIS/ARGJ08/ARGOSJ8_IA_/install/car/share/car/config
copying config/mapper_params_online_async.yaml -> /home/roverj8/LUIS/ARGJ08/ARGOSJ8_IA_/install/car/share/car/config
copying config/world_1_b.yaml -> /home/roverj8/LUIS/ARGJ08/ARGOSJ8_IA_/install/car/share/car/config
copying config/display.rviz -> /home/roverj8/LUIS/ARGJ08/ARGOSJ8_IA_/install/car/share/car/config
copying config/goal.yaml -> /home/roverj8/LUIS/ARGJ08/ARGOSJ8_IA_/install/car/share/car/config
copying config/circuit_3.yaml -> /home/roverj8/LUIS/ARGJ08/ARGOSJ8_IA_/install/car/share/car/config
copying config/ekf_params.yaml -> /home/roverj8/LUIS/ARGJ08/ARGOSJ8_IA_/install/car/share/car/config
copying config/circuit_4.yaml -> /home/roverj8/LUIS/ARGJ08/ARGOSJ8_IA_/install/car/share/car/config
copying config/gnss_goals.yaml -> /home/roverj8/LUIS/ARGJ08/ARGOSJ8_IA_/install/car/share/car/config
copying config/circuit_2.yaml -> /home/roverj8/LUIS/ARGJ08/ARGOSJ8_IA_/install/car/share/car/config
copying config/world1.yaml -> /home/roverj8/LUIS/ARGJ08/ARGOSJ8_IA_/install/car/share/car/config
creating /home/roverj8/LUIS/ARGJ08/ARGOSJ8_IA_/install/car/lib/car
running install_egg_info
Copying ../../build/car/car.egg-info to /home/roverj8/LUIS/ARGJ08/ARGOSJ8_IA_/install/car/lib/python3.10/site-packages/car-0.0.0-py3.10.egg-info
running install_scripts
Installing check_goal_gnss script to /home/roverj8/LUIS/ARGJ08/ARGOSJ8_IA_/install/car/lib/car
Installing circuit1 script to /home/roverj8/LUIS/ARGJ08/ARGOSJ8_IA_/install/car/lib/car
Installing circuit_supervisor script to /home/roverj8/LUIS/ARGJ08/ARGOSJ8_IA_/install/car/lib/car
Installing cmd_vel_to_throttle script to /home/roverj8/LUIS/ARGJ08/ARGOSJ8_IA_/install/car/lib/car
Installing colision_zone script to /home/roverj8/LUIS/ARGJ08/ARGOSJ8_IA_/install/car/lib/car
Installing detected_persons_local_to_latlon script to /home/roverj8/LUIS/ARGJ08/ARGOSJ8_IA_/install/car/lib/car
Installing external_path_controller script to /home/roverj8/LUIS/ARGJ08/ARGOSJ8_IA_/install/car/lib/car
Installing fake_person_local_detections script to /home/roverj8/LUIS/ARGJ08/ARGOSJ8_IA_/install/car/lib/car
Installing fake_robot_pose script to /home/roverj8/LUIS/ARGJ08/ARGOSJ8_IA_/install/car/lib/car
Installing filter_points_cloud script to /home/roverj8/LUIS/ARGJ08/ARGOSJ8_IA_/install/car/lib/car
Installing fixposition_local_tf_from_odom script to /home/roverj8/LUIS/ARGJ08/ARGOSJ8_IA_/install/car/lib/car
Installing fixposition_map_anchor script to /home/roverj8/LUIS/ARGJ08/ARGOSJ8_IA_/install/car/lib/car
Installing fixposition_map_odom_static_from_odom script to /home/roverj8/LUIS/ARGJ08/ARGOSJ8_IA_/install/car/lib/car
Installing fixposition_odom_to_base_link_tf script to /home/roverj8/LUIS/ARGJ08/ARGOSJ8_IA_/install/car/lib/car
Installing fixposition_reframe script to /home/roverj8/LUIS/ARGJ08/ARGOSJ8_IA_/install/car/lib/car
Installing fixposition_tf_tree_for_zed script to /home/roverj8/LUIS/ARGJ08/ARGOSJ8_IA_/install/car/lib/car
Installing fp_poi_map_odom_static_test script to /home/roverj8/LUIS/ARGJ08/ARGOSJ8_IA_/install/car/lib/car
Installing fp_poi_map_static_from_start script to /home/roverj8/LUIS/ARGJ08/ARGOSJ8_IA_/install/car/lib/car
Installing frontier_centroid script to /home/roverj8/LUIS/ARGJ08/ARGOSJ8_IA_/install/car/lib/car
Installing fusion script to /home/roverj8/LUIS/ARGJ08/ARGOSJ8_IA_/install/car/lib/car
Installing gnss_goal_circuit script to /home/roverj8/LUIS/ARGJ08/ARGOSJ8_IA_/install/car/lib/car
Installing goal_local_marker script to /home/roverj8/LUIS/ARGJ08/ARGOSJ8_IA_/install/car/lib/car
Installing inference_full_model script to /home/roverj8/LUIS/ARGJ08/ARGOSJ8_IA_/install/car/lib/car
Installing inference_j8 script to /home/roverj8/LUIS/ARGJ08/ARGOSJ8_IA_/install/car/lib/car
Installing inference_test_j8 script to /home/roverj8/LUIS/ARGJ08/ARGOSJ8_IA_/install/car/lib/car
Installing inference_training_mode_simple script to /home/roverj8/LUIS/ARGJ08/ARGOSJ8_IA_/install/car/lib/car
Installing j8_bueno script to /home/roverj8/LUIS/ARGJ08/ARGOSJ8_IA_/install/car/lib/car
Installing j8_policy script to /home/roverj8/LUIS/ARGJ08/ARGOSJ8_IA_/install/car/lib/car
Installing j8_test_ppo script to /home/roverj8/LUIS/ARGJ08/ARGOSJ8_IA_/install/car/lib/car
Installing joystick_control script to /home/roverj8/LUIS/ARGJ08/ARGOSJ8_IA_/install/car/lib/car
Installing keyboard_control script to /home/roverj8/LUIS/ARGJ08/ARGOSJ8_IA_/install/car/lib/car
Installing latlon_circuit script to /home/roverj8/LUIS/ARGJ08/ARGOSJ8_IA_/install/car/lib/car
Installing latlon_posearray_to_local script to /home/roverj8/LUIS/ARGJ08/ARGOSJ8_IA_/install/car/lib/car
Installing latlon_posearray_to_local_utm script to /home/roverj8/LUIS/ARGJ08/ARGOSJ8_IA_/install/car/lib/car
Installing lidar_detection script to /home/roverj8/LUIS/ARGJ08/ARGOSJ8_IA_/install/car/lib/car
Installing map_navegation script to /home/roverj8/LUIS/ARGJ08/ARGOSJ8_IA_/install/car/lib/car
Installing map_navegation_test script to /home/roverj8/LUIS/ARGJ08/ARGOSJ8_IA_/install/car/lib/car
Installing memory_map script to /home/roverj8/LUIS/ARGJ08/ARGOSJ8_IA_/install/car/lib/car
Installing movement_predictive script to /home/roverj8/LUIS/ARGJ08/ARGOSJ8_IA_/install/car/lib/car
Installing navsatfix_goal_to_map_pose script to /home/roverj8/LUIS/ARGJ08/ARGOSJ8_IA_/install/car/lib/car
Installing navsatfix_to_ecef script to /home/roverj8/LUIS/ARGJ08/ARGOSJ8_IA_/install/car/lib/car
Installing odom_to_tf script to /home/roverj8/LUIS/ARGJ08/ARGOSJ8_IA_/install/car/lib/car
Installing path_ppo_cnn_lstm_full_model script to /home/roverj8/LUIS/ARGJ08/ARGOSJ8_IA_/install/car/lib/car
Installing path_ppo_cnn_lstm_training_init_mode script to /home/roverj8/LUIS/ARGJ08/ARGOSJ8_IA_/install/car/lib/car
Installing path_ppo_cnn_lstm_training_init_mode_j8 script to /home/roverj8/LUIS/ARGJ08/ARGOSJ8_IA_/install/car/lib/car
Installing path_ppo_cnn_lstm_training_init_mode_simple script to /home/roverj8/LUIS/ARGJ08/ARGOSJ8_IA_/install/car/lib/car
Installing points_goal script to /home/roverj8/LUIS/ARGJ08/ARGOSJ8_IA_/install/car/lib/car
Installing points_goal_old script to /home/roverj8/LUIS/ARGJ08/ARGOSJ8_IA_/install/car/lib/car
Installing prior_map_builder script to /home/roverj8/LUIS/ARGJ08/ARGOSJ8_IA_/install/car/lib/car
Installing scape_test script to /home/roverj8/LUIS/ARGJ08/ARGOSJ8_IA_/install/car/lib/car
Installing supervisor_node script to /home/roverj8/LUIS/ARGJ08/ARGOSJ8_IA_/install/car/lib/car
Installing test_j8_old script to /home/roverj8/LUIS/ARGJ08/ARGOSJ8_IA_/install/car/lib/car
Installing test_octomap script to /home/roverj8/LUIS/ARGJ08/ARGOSJ8_IA_/install/car/lib/car
Installing test_vel script to /home/roverj8/LUIS/ARGJ08/ARGOSJ8_IA_/install/car/lib/car
Installing unity_goal script to /home/roverj8/LUIS/ARGJ08/ARGOSJ8_IA_/install/car/lib/car
Installing voxel_unity script to /home/roverj8/LUIS/ARGJ08/ARGOSJ8_IA_/install/car/lib/car
Installing zed_static_tf_tree script to /home/roverj8/LUIS/ARGJ08/ARGOSJ8_IA_/install/car/lib/car
writing list of installed files to '/home/roverj8/LUIS/ARGJ08/ARGOSJ8_IA_/build/car/install.log'
