[0.820s] Invoking command in '/home/roverj8/LUIS/ARGJ08/ARGOSJ8_IA_/build/wiimote_msgs': /usr/bin/cmake /home/roverj8/LUIS/ARGJ08/ARGOSJ8_IA_/src/j8_joystick/wiimote_msgs -DCMAKE_INSTALL_PREFIX=/home/roverj8/LUIS/ARGJ08/ARGOSJ8_IA_/install/wiimote_msgs
[0.865s] -- Configuring incomplete, errors occurred!
[0.866s] See also "/home/roverj8/LUIS/ARGJ08/ARGOSJ8_IA_/build/wiimote_msgs/CMakeFiles/CMakeOutput.log".
[0.866s] [31mCMake Error at CMakeLists.txt:19 (find_package):
[0.867s]   By not providing "Findament_cmake.cmake" in CMAKE_MODULE_PATH this project
[0.867s]   has asked CMake to find a package configuration file provided by
[0.867s]   "ament_cmake", but CMake did not find one.
[0.867s] 
[0.867s]   Could not find a package configuration file provided by "ament_cmake" with
[0.867s]   any of the following names:
[0.867s] 
[0.867s]     ament_cmakeConfig.cmake
[0.867s]     ament_cmake-config.cmake
[0.867s] 
[0.867s]   Add the installation prefix of "ament_cmake" to CMAKE_PREFIX_PATH or set
[0.867s]   "ament_cmake_DIR" to a directory containing one of the above files.  If
[0.868s]   "ament_cmake" provides a separate development package or SDK, be sure it
[0.868s]   has been installed.
[0.868s] 
[0.868s] [0m
[0.879s] Invoked command in '/home/roverj8/LUIS/ARGJ08/ARGOSJ8_IA_/build/wiimote_msgs' returned '1': /usr/bin/cmake /home/roverj8/LUIS/ARGJ08/ARGOSJ8_IA_/src/j8_joystick/wiimote_msgs -DCMAKE_INSTALL_PREFIX=/home/roverj8/LUIS/ARGJ08/ARGOSJ8_IA_/install/wiimote_msgs
