[0.633s] Invoking command in '/home/rhobtor/PHD/j8_control/J8_control/src/gui': PYTHONPATH=/home/rhobtor/PHD/j8_control/J8_control/build_gui_navigation/gui/prefix_override:/usr/lib/python3/dist-packages/colcon_core/task/python/colcon_distutils_commands:/home/rhobtor/PHD/j8_control/J8_control/install/gui/lib/python3.10/site-packages:${PYTHONPATH} /usr/bin/python3 -W ignore:setup.py install is deprecated -W ignore:easy_install command is deprecated setup.py egg_info --egg-base ../../build_gui_navigation/gui build --build-base /home/rhobtor/PHD/j8_control/J8_control/build_gui_navigation/gui/build install --record /home/rhobtor/PHD/j8_control/J8_control/build_gui_navigation/gui/install.log --install-scripts $base/lib/gui --single-version-externally-managed install_data
[0.738s] /home/rhobtor/.local/lib/python3.10/site-packages/setuptools/_distutils/dist.py:287: UserWarning: Unknown distribution option: 'tests_require'
[0.738s]   warnings.warn(msg)
[0.801s] running egg_info
[0.813s] creating ../../build_gui_navigation/gui/gui.egg-info
[0.813s] writing ../../build_gui_navigation/gui/gui.egg-info/PKG-INFO
[0.813s] writing dependency_links to ../../build_gui_navigation/gui/gui.egg-info/dependency_links.txt
[0.813s] writing entry points to ../../build_gui_navigation/gui/gui.egg-info/entry_points.txt
[0.813s] writing requirements to ../../build_gui_navigation/gui/gui.egg-info/requires.txt
[0.813s] writing top-level names to ../../build_gui_navigation/gui/gui.egg-info/top_level.txt
[0.813s] writing manifest file '../../build_gui_navigation/gui/gui.egg-info/SOURCES.txt'
[0.905s] reading manifest file '../../build_gui_navigation/gui/gui.egg-info/SOURCES.txt'
[0.906s] writing manifest file '../../build_gui_navigation/gui/gui.egg-info/SOURCES.txt'
[0.906s] running build
[0.906s] running build_py
[0.906s] creating /home/rhobtor/PHD/j8_control/J8_control/build_gui_navigation/gui/build/lib/gui
[0.906s] copying gui/__init__.py -> /home/rhobtor/PHD/j8_control/J8_control/build_gui_navigation/gui/build/lib/gui
[0.906s] copying gui/gui_node.py -> /home/rhobtor/PHD/j8_control/J8_control/build_gui_navigation/gui/build/lib/gui
[0.906s] copying gui/ros_api.py -> /home/rhobtor/PHD/j8_control/J8_control/build_gui_navigation/gui/build/lib/gui
[0.907s] creating /home/rhobtor/PHD/j8_control/J8_control/build_gui_navigation/gui/build/lib/gui/app
[0.907s] copying gui/app/followzed_widget.py -> /home/rhobtor/PHD/j8_control/J8_control/build_gui_navigation/gui/build/lib/gui/app
[0.907s] copying gui/app/__init__.py -> /home/rhobtor/PHD/j8_control/J8_control/build_gui_navigation/gui/build/lib/gui/app
[0.907s] copying gui/app/control_widget.py -> /home/rhobtor/PHD/j8_control/J8_control/build_gui_navigation/gui/build/lib/gui/app
[0.907s] copying gui/app/video_tab.py -> /home/rhobtor/PHD/j8_control/J8_control/build_gui_navigation/gui/build/lib/gui/app
[0.907s] copying gui/app/dem_pure_pursuit.py -> /home/rhobtor/PHD/j8_control/J8_control/build_gui_navigation/gui/build/lib/gui/app
[0.907s] copying gui/app/map_bridge.py -> /home/rhobtor/PHD/j8_control/J8_control/build_gui_navigation/gui/build/lib/gui/app
[0.907s] copying gui/app/person_manager_widget.py -> /home/rhobtor/PHD/j8_control/J8_control/build_gui_navigation/gui/build/lib/gui/app
[0.907s] copying gui/app/fsm_debug_widget.py -> /home/rhobtor/PHD/j8_control/J8_control/build_gui_navigation/gui/build/lib/gui/app
[0.907s] copying gui/app/state_widget.py -> /home/rhobtor/PHD/j8_control/J8_control/build_gui_navigation/gui/build/lib/gui/app
[0.907s] copying gui/app/geo_local.py -> /home/rhobtor/PHD/j8_control/J8_control/build_gui_navigation/gui/build/lib/gui/app
[0.907s] copying gui/app/main_window.py -> /home/rhobtor/PHD/j8_control/J8_control/build_gui_navigation/gui/build/lib/gui/app
[0.908s] running install
[0.911s] running install_lib
[0.923s] copying /home/rhobtor/PHD/j8_control/J8_control/build_gui_navigation/gui/build/lib/gui/app/main_window.py -> /home/rhobtor/PHD/j8_control/J8_control/install/gui/lib/python3.10/site-packages/gui/app
[0.947s] byte-compiling /home/rhobtor/PHD/j8_control/J8_control/install/gui/lib/python3.10/site-packages/gui/app/main_window.py to main_window.cpython-310.pyc
[0.965s] running install_data
[0.965s] copying resource/gui -> /home/rhobtor/PHD/j8_control/J8_control/install/gui/share/ament_index/resource_index/packages
[0.965s] copying package.xml -> /home/rhobtor/PHD/j8_control/J8_control/install/gui/share/gui
[0.998s] copying gui/resources/map.html -> /home/rhobtor/PHD/j8_control/J8_control/install/gui/share/gui/resources
[0.999s] copying resource/gui -> /home/rhobtor/PHD/j8_control/J8_control/install/gui/share/ament_index/resource_index/packages
[0.999s] copying package.xml -> /home/rhobtor/PHD/j8_control/J8_control/install/gui/share/gui
[0.999s] copying gui/resources/map.html -> /home/rhobtor/PHD/j8_control/J8_control/install/gui/share/gui/resources
[0.999s] copying gui/resources/vendor/leaflet/leaflet.js -> /home/rhobtor/PHD/j8_control/J8_control/install/gui/share/gui/resources/vendor/leaflet
[1.051s] copying gui/resources/vendor/leaflet/leaflet.css -> /home/rhobtor/PHD/j8_control/J8_control/install/gui/share/gui/resources/vendor/leaflet
[1.051s] copying gui/resources/vendor/leaflet/images/marker-icon.png -> /home/rhobtor/PHD/j8_control/J8_control/install/gui/share/gui/resources/vendor/leaflet/images
[1.051s] copying gui/resources/vendor/leaflet/images/marker-icon-2x.png -> /home/rhobtor/PHD/j8_control/J8_control/install/gui/share/gui/resources/vendor/leaflet/images
[1.051s] copying gui/resources/vendor/leaflet/images/marker-shadow.png -> /home/rhobtor/PHD/j8_control/J8_control/install/gui/share/gui/resources/vendor/leaflet/images
[1.051s] running install_egg_info
[1.065s] removing '/home/rhobtor/PHD/j8_control/J8_control/install/gui/lib/python3.10/site-packages/gui-0.1.0-py3.10.egg-info' (and everything under it)
[1.065s] Copying ../../build_gui_navigation/gui/gui.egg-info to /home/rhobtor/PHD/j8_control/J8_control/install/gui/lib/python3.10/site-packages/gui-0.1.0-py3.10.egg-info
[1.065s] running install_scripts
[1.088s] Installing gui script to /home/rhobtor/PHD/j8_control/J8_control/install/gui/lib/gui
[1.088s] writing list of installed files to '/home/rhobtor/PHD/j8_control/J8_control/build_gui_navigation/gui/install.log'
[1.103s] Invoked command in '/home/rhobtor/PHD/j8_control/J8_control/src/gui' returned '0': PYTHONPATH=/home/rhobtor/PHD/j8_control/J8_control/build_gui_navigation/gui/prefix_override:/usr/lib/python3/dist-packages/colcon_core/task/python/colcon_distutils_commands:/home/rhobtor/PHD/j8_control/J8_control/install/gui/lib/python3.10/site-packages:${PYTHONPATH} /usr/bin/python3 -W ignore:setup.py install is deprecated -W ignore:easy_install command is deprecated setup.py egg_info --egg-base ../../build_gui_navigation/gui build --build-base /home/rhobtor/PHD/j8_control/J8_control/build_gui_navigation/gui/build install --record /home/rhobtor/PHD/j8_control/J8_control/build_gui_navigation/gui/install.log --install-scripts $base/lib/gui --single-version-externally-managed install_data
