-- Found ament_cmake: 1.3.14 (/opt/ros/humble/share/ament_cmake/cmake)
-- Found Python3: /usr/bin/python3 (found version "3.10.12") found components: Interpreter 
-- Found rosidl_default_generators: 1.2.1 (/opt/ros/humble/share/rosidl_default_generators/cmake)
-- Using all available rosidl_typesupport_c: rosidl_typesupport_fastrtps_c;rosidl_typesupport_introspection_c
-- Found rosidl_adapter: 3.1.8 (/opt/ros/humble/share/rosidl_adapter/cmake)
-- Using all available rosidl_typesupport_cpp: rosidl_typesupport_fastrtps_cpp;rosidl_typesupport_introspection_cpp
-- Found std_msgs: 4.9.1 (/opt/ros/humble/share/std_msgs/cmake)
-- Found geometry_msgs: 4.9.1 (/opt/ros/humble/share/geometry_msgs/cmake)
-- Found ament_cmake_ros: 0.10.0 (/opt/ros/humble/share/ament_cmake_ros/cmake)
-- Using all available rosidl_typesupport_c: rosidl_typesupport_fastrtps_c;rosidl_typesupport_introspection_c
-- Using all available rosidl_typesupport_cpp: rosidl_typesupport_fastrtps_cpp;rosidl_typesupport_introspection_cpp
-- Found PythonInterp: /usr/bin/python3 (found suitable version "3.10.12", minimum required is "3.6") 
-- Found python_cmake_module: 0.10.0 (/opt/ros/humble/share/python_cmake_module/cmake)
-- Found PythonLibs: /usr/lib/x86_64-linux-gnu/libpython3.10.so (found suitable version "3.10.12", minimum required is "3.5") 
-- Using PYTHON_EXECUTABLE: /usr/bin/python3
-- Using PYTHON_INCLUDE_DIRS: /usr/include/python3.10
-- Using PYTHON_LIBRARIES: /usr/lib/x86_64-linux-gnu/libpython3.10.so
-- Found PythonExtra: .so  
-- Found ament_lint_auto: 0.12.15 (/opt/ros/humble/share/ament_lint_auto/cmake)
-- Found gtest sources under '/opt/ros/humble/src/gtest_vendor': C++ tests using 'Google Test' will be built
-- Looking for pthread.h
-- Looking for pthread.h - found
-- Performing Test CMAKE_HAVE_LIBC_PTHREAD
-- Performing Test CMAKE_HAVE_LIBC_PTHREAD - Success
-- Found Threads: TRUE  
-- Added test 'cppcheck' to perform static code analysis on C / C++ code
-- Configured cppcheck include dirs: /home/roverj8/LUIS/ARGJ08/ARGOSJ8_IA_/src/lidar_process_pkgs/slg_msgs/include;$<BUILD_INTERFACE:/home/roverj8/LUIS/ARGJ08/ARGOSJ8_IA_/src/lidar_process_pkgs/slg_msgs/include>
-- Configured cppcheck exclude dirs and/or files: 
-- Added test 'cpplint' to check C / C++ code against the Google style
-- Configured cpplint exclude dirs and/or files: 
-- Added test 'lint_cmake' to check CMake code style
-- Added test 'uncrustify' to check C / C++ code style
-- Configured uncrustify additional arguments: 
-- Added test 'xmllint' to check XML markup files
-- Configuring done
-- Generating done
-- Build files have been written to: /home/roverj8/LUIS/ARGJ08/ARGOSJ8_IA_/build/slg_msgs
[  2%] [34m[1mGenerating C code for ROS interfaces[0m
[  6%] [34m[1mGenerating C++ code for ROS interfaces[0m
[  6%] [34m[1mGenerating Rust code for ROS interfaces[0m
[  8%] [32mBuilding CXX object gtest/CMakeFiles/gtest_main.dir/src/gtest_main.cc.o[0m
[ 10%] [32mBuilding CXX object gtest/CMakeFiles/gtest.dir/src/gtest-all.cc.o[0m
[ 10%] Built target ament_cmake_python_copy_slg_msgs
running egg_info
creating slg_msgs.egg-info
writing slg_msgs.egg-info/PKG-INFO
writing dependency_links to slg_msgs.egg-info/dependency_links.txt
writing top-level names to slg_msgs.egg-info/top_level.txt
writing manifest file 'slg_msgs.egg-info/SOURCES.txt'
reading manifest file 'slg_msgs.egg-info/SOURCES.txt'
writing manifest file 'slg_msgs.egg-info/SOURCES.txt'
[ 10%] Built target ament_cmake_python_build_slg_msgs_egg
[ 10%] Built target slg_msgs__rs
[ 12%] [32mBuilding C object CMakeFiles/slg_msgs__rosidl_generator_c.dir/rosidl_generator_c/slg_msgs/msg/detail/segment__functions.c.o[0m
[ 14%] [32mBuilding C object CMakeFiles/slg_msgs__rosidl_generator_c.dir/rosidl_generator_c/slg_msgs/msg/detail/segment_array__functions.c.o[0m
[ 14%] Built target slg_msgs__cpp
[ 16%] [34m[1mGenerating C++ type support for eProsima Fast-RTPS[0m
[ 18%] [34m[1mGenerating C++ type support dispatch for ROS interfaces[0m
[ 20%] [34m[1mGenerating C++ introspection for ROS interfaces[0m
[ 22%] [32m[1mLinking C shared library libslg_msgs__rosidl_generator_c.so[0m
[ 24%] [32m[1mLinking CXX static library libgtest_main.a[0m
[ 24%] Built target slg_msgs__rosidl_generator_c
[ 24%] Built target gtest_main
[ 26%] [34m[1mGenerating C type support for eProsima Fast-RTPS[0m
[ 28%] [34m[1mGenerating C type support dispatch for ROS interfaces[0m
[ 30%] [34m[1mGenerating C introspection for ROS interfaces[0m
[ 34%] [32mBuilding CXX object CMakeFiles/slg_msgs__rosidl_typesupport_cpp.dir/rosidl_typesupport_cpp/slg_msgs/msg/segment_array__type_support.cpp.o[0m
[ 34%] [32mBuilding CXX object CMakeFiles/slg_msgs__rosidl_typesupport_cpp.dir/rosidl_typesupport_cpp/slg_msgs/msg/segment__type_support.cpp.o[0m
[ 36%] [32mBuilding CXX object CMakeFiles/slg_msgs__rosidl_typesupport_introspection_cpp.dir/rosidl_typesupport_introspection_cpp/slg_msgs/msg/detail/segment_array__type_support.cpp.o[0m
[ 38%] [32mBuilding CXX object CMakeFiles/slg_msgs__rosidl_typesupport_introspection_cpp.dir/rosidl_typesupport_introspection_cpp/slg_msgs/msg/detail/segment__type_support.cpp.o[0m
[ 42%] [32mBuilding CXX object CMakeFiles/slg_msgs__rosidl_typesupport_fastrtps_c.dir/rosidl_typesupport_fastrtps_c/slg_msgs/msg/detail/segment__type_support_c.cpp.o[0m
[ 42%] [32mBuilding CXX object CMakeFiles/slg_msgs__rosidl_typesupport_fastrtps_c.dir/rosidl_typesupport_fastrtps_c/slg_msgs/msg/detail/segment_array__type_support_c.cpp.o[0m
[ 44%] [32mBuilding CXX object CMakeFiles/slg_msgs__rosidl_typesupport_c.dir/rosidl_typesupport_c/slg_msgs/msg/segment__type_support.cpp.o[0m
[ 46%] [32mBuilding CXX object CMakeFiles/slg_msgs__rosidl_typesupport_c.dir/rosidl_typesupport_c/slg_msgs/msg/segment_array__type_support.cpp.o[0m
[ 48%] [32m[1mLinking CXX shared library libslg_msgs__rosidl_typesupport_c.so[0m
[ 50%] [32mBuilding C object CMakeFiles/slg_msgs__rosidl_typesupport_introspection_c.dir/rosidl_typesupport_introspection_c/slg_msgs/msg/detail/segment_array__type_support.c.o[0m
[ 50%] Built target slg_msgs__rosidl_typesupport_c
[ 52%] [32mBuilding C object CMakeFiles/slg_msgs__rosidl_typesupport_introspection_c.dir/rosidl_typesupport_introspection_c/slg_msgs/msg/detail/segment__type_support.c.o[0m
[ 54%] [32m[1mLinking CXX shared library libslg_msgs__rosidl_typesupport_cpp.so[0m
[ 56%] [32mBuilding CXX object CMakeFiles/slg_msgs__rosidl_typesupport_fastrtps_cpp.dir/rosidl_typesupport_fastrtps_cpp/slg_msgs/msg/detail/dds_fastrtps/segment__type_support.cpp.o[0m
[ 58%] [32mBuilding CXX object CMakeFiles/slg_msgs__rosidl_typesupport_fastrtps_cpp.dir/rosidl_typesupport_fastrtps_cpp/slg_msgs/msg/detail/dds_fastrtps/segment_array__type_support.cpp.o[0m
[ 60%] [32m[1mLinking C shared library libslg_msgs__rosidl_typesupport_introspection_c.so[0m
[ 60%] Built target slg_msgs__rosidl_typesupport_cpp
[ 60%] Built target slg_msgs__rosidl_typesupport_introspection_c
[ 62%] [32m[1mLinking CXX shared library libslg_msgs__rosidl_typesupport_introspection_cpp.so[0m
[ 64%] [32m[1mLinking CXX shared library libslg_msgs__rosidl_typesupport_fastrtps_c.so[0m
[ 64%] Built target slg_msgs__rosidl_typesupport_introspection_cpp
[ 64%] Built target slg_msgs__rosidl_typesupport_fastrtps_c
[ 66%] [32m[1mLinking CXX shared library libslg_msgs__rosidl_typesupport_fastrtps_cpp.so[0m
[ 66%] Built target slg_msgs__rosidl_typesupport_fastrtps_cpp
[ 66%] Built target slg_msgs
[ 68%] [34m[1mGenerating Python code for ROS interfaces[0m
[ 68%] Built target slg_msgs__py
[ 70%] [32m[1mLinking CXX static library libgtest.a[0m
[ 70%] Built target gtest
[ 72%] [32mBuilding C object CMakeFiles/slg_msgs__rosidl_generator_py.dir/rosidl_generator_py/slg_msgs/msg/_segment_s.c.o[0m
[ 74%] [32mBuilding C object CMakeFiles/slg_msgs__rosidl_generator_py.dir/rosidl_generator_py/slg_msgs/msg/_segment_array_s.c.o[0m
[ 76%] [32m[1mLinking C shared library rosidl_generator_py/slg_msgs/libslg_msgs__rosidl_generator_py.so[0m
[ 76%] Built target slg_msgs__rosidl_generator_py
[ 78%] [32mBuilding CXX object test/CMakeFiles/test_segment2d.dir/test_segment2d.cpp.o[0m
[ 80%] [32m[1mLinking CXX executable test_segment2d[0m
[ 80%] Built target test_segment2d
[ 82%] [32mBuilding C object CMakeFiles/slg_msgs__rosidl_typesupport_c__pyext.dir/rosidl_generator_py/slg_msgs/_slg_msgs_s.ep.rosidl_typesupport_c.c.o[0m
[ 84%] [32m[1mLinking C shared library rosidl_generator_py/slg_msgs/slg_msgs_s__rosidl_typesupport_c.cpython-310-x86_64-linux-gnu.so[0m
[ 84%] Built target slg_msgs__rosidl_typesupport_c__pyext
[ 86%] [32mBuilding C object CMakeFiles/slg_msgs__rosidl_typesupport_introspection_c__pyext.dir/rosidl_generator_py/slg_msgs/_slg_msgs_s.ep.rosidl_typesupport_introspection_c.c.o[0m
[ 88%] [32m[1mLinking C shared library rosidl_generator_py/slg_msgs/slg_msgs_s__rosidl_typesupport_introspection_c.cpython-310-x86_64-linux-gnu.so[0m
[ 88%] Built target slg_msgs__rosidl_typesupport_introspection_c__pyext
[ 90%] [32mBuilding C object CMakeFiles/slg_msgs__rosidl_typesupport_fastrtps_c__pyext.dir/rosidl_generator_py/slg_msgs/_slg_msgs_s.ep.rosidl_typesupport_fastrtps_c.c.o[0m
[ 92%] [32m[1mLinking C shared library rosidl_generator_py/slg_msgs/slg_msgs_s__rosidl_typesupport_fastrtps_c.cpython-310-x86_64-linux-gnu.so[0m
[ 92%] Built target slg_msgs__rosidl_typesupport_fastrtps_c__pyext
[ 94%] [32mBuilding CXX object test/CMakeFiles/test_polygon.dir/test_polygon.cpp.o[0m
[ 96%] [32m[1mLinking CXX executable test_polygon[0m
[ 96%] Built target test_polygon
[ 98%] [32mBuilding CXX object test/CMakeFiles/test_point2d.dir/test_point2d.cpp.o[0m
[100%] [32m[1mLinking CXX executable test_point2d[0m
[100%] Built target test_point2d
