[0.064s] Invoking command in '/home/roverj8/LUIS/ARGJ08/ARGOSJ8_IA_/build/slg_msgs': CMAKE_PREFIX_PATH=/opt/ros/humble /usr/bin/cmake /home/roverj8/LUIS/ARGJ08/ARGOSJ8_IA_/src/lidar_process_pkgs/slg_msgs -DCMAKE_INSTALL_PREFIX=/home/roverj8/LUIS/ARGJ08/ARGOSJ8_IA_/install/slg_msgs
[2.475s] -- Found ament_cmake: 1.3.14 (/opt/ros/humble/share/ament_cmake/cmake)
[2.475s] -- Found Python3: /usr/bin/python3 (found version "3.10.12") found components: Interpreter 
[2.475s] -- Found rosidl_default_generators: 1.2.1 (/opt/ros/humble/share/rosidl_default_generators/cmake)
[2.475s] -- Using all available rosidl_typesupport_c: rosidl_typesupport_fastrtps_c;rosidl_typesupport_introspection_c
[2.475s] -- Found rosidl_adapter: 3.1.8 (/opt/ros/humble/share/rosidl_adapter/cmake)
[2.475s] -- Using all available rosidl_typesupport_cpp: rosidl_typesupport_fastrtps_cpp;rosidl_typesupport_introspection_cpp
[2.475s] -- Found std_msgs: 4.9.1 (/opt/ros/humble/share/std_msgs/cmake)
[2.475s] -- Found geometry_msgs: 4.9.1 (/opt/ros/humble/share/geometry_msgs/cmake)
[2.475s] -- Found ament_cmake_ros: 0.10.0 (/opt/ros/humble/share/ament_cmake_ros/cmake)
[2.475s] -- Using all available rosidl_typesupport_c: rosidl_typesupport_fastrtps_c;rosidl_typesupport_introspection_c
[2.475s] -- Using all available rosidl_typesupport_cpp: rosidl_typesupport_fastrtps_cpp;rosidl_typesupport_introspection_cpp
[2.475s] -- Found PythonInterp: /usr/bin/python3 (found suitable version "3.10.12", minimum required is "3.6") 
[2.475s] -- Found python_cmake_module: 0.10.0 (/opt/ros/humble/share/python_cmake_module/cmake)
[2.475s] -- Found PythonLibs: /usr/lib/x86_64-linux-gnu/libpython3.10.so (found suitable version "3.10.12", minimum required is "3.5") 
[2.475s] -- Using PYTHON_EXECUTABLE: /usr/bin/python3
[2.476s] -- Using PYTHON_INCLUDE_DIRS: /usr/include/python3.10
[2.476s] -- Using PYTHON_LIBRARIES: /usr/lib/x86_64-linux-gnu/libpython3.10.so
[2.476s] -- Found PythonExtra: .so  
[2.476s] -- Found ament_lint_auto: 0.12.15 (/opt/ros/humble/share/ament_lint_auto/cmake)
[2.510s] -- Found gtest sources under '/opt/ros/humble/src/gtest_vendor': C++ tests using 'Google Test' will be built
[2.517s] -- Looking for pthread.h
[2.693s] -- Looking for pthread.h - found
[2.694s] -- Performing Test CMAKE_HAVE_LIBC_PTHREAD
[2.933s] -- Performing Test CMAKE_HAVE_LIBC_PTHREAD - Success
[2.933s] -- Found Threads: TRUE  
[2.954s] -- Added test 'cppcheck' to perform static code analysis on C / C++ code
[2.959s] -- Configured cppcheck include dirs: /home/roverj8/LUIS/ARGJ08/ARGOSJ8_IA_/src/lidar_process_pkgs/slg_msgs/include;$<BUILD_INTERFACE:/home/roverj8/LUIS/ARGJ08/ARGOSJ8_IA_/src/lidar_process_pkgs/slg_msgs/include>
[2.959s] -- Configured cppcheck exclude dirs and/or files: 
[2.960s] -- Added test 'cpplint' to check C / C++ code against the Google style
[2.960s] -- Configured cpplint exclude dirs and/or files: 
[2.962s] -- Added test 'lint_cmake' to check CMake code style
[2.966s] -- Added test 'uncrustify' to check C / C++ code style
[2.966s] -- Configured uncrustify additional arguments: 
[2.980s] -- Added test 'xmllint' to check XML markup files
[2.989s] -- Configuring done
[3.212s] -- Generating done
[3.327s] -- Build files have been written to: /home/roverj8/LUIS/ARGJ08/ARGOSJ8_IA_/build/slg_msgs
[3.344s] Invoked command in '/home/roverj8/LUIS/ARGJ08/ARGOSJ8_IA_/build/slg_msgs' returned '0': CMAKE_PREFIX_PATH=/opt/ros/humble /usr/bin/cmake /home/roverj8/LUIS/ARGJ08/ARGOSJ8_IA_/src/lidar_process_pkgs/slg_msgs -DCMAKE_INSTALL_PREFIX=/home/roverj8/LUIS/ARGJ08/ARGOSJ8_IA_/install/slg_msgs
[3.369s] Invoking command in '/home/roverj8/LUIS/ARGJ08/ARGOSJ8_IA_/build/slg_msgs': CMAKE_PREFIX_PATH=/opt/ros/humble /usr/bin/cmake --build /home/roverj8/LUIS/ARGJ08/ARGOSJ8_IA_/build/slg_msgs -- -j24 -l24
[4.125s] [  2%] [34m[1mGenerating C code for ROS interfaces[0m
[4.125s] [  6%] [34m[1mGenerating C++ code for ROS interfaces[0m
[4.125s] [  6%] [34m[1mGenerating Rust code for ROS interfaces[0m
[4.126s] [  8%] [32mBuilding CXX object gtest/CMakeFiles/gtest_main.dir/src/gtest_main.cc.o[0m
[4.126s] [ 10%] [32mBuilding CXX object gtest/CMakeFiles/gtest.dir/src/gtest-all.cc.o[0m
[4.126s] [ 10%] Built target ament_cmake_python_copy_slg_msgs
[5.616s] running egg_info
[5.617s] creating slg_msgs.egg-info
[5.618s] writing slg_msgs.egg-info/PKG-INFO
[5.621s] writing dependency_links to slg_msgs.egg-info/dependency_links.txt
[5.621s] writing top-level names to slg_msgs.egg-info/top_level.txt
[5.652s] writing manifest file 'slg_msgs.egg-info/SOURCES.txt'
[5.678s] reading manifest file 'slg_msgs.egg-info/SOURCES.txt'
[5.684s] writing manifest file 'slg_msgs.egg-info/SOURCES.txt'
[5.934s] [ 10%] Built target ament_cmake_python_build_slg_msgs_egg
[6.428s] [ 10%] Built target slg_msgs__rs
[8.072s] [ 12%] [32mBuilding C object CMakeFiles/slg_msgs__rosidl_generator_c.dir/rosidl_generator_c/slg_msgs/msg/detail/segment__functions.c.o[0m
[8.094s] [ 14%] [32mBuilding C object CMakeFiles/slg_msgs__rosidl_generator_c.dir/rosidl_generator_c/slg_msgs/msg/detail/segment_array__functions.c.o[0m
[8.638s] [ 14%] Built target slg_msgs__cpp
[8.685s] [ 16%] [34m[1mGenerating C++ type support for eProsima Fast-RTPS[0m
[8.724s] [ 18%] [34m[1mGenerating C++ type support dispatch for ROS interfaces[0m
[8.734s] [ 20%] [34m[1mGenerating C++ introspection for ROS interfaces[0m
[8.852s] [ 22%] [32m[1mLinking C shared library libslg_msgs__rosidl_generator_c.so[0m
[8.951s] [ 24%] [32m[1mLinking CXX static library libgtest_main.a[0m
[9.152s] [ 24%] Built target slg_msgs__rosidl_generator_c
[9.227s] [ 24%] Built target gtest_main
[9.250s] [ 26%] [34m[1mGenerating C type support for eProsima Fast-RTPS[0m
[9.266s] [ 28%] [34m[1mGenerating C type support dispatch for ROS interfaces[0m
[9.278s] [ 30%] [34m[1mGenerating C introspection for ROS interfaces[0m
[10.480s] [ 34%] [32mBuilding CXX object CMakeFiles/slg_msgs__rosidl_typesupport_cpp.dir/rosidl_typesupport_cpp/slg_msgs/msg/segment_array__type_support.cpp.o[0m
[10.480s] [ 34%] [32mBuilding CXX object CMakeFiles/slg_msgs__rosidl_typesupport_cpp.dir/rosidl_typesupport_cpp/slg_msgs/msg/segment__type_support.cpp.o[0m
[10.828s] [ 36%] [32mBuilding CXX object CMakeFiles/slg_msgs__rosidl_typesupport_introspection_cpp.dir/rosidl_typesupport_introspection_cpp/slg_msgs/msg/detail/segment_array__type_support.cpp.o[0m
[10.868s] [ 38%] [32mBuilding CXX object CMakeFiles/slg_msgs__rosidl_typesupport_introspection_cpp.dir/rosidl_typesupport_introspection_cpp/slg_msgs/msg/detail/segment__type_support.cpp.o[0m
[11.144s] [ 42%] [32mBuilding CXX object CMakeFiles/slg_msgs__rosidl_typesupport_fastrtps_c.dir/rosidl_typesupport_fastrtps_c/slg_msgs/msg/detail/segment__type_support_c.cpp.o[0m
[11.145s] [ 42%] [32mBuilding CXX object CMakeFiles/slg_msgs__rosidl_typesupport_fastrtps_c.dir/rosidl_typesupport_fastrtps_c/slg_msgs/msg/detail/segment_array__type_support_c.cpp.o[0m
[11.858s] [ 44%] [32mBuilding CXX object CMakeFiles/slg_msgs__rosidl_typesupport_c.dir/rosidl_typesupport_c/slg_msgs/msg/segment__type_support.cpp.o[0m
[11.858s] [ 46%] [32mBuilding CXX object CMakeFiles/slg_msgs__rosidl_typesupport_c.dir/rosidl_typesupport_c/slg_msgs/msg/segment_array__type_support.cpp.o[0m
[12.076s] [ 48%] [32m[1mLinking CXX shared library libslg_msgs__rosidl_typesupport_c.so[0m
[12.456s] [ 50%] [32mBuilding C object CMakeFiles/slg_msgs__rosidl_typesupport_introspection_c.dir/rosidl_typesupport_introspection_c/slg_msgs/msg/detail/segment_array__type_support.c.o[0m
[12.457s] [ 50%] Built target slg_msgs__rosidl_typesupport_c
[12.460s] [ 52%] [32mBuilding C object CMakeFiles/slg_msgs__rosidl_typesupport_introspection_c.dir/rosidl_typesupport_introspection_c/slg_msgs/msg/detail/segment__type_support.c.o[0m
[12.627s] [ 54%] [32m[1mLinking CXX shared library libslg_msgs__rosidl_typesupport_cpp.so[0m
[12.752s] [ 56%] [32mBuilding CXX object CMakeFiles/slg_msgs__rosidl_typesupport_fastrtps_cpp.dir/rosidl_typesupport_fastrtps_cpp/slg_msgs/msg/detail/dds_fastrtps/segment__type_support.cpp.o[0m
[12.778s] [ 58%] [32mBuilding CXX object CMakeFiles/slg_msgs__rosidl_typesupport_fastrtps_cpp.dir/rosidl_typesupport_fastrtps_cpp/slg_msgs/msg/detail/dds_fastrtps/segment_array__type_support.cpp.o[0m
[12.972s] [ 60%] [32m[1mLinking C shared library libslg_msgs__rosidl_typesupport_introspection_c.so[0m
[12.984s] [ 60%] Built target slg_msgs__rosidl_typesupport_cpp
[13.159s] [ 60%] Built target slg_msgs__rosidl_typesupport_introspection_c
[13.504s] [ 62%] [32m[1mLinking CXX shared library libslg_msgs__rosidl_typesupport_introspection_cpp.so[0m
[13.523s] [ 64%] [32m[1mLinking CXX shared library libslg_msgs__rosidl_typesupport_fastrtps_c.so[0m
[14.353s] [ 64%] Built target slg_msgs__rosidl_typesupport_introspection_cpp
[14.654s] [ 64%] Built target slg_msgs__rosidl_typesupport_fastrtps_c
[16.370s] [ 66%] [32m[1mLinking CXX shared library libslg_msgs__rosidl_typesupport_fastrtps_cpp.so[0m
[17.504s] [ 66%] Built target slg_msgs__rosidl_typesupport_fastrtps_cpp
[17.832s] [ 66%] Built target slg_msgs
[17.980s] [ 68%] [34m[1mGenerating Python code for ROS interfaces[0m
[21.690s] [ 68%] Built target slg_msgs__py
[33.251s] [ 70%] [32m[1mLinking CXX static library libgtest.a[0m
[33.327s] [ 70%] Built target gtest
[33.370s] [ 72%] [32mBuilding C object CMakeFiles/slg_msgs__rosidl_generator_py.dir/rosidl_generator_py/slg_msgs/msg/_segment_s.c.o[0m
[33.766s] [ 74%] [32mBuilding C object CMakeFiles/slg_msgs__rosidl_generator_py.dir/rosidl_generator_py/slg_msgs/msg/_segment_array_s.c.o[0m
[34.120s] [ 76%] [32m[1mLinking C shared library rosidl_generator_py/slg_msgs/libslg_msgs__rosidl_generator_py.so[0m
[34.209s] [ 76%] Built target slg_msgs__rosidl_generator_py
[34.250s] [ 78%] [32mBuilding CXX object test/CMakeFiles/test_segment2d.dir/test_segment2d.cpp.o[0m
[39.508s] [ 80%] [32m[1mLinking CXX executable test_segment2d[0m
[39.823s] [ 80%] Built target test_segment2d
[39.861s] [ 82%] [32mBuilding C object CMakeFiles/slg_msgs__rosidl_typesupport_c__pyext.dir/rosidl_generator_py/slg_msgs/_slg_msgs_s.ep.rosidl_typesupport_c.c.o[0m
[40.182s] [ 84%] [32m[1mLinking C shared library rosidl_generator_py/slg_msgs/slg_msgs_s__rosidl_typesupport_c.cpython-310-x86_64-linux-gnu.so[0m
[40.271s] [ 84%] Built target slg_msgs__rosidl_typesupport_c__pyext
[40.306s] [ 86%] [32mBuilding C object CMakeFiles/slg_msgs__rosidl_typesupport_introspection_c__pyext.dir/rosidl_generator_py/slg_msgs/_slg_msgs_s.ep.rosidl_typesupport_introspection_c.c.o[0m
[40.604s] [ 88%] [32m[1mLinking C shared library rosidl_generator_py/slg_msgs/slg_msgs_s__rosidl_typesupport_introspection_c.cpython-310-x86_64-linux-gnu.so[0m
[40.694s] [ 88%] Built target slg_msgs__rosidl_typesupport_introspection_c__pyext
[40.727s] [ 90%] [32mBuilding C object CMakeFiles/slg_msgs__rosidl_typesupport_fastrtps_c__pyext.dir/rosidl_generator_py/slg_msgs/_slg_msgs_s.ep.rosidl_typesupport_fastrtps_c.c.o[0m
[41.017s] [ 92%] [32m[1mLinking C shared library rosidl_generator_py/slg_msgs/slg_msgs_s__rosidl_typesupport_fastrtps_c.cpython-310-x86_64-linux-gnu.so[0m
[41.101s] [ 92%] Built target slg_msgs__rosidl_typesupport_fastrtps_c__pyext
[41.137s] [ 94%] [32mBuilding CXX object test/CMakeFiles/test_polygon.dir/test_polygon.cpp.o[0m
[46.102s] [ 96%] [32m[1mLinking CXX executable test_polygon[0m
[46.229s] [ 96%] Built target test_polygon
[46.252s] [ 98%] [32mBuilding CXX object test/CMakeFiles/test_point2d.dir/test_point2d.cpp.o[0m
[48.724s] [100%] [32m[1mLinking CXX executable test_point2d[0m
[48.854s] [100%] Built target test_point2d
