[0.918s] Invoking command in '/home/roverj8/LUIS/ARGJ08/ARGOSJ8_IA_/src/gui': PYTHONPATH=/home/roverj8/LUIS/ARGJ08/ARGOSJ8_IA_/build/gui/prefix_override:/usr/lib/python3/dist-packages/colcon_core/task/python/colcon_distutils_commands:/home/roverj8/LUIS/ARGJ08/ARGOSJ8_IA_/install/gui/lib/python3.10/site-packages:${PYTHONPATH} /usr/bin/python3 -W ignore:setup.py install is deprecated -W ignore:easy_install command is deprecated setup.py egg_info --egg-base ../../build/gui build --build-base /home/roverj8/LUIS/ARGJ08/ARGOSJ8_IA_/build/gui/build install --record /home/roverj8/LUIS/ARGJ08/ARGOSJ8_IA_/build/gui/install.log --install-scripts $base/lib/gui --single-version-externally-managed install_data
[1.120s] running egg_info
[1.121s] writing ../../build/gui/gui.egg-info/PKG-INFO
[1.121s] writing dependency_links to ../../build/gui/gui.egg-info/dependency_links.txt
[1.121s] writing entry points to ../../build/gui/gui.egg-info/entry_points.txt
[1.122s] writing requirements to ../../build/gui/gui.egg-info/requires.txt
[1.122s] writing top-level names to ../../build/gui/gui.egg-info/top_level.txt
[1.127s] reading manifest file '../../build/gui/gui.egg-info/SOURCES.txt'
[1.128s] writing manifest file '../../build/gui/gui.egg-info/SOURCES.txt'
[1.128s] running build
[1.128s] running build_py
[1.128s] copying gui/app/state_widget.py -> /home/roverj8/LUIS/ARGJ08/ARGOSJ8_IA_/build/gui/build/lib/gui/app
[1.129s] copying gui/app/main_window.py -> /home/roverj8/LUIS/ARGJ08/ARGOSJ8_IA_/build/gui/build/lib/gui/app
[1.129s] copying gui/app/dem_pure_pursuit.py -> /home/roverj8/LUIS/ARGJ08/ARGOSJ8_IA_/build/gui/build/lib/gui/app
[1.130s] copying gui/app/map_bridge.py -> /home/roverj8/LUIS/ARGJ08/ARGOSJ8_IA_/build/gui/build/lib/gui/app
[1.130s] copying gui/app/control_widget.py -> /home/roverj8/LUIS/ARGJ08/ARGOSJ8_IA_/build/gui/build/lib/gui/app
[1.130s] running install
[1.131s] running install_lib
[1.131s] copying /home/roverj8/LUIS/ARGJ08/ARGOSJ8_IA_/build/gui/build/lib/gui/app/state_widget.py -> /home/roverj8/LUIS/ARGJ08/ARGOSJ8_IA_/install/gui/lib/python3.10/site-packages/gui/app
[1.131s] copying /home/roverj8/LUIS/ARGJ08/ARGOSJ8_IA_/build/gui/build/lib/gui/app/main_window.py -> /home/roverj8/LUIS/ARGJ08/ARGOSJ8_IA_/install/gui/lib/python3.10/site-packages/gui/app
[1.132s] copying /home/roverj8/LUIS/ARGJ08/ARGOSJ8_IA_/build/gui/build/lib/gui/app/dem_pure_pursuit.py -> /home/roverj8/LUIS/ARGJ08/ARGOSJ8_IA_/install/gui/lib/python3.10/site-packages/gui/app
[1.132s] copying /home/roverj8/LUIS/ARGJ08/ARGOSJ8_IA_/build/gui/build/lib/gui/app/map_bridge.py -> /home/roverj8/LUIS/ARGJ08/ARGOSJ8_IA_/install/gui/lib/python3.10/site-packages/gui/app
[1.132s] copying /home/roverj8/LUIS/ARGJ08/ARGOSJ8_IA_/build/gui/build/lib/gui/app/control_widget.py -> /home/roverj8/LUIS/ARGJ08/ARGOSJ8_IA_/install/gui/lib/python3.10/site-packages/gui/app
[1.133s] byte-compiling /home/roverj8/LUIS/ARGJ08/ARGOSJ8_IA_/install/gui/lib/python3.10/site-packages/gui/app/state_widget.py to state_widget.cpython-310.pyc
[1.145s] byte-compiling /home/roverj8/LUIS/ARGJ08/ARGOSJ8_IA_/install/gui/lib/python3.10/site-packages/gui/app/main_window.py to main_window.cpython-310.pyc
[1.164s] byte-compiling /home/roverj8/LUIS/ARGJ08/ARGOSJ8_IA_/install/gui/lib/python3.10/site-packages/gui/app/dem_pure_pursuit.py to dem_pure_pursuit.cpython-310.pyc
[1.165s] byte-compiling /home/roverj8/LUIS/ARGJ08/ARGOSJ8_IA_/install/gui/lib/python3.10/site-packages/gui/app/map_bridge.py to map_bridge.cpython-310.pyc
[1.165s] byte-compiling /home/roverj8/LUIS/ARGJ08/ARGOSJ8_IA_/install/gui/lib/python3.10/site-packages/gui/app/control_widget.py to control_widget.cpython-310.pyc
[1.167s] running install_data
[1.168s] copying gui/resources/map.html -> /home/roverj8/LUIS/ARGJ08/ARGOSJ8_IA_/install/gui/share/gui/resources
[1.168s] running install_egg_info
[1.169s] removing '/home/roverj8/LUIS/ARGJ08/ARGOSJ8_IA_/install/gui/lib/python3.10/site-packages/gui-0.1.0-py3.10.egg-info' (and everything under it)
[1.170s] Copying ../../build/gui/gui.egg-info to /home/roverj8/LUIS/ARGJ08/ARGOSJ8_IA_/install/gui/lib/python3.10/site-packages/gui-0.1.0-py3.10.egg-info
[1.170s] running install_scripts
[1.188s] Installing gui script to /home/roverj8/LUIS/ARGJ08/ARGOSJ8_IA_/install/gui/lib/gui
[1.189s] writing list of installed files to '/home/roverj8/LUIS/ARGJ08/ARGOSJ8_IA_/build/gui/install.log'
[1.209s] Invoked command in '/home/roverj8/LUIS/ARGJ08/ARGOSJ8_IA_/src/gui' returned '0': PYTHONPATH=/home/roverj8/LUIS/ARGJ08/ARGOSJ8_IA_/build/gui/prefix_override:/usr/lib/python3/dist-packages/colcon_core/task/python/colcon_distutils_commands:/home/roverj8/LUIS/ARGJ08/ARGOSJ8_IA_/install/gui/lib/python3.10/site-packages:${PYTHONPATH} /usr/bin/python3 -W ignore:setup.py install is deprecated -W ignore:easy_install command is deprecated setup.py egg_info --egg-base ../../build/gui build --build-base /home/roverj8/LUIS/ARGJ08/ARGOSJ8_IA_/build/gui/build install --record /home/roverj8/LUIS/ARGJ08/ARGOSJ8_IA_/build/gui/install.log --install-scripts $base/lib/gui --single-version-externally-managed install_data
