[0.016s] Invoking command in '/home/rhobtor/PHD/j8_control/J8_control/build/j8_xacro_model': AMENT_PREFIX_PATH=/home/rhobtor/PHD/j8_control/J8_control/install/argj801_ctl_platform:/home/rhobtor/PHD/j8_control/J8_control/install/argj801_ctl_platform_interfaces:${AMENT_PREFIX_PATH} CMAKE_PREFIX_PATH=/home/rhobtor/PHD/j8_control/J8_control/install/argj801_ctl_platform:/home/rhobtor/PHD/j8_control/J8_control/install/argj801_ctl_platform_interfaces:/home/rhobtor/PHD/ARGOSJ8_IA/ARGOSJ8_IA_/install/wiimote_msgs:/home/rhobtor/PHD/ARGOSJ8_IA/ARGOSJ8_IA_/install/ublox:/home/rhobtor/PHD/ARGOSJ8_IA/ARGOSJ8_IA_/install/ublox_gps:/home/rhobtor/PHD/ARGOSJ8_IA/ARGOSJ8_IA_/install/security_check:/home/rhobtor/PHD/ARGOSJ8_IA/ARGOSJ8_IA_/install/ctl_mission:/home/rhobtor/PHD/ARGOSJ8_IA/ARGOSJ8_IA_/install/ublox_msgs:/home/rhobtor/PHD/ARGOSJ8_IA/ARGOSJ8_IA_/install/ublox_serialization:/home/rhobtor/PHD/ARGOSJ8_IA/ARGOSJ8_IA_/install/spacenav:/home/rhobtor/PHD/ARGOSJ8_IA/ARGOSJ8_IA_/install/laser_segmentation:/home/rhobtor/PHD/ARGOSJ8_IA/ARGOSJ8_IA_/install/slg_msgs:/home/rhobtor/PHD/ARGOSJ8_IA/ARGOSJ8_IA_/install/security_check_interfaces:/home/rhobtor/PHD/ARGOSJ8_IA/ARGOSJ8_IA_/install/joy:/home/rhobtor/PHD/ARGOSJ8_IA/ARGOSJ8_IA_/install/sdl2_vendor:/home/rhobtor/PHD/ARGOSJ8_IA/ARGOSJ8_IA_/install/path_manager:/home/rhobtor/PHD/ARGOSJ8_IA/ARGOSJ8_IA_/install/path_manager_interfaces:/home/rhobtor/PHD/ARGOSJ8_IA/ARGOSJ8_IA_/install/joy_linux:/home/rhobtor/PHD/ARGOSJ8_IA/ARGOSJ8_IA_/install/j8_xacro_model:/home/rhobtor/PHD/ARGOSJ8_IA/ARGOSJ8_IA_/install/hikmicro_thermal_camera:/home/rhobtor/PHD/ARGOSJ8_IA/ARGOSJ8_IA_/install/hector_gazebo_plugins:/home/rhobtor/PHD/ARGOSJ8_IA/ARGOSJ8_IA_/install/fixposition_sensor_pkg:/home/rhobtor/PHD/ARGOSJ8_IA/ARGOSJ8_IA_/install/fixposition_odometry_converter_ros2:/home/rhobtor/PHD/ARGOSJ8_IA/ARGOSJ8_IA_/install/fixposition_driver_ros2:/home/rhobtor/PHD/ARGOSJ8_IA/ARGOSJ8_IA_/install/fixposition_driver_lib:/home/rhobtor/PHD/ARGOSJ8_IA/ARGOSJ8_IA_/install/fixposition_gnss_tf:/home/rhobtor/PHD/ARGOSJ8_IA/ARGOSJ8_IA_/install/ctl_mission_interfaces:/home/rhobtor/PHD/ARGOSJ8_IA/ARGOSJ8_IA_/install/car_cpp:/home/rhobtor/PHD/ARGOSJ8_IA/ARGOSJ8_IA_/install/car_interfaces:/home/rhobtor/PHD/ARGOSJ8_IA/ARGOSJ8_IA_/install/argj801_setup:/home/rhobtor/PHD/ARGOSJ8_IA/ARGOSJ8_IA_/install/argj801_sensors:/home/rhobtor/PHD/ARGOSJ8_IA/ARGOSJ8_IA_/install/argj801_sensors_msgs:/home/rhobtor/PHD/ARGOSJ8_IA/ARGOSJ8_IA_/install/argj801_ctl_platform:/home/rhobtor/PHD/ARGOSJ8_IA/ARGOSJ8_IA_/install/argj801_ctl_platform_interfaces:/home/rhobtor/PHD/model_terrain_ugv/Model_terrain_ugv/install/model_terrain_cpp:/home/rhobtor/PHD/path_dem/install_navigation/path_dem:/home/rhobtor/PHD/path_dem/install/path_dem:/home/rhobtor/PHD/install_global_belief_final/path_dem:/home/rhobtor/PHD/ARGOSJ8_IA/ARGOSJ8_IA_/install/car:/home/rhobtor/PHD/ARGOSJ8_IA/ARGOSJ8_IA_/install/ntrip_client:/home/rhobtor/PHD/ARGOSJ8_IA/ARGOSJ8_IA_/install/j8_gui:/home/rhobtor/PHD/ARGOSJ8_IA/ARGOSJ8_IA_/install/gui:/home/rhobtor/PHD/ARGOSJ8_IA/ARGOSJ8_IA_/install/android_ros2_server:/home/rhobtor/PHD/ARGOSJ8_IA/ARGOSJ8_IA_/install/GUI_pkg:/home/rhobtor/PHD/model_terrain_ugv/Model_terrain_ugv/install/model_terrain:/opt/ros/humble LD_LIBRARY_PATH=/home/rhobtor/PHD/j8_control/J8_control/install/argj801_ctl_platform_interfaces/lib:${LD_LIBRARY_PATH} PYTHONPATH=/home/rhobtor/PHD/j8_control/J8_control/install/argj801_ctl_platform_interfaces/local/lib/python3.10/dist-packages:${PYTHONPATH} /usr/bin/cmake /home/rhobtor/PHD/j8_control/J8_control/src/gazebo_sim_pkgs/j8_xacro_model -DCMAKE_INSTALL_PREFIX=/home/rhobtor/PHD/j8_control/J8_control/install/j8_xacro_model
[0.076s] -- The C compiler identification is GNU 11.4.0
[0.121s] -- The CXX compiler identification is GNU 11.4.0
[0.127s] -- Detecting C compiler ABI info
[0.191s] -- Detecting C compiler ABI info - done
[0.195s] -- Check for working C compiler: /usr/bin/cc - skipped
[0.195s] -- Detecting C compile features
[0.196s] -- Detecting C compile features - done
[0.197s] -- Detecting CXX compiler ABI info
[0.258s] -- Detecting CXX compiler ABI info - done
[0.265s] -- Check for working CXX compiler: /usr/bin/c++ - skipped
[0.265s] -- Detecting CXX compile features
[0.265s] -- Detecting CXX compile features - done
[0.268s] -- Found ament_cmake: 1.3.14 (/opt/ros/humble/share/ament_cmake/cmake)
[0.630s] -- Found Python3: /usr/bin/python3 (found version "3.10.12") found components: Interpreter 
[0.744s] -- Found gazebo_dev: 3.9.0 (/opt/ros/humble/share/gazebo_dev/cmake)
[0.751s] -- Found PkgConfig: /usr/bin/pkg-config (found version "0.29.2") 
[0.754s] -- Checking for module 'bullet>=2.82'
[0.766s] --   Found bullet, version 3.05
[0.887s] -- Found fcl: /usr/include (found suitable version "0.7.0", minimum required is "0.5.0") 
[0.948s] -- Found assimp: /usr/include (found version "5.2.0") 
[0.985s] -- Found DART: /usr/include (Required is at least version "6.6") found components: dart 
[1.170s] -- Found Boost: /usr/lib/x86_64-linux-gnu/cmake/Boost-1.74.0/BoostConfig.cmake (found suitable version "1.74.0", minimum required is "1.40.0") found components: thread system filesystem program_options regex iostreams date_time 
[1.193s] -- Found Protobuf: /usr/lib/x86_64-linux-gnu/libprotobuf.so (found version "3.12.4") 
[1.203s] -- Looking for ignition-math6 -- found version 6.17.0
[1.210s] -- Searching for dependencies of ignition-math6
[1.211s] -- Looking for OGRE...
[1.211s] -- OGRE_PREFIX_WATCH changed.
[1.216s] -- Checking for module 'OGRE'
[1.227s] --   Found OGRE, version 1.9.0
[1.259s] -- Found Ogre Ghadamon (1.9.0)
[1.270s] -- Found OGRE: optimized;/usr/lib/x86_64-linux-gnu/libOgreMain.so;debug;/usr/lib/x86_64-linux-gnu/libOgreMain.so
[1.277s] -- Looking for OGRE_Paging...
[1.285s] -- Found OGRE_Paging: optimized;/usr/lib/x86_64-linux-gnu/libOgrePaging.so;debug;/usr/lib/x86_64-linux-gnu/libOgrePaging.so
[1.286s] -- Looking for OGRE_Terrain...
[1.292s] -- Found OGRE_Terrain: optimized;/usr/lib/x86_64-linux-gnu/libOgreTerrain.so;debug;/usr/lib/x86_64-linux-gnu/libOgreTerrain.so
[1.292s] -- Looking for OGRE_Property...
[1.298s] -- Found OGRE_Property: optimized;/usr/lib/x86_64-linux-gnu/libOgreProperty.so;debug;/usr/lib/x86_64-linux-gnu/libOgreProperty.so
[1.298s] -- Looking for OGRE_RTShaderSystem...
[1.305s] -- Found OGRE_RTShaderSystem: optimized;/usr/lib/x86_64-linux-gnu/libOgreRTShaderSystem.so;debug;/usr/lib/x86_64-linux-gnu/libOgreRTShaderSystem.so
[1.305s] -- Looking for OGRE_Volume...
[1.313s] -- Found OGRE_Volume: optimized;/usr/lib/x86_64-linux-gnu/libOgreVolume.so;debug;/usr/lib/x86_64-linux-gnu/libOgreVolume.so
[1.313s] -- Looking for OGRE_Overlay...
[1.321s] -- Found OGRE_Overlay: optimized;/usr/lib/x86_64-linux-gnu/libOgreOverlay.so;debug;/usr/lib/x86_64-linux-gnu/libOgreOverlay.so
[1.477s] -- Looking for ignition-math6 -- found version 6.17.0
[1.480s] -- Looking for ignition-transport8 -- found version 8.2.1
[1.481s] -- Searching for dependencies of ignition-transport8
[1.495s] -- Found Protobuf: /usr/lib/x86_64-linux-gnu/libprotobuf.so (found suitable version "3.12.4", minimum required is "3") 
[1.504s] -- Config-file not installed for ZeroMQ -- checking for pkg-config
[1.508s] -- Checking for module 'libzmq >= 4'
[1.522s] --   Found libzmq , version 4.3.4
[1.556s] -- Found ZeroMQ: TRUE (Required is at least version "4") 
[1.561s] -- Checking for module 'uuid'
[1.573s] --   Found uuid, version 2.37.2
[1.608s] -- Found UUID: TRUE  
[1.614s] -- Looking for ignition-msgs5 -- found version 5.8.1
[1.614s] -- Searching for dependencies of ignition-msgs5
[1.638s] -- Looking for ignition-math6 -- found version 6.17.0
[1.643s] -- Checking for module 'tinyxml2'
[1.664s] --   Found tinyxml2, version 9.0.0
[1.697s] -- Looking for ignition-msgs5 -- found version 5.8.1
[1.702s] -- Looking for ignition-common3 -- found version 3.14.0
[1.702s] -- Searching for dependencies of ignition-common3
[1.703s] -- Looking for dlfcn.h - found
[1.704s] -- Looking for libdl - found
[1.705s] -- Found DL: TRUE  
[1.724s] -- Found tinyobjloader: /usr/lib/x86_64-linux-gnu/cmake/tinyobjloader/tinyobjloader-config.cmake (found version "2.0.0") 
[1.724s] -- Searching for <ignition-common3> component [graphics]
[1.731s] -- Looking for ignition-common3-graphics -- found version 3.14.0
[1.731s] -- Searching for dependencies of ignition-common3-graphics
[1.731s] -- Looking for ignition-math6 -- found version 6.17.0
[1.738s] -- Looking for ignition-fuel_tools4 -- found version 4.4.0
[1.739s] -- Searching for dependencies of ignition-fuel_tools4
[1.831s] -- Found CURL: /usr/lib/x86_64-linux-gnu/libcurl.so (found version "7.81.0")  
[1.843s] -- Checking for module 'jsoncpp'
[1.856s] --   Found jsoncpp, version 1.9.5
[1.887s] -- Found JSONCPP: TRUE  
[1.895s] -- Checking for module 'libzip'
[1.908s] --   Found libzip, version 1.7.3
[1.938s] -- Found ZIP: TRUE  
[1.938s] -- Looking for ignition-common3 -- found version 3.14.0
[1.938s] -- Looking for ignition-math6 -- found version 6.17.0
[1.939s] -- Looking for ignition-msgs5 -- found version 5.8.1
[1.945s] -- Gazebo version: 11.10
[1.946s] -- Checking for module 'tbb'
[1.960s] --   Found tbb, version 2021.5.0
[1.991s] -- Found gazebo_ros: 3.9.0 (/opt/ros/humble/share/gazebo_ros/cmake)
[2.046s] -- Found rosidl_generator_c: 3.1.9 (/opt/ros/humble/share/rosidl_generator_c/cmake)
[2.052s] -- Found rosidl_adapter: 3.1.9 (/opt/ros/humble/share/rosidl_adapter/cmake)
[2.062s] -- Found rosidl_generator_cpp: 3.1.9 (/opt/ros/humble/share/rosidl_generator_cpp/cmake)
[2.075s] -- Using all available rosidl_typesupport_c: rosidl_typesupport_fastrtps_c;rosidl_typesupport_introspection_c
[2.093s] -- Using all available rosidl_typesupport_cpp: rosidl_typesupport_fastrtps_cpp;rosidl_typesupport_introspection_cpp
[2.148s] -- Found rmw_implementation_cmake: 6.1.3 (/opt/ros/humble/share/rmw_implementation_cmake/cmake)
[2.153s] -- Found rmw_fastrtps_cpp: 6.2.10 (/opt/ros/humble/share/rmw_fastrtps_cpp/cmake)
[2.251s] -- Found OpenSSL: /usr/lib/x86_64-linux-gnu/libcrypto.so (found version "3.0.2")  
[2.274s] -- Found FastRTPS: /opt/ros/humble/include  
[2.323s] -- Using RMW implementation 'rmw_fastrtps_cpp' as default
[2.340s] -- Found Threads: TRUE  
[2.395s] -- Found geometry_msgs: 4.9.2 (/opt/ros/humble/share/geometry_msgs/cmake)
[2.406s] -- Found nav_msgs: 4.9.2 (/opt/ros/humble/share/nav_msgs/cmake)
[2.423s] -- Found tf2: 0.25.22 (/opt/ros/humble/share/tf2/cmake)
[2.438s] -- Found tf2_geometry_msgs: 0.25.22 (/opt/ros/humble/share/tf2_geometry_msgs/cmake)
[2.449s] -- Found eigen3_cmake_module: 0.1.1 (/opt/ros/humble/share/eigen3_cmake_module/cmake)
[2.450s] -- Found Eigen3: TRUE (found version "3.4.0") 
[2.450s] -- Ensuring Eigen3 include directory is part of orocos-kdl CMake target
[2.536s] -- Found sensor_msgs: 4.9.2 (/opt/ros/humble/share/sensor_msgs/cmake)
[2.546s] -- Found argj801_ctl_platform_interfaces: 0.0.0 (/home/rhobtor/PHD/j8_control/J8_control/install/argj801_ctl_platform_interfaces/share/argj801_ctl_platform_interfaces/cmake)
[2.570s] -- Found ament_lint_auto: 0.12.15 (/opt/ros/humble/share/ament_lint_auto/cmake)
[2.658s] -- Added test 'cppcheck' to perform static code analysis on C / C++ code
[2.658s] -- Configured cppcheck include dirs: /home/rhobtor/PHD/j8_control/J8_control/src/gazebo_sim_pkgs/j8_xacro_model/include;$<BUILD_INTERFACE:/home/rhobtor/PHD/j8_control/J8_control/src/gazebo_sim_pkgs/j8_xacro_model/include>
[2.658s] -- Configured cppcheck exclude dirs and/or files: 
[2.659s] -- Added test 'flake8' to check Python code syntax and style conventions
[2.661s] -- Added test 'lint_cmake' to check CMake code style
[2.663s] -- Added test 'pep257' to check Python code against some of the docstring style conventions in PEP 257
[2.666s] -- Added test 'uncrustify' to check C / C++ code style
[2.666s] -- Configured uncrustify additional arguments: 
[2.667s] -- Added test 'xmllint' to check XML markup files
[2.669s] -- Configuring done
[2.690s] -- Generating done
[2.695s] -- Build files have been written to: /home/rhobtor/PHD/j8_control/J8_control/build/j8_xacro_model
[2.710s] Invoked command in '/home/rhobtor/PHD/j8_control/J8_control/build/j8_xacro_model' returned '0': AMENT_PREFIX_PATH=/home/rhobtor/PHD/j8_control/J8_control/install/argj801_ctl_platform:/home/rhobtor/PHD/j8_control/J8_control/install/argj801_ctl_platform_interfaces:${AMENT_PREFIX_PATH} CMAKE_PREFIX_PATH=/home/rhobtor/PHD/j8_control/J8_control/install/argj801_ctl_platform:/home/rhobtor/PHD/j8_control/J8_control/install/argj801_ctl_platform_interfaces:/home/rhobtor/PHD/ARGOSJ8_IA/ARGOSJ8_IA_/install/wiimote_msgs:/home/rhobtor/PHD/ARGOSJ8_IA/ARGOSJ8_IA_/install/ublox:/home/rhobtor/PHD/ARGOSJ8_IA/ARGOSJ8_IA_/install/ublox_gps:/home/rhobtor/PHD/ARGOSJ8_IA/ARGOSJ8_IA_/install/security_check:/home/rhobtor/PHD/ARGOSJ8_IA/ARGOSJ8_IA_/install/ctl_mission:/home/rhobtor/PHD/ARGOSJ8_IA/ARGOSJ8_IA_/install/ublox_msgs:/home/rhobtor/PHD/ARGOSJ8_IA/ARGOSJ8_IA_/install/ublox_serialization:/home/rhobtor/PHD/ARGOSJ8_IA/ARGOSJ8_IA_/install/spacenav:/home/rhobtor/PHD/ARGOSJ8_IA/ARGOSJ8_IA_/install/laser_segmentation:/home/rhobtor/PHD/ARGOSJ8_IA/ARGOSJ8_IA_/install/slg_msgs:/home/rhobtor/PHD/ARGOSJ8_IA/ARGOSJ8_IA_/install/security_check_interfaces:/home/rhobtor/PHD/ARGOSJ8_IA/ARGOSJ8_IA_/install/joy:/home/rhobtor/PHD/ARGOSJ8_IA/ARGOSJ8_IA_/install/sdl2_vendor:/home/rhobtor/PHD/ARGOSJ8_IA/ARGOSJ8_IA_/install/path_manager:/home/rhobtor/PHD/ARGOSJ8_IA/ARGOSJ8_IA_/install/path_manager_interfaces:/home/rhobtor/PHD/ARGOSJ8_IA/ARGOSJ8_IA_/install/joy_linux:/home/rhobtor/PHD/ARGOSJ8_IA/ARGOSJ8_IA_/install/j8_xacro_model:/home/rhobtor/PHD/ARGOSJ8_IA/ARGOSJ8_IA_/install/hikmicro_thermal_camera:/home/rhobtor/PHD/ARGOSJ8_IA/ARGOSJ8_IA_/install/hector_gazebo_plugins:/home/rhobtor/PHD/ARGOSJ8_IA/ARGOSJ8_IA_/install/fixposition_sensor_pkg:/home/rhobtor/PHD/ARGOSJ8_IA/ARGOSJ8_IA_/install/fixposition_odometry_converter_ros2:/home/rhobtor/PHD/ARGOSJ8_IA/ARGOSJ8_IA_/install/fixposition_driver_ros2:/home/rhobtor/PHD/ARGOSJ8_IA/ARGOSJ8_IA_/install/fixposition_driver_lib:/home/rhobtor/PHD/ARGOSJ8_IA/ARGOSJ8_IA_/install/fixposition_gnss_tf:/home/rhobtor/PHD/ARGOSJ8_IA/ARGOSJ8_IA_/install/ctl_mission_interfaces:/home/rhobtor/PHD/ARGOSJ8_IA/ARGOSJ8_IA_/install/car_cpp:/home/rhobtor/PHD/ARGOSJ8_IA/ARGOSJ8_IA_/install/car_interfaces:/home/rhobtor/PHD/ARGOSJ8_IA/ARGOSJ8_IA_/install/argj801_setup:/home/rhobtor/PHD/ARGOSJ8_IA/ARGOSJ8_IA_/install/argj801_sensors:/home/rhobtor/PHD/ARGOSJ8_IA/ARGOSJ8_IA_/install/argj801_sensors_msgs:/home/rhobtor/PHD/ARGOSJ8_IA/ARGOSJ8_IA_/install/argj801_ctl_platform:/home/rhobtor/PHD/ARGOSJ8_IA/ARGOSJ8_IA_/install/argj801_ctl_platform_interfaces:/home/rhobtor/PHD/model_terrain_ugv/Model_terrain_ugv/install/model_terrain_cpp:/home/rhobtor/PHD/path_dem/install_navigation/path_dem:/home/rhobtor/PHD/path_dem/install/path_dem:/home/rhobtor/PHD/install_global_belief_final/path_dem:/home/rhobtor/PHD/ARGOSJ8_IA/ARGOSJ8_IA_/install/car:/home/rhobtor/PHD/ARGOSJ8_IA/ARGOSJ8_IA_/install/ntrip_client:/home/rhobtor/PHD/ARGOSJ8_IA/ARGOSJ8_IA_/install/j8_gui:/home/rhobtor/PHD/ARGOSJ8_IA/ARGOSJ8_IA_/install/gui:/home/rhobtor/PHD/ARGOSJ8_IA/ARGOSJ8_IA_/install/android_ros2_server:/home/rhobtor/PHD/ARGOSJ8_IA/ARGOSJ8_IA_/install/GUI_pkg:/home/rhobtor/PHD/model_terrain_ugv/Model_terrain_ugv/install/model_terrain:/opt/ros/humble LD_LIBRARY_PATH=/home/rhobtor/PHD/j8_control/J8_control/install/argj801_ctl_platform_interfaces/lib:${LD_LIBRARY_PATH} PYTHONPATH=/home/rhobtor/PHD/j8_control/J8_control/install/argj801_ctl_platform_interfaces/local/lib/python3.10/dist-packages:${PYTHONPATH} /usr/bin/cmake /home/rhobtor/PHD/j8_control/J8_control/src/gazebo_sim_pkgs/j8_xacro_model -DCMAKE_INSTALL_PREFIX=/home/rhobtor/PHD/j8_control/J8_control/install/j8_xacro_model
[2.712s] Invoking command in '/home/rhobtor/PHD/j8_control/J8_control/build/j8_xacro_model': AMENT_PREFIX_PATH=/home/rhobtor/PHD/j8_control/J8_control/install/argj801_ctl_platform:/home/rhobtor/PHD/j8_control/J8_control/install/argj801_ctl_platform_interfaces:${AMENT_PREFIX_PATH} CMAKE_PREFIX_PATH=/home/rhobtor/PHD/j8_control/J8_control/install/argj801_ctl_platform:/home/rhobtor/PHD/j8_control/J8_control/install/argj801_ctl_platform_interfaces:/home/rhobtor/PHD/ARGOSJ8_IA/ARGOSJ8_IA_/install/wiimote_msgs:/home/rhobtor/PHD/ARGOSJ8_IA/ARGOSJ8_IA_/install/ublox:/home/rhobtor/PHD/ARGOSJ8_IA/ARGOSJ8_IA_/install/ublox_gps:/home/rhobtor/PHD/ARGOSJ8_IA/ARGOSJ8_IA_/install/security_check:/home/rhobtor/PHD/ARGOSJ8_IA/ARGOSJ8_IA_/install/ctl_mission:/home/rhobtor/PHD/ARGOSJ8_IA/ARGOSJ8_IA_/install/ublox_msgs:/home/rhobtor/PHD/ARGOSJ8_IA/ARGOSJ8_IA_/install/ublox_serialization:/home/rhobtor/PHD/ARGOSJ8_IA/ARGOSJ8_IA_/install/spacenav:/home/rhobtor/PHD/ARGOSJ8_IA/ARGOSJ8_IA_/install/laser_segmentation:/home/rhobtor/PHD/ARGOSJ8_IA/ARGOSJ8_IA_/install/slg_msgs:/home/rhobtor/PHD/ARGOSJ8_IA/ARGOSJ8_IA_/install/security_check_interfaces:/home/rhobtor/PHD/ARGOSJ8_IA/ARGOSJ8_IA_/install/joy:/home/rhobtor/PHD/ARGOSJ8_IA/ARGOSJ8_IA_/install/sdl2_vendor:/home/rhobtor/PHD/ARGOSJ8_IA/ARGOSJ8_IA_/install/path_manager:/home/rhobtor/PHD/ARGOSJ8_IA/ARGOSJ8_IA_/install/path_manager_interfaces:/home/rhobtor/PHD/ARGOSJ8_IA/ARGOSJ8_IA_/install/joy_linux:/home/rhobtor/PHD/ARGOSJ8_IA/ARGOSJ8_IA_/install/j8_xacro_model:/home/rhobtor/PHD/ARGOSJ8_IA/ARGOSJ8_IA_/install/hikmicro_thermal_camera:/home/rhobtor/PHD/ARGOSJ8_IA/ARGOSJ8_IA_/install/hector_gazebo_plugins:/home/rhobtor/PHD/ARGOSJ8_IA/ARGOSJ8_IA_/install/fixposition_sensor_pkg:/home/rhobtor/PHD/ARGOSJ8_IA/ARGOSJ8_IA_/install/fixposition_odometry_converter_ros2:/home/rhobtor/PHD/ARGOSJ8_IA/ARGOSJ8_IA_/install/fixposition_driver_ros2:/home/rhobtor/PHD/ARGOSJ8_IA/ARGOSJ8_IA_/install/fixposition_driver_lib:/home/rhobtor/PHD/ARGOSJ8_IA/ARGOSJ8_IA_/install/fixposition_gnss_tf:/home/rhobtor/PHD/ARGOSJ8_IA/ARGOSJ8_IA_/install/ctl_mission_interfaces:/home/rhobtor/PHD/ARGOSJ8_IA/ARGOSJ8_IA_/install/car_cpp:/home/rhobtor/PHD/ARGOSJ8_IA/ARGOSJ8_IA_/install/car_interfaces:/home/rhobtor/PHD/ARGOSJ8_IA/ARGOSJ8_IA_/install/argj801_setup:/home/rhobtor/PHD/ARGOSJ8_IA/ARGOSJ8_IA_/install/argj801_sensors:/home/rhobtor/PHD/ARGOSJ8_IA/ARGOSJ8_IA_/install/argj801_sensors_msgs:/home/rhobtor/PHD/ARGOSJ8_IA/ARGOSJ8_IA_/install/argj801_ctl_platform:/home/rhobtor/PHD/ARGOSJ8_IA/ARGOSJ8_IA_/install/argj801_ctl_platform_interfaces:/home/rhobtor/PHD/model_terrain_ugv/Model_terrain_ugv/install/model_terrain_cpp:/home/rhobtor/PHD/path_dem/install_navigation/path_dem:/home/rhobtor/PHD/path_dem/install/path_dem:/home/rhobtor/PHD/install_global_belief_final/path_dem:/home/rhobtor/PHD/ARGOSJ8_IA/ARGOSJ8_IA_/install/car:/home/rhobtor/PHD/ARGOSJ8_IA/ARGOSJ8_IA_/install/ntrip_client:/home/rhobtor/PHD/ARGOSJ8_IA/ARGOSJ8_IA_/install/j8_gui:/home/rhobtor/PHD/ARGOSJ8_IA/ARGOSJ8_IA_/install/gui:/home/rhobtor/PHD/ARGOSJ8_IA/ARGOSJ8_IA_/install/android_ros2_server:/home/rhobtor/PHD/ARGOSJ8_IA/ARGOSJ8_IA_/install/GUI_pkg:/home/rhobtor/PHD/model_terrain_ugv/Model_terrain_ugv/install/model_terrain:/opt/ros/humble LD_LIBRARY_PATH=/home/rhobtor/PHD/j8_control/J8_control/install/argj801_ctl_platform_interfaces/lib:${LD_LIBRARY_PATH} PYTHONPATH=/home/rhobtor/PHD/j8_control/J8_control/install/argj801_ctl_platform_interfaces/local/lib/python3.10/dist-packages:${PYTHONPATH} /usr/bin/cmake --build /home/rhobtor/PHD/j8_control/J8_control/build/j8_xacro_model -- -j20 -l20
[2.764s] [ 50%] [32mBuilding CXX object CMakeFiles/gazebo_ros_j8_wheels_plugin.dir/src/gazebo_ros_j8_wheels_speed.cpp.o[0m
[16.595s] [100%] [32m[1mLinking CXX shared library libgazebo_ros_j8_wheels_plugin.so[0m
[17.414s] [100%] Built target gazebo_ros_j8_wheels_plugin
[17.425s] Invoked command in '/home/rhobtor/PHD/j8_control/J8_control/build/j8_xacro_model' returned '0': AMENT_PREFIX_PATH=/home/rhobtor/PHD/j8_control/J8_control/install/argj801_ctl_platform:/home/rhobtor/PHD/j8_control/J8_control/install/argj801_ctl_platform_interfaces:${AMENT_PREFIX_PATH} CMAKE_PREFIX_PATH=/home/rhobtor/PHD/j8_control/J8_control/install/argj801_ctl_platform:/home/rhobtor/PHD/j8_control/J8_control/install/argj801_ctl_platform_interfaces:/home/rhobtor/PHD/ARGOSJ8_IA/ARGOSJ8_IA_/install/wiimote_msgs:/home/rhobtor/PHD/ARGOSJ8_IA/ARGOSJ8_IA_/install/ublox:/home/rhobtor/PHD/ARGOSJ8_IA/ARGOSJ8_IA_/install/ublox_gps:/home/rhobtor/PHD/ARGOSJ8_IA/ARGOSJ8_IA_/install/security_check:/home/rhobtor/PHD/ARGOSJ8_IA/ARGOSJ8_IA_/install/ctl_mission:/home/rhobtor/PHD/ARGOSJ8_IA/ARGOSJ8_IA_/install/ublox_msgs:/home/rhobtor/PHD/ARGOSJ8_IA/ARGOSJ8_IA_/install/ublox_serialization:/home/rhobtor/PHD/ARGOSJ8_IA/ARGOSJ8_IA_/install/spacenav:/home/rhobtor/PHD/ARGOSJ8_IA/ARGOSJ8_IA_/install/laser_segmentation:/home/rhobtor/PHD/ARGOSJ8_IA/ARGOSJ8_IA_/install/slg_msgs:/home/rhobtor/PHD/ARGOSJ8_IA/ARGOSJ8_IA_/install/security_check_interfaces:/home/rhobtor/PHD/ARGOSJ8_IA/ARGOSJ8_IA_/install/joy:/home/rhobtor/PHD/ARGOSJ8_IA/ARGOSJ8_IA_/install/sdl2_vendor:/home/rhobtor/PHD/ARGOSJ8_IA/ARGOSJ8_IA_/install/path_manager:/home/rhobtor/PHD/ARGOSJ8_IA/ARGOSJ8_IA_/install/path_manager_interfaces:/home/rhobtor/PHD/ARGOSJ8_IA/ARGOSJ8_IA_/install/joy_linux:/home/rhobtor/PHD/ARGOSJ8_IA/ARGOSJ8_IA_/install/j8_xacro_model:/home/rhobtor/PHD/ARGOSJ8_IA/ARGOSJ8_IA_/install/hikmicro_thermal_camera:/home/rhobtor/PHD/ARGOSJ8_IA/ARGOSJ8_IA_/install/hector_gazebo_plugins:/home/rhobtor/PHD/ARGOSJ8_IA/ARGOSJ8_IA_/install/fixposition_sensor_pkg:/home/rhobtor/PHD/ARGOSJ8_IA/ARGOSJ8_IA_/install/fixposition_odometry_converter_ros2:/home/rhobtor/PHD/ARGOSJ8_IA/ARGOSJ8_IA_/install/fixposition_driver_ros2:/home/rhobtor/PHD/ARGOSJ8_IA/ARGOSJ8_IA_/install/fixposition_driver_lib:/home/rhobtor/PHD/ARGOSJ8_IA/ARGOSJ8_IA_/install/fixposition_gnss_tf:/home/rhobtor/PHD/ARGOSJ8_IA/ARGOSJ8_IA_/install/ctl_mission_interfaces:/home/rhobtor/PHD/ARGOSJ8_IA/ARGOSJ8_IA_/install/car_cpp:/home/rhobtor/PHD/ARGOSJ8_IA/ARGOSJ8_IA_/install/car_interfaces:/home/rhobtor/PHD/ARGOSJ8_IA/ARGOSJ8_IA_/install/argj801_setup:/home/rhobtor/PHD/ARGOSJ8_IA/ARGOSJ8_IA_/install/argj801_sensors:/home/rhobtor/PHD/ARGOSJ8_IA/ARGOSJ8_IA_/install/argj801_sensors_msgs:/home/rhobtor/PHD/ARGOSJ8_IA/ARGOSJ8_IA_/install/argj801_ctl_platform:/home/rhobtor/PHD/ARGOSJ8_IA/ARGOSJ8_IA_/install/argj801_ctl_platform_interfaces:/home/rhobtor/PHD/model_terrain_ugv/Model_terrain_ugv/install/model_terrain_cpp:/home/rhobtor/PHD/path_dem/install_navigation/path_dem:/home/rhobtor/PHD/path_dem/install/path_dem:/home/rhobtor/PHD/install_global_belief_final/path_dem:/home/rhobtor/PHD/ARGOSJ8_IA/ARGOSJ8_IA_/install/car:/home/rhobtor/PHD/ARGOSJ8_IA/ARGOSJ8_IA_/install/ntrip_client:/home/rhobtor/PHD/ARGOSJ8_IA/ARGOSJ8_IA_/install/j8_gui:/home/rhobtor/PHD/ARGOSJ8_IA/ARGOSJ8_IA_/install/gui:/home/rhobtor/PHD/ARGOSJ8_IA/ARGOSJ8_IA_/install/android_ros2_server:/home/rhobtor/PHD/ARGOSJ8_IA/ARGOSJ8_IA_/install/GUI_pkg:/home/rhobtor/PHD/model_terrain_ugv/Model_terrain_ugv/install/model_terrain:/opt/ros/humble LD_LIBRARY_PATH=/home/rhobtor/PHD/j8_control/J8_control/install/argj801_ctl_platform_interfaces/lib:${LD_LIBRARY_PATH} PYTHONPATH=/home/rhobtor/PHD/j8_control/J8_control/install/argj801_ctl_platform_interfaces/local/lib/python3.10/dist-packages:${PYTHONPATH} /usr/bin/cmake --build /home/rhobtor/PHD/j8_control/J8_control/build/j8_xacro_model -- -j20 -l20
[17.427s] Invoking command in '/home/rhobtor/PHD/j8_control/J8_control/build/j8_xacro_model': AMENT_PREFIX_PATH=/home/rhobtor/PHD/j8_control/J8_control/install/argj801_ctl_platform:/home/rhobtor/PHD/j8_control/J8_control/install/argj801_ctl_platform_interfaces:${AMENT_PREFIX_PATH} CMAKE_PREFIX_PATH=/home/rhobtor/PHD/j8_control/J8_control/install/argj801_ctl_platform:/home/rhobtor/PHD/j8_control/J8_control/install/argj801_ctl_platform_interfaces:/home/rhobtor/PHD/ARGOSJ8_IA/ARGOSJ8_IA_/install/wiimote_msgs:/home/rhobtor/PHD/ARGOSJ8_IA/ARGOSJ8_IA_/install/ublox:/home/rhobtor/PHD/ARGOSJ8_IA/ARGOSJ8_IA_/install/ublox_gps:/home/rhobtor/PHD/ARGOSJ8_IA/ARGOSJ8_IA_/install/security_check:/home/rhobtor/PHD/ARGOSJ8_IA/ARGOSJ8_IA_/install/ctl_mission:/home/rhobtor/PHD/ARGOSJ8_IA/ARGOSJ8_IA_/install/ublox_msgs:/home/rhobtor/PHD/ARGOSJ8_IA/ARGOSJ8_IA_/install/ublox_serialization:/home/rhobtor/PHD/ARGOSJ8_IA/ARGOSJ8_IA_/install/spacenav:/home/rhobtor/PHD/ARGOSJ8_IA/ARGOSJ8_IA_/install/laser_segmentation:/home/rhobtor/PHD/ARGOSJ8_IA/ARGOSJ8_IA_/install/slg_msgs:/home/rhobtor/PHD/ARGOSJ8_IA/ARGOSJ8_IA_/install/security_check_interfaces:/home/rhobtor/PHD/ARGOSJ8_IA/ARGOSJ8_IA_/install/joy:/home/rhobtor/PHD/ARGOSJ8_IA/ARGOSJ8_IA_/install/sdl2_vendor:/home/rhobtor/PHD/ARGOSJ8_IA/ARGOSJ8_IA_/install/path_manager:/home/rhobtor/PHD/ARGOSJ8_IA/ARGOSJ8_IA_/install/path_manager_interfaces:/home/rhobtor/PHD/ARGOSJ8_IA/ARGOSJ8_IA_/install/joy_linux:/home/rhobtor/PHD/ARGOSJ8_IA/ARGOSJ8_IA_/install/j8_xacro_model:/home/rhobtor/PHD/ARGOSJ8_IA/ARGOSJ8_IA_/install/hikmicro_thermal_camera:/home/rhobtor/PHD/ARGOSJ8_IA/ARGOSJ8_IA_/install/hector_gazebo_plugins:/home/rhobtor/PHD/ARGOSJ8_IA/ARGOSJ8_IA_/install/fixposition_sensor_pkg:/home/rhobtor/PHD/ARGOSJ8_IA/ARGOSJ8_IA_/install/fixposition_odometry_converter_ros2:/home/rhobtor/PHD/ARGOSJ8_IA/ARGOSJ8_IA_/install/fixposition_driver_ros2:/home/rhobtor/PHD/ARGOSJ8_IA/ARGOSJ8_IA_/install/fixposition_driver_lib:/home/rhobtor/PHD/ARGOSJ8_IA/ARGOSJ8_IA_/install/fixposition_gnss_tf:/home/rhobtor/PHD/ARGOSJ8_IA/ARGOSJ8_IA_/install/ctl_mission_interfaces:/home/rhobtor/PHD/ARGOSJ8_IA/ARGOSJ8_IA_/install/car_cpp:/home/rhobtor/PHD/ARGOSJ8_IA/ARGOSJ8_IA_/install/car_interfaces:/home/rhobtor/PHD/ARGOSJ8_IA/ARGOSJ8_IA_/install/argj801_setup:/home/rhobtor/PHD/ARGOSJ8_IA/ARGOSJ8_IA_/install/argj801_sensors:/home/rhobtor/PHD/ARGOSJ8_IA/ARGOSJ8_IA_/install/argj801_sensors_msgs:/home/rhobtor/PHD/ARGOSJ8_IA/ARGOSJ8_IA_/install/argj801_ctl_platform:/home/rhobtor/PHD/ARGOSJ8_IA/ARGOSJ8_IA_/install/argj801_ctl_platform_interfaces:/home/rhobtor/PHD/model_terrain_ugv/Model_terrain_ugv/install/model_terrain_cpp:/home/rhobtor/PHD/path_dem/install_navigation/path_dem:/home/rhobtor/PHD/path_dem/install/path_dem:/home/rhobtor/PHD/install_global_belief_final/path_dem:/home/rhobtor/PHD/ARGOSJ8_IA/ARGOSJ8_IA_/install/car:/home/rhobtor/PHD/ARGOSJ8_IA/ARGOSJ8_IA_/install/ntrip_client:/home/rhobtor/PHD/ARGOSJ8_IA/ARGOSJ8_IA_/install/j8_gui:/home/rhobtor/PHD/ARGOSJ8_IA/ARGOSJ8_IA_/install/gui:/home/rhobtor/PHD/ARGOSJ8_IA/ARGOSJ8_IA_/install/android_ros2_server:/home/rhobtor/PHD/ARGOSJ8_IA/ARGOSJ8_IA_/install/GUI_pkg:/home/rhobtor/PHD/model_terrain_ugv/Model_terrain_ugv/install/model_terrain:/opt/ros/humble LD_LIBRARY_PATH=/home/rhobtor/PHD/j8_control/J8_control/install/argj801_ctl_platform_interfaces/lib:${LD_LIBRARY_PATH} PYTHONPATH=/home/rhobtor/PHD/j8_control/J8_control/install/argj801_ctl_platform_interfaces/local/lib/python3.10/dist-packages:${PYTHONPATH} /usr/bin/cmake --install /home/rhobtor/PHD/j8_control/J8_control/build/j8_xacro_model
[17.436s] -- Install configuration: ""
[17.436s] -- Installing: /home/rhobtor/PHD/j8_control/J8_control/install/j8_xacro_model/share/j8_xacro_model/environment/library_path.sh
[17.436s] -- Installing: /home/rhobtor/PHD/j8_control/J8_control/install/j8_xacro_model/share/j8_xacro_model/environment/library_path.dsv
[17.436s] -- Installing: /home/rhobtor/PHD/j8_control/J8_control/install/j8_xacro_model/lib/libgazebo_ros_j8_wheels_plugin.so
[17.446s] -- Set runtime path of "/home/rhobtor/PHD/j8_control/J8_control/install/j8_xacro_model/lib/libgazebo_ros_j8_wheels_plugin.so" to ""
[17.446s] -- Installing: /home/rhobtor/PHD/j8_control/J8_control/install/j8_xacro_model/share/j8_xacro_model//launch
[17.447s] -- Installing: /home/rhobtor/PHD/j8_control/J8_control/install/j8_xacro_model/share/j8_xacro_model//launch/start_gazebo_j8.launch.py
[17.447s] -- Installing: /home/rhobtor/PHD/j8_control/J8_control/install/j8_xacro_model/share/j8_xacro_model//worlds
[17.447s] -- Installing: /home/rhobtor/PHD/j8_control/J8_control/install/j8_xacro_model/share/j8_xacro_model//worlds/empty_custom.world
[17.447s] -- Installing: /home/rhobtor/PHD/j8_control/J8_control/install/j8_xacro_model/share/j8_xacro_model//urdf
[17.447s] -- Installing: /home/rhobtor/PHD/j8_control/J8_control/install/j8_xacro_model/share/j8_xacro_model//urdf/side_bar.xacro
[17.447s] -- Installing: /home/rhobtor/PHD/j8_control/J8_control/install/j8_xacro_model/share/j8_xacro_model//urdf/camera.xacro
[17.447s] -- Installing: /home/rhobtor/PHD/j8_control/J8_control/install/j8_xacro_model/share/j8_xacro_model//urdf/gps.xacro
[17.447s] -- Installing: /home/rhobtor/PHD/j8_control/J8_control/install/j8_xacro_model/share/j8_xacro_model//urdf/argo_j8.xacro
[17.447s] -- Installing: /home/rhobtor/PHD/j8_control/J8_control/install/j8_xacro_model/share/j8_xacro_model//urdf/wheel.urdf.xacro
[17.448s] -- Installing: /home/rhobtor/PHD/j8_control/J8_control/install/j8_xacro_model/share/j8_xacro_model//urdf/lidar.plugin.xacro
[17.448s] -- Installing: /home/rhobtor/PHD/j8_control/J8_control/install/j8_xacro_model/share/j8_xacro_model//urdf/fixposition_holder.xacro
[17.448s] -- Installing: /home/rhobtor/PHD/j8_control/J8_control/install/j8_xacro_model/share/j8_xacro_model//urdf/gps_holder.xacro
[17.448s] -- Installing: /home/rhobtor/PHD/j8_control/J8_control/install/j8_xacro_model/share/j8_xacro_model//urdf/set_color.xacro
[17.448s] -- Installing: /home/rhobtor/PHD/j8_control/J8_control/install/j8_xacro_model/share/j8_xacro_model//urdf/panel.xacro
[17.448s] -- Installing: /home/rhobtor/PHD/j8_control/J8_control/install/j8_xacro_model/share/j8_xacro_model//urdf/fixposition_sensor.xacro
[17.448s] -- Installing: /home/rhobtor/PHD/j8_control/J8_control/install/j8_xacro_model/share/j8_xacro_model//urdf/sick_lidar.plugin.xacro
[17.448s] -- Installing: /home/rhobtor/PHD/j8_control/J8_control/install/j8_xacro_model/share/j8_xacro_model//urdf/test.urdf
[17.449s] -- Installing: /home/rhobtor/PHD/j8_control/J8_control/install/j8_xacro_model/share/j8_xacro_model//meshes
[17.449s] -- Installing: /home/rhobtor/PHD/j8_control/J8_control/install/j8_xacro_model/share/j8_xacro_model//meshes/Bridge_panel_3.STL
[17.449s] -- Installing: /home/rhobtor/PHD/j8_control/J8_control/install/j8_xacro_model/share/j8_xacro_model//meshes/Left_fixposition_holder.STL
[17.449s] -- Installing: /home/rhobtor/PHD/j8_control/J8_control/install/j8_xacro_model/share/j8_xacro_model//meshes/Wheel_5.STL
[17.449s] -- Installing: /home/rhobtor/PHD/j8_control/J8_control/install/j8_xacro_model/share/j8_xacro_model//meshes/Wheel_7.STL
[17.449s] -- Installing: /home/rhobtor/PHD/j8_control/J8_control/install/j8_xacro_model/share/j8_xacro_model//meshes/base_link.STL
[17.450s] -- Installing: /home/rhobtor/PHD/j8_control/J8_control/install/j8_xacro_model/share/j8_xacro_model//meshes/Bridge_panel_2.STL
[17.450s] -- Installing: /home/rhobtor/PHD/j8_control/J8_control/install/j8_xacro_model/share/j8_xacro_model//meshes/Velodyne.STL
[17.450s] -- Installing: /home/rhobtor/PHD/j8_control/J8_control/install/j8_xacro_model/share/j8_xacro_model//meshes/Wheel6.STL
[17.450s] -- Installing: /home/rhobtor/PHD/j8_control/J8_control/install/j8_xacro_model/share/j8_xacro_model//meshes/Wheel8.STL
[17.450s] -- Installing: /home/rhobtor/PHD/j8_control/J8_control/install/j8_xacro_model/share/j8_xacro_model//meshes/Wheel5.STL
[17.451s] -- Installing: /home/rhobtor/PHD/j8_control/J8_control/install/j8_xacro_model/share/j8_xacro_model//meshes/Left_bar.STL
[17.451s] -- Installing: /home/rhobtor/PHD/j8_control/J8_control/install/j8_xacro_model/share/j8_xacro_model//meshes/Suspension_4.STL
[17.451s] -- Installing: /home/rhobtor/PHD/j8_control/J8_control/install/j8_xacro_model/share/j8_xacro_model//meshes/Wheel_6.STL
[17.451s] -- Installing: /home/rhobtor/PHD/j8_control/J8_control/install/j8_xacro_model/share/j8_xacro_model//meshes/Wheel_2.STL
[17.451s] -- Installing: /home/rhobtor/PHD/j8_control/J8_control/install/j8_xacro_model/share/j8_xacro_model//meshes/Wheel2.STL
[17.451s] -- Installing: /home/rhobtor/PHD/j8_control/J8_control/install/j8_xacro_model/share/j8_xacro_model//meshes/Fixposion_base.STL
[17.452s] -- Installing: /home/rhobtor/PHD/j8_control/J8_control/install/j8_xacro_model/share/j8_xacro_model//meshes/Suspension_8.STL
[17.452s] -- Installing: /home/rhobtor/PHD/j8_control/J8_control/install/j8_xacro_model/share/j8_xacro_model//meshes/Left_fixposition_feet.STL
[17.452s] -- Installing: /home/rhobtor/PHD/j8_control/J8_control/install/j8_xacro_model/share/j8_xacro_model//meshes/Fixposition_lower_case.STL
[17.452s] -- Installing: /home/rhobtor/PHD/j8_control/J8_control/install/j8_xacro_model/share/j8_xacro_model//meshes/Sick.STL
[17.453s] -- Installing: /home/rhobtor/PHD/j8_control/J8_control/install/j8_xacro_model/share/j8_xacro_model//meshes/Fix_position_left_antenna.STL
[17.453s] -- Installing: /home/rhobtor/PHD/j8_control/J8_control/install/j8_xacro_model/share/j8_xacro_model//meshes/Fixposition_right_antenna.STL
[17.453s] -- Installing: /home/rhobtor/PHD/j8_control/J8_control/install/j8_xacro_model/share/j8_xacro_model//meshes/Wheel4.STL
[17.454s] -- Installing: /home/rhobtor/PHD/j8_control/J8_control/install/j8_xacro_model/share/j8_xacro_model//meshes/Suspension_5.STL
[17.454s] -- Installing: /home/rhobtor/PHD/j8_control/J8_control/install/j8_xacro_model/share/j8_xacro_model//meshes/Wheel_3.STL
[17.454s] -- Installing: /home/rhobtor/PHD/j8_control/J8_control/install/j8_xacro_model/share/j8_xacro_model//meshes/Fixposition_camera.STL
[17.454s] -- Installing: /home/rhobtor/PHD/j8_control/J8_control/install/j8_xacro_model/share/j8_xacro_model//meshes/Left_gps.STL
[17.455s] -- Installing: /home/rhobtor/PHD/j8_control/J8_control/install/j8_xacro_model/share/j8_xacro_model//meshes/Right_gps_holder.STL
[17.455s] -- Installing: /home/rhobtor/PHD/j8_control/J8_control/install/j8_xacro_model/share/j8_xacro_model//meshes/Right_bar.STL
[17.455s] -- Installing: /home/rhobtor/PHD/j8_control/J8_control/install/j8_xacro_model/share/j8_xacro_model//meshes/Fix_position_metal_frame.STL
[17.455s] -- Installing: /home/rhobtor/PHD/j8_control/J8_control/install/j8_xacro_model/share/j8_xacro_model//meshes/Front_camera.STL
[17.455s] -- Installing: /home/rhobtor/PHD/j8_control/J8_control/install/j8_xacro_model/share/j8_xacro_model//meshes/Bridge_panel_1.STL
[17.455s] -- Installing: /home/rhobtor/PHD/j8_control/J8_control/install/j8_xacro_model/share/j8_xacro_model//meshes/J8_top.STL
[17.455s] -- Installing: /home/rhobtor/PHD/j8_control/J8_control/install/j8_xacro_model/share/j8_xacro_model//meshes/Wheel_4.STL
[17.456s] -- Installing: /home/rhobtor/PHD/j8_control/J8_control/install/j8_xacro_model/share/j8_xacro_model//meshes/Suspension_3.STL
[17.456s] -- Installing: /home/rhobtor/PHD/j8_control/J8_control/install/j8_xacro_model/share/j8_xacro_model//meshes/Right_gps.STL
[17.456s] -- Installing: /home/rhobtor/PHD/j8_control/J8_control/install/j8_xacro_model/share/j8_xacro_model//meshes/Suspension_7.STL
[17.457s] -- Installing: /home/rhobtor/PHD/j8_control/J8_control/install/j8_xacro_model/share/j8_xacro_model//meshes/Right_fixposition_holder.STL
[17.457s] -- Installing: /home/rhobtor/PHD/j8_control/J8_control/install/j8_xacro_model/share/j8_xacro_model//meshes/Wheel_8.STL
[17.457s] -- Installing: /home/rhobtor/PHD/j8_control/J8_control/install/j8_xacro_model/share/j8_xacro_model//meshes/Suspension_2.STL
[17.457s] -- Installing: /home/rhobtor/PHD/j8_control/J8_control/install/j8_xacro_model/share/j8_xacro_model//meshes/Wheel1.STL
[17.457s] -- Installing: /home/rhobtor/PHD/j8_control/J8_control/install/j8_xacro_model/share/j8_xacro_model//meshes/Central_fixposition_feet.STL
[17.457s] -- Installing: /home/rhobtor/PHD/j8_control/J8_control/install/j8_xacro_model/share/j8_xacro_model//meshes/Suspension_1.STL
[17.457s] -- Installing: /home/rhobtor/PHD/j8_control/J8_control/install/j8_xacro_model/share/j8_xacro_model//meshes/Central_fixposition_holder.STL
[17.458s] -- Installing: /home/rhobtor/PHD/j8_control/J8_control/install/j8_xacro_model/share/j8_xacro_model//meshes/Right_fixposition_feet.STL
[17.458s] -- Installing: /home/rhobtor/PHD/j8_control/J8_control/install/j8_xacro_model/share/j8_xacro_model//meshes/Back_camera.STL
[17.458s] -- Installing: /home/rhobtor/PHD/j8_control/J8_control/install/j8_xacro_model/share/j8_xacro_model//meshes/Wheel7.STL
[17.458s] -- Installing: /home/rhobtor/PHD/j8_control/J8_control/install/j8_xacro_model/share/j8_xacro_model//meshes/Bridge.STL
[17.459s] -- Installing: /home/rhobtor/PHD/j8_control/J8_control/install/j8_xacro_model/share/j8_xacro_model//meshes/Bridge_panel_4.STL
[17.459s] -- Installing: /home/rhobtor/PHD/j8_control/J8_control/install/j8_xacro_model/share/j8_xacro_model//meshes/Wheel3.STL
[17.459s] -- Installing: /home/rhobtor/PHD/j8_control/J8_control/install/j8_xacro_model/share/j8_xacro_model//meshes/Left_gps_holder.STL
[17.459s] -- Installing: /home/rhobtor/PHD/j8_control/J8_control/install/j8_xacro_model/share/j8_xacro_model//meshes/Wheel_1.STL
[17.460s] -- Installing: /home/rhobtor/PHD/j8_control/J8_control/install/j8_xacro_model/share/j8_xacro_model//meshes/Suspension_6.STL
[17.460s] -- Installing: /home/rhobtor/PHD/j8_control/J8_control/install/j8_xacro_model/share/j8_xacro_model//meshes/Fixposition_upper_case.STL
[17.460s] -- Installing: /home/rhobtor/PHD/j8_control/J8_control/install/j8_xacro_model/share/ament_index/resource_index/package_run_dependencies/j8_xacro_model
[17.460s] -- Installing: /home/rhobtor/PHD/j8_control/J8_control/install/j8_xacro_model/share/ament_index/resource_index/parent_prefix_path/j8_xacro_model
[17.460s] -- Installing: /home/rhobtor/PHD/j8_control/J8_control/install/j8_xacro_model/share/j8_xacro_model/environment/ament_prefix_path.sh
[17.460s] -- Installing: /home/rhobtor/PHD/j8_control/J8_control/install/j8_xacro_model/share/j8_xacro_model/environment/ament_prefix_path.dsv
[17.460s] -- Installing: /home/rhobtor/PHD/j8_control/J8_control/install/j8_xacro_model/share/j8_xacro_model/environment/path.sh
[17.461s] -- Installing: /home/rhobtor/PHD/j8_control/J8_control/install/j8_xacro_model/share/j8_xacro_model/environment/path.dsv
[17.461s] -- Installing: /home/rhobtor/PHD/j8_control/J8_control/install/j8_xacro_model/share/j8_xacro_model/local_setup.bash
[17.461s] -- Installing: /home/rhobtor/PHD/j8_control/J8_control/install/j8_xacro_model/share/j8_xacro_model/local_setup.sh
[17.461s] -- Installing: /home/rhobtor/PHD/j8_control/J8_control/install/j8_xacro_model/share/j8_xacro_model/local_setup.zsh
[17.461s] -- Installing: /home/rhobtor/PHD/j8_control/J8_control/install/j8_xacro_model/share/j8_xacro_model/local_setup.dsv
[17.461s] -- Installing: /home/rhobtor/PHD/j8_control/J8_control/install/j8_xacro_model/share/j8_xacro_model/package.dsv
[17.461s] -- Installing: /home/rhobtor/PHD/j8_control/J8_control/install/j8_xacro_model/share/ament_index/resource_index/packages/j8_xacro_model
[17.461s] -- Installing: /home/rhobtor/PHD/j8_control/J8_control/install/j8_xacro_model/share/j8_xacro_model/cmake/ament_cmake_export_libraries-extras.cmake
[17.461s] -- Installing: /home/rhobtor/PHD/j8_control/J8_control/install/j8_xacro_model/share/j8_xacro_model/cmake/j8_xacro_modelConfig.cmake
[17.461s] -- Installing: /home/rhobtor/PHD/j8_control/J8_control/install/j8_xacro_model/share/j8_xacro_model/cmake/j8_xacro_modelConfig-version.cmake
[17.461s] -- Installing: /home/rhobtor/PHD/j8_control/J8_control/install/j8_xacro_model/share/j8_xacro_model/package.xml
[17.467s] Invoked command in '/home/rhobtor/PHD/j8_control/J8_control/build/j8_xacro_model' returned '0': AMENT_PREFIX_PATH=/home/rhobtor/PHD/j8_control/J8_control/install/argj801_ctl_platform:/home/rhobtor/PHD/j8_control/J8_control/install/argj801_ctl_platform_interfaces:${AMENT_PREFIX_PATH} CMAKE_PREFIX_PATH=/home/rhobtor/PHD/j8_control/J8_control/install/argj801_ctl_platform:/home/rhobtor/PHD/j8_control/J8_control/install/argj801_ctl_platform_interfaces:/home/rhobtor/PHD/ARGOSJ8_IA/ARGOSJ8_IA_/install/wiimote_msgs:/home/rhobtor/PHD/ARGOSJ8_IA/ARGOSJ8_IA_/install/ublox:/home/rhobtor/PHD/ARGOSJ8_IA/ARGOSJ8_IA_/install/ublox_gps:/home/rhobtor/PHD/ARGOSJ8_IA/ARGOSJ8_IA_/install/security_check:/home/rhobtor/PHD/ARGOSJ8_IA/ARGOSJ8_IA_/install/ctl_mission:/home/rhobtor/PHD/ARGOSJ8_IA/ARGOSJ8_IA_/install/ublox_msgs:/home/rhobtor/PHD/ARGOSJ8_IA/ARGOSJ8_IA_/install/ublox_serialization:/home/rhobtor/PHD/ARGOSJ8_IA/ARGOSJ8_IA_/install/spacenav:/home/rhobtor/PHD/ARGOSJ8_IA/ARGOSJ8_IA_/install/laser_segmentation:/home/rhobtor/PHD/ARGOSJ8_IA/ARGOSJ8_IA_/install/slg_msgs:/home/rhobtor/PHD/ARGOSJ8_IA/ARGOSJ8_IA_/install/security_check_interfaces:/home/rhobtor/PHD/ARGOSJ8_IA/ARGOSJ8_IA_/install/joy:/home/rhobtor/PHD/ARGOSJ8_IA/ARGOSJ8_IA_/install/sdl2_vendor:/home/rhobtor/PHD/ARGOSJ8_IA/ARGOSJ8_IA_/install/path_manager:/home/rhobtor/PHD/ARGOSJ8_IA/ARGOSJ8_IA_/install/path_manager_interfaces:/home/rhobtor/PHD/ARGOSJ8_IA/ARGOSJ8_IA_/install/joy_linux:/home/rhobtor/PHD/ARGOSJ8_IA/ARGOSJ8_IA_/install/j8_xacro_model:/home/rhobtor/PHD/ARGOSJ8_IA/ARGOSJ8_IA_/install/hikmicro_thermal_camera:/home/rhobtor/PHD/ARGOSJ8_IA/ARGOSJ8_IA_/install/hector_gazebo_plugins:/home/rhobtor/PHD/ARGOSJ8_IA/ARGOSJ8_IA_/install/fixposition_sensor_pkg:/home/rhobtor/PHD/ARGOSJ8_IA/ARGOSJ8_IA_/install/fixposition_odometry_converter_ros2:/home/rhobtor/PHD/ARGOSJ8_IA/ARGOSJ8_IA_/install/fixposition_driver_ros2:/home/rhobtor/PHD/ARGOSJ8_IA/ARGOSJ8_IA_/install/fixposition_driver_lib:/home/rhobtor/PHD/ARGOSJ8_IA/ARGOSJ8_IA_/install/fixposition_gnss_tf:/home/rhobtor/PHD/ARGOSJ8_IA/ARGOSJ8_IA_/install/ctl_mission_interfaces:/home/rhobtor/PHD/ARGOSJ8_IA/ARGOSJ8_IA_/install/car_cpp:/home/rhobtor/PHD/ARGOSJ8_IA/ARGOSJ8_IA_/install/car_interfaces:/home/rhobtor/PHD/ARGOSJ8_IA/ARGOSJ8_IA_/install/argj801_setup:/home/rhobtor/PHD/ARGOSJ8_IA/ARGOSJ8_IA_/install/argj801_sensors:/home/rhobtor/PHD/ARGOSJ8_IA/ARGOSJ8_IA_/install/argj801_sensors_msgs:/home/rhobtor/PHD/ARGOSJ8_IA/ARGOSJ8_IA_/install/argj801_ctl_platform:/home/rhobtor/PHD/ARGOSJ8_IA/ARGOSJ8_IA_/install/argj801_ctl_platform_interfaces:/home/rhobtor/PHD/model_terrain_ugv/Model_terrain_ugv/install/model_terrain_cpp:/home/rhobtor/PHD/path_dem/install_navigation/path_dem:/home/rhobtor/PHD/path_dem/install/path_dem:/home/rhobtor/PHD/install_global_belief_final/path_dem:/home/rhobtor/PHD/ARGOSJ8_IA/ARGOSJ8_IA_/install/car:/home/rhobtor/PHD/ARGOSJ8_IA/ARGOSJ8_IA_/install/ntrip_client:/home/rhobtor/PHD/ARGOSJ8_IA/ARGOSJ8_IA_/install/j8_gui:/home/rhobtor/PHD/ARGOSJ8_IA/ARGOSJ8_IA_/install/gui:/home/rhobtor/PHD/ARGOSJ8_IA/ARGOSJ8_IA_/install/android_ros2_server:/home/rhobtor/PHD/ARGOSJ8_IA/ARGOSJ8_IA_/install/GUI_pkg:/home/rhobtor/PHD/model_terrain_ugv/Model_terrain_ugv/install/model_terrain:/opt/ros/humble LD_LIBRARY_PATH=/home/rhobtor/PHD/j8_control/J8_control/install/argj801_ctl_platform_interfaces/lib:${LD_LIBRARY_PATH} PYTHONPATH=/home/rhobtor/PHD/j8_control/J8_control/install/argj801_ctl_platform_interfaces/local/lib/python3.10/dist-packages:${PYTHONPATH} /usr/bin/cmake --install /home/rhobtor/PHD/j8_control/J8_control/build/j8_xacro_model
