-- The C compiler identification is GNU 11.4.0
-- The CXX compiler identification is GNU 11.4.0
-- Detecting C compiler ABI info
-- Detecting C compiler ABI info - done
-- Check for working C compiler: /usr/bin/cc - skipped
-- Detecting C compile features
-- Detecting C compile features - done
-- Detecting CXX compiler ABI info
-- Detecting CXX compiler ABI info - done
-- Check for working CXX compiler: /usr/bin/c++ - skipped
-- Detecting CXX compile features
-- Detecting CXX compile features - done
-- Found ament_cmake: 1.3.14 (/opt/ros/humble/share/ament_cmake/cmake)
-- Found Python3: /usr/bin/python3 (found version "3.10.12") found components: Interpreter 
-- Found rclcpp: 16.0.19 (/opt/ros/humble/share/rclcpp/cmake)
-- Found rosidl_generator_c: 3.1.9 (/opt/ros/humble/share/rosidl_generator_c/cmake)
-- Found rosidl_adapter: 3.1.9 (/opt/ros/humble/share/rosidl_adapter/cmake)
-- Found rosidl_generator_cpp: 3.1.9 (/opt/ros/humble/share/rosidl_generator_cpp/cmake)
-- Using all available rosidl_typesupport_c: rosidl_typesupport_fastrtps_c;rosidl_typesupport_introspection_c
-- Using all available rosidl_typesupport_cpp: rosidl_typesupport_fastrtps_cpp;rosidl_typesupport_introspection_cpp
-- Found rmw_implementation_cmake: 6.1.3 (/opt/ros/humble/share/rmw_implementation_cmake/cmake)
-- Found rmw_fastrtps_cpp: 6.2.10 (/opt/ros/humble/share/rmw_fastrtps_cpp/cmake)
-- Found OpenSSL: /usr/lib/x86_64-linux-gnu/libcrypto.so (found version "3.0.2")  
-- Found FastRTPS: /opt/ros/humble/include  
-- Using RMW implementation 'rmw_fastrtps_cpp' as default
-- Looking for pthread.h
-- Looking for pthread.h - found
-- Performing Test CMAKE_HAVE_LIBC_PTHREAD
-- Performing Test CMAKE_HAVE_LIBC_PTHREAD - Success
-- Found Threads: TRUE  
-- Found gazebo_ros: 3.9.0 (/opt/ros/humble/share/gazebo_ros/cmake)
-- Found PkgConfig: /usr/bin/pkg-config (found version "0.29.2") 
-- Checking for module 'bullet>=2.82'
--   Found bullet, version 3.05
-- Found fcl: /usr/include (found suitable version "0.7.0", minimum required is "0.5.0") 
-- Found assimp: /usr/include (found version "5.2.0") 
-- Found DART: /usr/include (Required is at least version "6.6") found components: dart 
-- Found Boost: /usr/lib/x86_64-linux-gnu/cmake/Boost-1.74.0/BoostConfig.cmake (found suitable version "1.74.0", minimum required is "1.40.0") found components: thread system filesystem program_options regex iostreams date_time 
-- Found Protobuf: /usr/lib/x86_64-linux-gnu/libprotobuf.so (found version "3.12.4") 
-- Looking for ignition-math6 -- found version 6.17.0
-- Searching for dependencies of ignition-math6
-- Looking for OGRE...
-- OGRE_PREFIX_WATCH changed.
-- Checking for module 'OGRE'
--   Found OGRE, version 1.9.0
-- Found Ogre Ghadamon (1.9.0)
-- Found OGRE: optimized;/usr/lib/x86_64-linux-gnu/libOgreMain.so;debug;/usr/lib/x86_64-linux-gnu/libOgreMain.so
-- Looking for OGRE_Paging...
-- Found OGRE_Paging: optimized;/usr/lib/x86_64-linux-gnu/libOgrePaging.so;debug;/usr/lib/x86_64-linux-gnu/libOgrePaging.so
-- Looking for OGRE_Terrain...
-- Found OGRE_Terrain: optimized;/usr/lib/x86_64-linux-gnu/libOgreTerrain.so;debug;/usr/lib/x86_64-linux-gnu/libOgreTerrain.so
-- Looking for OGRE_Property...
-- Found OGRE_Property: optimized;/usr/lib/x86_64-linux-gnu/libOgreProperty.so;debug;/usr/lib/x86_64-linux-gnu/libOgreProperty.so
-- Looking for OGRE_RTShaderSystem...
-- Found OGRE_RTShaderSystem: optimized;/usr/lib/x86_64-linux-gnu/libOgreRTShaderSystem.so;debug;/usr/lib/x86_64-linux-gnu/libOgreRTShaderSystem.so
-- Looking for OGRE_Volume...
-- Found OGRE_Volume: optimized;/usr/lib/x86_64-linux-gnu/libOgreVolume.so;debug;/usr/lib/x86_64-linux-gnu/libOgreVolume.so
-- Looking for OGRE_Overlay...
-- Found OGRE_Overlay: optimized;/usr/lib/x86_64-linux-gnu/libOgreOverlay.so;debug;/usr/lib/x86_64-linux-gnu/libOgreOverlay.so
-- Looking for ignition-math6 -- found version 6.17.0
-- Looking for ignition-transport8 -- found version 8.2.1
-- Searching for dependencies of ignition-transport8
-- Found Protobuf: /usr/lib/x86_64-linux-gnu/libprotobuf.so (found suitable version "3.12.4", minimum required is "3") 
-- Config-file not installed for ZeroMQ -- checking for pkg-config
-- Checking for module 'libzmq >= 4'
--   Found libzmq , version 4.3.4
-- Found ZeroMQ: TRUE (Required is at least version "4") 
-- Checking for module 'uuid'
--   Found uuid, version 2.37.2
-- Found UUID: TRUE  
-- Looking for ignition-msgs5 -- found version 5.8.1
-- Searching for dependencies of ignition-msgs5
-- Looking for ignition-math6 -- found version 6.17.0
-- Checking for module 'tinyxml2'
--   Found tinyxml2, version 9.0.0
-- Looking for ignition-msgs5 -- found version 5.8.1
-- Looking for ignition-common3 -- found version 3.14.0
-- Searching for dependencies of ignition-common3
-- Looking for dlfcn.h - found
-- Looking for libdl - found
-- Found DL: TRUE  
-- Found tinyobjloader: /usr/lib/x86_64-linux-gnu/cmake/tinyobjloader/tinyobjloader-config.cmake (found version "2.0.0") 
-- Searching for <ignition-common3> component [graphics]
-- Looking for ignition-common3-graphics -- found version 3.14.0
-- Searching for dependencies of ignition-common3-graphics
-- Looking for ignition-math6 -- found version 6.17.0
-- Looking for ignition-fuel_tools4 -- found version 4.4.0
-- Searching for dependencies of ignition-fuel_tools4
-- Found CURL: /usr/lib/x86_64-linux-gnu/libcurl.so (found version "7.81.0")  
-- Checking for module 'jsoncpp'
--   Found jsoncpp, version 1.9.5
-- Found JSONCPP: TRUE  
-- Checking for module 'libzip'
--   Found libzip, version 1.7.3
-- Found ZIP: TRUE  
-- Looking for ignition-common3 -- found version 3.14.0
-- Looking for ignition-math6 -- found version 6.17.0
-- Looking for ignition-msgs5 -- found version 5.8.1
-- Gazebo version: 11.10
-- Checking for module 'tbb'
--   Found tbb, version 2021.5.0
-- Found pluginlib: 5.1.4 (/opt/ros/humble/share/pluginlib/cmake)
-- Found geometry_msgs: 4.9.2 (/opt/ros/humble/share/geometry_msgs/cmake)
-- Found sensor_msgs: 4.9.2 (/opt/ros/humble/share/sensor_msgs/cmake)
-- Found pcl_conversions: 2.4.5 (/opt/ros/humble/share/pcl_conversions/cmake)
-- Checking for module 'eigen3'
--   Found eigen3, version 3.4.0
-- Found Eigen: /usr/include/eigen3 (Required is at least version "3.1") 
-- Eigen found (include: /usr/include/eigen3, version: 3.4.0)
-- Checking for module 'flann'
--   Found flann, version 1.9.1
-- Found FLANN: /usr/lib/x86_64-linux-gnu/libflann_cpp.so  
-- FLANN found (include: /usr/include, lib: /usr/lib/x86_64-linux-gnu/libflann_cpp.so)
-- Checking for module 'libusb-1.0'
--   Found libusb-1.0, version 1.0.25
-- Found libusb: /usr/lib/x86_64-linux-gnu/libusb-1.0.so  
-- OpenNI found (version: 1.5.4.0, include: /usr/include/ni, lib: /usr/lib/libOpenNI.so;libusb::libusb)
-- OpenNI2 found (version: 2.2.0.33, include: /usr/include/openni2, lib: /usr/lib/x86_64-linux-gnu/libOpenNI2.so;libusb::libusb)
-- Eigen found (include: /usr/include/eigen3, version: 3.4.0)
-- OpenNI found (version: 1.5.4.0, include: /usr/include/ni, lib: /usr/lib/libOpenNI.so;libusb::libusb)
-- OpenNI2 found (version: 2.2.0.33, include: /usr/include/openni2, lib: /usr/lib/x86_64-linux-gnu/libOpenNI2.so;libusb::libusb)
-- Found Qhull version 8.0.2
-- OpenNI found (version: 1.5.4.0, include: /usr/include/ni, lib: /usr/lib/libOpenNI.so;libusb::libusb)
-- Found PCL_COMMON: /usr/lib/x86_64-linux-gnu/libpcl_common.so  
-- Found PCL_KDTREE: /usr/lib/x86_64-linux-gnu/libpcl_kdtree.so  
-- Found PCL_OCTREE: /usr/lib/x86_64-linux-gnu/libpcl_octree.so  
-- Found PCL_SEARCH: /usr/lib/x86_64-linux-gnu/libpcl_search.so  
-- Found PCL_SAMPLE_CONSENSUS: /usr/lib/x86_64-linux-gnu/libpcl_sample_consensus.so  
-- Found PCL_FILTERS: /usr/lib/x86_64-linux-gnu/libpcl_filters.so  
-- Found PCL_2D: /usr/include/pcl-1.12  
-- Found PCL_GEOMETRY: /usr/include/pcl-1.12  
-- Found PCL_IO: /usr/lib/x86_64-linux-gnu/libpcl_io.so  
-- Found PCL_FEATURES: /usr/lib/x86_64-linux-gnu/libpcl_features.so  
-- Found PCL_ML: /usr/lib/x86_64-linux-gnu/libpcl_ml.so  
-- Found PCL_SEGMENTATION: /usr/lib/x86_64-linux-gnu/libpcl_segmentation.so  
-- Found PCL_VISUALIZATION: /usr/lib/x86_64-linux-gnu/libpcl_visualization.so  
-- Found PCL_SURFACE: /usr/lib/x86_64-linux-gnu/libpcl_surface.so  
-- Found PCL_REGISTRATION: /usr/lib/x86_64-linux-gnu/libpcl_registration.so  
-- Found PCL_KEYPOINTS: /usr/lib/x86_64-linux-gnu/libpcl_keypoints.so  
-- Found PCL_TRACKING: /usr/lib/x86_64-linux-gnu/libpcl_tracking.so  
-- Found PCL_RECOGNITION: /usr/lib/x86_64-linux-gnu/libpcl_recognition.so  
-- Found PCL_STEREO: /usr/lib/x86_64-linux-gnu/libpcl_stereo.so  
-- Found PCL_APPS: /usr/lib/x86_64-linux-gnu/libpcl_apps.so  
-- Found PCL_IN_HAND_SCANNER: /usr/include/pcl-1.12  
-- Found PCL_MODELER: /usr/include/pcl-1.12  
-- Found PCL_POINT_CLOUD_EDITOR: /usr/include/pcl-1.12  
-- Found PCL_OUTOFCORE: /usr/lib/x86_64-linux-gnu/libpcl_outofcore.so  
-- Found PCL_PEOPLE: /usr/lib/x86_64-linux-gnu/libpcl_people.so  
-- Found visualization_msgs: 4.9.2 (/opt/ros/humble/share/visualization_msgs/cmake)
-- Found nav_msgs: 4.9.2 (/opt/ros/humble/share/nav_msgs/cmake)
-- Found std_srvs: 4.9.2 (/opt/ros/humble/share/std_srvs/cmake)
-- Found geographic_msgs: 1.0.6 (/opt/ros/humble/share/geographic_msgs/cmake)
-- Found tf2: 0.25.22 (/opt/ros/humble/share/tf2/cmake)
-- Found tf2_ros: 0.25.22 (/opt/ros/humble/share/tf2_ros/cmake)
-- Found tf2_geometry_msgs: 0.25.22 (/opt/ros/humble/share/tf2_geometry_msgs/cmake)
-- Found eigen3_cmake_module: 0.1.1 (/opt/ros/humble/share/eigen3_cmake_module/cmake)
-- Found Eigen3: TRUE (found version "3.4.0") 
-- Ensuring Eigen3 include directory is part of orocos-kdl CMake target
-- Looking for ignition-math6 -- found version 6.17.0
-- Looking for ignition-common3 -- found version 3.14.0
-- Found car_interfaces: 0.0.0 (/home/rhobtor/PHD/j8_control/J8_control/install/car_interfaces/share/car_interfaces/cmake)
-- Found grid_map_ros: 2.0.1 (/opt/ros/humble/share/grid_map_ros/cmake)
-- Found OpenCV: /usr (found version "4.5.4") found components: core imgproc ximgproc videoio 
-- Configuring done
-- Generating done
-- Build files have been written to: /home/rhobtor/PHD/j8_control/J8_control/build/car_cpp
[  5%] [32mBuilding CXX object CMakeFiles/frontier_values.dir/src/frontier_values.cpp.o[0m
[ 11%] [32m[1mLinking CXX executable frontier_values[0m
[ 11%] Built target frontier_values
[ 16%] [32mBuilding CXX object CMakeFiles/move_plugin.dir/src/move_object.cpp.o[0m
[ 22%] [32m[1mLinking CXX shared library libmove_plugin.so[0m
[ 22%] Built target move_plugin
[ 27%] [32mBuilding CXX object CMakeFiles/drive_plugin.dir/src/diffdrive_plugin_multi_wheel.cpp.o[0m
[ 33%] [32m[1mLinking CXX shared library libdrive_plugin.so[0m
[ 33%] Built target drive_plugin
[ 38%] [32mBuilding CXX object CMakeFiles/joints_plugin.dir/src/joints.cpp.o[0m
[ 44%] [32m[1mLinking CXX shared library libjoints_plugin.so[0m
[ 44%] Built target joints_plugin
[ 50%] [32mBuilding CXX object CMakeFiles/termical_camera_ffmpeg_pipe.dir/src/termical_hikmicro_ffmpeg_pipe.cpp.o[0m
[ 55%] [32mBuilding CXX object CMakeFiles/termical_camera.dir/src/termical_hikmicro.cpp.o[0m
[ 61%] [32m[1mLinking CXX executable termical_camera_ffmpeg_pipe[0m
[ 61%] Built target termical_camera_ffmpeg_pipe
[ 72%] [32mBuilding CXX object CMakeFiles/voxel_grid_node.dir/src/voxel_grid_node.cpp.o[0m
[ 72%] [32mBuilding CXX object CMakeFiles/velodyne_noise_filter_node.dir/src/velodyne_noise_filter_node.cpp.o[0m
[ 77%] [32mBuilding CXX object CMakeFiles/check_goal.dir/src/check_goal.cpp.o[0m
[ 83%] [32m[1mLinking CXX executable termical_camera[0m
[ 83%] Built target termical_camera
[ 88%] [32m[1mLinking CXX executable voxel_grid_node[0m
[ 88%] Built target voxel_grid_node
[ 94%] [32m[1mLinking CXX executable velodyne_noise_filter_node[0m
[ 94%] Built target velodyne_noise_filter_node
[100%] [32m[1mLinking CXX executable check_goal[0m
[100%] Built target check_goal
-- Install configuration: ""
-- Installing: /home/rhobtor/PHD/j8_control/J8_control/install/car_cpp/lib/car_cpp/frontier_values
-- Set runtime path of "/home/rhobtor/PHD/j8_control/J8_control/install/car_cpp/lib/car_cpp/frontier_values" to ""
-- Installing: /home/rhobtor/PHD/j8_control/J8_control/install/car_cpp/lib/car_cpp/check_goal
-- Set runtime path of "/home/rhobtor/PHD/j8_control/J8_control/install/car_cpp/lib/car_cpp/check_goal" to ""
-- Installing: /home/rhobtor/PHD/j8_control/J8_control/install/car_cpp/lib/car_cpp/voxel_grid_node
-- Set runtime path of "/home/rhobtor/PHD/j8_control/J8_control/install/car_cpp/lib/car_cpp/voxel_grid_node" to ""
-- Installing: /home/rhobtor/PHD/j8_control/J8_control/install/car_cpp/lib/car_cpp/velodyne_noise_filter_node
-- Set runtime path of "/home/rhobtor/PHD/j8_control/J8_control/install/car_cpp/lib/car_cpp/velodyne_noise_filter_node" to ""
-- Installing: /home/rhobtor/PHD/j8_control/J8_control/install/car_cpp/lib/car_cpp/termical_camera
-- Set runtime path of "/home/rhobtor/PHD/j8_control/J8_control/install/car_cpp/lib/car_cpp/termical_camera" to ""
-- Installing: /home/rhobtor/PHD/j8_control/J8_control/install/car_cpp/lib/car_cpp/termical_camera_ffmpeg_pipe
-- Set runtime path of "/home/rhobtor/PHD/j8_control/J8_control/install/car_cpp/lib/car_cpp/termical_camera_ffmpeg_pipe" to ""
-- Installing: /home/rhobtor/PHD/j8_control/J8_control/install/car_cpp/lib/libmove_plugin.so
-- Set runtime path of "/home/rhobtor/PHD/j8_control/J8_control/install/car_cpp/lib/libmove_plugin.so" to ""
-- Installing: /home/rhobtor/PHD/j8_control/J8_control/install/car_cpp/lib/libdrive_plugin.so
-- Set runtime path of "/home/rhobtor/PHD/j8_control/J8_control/install/car_cpp/lib/libdrive_plugin.so" to ""
-- Installing: /home/rhobtor/PHD/j8_control/J8_control/install/car_cpp/lib/libjoints_plugin.so
-- Set runtime path of "/home/rhobtor/PHD/j8_control/J8_control/install/car_cpp/lib/libjoints_plugin.so" to ""
-- Installing: /home/rhobtor/PHD/j8_control/J8_control/install/car_cpp/include/
-- Installing: /home/rhobtor/PHD/j8_control/J8_control/install/car_cpp/include//control_plugin.hpp
-- Installing: /home/rhobtor/PHD/j8_control/J8_control/install/car_cpp/include//motion.hpp
-- Installing: /home/rhobtor/PHD/j8_control/J8_control/install/car_cpp/include//move_ros.hpp
-- Installing: /home/rhobtor/PHD/j8_control/J8_control/install/car_cpp/include//odometria.hpp
-- Installing: /home/rhobtor/PHD/j8_control/J8_control/install/car_cpp/include//visualization.hpp
-- Installing: /home/rhobtor/PHD/j8_control/J8_control/install/car_cpp/include//obstacle_detection.hpp
-- Installing: /home/rhobtor/PHD/j8_control/J8_control/install/car_cpp/include//utilities.hpp
-- Installing: /home/rhobtor/PHD/j8_control/J8_control/install/car_cpp/share/ament_index/resource_index/package_run_dependencies/car_cpp
-- Installing: /home/rhobtor/PHD/j8_control/J8_control/install/car_cpp/share/ament_index/resource_index/parent_prefix_path/car_cpp
-- Installing: /home/rhobtor/PHD/j8_control/J8_control/install/car_cpp/share/car_cpp/environment/ament_prefix_path.sh
-- Installing: /home/rhobtor/PHD/j8_control/J8_control/install/car_cpp/share/car_cpp/environment/ament_prefix_path.dsv
-- Installing: /home/rhobtor/PHD/j8_control/J8_control/install/car_cpp/share/car_cpp/environment/path.sh
-- Installing: /home/rhobtor/PHD/j8_control/J8_control/install/car_cpp/share/car_cpp/environment/path.dsv
-- Installing: /home/rhobtor/PHD/j8_control/J8_control/install/car_cpp/share/car_cpp/local_setup.bash
-- Installing: /home/rhobtor/PHD/j8_control/J8_control/install/car_cpp/share/car_cpp/local_setup.sh
-- Installing: /home/rhobtor/PHD/j8_control/J8_control/install/car_cpp/share/car_cpp/local_setup.zsh
-- Installing: /home/rhobtor/PHD/j8_control/J8_control/install/car_cpp/share/car_cpp/local_setup.dsv
-- Installing: /home/rhobtor/PHD/j8_control/J8_control/install/car_cpp/share/car_cpp/package.dsv
-- Installing: /home/rhobtor/PHD/j8_control/J8_control/install/car_cpp/share/ament_index/resource_index/packages/car_cpp
-- Installing: /home/rhobtor/PHD/j8_control/J8_control/install/car_cpp/share/car_cpp/cmake/car_cppConfig.cmake
-- Installing: /home/rhobtor/PHD/j8_control/J8_control/install/car_cpp/share/car_cpp/cmake/car_cppConfig-version.cmake
-- Installing: /home/rhobtor/PHD/j8_control/J8_control/install/car_cpp/share/car_cpp/package.xml
