[0.063s] Invoking command in '/home/rhobtor/PHD/j8_control/J8_control/build/car_cpp': AMENT_PREFIX_PATH=/home/rhobtor/PHD/j8_control/J8_control/install/car_interfaces:${AMENT_PREFIX_PATH} CMAKE_PREFIX_PATH=/home/rhobtor/PHD/j8_control/J8_control/install/car_interfaces:/home/rhobtor/PHD/ARGOSJ8_IA/ARGOSJ8_IA_/install/wiimote_msgs:/home/rhobtor/PHD/ARGOSJ8_IA/ARGOSJ8_IA_/install/ublox:/home/rhobtor/PHD/ARGOSJ8_IA/ARGOSJ8_IA_/install/ublox_gps:/home/rhobtor/PHD/ARGOSJ8_IA/ARGOSJ8_IA_/install/security_check:/home/rhobtor/PHD/ARGOSJ8_IA/ARGOSJ8_IA_/install/ctl_mission:/home/rhobtor/PHD/ARGOSJ8_IA/ARGOSJ8_IA_/install/ublox_msgs:/home/rhobtor/PHD/ARGOSJ8_IA/ARGOSJ8_IA_/install/ublox_serialization:/home/rhobtor/PHD/ARGOSJ8_IA/ARGOSJ8_IA_/install/spacenav:/home/rhobtor/PHD/ARGOSJ8_IA/ARGOSJ8_IA_/install/laser_segmentation:/home/rhobtor/PHD/ARGOSJ8_IA/ARGOSJ8_IA_/install/slg_msgs:/home/rhobtor/PHD/ARGOSJ8_IA/ARGOSJ8_IA_/install/security_check_interfaces:/home/rhobtor/PHD/ARGOSJ8_IA/ARGOSJ8_IA_/install/joy:/home/rhobtor/PHD/ARGOSJ8_IA/ARGOSJ8_IA_/install/sdl2_vendor:/home/rhobtor/PHD/ARGOSJ8_IA/ARGOSJ8_IA_/install/path_manager:/home/rhobtor/PHD/ARGOSJ8_IA/ARGOSJ8_IA_/install/path_manager_interfaces:/home/rhobtor/PHD/ARGOSJ8_IA/ARGOSJ8_IA_/install/joy_linux:/home/rhobtor/PHD/ARGOSJ8_IA/ARGOSJ8_IA_/install/j8_xacro_model:/home/rhobtor/PHD/ARGOSJ8_IA/ARGOSJ8_IA_/install/hikmicro_thermal_camera:/home/rhobtor/PHD/ARGOSJ8_IA/ARGOSJ8_IA_/install/hector_gazebo_plugins:/home/rhobtor/PHD/ARGOSJ8_IA/ARGOSJ8_IA_/install/fixposition_sensor_pkg:/home/rhobtor/PHD/ARGOSJ8_IA/ARGOSJ8_IA_/install/fixposition_odometry_converter_ros2:/home/rhobtor/PHD/ARGOSJ8_IA/ARGOSJ8_IA_/install/fixposition_driver_ros2:/home/rhobtor/PHD/ARGOSJ8_IA/ARGOSJ8_IA_/install/fixposition_driver_lib:/home/rhobtor/PHD/ARGOSJ8_IA/ARGOSJ8_IA_/install/fixposition_gnss_tf:/home/rhobtor/PHD/ARGOSJ8_IA/ARGOSJ8_IA_/install/ctl_mission_interfaces:/home/rhobtor/PHD/ARGOSJ8_IA/ARGOSJ8_IA_/install/car_cpp:/home/rhobtor/PHD/ARGOSJ8_IA/ARGOSJ8_IA_/install/car_interfaces:/home/rhobtor/PHD/ARGOSJ8_IA/ARGOSJ8_IA_/install/argj801_setup:/home/rhobtor/PHD/ARGOSJ8_IA/ARGOSJ8_IA_/install/argj801_sensors:/home/rhobtor/PHD/ARGOSJ8_IA/ARGOSJ8_IA_/install/argj801_sensors_msgs:/home/rhobtor/PHD/ARGOSJ8_IA/ARGOSJ8_IA_/install/argj801_ctl_platform:/home/rhobtor/PHD/ARGOSJ8_IA/ARGOSJ8_IA_/install/argj801_ctl_platform_interfaces:/home/rhobtor/PHD/model_terrain_ugv/Model_terrain_ugv/install/model_terrain_cpp:/home/rhobtor/PHD/path_dem/install_navigation/path_dem:/home/rhobtor/PHD/path_dem/install/path_dem:/home/rhobtor/PHD/install_global_belief_final/path_dem:/home/rhobtor/PHD/ARGOSJ8_IA/ARGOSJ8_IA_/install/car:/home/rhobtor/PHD/ARGOSJ8_IA/ARGOSJ8_IA_/install/ntrip_client:/home/rhobtor/PHD/ARGOSJ8_IA/ARGOSJ8_IA_/install/j8_gui:/home/rhobtor/PHD/ARGOSJ8_IA/ARGOSJ8_IA_/install/gui:/home/rhobtor/PHD/ARGOSJ8_IA/ARGOSJ8_IA_/install/android_ros2_server:/home/rhobtor/PHD/ARGOSJ8_IA/ARGOSJ8_IA_/install/GUI_pkg:/home/rhobtor/PHD/model_terrain_ugv/Model_terrain_ugv/install/model_terrain:/opt/ros/humble LD_LIBRARY_PATH=/home/rhobtor/PHD/j8_control/J8_control/install/car_interfaces/lib:${LD_LIBRARY_PATH} PYTHONPATH=/home/rhobtor/PHD/j8_control/J8_control/install/car_interfaces/local/lib/python3.10/dist-packages:${PYTHONPATH} /usr/bin/cmake /home/rhobtor/PHD/j8_control/J8_control/src/car_cpp -DCMAKE_INSTALL_PREFIX=/home/rhobtor/PHD/j8_control/J8_control/install/car_cpp
[2.010s] -- The C compiler identification is GNU 11.4.0
[2.010s] -- The CXX compiler identification is GNU 11.4.0
[2.010s] -- Detecting C compiler ABI info
[2.010s] -- Detecting C compiler ABI info - done
[2.010s] -- Check for working C compiler: /usr/bin/cc - skipped
[2.010s] -- Detecting C compile features
[2.010s] -- Detecting C compile features - done
[2.010s] -- Detecting CXX compiler ABI info
[2.010s] -- Detecting CXX compiler ABI info - done
[2.010s] -- Check for working CXX compiler: /usr/bin/c++ - skipped
[2.010s] -- Detecting CXX compile features
[2.010s] -- Detecting CXX compile features - done
[2.010s] -- Found ament_cmake: 1.3.14 (/opt/ros/humble/share/ament_cmake/cmake)
[2.248s] -- Found Python3: /usr/bin/python3 (found version "3.10.12") found components: Interpreter 
[2.658s] -- Found rclcpp: 16.0.19 (/opt/ros/humble/share/rclcpp/cmake)
[2.832s] -- Found rosidl_generator_c: 3.1.9 (/opt/ros/humble/share/rosidl_generator_c/cmake)
[2.861s] -- Found rosidl_adapter: 3.1.9 (/opt/ros/humble/share/rosidl_adapter/cmake)
[2.908s] -- Found rosidl_generator_cpp: 3.1.9 (/opt/ros/humble/share/rosidl_generator_cpp/cmake)
[2.948s] -- Using all available rosidl_typesupport_c: rosidl_typesupport_fastrtps_c;rosidl_typesupport_introspection_c
[3.024s] -- Using all available rosidl_typesupport_cpp: rosidl_typesupport_fastrtps_cpp;rosidl_typesupport_introspection_cpp
[3.251s] -- Found rmw_implementation_cmake: 6.1.3 (/opt/ros/humble/share/rmw_implementation_cmake/cmake)
[3.271s] -- Found rmw_fastrtps_cpp: 6.2.10 (/opt/ros/humble/share/rmw_fastrtps_cpp/cmake)
[3.623s] -- Found OpenSSL: /usr/lib/x86_64-linux-gnu/libcrypto.so (found version "3.0.2")  
[3.768s] -- Found FastRTPS: /opt/ros/humble/include  
[3.952s] -- Using RMW implementation 'rmw_fastrtps_cpp' as default
[4.022s] -- Looking for pthread.h
[4.292s] -- Looking for pthread.h - found
[4.293s] -- Performing Test CMAKE_HAVE_LIBC_PTHREAD
[4.571s] -- Performing Test CMAKE_HAVE_LIBC_PTHREAD - Success
[4.572s] -- Found Threads: TRUE  
[4.843s] -- Found gazebo_ros: 3.9.0 (/opt/ros/humble/share/gazebo_ros/cmake)
[4.897s] -- Found PkgConfig: /usr/bin/pkg-config (found version "0.29.2") 
[4.906s] -- Checking for module 'bullet>=2.82'
[4.967s] --   Found bullet, version 3.05
[5.391s] -- Found fcl: /usr/include (found suitable version "0.7.0", minimum required is "0.5.0") 
[5.594s] -- Found assimp: /usr/include (found version "5.2.0") 
[5.662s] -- Found DART: /usr/include (Required is at least version "6.6") found components: dart 
[5.744s] -- Found Boost: /usr/lib/x86_64-linux-gnu/cmake/Boost-1.74.0/BoostConfig.cmake (found suitable version "1.74.0", minimum required is "1.40.0") found components: thread system filesystem program_options regex iostreams date_time 
[5.775s] -- Found Protobuf: /usr/lib/x86_64-linux-gnu/libprotobuf.so (found version "3.12.4") 
[5.789s] -- Looking for ignition-math6 -- found version 6.17.0
[5.803s] -- Searching for dependencies of ignition-math6
[5.806s] -- Looking for OGRE...
[5.807s] -- OGRE_PREFIX_WATCH changed.
[5.817s] -- Checking for module 'OGRE'
[5.867s] --   Found OGRE, version 1.9.0
[5.967s] -- Found Ogre Ghadamon (1.9.0)
[6.016s] -- Found OGRE: optimized;/usr/lib/x86_64-linux-gnu/libOgreMain.so;debug;/usr/lib/x86_64-linux-gnu/libOgreMain.so
[6.043s] -- Looking for OGRE_Paging...
[6.103s] -- Found OGRE_Paging: optimized;/usr/lib/x86_64-linux-gnu/libOgrePaging.so;debug;/usr/lib/x86_64-linux-gnu/libOgrePaging.so
[6.103s] -- Looking for OGRE_Terrain...
[6.161s] -- Found OGRE_Terrain: optimized;/usr/lib/x86_64-linux-gnu/libOgreTerrain.so;debug;/usr/lib/x86_64-linux-gnu/libOgreTerrain.so
[6.166s] -- Looking for OGRE_Property...
[6.191s] -- Found OGRE_Property: optimized;/usr/lib/x86_64-linux-gnu/libOgreProperty.so;debug;/usr/lib/x86_64-linux-gnu/libOgreProperty.so
[6.191s] -- Looking for OGRE_RTShaderSystem...
[6.232s] -- Found OGRE_RTShaderSystem: optimized;/usr/lib/x86_64-linux-gnu/libOgreRTShaderSystem.so;debug;/usr/lib/x86_64-linux-gnu/libOgreRTShaderSystem.so
[6.233s] -- Looking for OGRE_Volume...
[6.264s] -- Found OGRE_Volume: optimized;/usr/lib/x86_64-linux-gnu/libOgreVolume.so;debug;/usr/lib/x86_64-linux-gnu/libOgreVolume.so
[6.265s] -- Looking for OGRE_Overlay...
[6.298s] -- Found OGRE_Overlay: optimized;/usr/lib/x86_64-linux-gnu/libOgreOverlay.so;debug;/usr/lib/x86_64-linux-gnu/libOgreOverlay.so
[6.823s] -- Looking for ignition-math6 -- found version 6.17.0
[6.832s] -- Looking for ignition-transport8 -- found version 8.2.1
[6.832s] -- Searching for dependencies of ignition-transport8
[6.860s] -- Found Protobuf: /usr/lib/x86_64-linux-gnu/libprotobuf.so (found suitable version "3.12.4", minimum required is "3") 
[6.889s] -- Config-file not installed for ZeroMQ -- checking for pkg-config
[6.898s] -- Checking for module 'libzmq >= 4'
[6.936s] --   Found libzmq , version 4.3.4
[7.043s] -- Found ZeroMQ: TRUE (Required is at least version "4") 
[7.051s] -- Checking for module 'uuid'
[7.087s] --   Found uuid, version 2.37.2
[7.171s] -- Found UUID: TRUE  
[7.178s] -- Looking for ignition-msgs5 -- found version 5.8.1
[7.178s] -- Searching for dependencies of ignition-msgs5
[7.222s] -- Looking for ignition-math6 -- found version 6.17.0
[7.224s] -- Checking for module 'tinyxml2'
[7.252s] --   Found tinyxml2, version 9.0.0
[7.329s] -- Looking for ignition-msgs5 -- found version 5.8.1
[7.339s] -- Looking for ignition-common3 -- found version 3.14.0
[7.340s] -- Searching for dependencies of ignition-common3
[7.341s] -- Looking for dlfcn.h - found
[7.343s] -- Looking for libdl - found
[7.345s] -- Found DL: TRUE  
[7.377s] -- Found tinyobjloader: /usr/lib/x86_64-linux-gnu/cmake/tinyobjloader/tinyobjloader-config.cmake (found version "2.0.0") 
[7.380s] -- Searching for <ignition-common3> component [graphics]
[7.385s] -- Looking for ignition-common3-graphics -- found version 3.14.0
[7.385s] -- Searching for dependencies of ignition-common3-graphics
[7.385s] -- Looking for ignition-math6 -- found version 6.17.0
[7.392s] -- Looking for ignition-fuel_tools4 -- found version 4.4.0
[7.393s] -- Searching for dependencies of ignition-fuel_tools4
[7.571s] -- Found CURL: /usr/lib/x86_64-linux-gnu/libcurl.so (found version "7.81.0")  
[7.590s] -- Checking for module 'jsoncpp'
[7.635s] --   Found jsoncpp, version 1.9.5
[7.752s] -- Found JSONCPP: TRUE  
[7.763s] -- Checking for module 'libzip'
[7.799s] --   Found libzip, version 1.7.3
[7.890s] -- Found ZIP: TRUE  
[7.890s] -- Looking for ignition-common3 -- found version 3.14.0
[7.891s] -- Looking for ignition-math6 -- found version 6.17.0
[7.891s] -- Looking for ignition-msgs5 -- found version 5.8.1
[7.898s] -- Gazebo version: 11.10
[7.901s] -- Checking for module 'tbb'
[7.924s] --   Found tbb, version 2021.5.0
[8.018s] -- Found pluginlib: 5.1.4 (/opt/ros/humble/share/pluginlib/cmake)
[8.092s] -- Found geometry_msgs: 4.9.2 (/opt/ros/humble/share/geometry_msgs/cmake)
[8.117s] -- Found sensor_msgs: 4.9.2 (/opt/ros/humble/share/sensor_msgs/cmake)
[8.170s] -- Found pcl_conversions: 2.4.5 (/opt/ros/humble/share/pcl_conversions/cmake)
[8.283s] -- Checking for module 'eigen3'
[8.307s] --   Found eigen3, version 3.4.0
[8.396s] -- Found Eigen: /usr/include/eigen3 (Required is at least version "3.1") 
[8.396s] -- Eigen found (include: /usr/include/eigen3, version: 3.4.0)
[8.465s] -- Checking for module 'flann'
[8.511s] --   Found flann, version 1.9.1
[8.648s] -- Found FLANN: /usr/lib/x86_64-linux-gnu/libflann_cpp.so  
[8.649s] -- FLANN found (include: /usr/include, lib: /usr/lib/x86_64-linux-gnu/libflann_cpp.so)
[10.925s] -- Checking for module 'libusb-1.0'
[10.957s] --   Found libusb-1.0, version 1.0.25
[11.055s] -- Found libusb: /usr/lib/x86_64-linux-gnu/libusb-1.0.so  
[11.057s] -- OpenNI found (version: 1.5.4.0, include: /usr/include/ni, lib: /usr/lib/libOpenNI.so;libusb::libusb)
[11.240s] -- OpenNI2 found (version: 2.2.0.33, include: /usr/include/openni2, lib: /usr/lib/x86_64-linux-gnu/libOpenNI2.so;libusb::libusb)
[11.543s] -- Eigen found (include: /usr/include/eigen3, version: 3.4.0)
[11.551s] -- OpenNI found (version: 1.5.4.0, include: /usr/include/ni, lib: /usr/lib/libOpenNI.so;libusb::libusb)
[11.560s] -- OpenNI2 found (version: 2.2.0.33, include: /usr/include/openni2, lib: /usr/lib/x86_64-linux-gnu/libOpenNI2.so;libusb::libusb)
[11.799s] -- Found Qhull version 8.0.2
[12.075s] -- OpenNI found (version: 1.5.4.0, include: /usr/include/ni, lib: /usr/lib/libOpenNI.so;libusb::libusb)
[12.317s] -- Found PCL_COMMON: /usr/lib/x86_64-linux-gnu/libpcl_common.so  
[12.319s] -- Found PCL_KDTREE: /usr/lib/x86_64-linux-gnu/libpcl_kdtree.so  
[12.320s] -- Found PCL_OCTREE: /usr/lib/x86_64-linux-gnu/libpcl_octree.so  
[12.322s] -- Found PCL_SEARCH: /usr/lib/x86_64-linux-gnu/libpcl_search.so  
[12.323s] -- Found PCL_SAMPLE_CONSENSUS: /usr/lib/x86_64-linux-gnu/libpcl_sample_consensus.so  
[12.324s] -- Found PCL_FILTERS: /usr/lib/x86_64-linux-gnu/libpcl_filters.so  
[12.325s] -- Found PCL_2D: /usr/include/pcl-1.12  
[12.325s] -- Found PCL_GEOMETRY: /usr/include/pcl-1.12  
[12.326s] -- Found PCL_IO: /usr/lib/x86_64-linux-gnu/libpcl_io.so  
[12.327s] -- Found PCL_FEATURES: /usr/lib/x86_64-linux-gnu/libpcl_features.so  
[12.328s] -- Found PCL_ML: /usr/lib/x86_64-linux-gnu/libpcl_ml.so  
[12.329s] -- Found PCL_SEGMENTATION: /usr/lib/x86_64-linux-gnu/libpcl_segmentation.so  
[12.330s] -- Found PCL_VISUALIZATION: /usr/lib/x86_64-linux-gnu/libpcl_visualization.so  
[12.332s] -- Found PCL_SURFACE: /usr/lib/x86_64-linux-gnu/libpcl_surface.so  
[12.333s] -- Found PCL_REGISTRATION: /usr/lib/x86_64-linux-gnu/libpcl_registration.so  
[12.334s] -- Found PCL_KEYPOINTS: /usr/lib/x86_64-linux-gnu/libpcl_keypoints.so  
[12.335s] -- Found PCL_TRACKING: /usr/lib/x86_64-linux-gnu/libpcl_tracking.so  
[12.338s] -- Found PCL_RECOGNITION: /usr/lib/x86_64-linux-gnu/libpcl_recognition.so  
[12.338s] -- Found PCL_STEREO: /usr/lib/x86_64-linux-gnu/libpcl_stereo.so  
[12.338s] -- Found PCL_APPS: /usr/lib/x86_64-linux-gnu/libpcl_apps.so  
[12.339s] -- Found PCL_IN_HAND_SCANNER: /usr/include/pcl-1.12  
[12.339s] -- Found PCL_MODELER: /usr/include/pcl-1.12  
[12.340s] -- Found PCL_POINT_CLOUD_EDITOR: /usr/include/pcl-1.12  
[12.341s] -- Found PCL_OUTOFCORE: /usr/lib/x86_64-linux-gnu/libpcl_outofcore.so  
[12.346s] -- Found PCL_PEOPLE: /usr/lib/x86_64-linux-gnu/libpcl_people.so  
[12.349s] -- Found visualization_msgs: 4.9.2 (/opt/ros/humble/share/visualization_msgs/cmake)
[12.373s] -- Found nav_msgs: 4.9.2 (/opt/ros/humble/share/nav_msgs/cmake)
[12.391s] -- Found std_srvs: 4.9.2 (/opt/ros/humble/share/std_srvs/cmake)
[12.403s] -- Found geographic_msgs: 1.0.6 (/opt/ros/humble/share/geographic_msgs/cmake)
[12.439s] -- Found tf2: 0.25.22 (/opt/ros/humble/share/tf2/cmake)
[12.447s] -- Found tf2_ros: 0.25.22 (/opt/ros/humble/share/tf2_ros/cmake)
[12.539s] -- Found tf2_geometry_msgs: 0.25.22 (/opt/ros/humble/share/tf2_geometry_msgs/cmake)
[12.562s] -- Found eigen3_cmake_module: 0.1.1 (/opt/ros/humble/share/eigen3_cmake_module/cmake)
[12.563s] -- Found Eigen3: TRUE (found version "3.4.0") 
[12.564s] -- Ensuring Eigen3 include directory is part of orocos-kdl CMake target
[12.564s] -- Looking for ignition-math6 -- found version 6.17.0
[12.564s] -- Looking for ignition-common3 -- found version 3.14.0
[12.569s] -- Found car_interfaces: 0.0.0 (/home/rhobtor/PHD/j8_control/J8_control/install/car_interfaces/share/car_interfaces/cmake)
[12.582s] -- Found grid_map_ros: 2.0.1 (/opt/ros/humble/share/grid_map_ros/cmake)
[12.706s] -- Found OpenCV: /usr (found version "4.5.4") found components: core imgproc ximgproc videoio 
[12.942s] -- Configuring done
[13.049s] -- Generating done
[13.097s] -- Build files have been written to: /home/rhobtor/PHD/j8_control/J8_control/build/car_cpp
[13.146s] Invoked command in '/home/rhobtor/PHD/j8_control/J8_control/build/car_cpp' returned '0': AMENT_PREFIX_PATH=/home/rhobtor/PHD/j8_control/J8_control/install/car_interfaces:${AMENT_PREFIX_PATH} CMAKE_PREFIX_PATH=/home/rhobtor/PHD/j8_control/J8_control/install/car_interfaces:/home/rhobtor/PHD/ARGOSJ8_IA/ARGOSJ8_IA_/install/wiimote_msgs:/home/rhobtor/PHD/ARGOSJ8_IA/ARGOSJ8_IA_/install/ublox:/home/rhobtor/PHD/ARGOSJ8_IA/ARGOSJ8_IA_/install/ublox_gps:/home/rhobtor/PHD/ARGOSJ8_IA/ARGOSJ8_IA_/install/security_check:/home/rhobtor/PHD/ARGOSJ8_IA/ARGOSJ8_IA_/install/ctl_mission:/home/rhobtor/PHD/ARGOSJ8_IA/ARGOSJ8_IA_/install/ublox_msgs:/home/rhobtor/PHD/ARGOSJ8_IA/ARGOSJ8_IA_/install/ublox_serialization:/home/rhobtor/PHD/ARGOSJ8_IA/ARGOSJ8_IA_/install/spacenav:/home/rhobtor/PHD/ARGOSJ8_IA/ARGOSJ8_IA_/install/laser_segmentation:/home/rhobtor/PHD/ARGOSJ8_IA/ARGOSJ8_IA_/install/slg_msgs:/home/rhobtor/PHD/ARGOSJ8_IA/ARGOSJ8_IA_/install/security_check_interfaces:/home/rhobtor/PHD/ARGOSJ8_IA/ARGOSJ8_IA_/install/joy:/home/rhobtor/PHD/ARGOSJ8_IA/ARGOSJ8_IA_/install/sdl2_vendor:/home/rhobtor/PHD/ARGOSJ8_IA/ARGOSJ8_IA_/install/path_manager:/home/rhobtor/PHD/ARGOSJ8_IA/ARGOSJ8_IA_/install/path_manager_interfaces:/home/rhobtor/PHD/ARGOSJ8_IA/ARGOSJ8_IA_/install/joy_linux:/home/rhobtor/PHD/ARGOSJ8_IA/ARGOSJ8_IA_/install/j8_xacro_model:/home/rhobtor/PHD/ARGOSJ8_IA/ARGOSJ8_IA_/install/hikmicro_thermal_camera:/home/rhobtor/PHD/ARGOSJ8_IA/ARGOSJ8_IA_/install/hector_gazebo_plugins:/home/rhobtor/PHD/ARGOSJ8_IA/ARGOSJ8_IA_/install/fixposition_sensor_pkg:/home/rhobtor/PHD/ARGOSJ8_IA/ARGOSJ8_IA_/install/fixposition_odometry_converter_ros2:/home/rhobtor/PHD/ARGOSJ8_IA/ARGOSJ8_IA_/install/fixposition_driver_ros2:/home/rhobtor/PHD/ARGOSJ8_IA/ARGOSJ8_IA_/install/fixposition_driver_lib:/home/rhobtor/PHD/ARGOSJ8_IA/ARGOSJ8_IA_/install/fixposition_gnss_tf:/home/rhobtor/PHD/ARGOSJ8_IA/ARGOSJ8_IA_/install/ctl_mission_interfaces:/home/rhobtor/PHD/ARGOSJ8_IA/ARGOSJ8_IA_/install/car_cpp:/home/rhobtor/PHD/ARGOSJ8_IA/ARGOSJ8_IA_/install/car_interfaces:/home/rhobtor/PHD/ARGOSJ8_IA/ARGOSJ8_IA_/install/argj801_setup:/home/rhobtor/PHD/ARGOSJ8_IA/ARGOSJ8_IA_/install/argj801_sensors:/home/rhobtor/PHD/ARGOSJ8_IA/ARGOSJ8_IA_/install/argj801_sensors_msgs:/home/rhobtor/PHD/ARGOSJ8_IA/ARGOSJ8_IA_/install/argj801_ctl_platform:/home/rhobtor/PHD/ARGOSJ8_IA/ARGOSJ8_IA_/install/argj801_ctl_platform_interfaces:/home/rhobtor/PHD/model_terrain_ugv/Model_terrain_ugv/install/model_terrain_cpp:/home/rhobtor/PHD/path_dem/install_navigation/path_dem:/home/rhobtor/PHD/path_dem/install/path_dem:/home/rhobtor/PHD/install_global_belief_final/path_dem:/home/rhobtor/PHD/ARGOSJ8_IA/ARGOSJ8_IA_/install/car:/home/rhobtor/PHD/ARGOSJ8_IA/ARGOSJ8_IA_/install/ntrip_client:/home/rhobtor/PHD/ARGOSJ8_IA/ARGOSJ8_IA_/install/j8_gui:/home/rhobtor/PHD/ARGOSJ8_IA/ARGOSJ8_IA_/install/gui:/home/rhobtor/PHD/ARGOSJ8_IA/ARGOSJ8_IA_/install/android_ros2_server:/home/rhobtor/PHD/ARGOSJ8_IA/ARGOSJ8_IA_/install/GUI_pkg:/home/rhobtor/PHD/model_terrain_ugv/Model_terrain_ugv/install/model_terrain:/opt/ros/humble LD_LIBRARY_PATH=/home/rhobtor/PHD/j8_control/J8_control/install/car_interfaces/lib:${LD_LIBRARY_PATH} PYTHONPATH=/home/rhobtor/PHD/j8_control/J8_control/install/car_interfaces/local/lib/python3.10/dist-packages:${PYTHONPATH} /usr/bin/cmake /home/rhobtor/PHD/j8_control/J8_control/src/car_cpp -DCMAKE_INSTALL_PREFIX=/home/rhobtor/PHD/j8_control/J8_control/install/car_cpp
[13.151s] Invoking command in '/home/rhobtor/PHD/j8_control/J8_control/build/car_cpp': AMENT_PREFIX_PATH=/home/rhobtor/PHD/j8_control/J8_control/install/car_interfaces:${AMENT_PREFIX_PATH} CMAKE_PREFIX_PATH=/home/rhobtor/PHD/j8_control/J8_control/install/car_interfaces:/home/rhobtor/PHD/ARGOSJ8_IA/ARGOSJ8_IA_/install/wiimote_msgs:/home/rhobtor/PHD/ARGOSJ8_IA/ARGOSJ8_IA_/install/ublox:/home/rhobtor/PHD/ARGOSJ8_IA/ARGOSJ8_IA_/install/ublox_gps:/home/rhobtor/PHD/ARGOSJ8_IA/ARGOSJ8_IA_/install/security_check:/home/rhobtor/PHD/ARGOSJ8_IA/ARGOSJ8_IA_/install/ctl_mission:/home/rhobtor/PHD/ARGOSJ8_IA/ARGOSJ8_IA_/install/ublox_msgs:/home/rhobtor/PHD/ARGOSJ8_IA/ARGOSJ8_IA_/install/ublox_serialization:/home/rhobtor/PHD/ARGOSJ8_IA/ARGOSJ8_IA_/install/spacenav:/home/rhobtor/PHD/ARGOSJ8_IA/ARGOSJ8_IA_/install/laser_segmentation:/home/rhobtor/PHD/ARGOSJ8_IA/ARGOSJ8_IA_/install/slg_msgs:/home/rhobtor/PHD/ARGOSJ8_IA/ARGOSJ8_IA_/install/security_check_interfaces:/home/rhobtor/PHD/ARGOSJ8_IA/ARGOSJ8_IA_/install/joy:/home/rhobtor/PHD/ARGOSJ8_IA/ARGOSJ8_IA_/install/sdl2_vendor:/home/rhobtor/PHD/ARGOSJ8_IA/ARGOSJ8_IA_/install/path_manager:/home/rhobtor/PHD/ARGOSJ8_IA/ARGOSJ8_IA_/install/path_manager_interfaces:/home/rhobtor/PHD/ARGOSJ8_IA/ARGOSJ8_IA_/install/joy_linux:/home/rhobtor/PHD/ARGOSJ8_IA/ARGOSJ8_IA_/install/j8_xacro_model:/home/rhobtor/PHD/ARGOSJ8_IA/ARGOSJ8_IA_/install/hikmicro_thermal_camera:/home/rhobtor/PHD/ARGOSJ8_IA/ARGOSJ8_IA_/install/hector_gazebo_plugins:/home/rhobtor/PHD/ARGOSJ8_IA/ARGOSJ8_IA_/install/fixposition_sensor_pkg:/home/rhobtor/PHD/ARGOSJ8_IA/ARGOSJ8_IA_/install/fixposition_odometry_converter_ros2:/home/rhobtor/PHD/ARGOSJ8_IA/ARGOSJ8_IA_/install/fixposition_driver_ros2:/home/rhobtor/PHD/ARGOSJ8_IA/ARGOSJ8_IA_/install/fixposition_driver_lib:/home/rhobtor/PHD/ARGOSJ8_IA/ARGOSJ8_IA_/install/fixposition_gnss_tf:/home/rhobtor/PHD/ARGOSJ8_IA/ARGOSJ8_IA_/install/ctl_mission_interfaces:/home/rhobtor/PHD/ARGOSJ8_IA/ARGOSJ8_IA_/install/car_cpp:/home/rhobtor/PHD/ARGOSJ8_IA/ARGOSJ8_IA_/install/car_interfaces:/home/rhobtor/PHD/ARGOSJ8_IA/ARGOSJ8_IA_/install/argj801_setup:/home/rhobtor/PHD/ARGOSJ8_IA/ARGOSJ8_IA_/install/argj801_sensors:/home/rhobtor/PHD/ARGOSJ8_IA/ARGOSJ8_IA_/install/argj801_sensors_msgs:/home/rhobtor/PHD/ARGOSJ8_IA/ARGOSJ8_IA_/install/argj801_ctl_platform:/home/rhobtor/PHD/ARGOSJ8_IA/ARGOSJ8_IA_/install/argj801_ctl_platform_interfaces:/home/rhobtor/PHD/model_terrain_ugv/Model_terrain_ugv/install/model_terrain_cpp:/home/rhobtor/PHD/path_dem/install_navigation/path_dem:/home/rhobtor/PHD/path_dem/install/path_dem:/home/rhobtor/PHD/install_global_belief_final/path_dem:/home/rhobtor/PHD/ARGOSJ8_IA/ARGOSJ8_IA_/install/car:/home/rhobtor/PHD/ARGOSJ8_IA/ARGOSJ8_IA_/install/ntrip_client:/home/rhobtor/PHD/ARGOSJ8_IA/ARGOSJ8_IA_/install/j8_gui:/home/rhobtor/PHD/ARGOSJ8_IA/ARGOSJ8_IA_/install/gui:/home/rhobtor/PHD/ARGOSJ8_IA/ARGOSJ8_IA_/install/android_ros2_server:/home/rhobtor/PHD/ARGOSJ8_IA/ARGOSJ8_IA_/install/GUI_pkg:/home/rhobtor/PHD/model_terrain_ugv/Model_terrain_ugv/install/model_terrain:/opt/ros/humble LD_LIBRARY_PATH=/home/rhobtor/PHD/j8_control/J8_control/install/car_interfaces/lib:${LD_LIBRARY_PATH} PYTHONPATH=/home/rhobtor/PHD/j8_control/J8_control/install/car_interfaces/local/lib/python3.10/dist-packages:${PYTHONPATH} /usr/bin/cmake --build /home/rhobtor/PHD/j8_control/J8_control/build/car_cpp -- -j20 -l20
[13.247s] [  5%] [32mBuilding CXX object CMakeFiles/frontier_values.dir/src/frontier_values.cpp.o[0m
[24.366s] [ 11%] [32m[1mLinking CXX executable frontier_values[0m
[24.839s] [ 11%] Built target frontier_values
[24.868s] [ 16%] [32mBuilding CXX object CMakeFiles/move_plugin.dir/src/move_object.cpp.o[0m
[34.630s] [ 22%] [32m[1mLinking CXX shared library libmove_plugin.so[0m
[34.889s] [ 22%] Built target move_plugin
[34.910s] [ 27%] [32mBuilding CXX object CMakeFiles/drive_plugin.dir/src/diffdrive_plugin_multi_wheel.cpp.o[0m
[48.473s] [ 33%] [32m[1mLinking CXX shared library libdrive_plugin.so[0m
[49.273s] [ 33%] Built target drive_plugin
[49.297s] [ 38%] [32mBuilding CXX object CMakeFiles/joints_plugin.dir/src/joints.cpp.o[0m
[58.240s] [ 44%] [32m[1mLinking CXX shared library libjoints_plugin.so[0m
[58.764s] [ 44%] Built target joints_plugin
[58.787s] [ 50%] [32mBuilding CXX object CMakeFiles/termical_camera_ffmpeg_pipe.dir/src/termical_hikmicro_ffmpeg_pipe.cpp.o[0m
[58.790s] [ 55%] [32mBuilding CXX object CMakeFiles/termical_camera.dir/src/termical_hikmicro.cpp.o[0m
[61.783s] [ 61%] [32m[1mLinking CXX executable termical_camera_ffmpeg_pipe[0m
[61.936s] [ 61%] Built target termical_camera_ffmpeg_pipe
[61.958s] [ 72%] [32mBuilding CXX object CMakeFiles/voxel_grid_node.dir/src/voxel_grid_node.cpp.o[0m
[61.958s] [ 72%] [32mBuilding CXX object CMakeFiles/velodyne_noise_filter_node.dir/src/velodyne_noise_filter_node.cpp.o[0m
[61.965s] [ 77%] [32mBuilding CXX object CMakeFiles/check_goal.dir/src/check_goal.cpp.o[0m
[63.225s] [ 83%] [32m[1mLinking CXX executable termical_camera[0m
[63.759s] [ 83%] Built target termical_camera
[68.837s] [ 88%] [32m[1mLinking CXX executable voxel_grid_node[0m
[69.173s] [ 88%] Built target voxel_grid_node
[69.565s] [ 94%] [32m[1mLinking CXX executable velodyne_noise_filter_node[0m
[70.066s] [ 94%] Built target velodyne_noise_filter_node
[71.361s] [100%] [32m[1mLinking CXX executable check_goal[0m
[72.018s] [100%] Built target check_goal
[72.030s] Invoked command in '/home/rhobtor/PHD/j8_control/J8_control/build/car_cpp' returned '0': AMENT_PREFIX_PATH=/home/rhobtor/PHD/j8_control/J8_control/install/car_interfaces:${AMENT_PREFIX_PATH} CMAKE_PREFIX_PATH=/home/rhobtor/PHD/j8_control/J8_control/install/car_interfaces:/home/rhobtor/PHD/ARGOSJ8_IA/ARGOSJ8_IA_/install/wiimote_msgs:/home/rhobtor/PHD/ARGOSJ8_IA/ARGOSJ8_IA_/install/ublox:/home/rhobtor/PHD/ARGOSJ8_IA/ARGOSJ8_IA_/install/ublox_gps:/home/rhobtor/PHD/ARGOSJ8_IA/ARGOSJ8_IA_/install/security_check:/home/rhobtor/PHD/ARGOSJ8_IA/ARGOSJ8_IA_/install/ctl_mission:/home/rhobtor/PHD/ARGOSJ8_IA/ARGOSJ8_IA_/install/ublox_msgs:/home/rhobtor/PHD/ARGOSJ8_IA/ARGOSJ8_IA_/install/ublox_serialization:/home/rhobtor/PHD/ARGOSJ8_IA/ARGOSJ8_IA_/install/spacenav:/home/rhobtor/PHD/ARGOSJ8_IA/ARGOSJ8_IA_/install/laser_segmentation:/home/rhobtor/PHD/ARGOSJ8_IA/ARGOSJ8_IA_/install/slg_msgs:/home/rhobtor/PHD/ARGOSJ8_IA/ARGOSJ8_IA_/install/security_check_interfaces:/home/rhobtor/PHD/ARGOSJ8_IA/ARGOSJ8_IA_/install/joy:/home/rhobtor/PHD/ARGOSJ8_IA/ARGOSJ8_IA_/install/sdl2_vendor:/home/rhobtor/PHD/ARGOSJ8_IA/ARGOSJ8_IA_/install/path_manager:/home/rhobtor/PHD/ARGOSJ8_IA/ARGOSJ8_IA_/install/path_manager_interfaces:/home/rhobtor/PHD/ARGOSJ8_IA/ARGOSJ8_IA_/install/joy_linux:/home/rhobtor/PHD/ARGOSJ8_IA/ARGOSJ8_IA_/install/j8_xacro_model:/home/rhobtor/PHD/ARGOSJ8_IA/ARGOSJ8_IA_/install/hikmicro_thermal_camera:/home/rhobtor/PHD/ARGOSJ8_IA/ARGOSJ8_IA_/install/hector_gazebo_plugins:/home/rhobtor/PHD/ARGOSJ8_IA/ARGOSJ8_IA_/install/fixposition_sensor_pkg:/home/rhobtor/PHD/ARGOSJ8_IA/ARGOSJ8_IA_/install/fixposition_odometry_converter_ros2:/home/rhobtor/PHD/ARGOSJ8_IA/ARGOSJ8_IA_/install/fixposition_driver_ros2:/home/rhobtor/PHD/ARGOSJ8_IA/ARGOSJ8_IA_/install/fixposition_driver_lib:/home/rhobtor/PHD/ARGOSJ8_IA/ARGOSJ8_IA_/install/fixposition_gnss_tf:/home/rhobtor/PHD/ARGOSJ8_IA/ARGOSJ8_IA_/install/ctl_mission_interfaces:/home/rhobtor/PHD/ARGOSJ8_IA/ARGOSJ8_IA_/install/car_cpp:/home/rhobtor/PHD/ARGOSJ8_IA/ARGOSJ8_IA_/install/car_interfaces:/home/rhobtor/PHD/ARGOSJ8_IA/ARGOSJ8_IA_/install/argj801_setup:/home/rhobtor/PHD/ARGOSJ8_IA/ARGOSJ8_IA_/install/argj801_sensors:/home/rhobtor/PHD/ARGOSJ8_IA/ARGOSJ8_IA_/install/argj801_sensors_msgs:/home/rhobtor/PHD/ARGOSJ8_IA/ARGOSJ8_IA_/install/argj801_ctl_platform:/home/rhobtor/PHD/ARGOSJ8_IA/ARGOSJ8_IA_/install/argj801_ctl_platform_interfaces:/home/rhobtor/PHD/model_terrain_ugv/Model_terrain_ugv/install/model_terrain_cpp:/home/rhobtor/PHD/path_dem/install_navigation/path_dem:/home/rhobtor/PHD/path_dem/install/path_dem:/home/rhobtor/PHD/install_global_belief_final/path_dem:/home/rhobtor/PHD/ARGOSJ8_IA/ARGOSJ8_IA_/install/car:/home/rhobtor/PHD/ARGOSJ8_IA/ARGOSJ8_IA_/install/ntrip_client:/home/rhobtor/PHD/ARGOSJ8_IA/ARGOSJ8_IA_/install/j8_gui:/home/rhobtor/PHD/ARGOSJ8_IA/ARGOSJ8_IA_/install/gui:/home/rhobtor/PHD/ARGOSJ8_IA/ARGOSJ8_IA_/install/android_ros2_server:/home/rhobtor/PHD/ARGOSJ8_IA/ARGOSJ8_IA_/install/GUI_pkg:/home/rhobtor/PHD/model_terrain_ugv/Model_terrain_ugv/install/model_terrain:/opt/ros/humble LD_LIBRARY_PATH=/home/rhobtor/PHD/j8_control/J8_control/install/car_interfaces/lib:${LD_LIBRARY_PATH} PYTHONPATH=/home/rhobtor/PHD/j8_control/J8_control/install/car_interfaces/local/lib/python3.10/dist-packages:${PYTHONPATH} /usr/bin/cmake --build /home/rhobtor/PHD/j8_control/J8_control/build/car_cpp -- -j20 -l20
[72.032s] Invoking command in '/home/rhobtor/PHD/j8_control/J8_control/build/car_cpp': AMENT_PREFIX_PATH=/home/rhobtor/PHD/j8_control/J8_control/install/car_interfaces:${AMENT_PREFIX_PATH} CMAKE_PREFIX_PATH=/home/rhobtor/PHD/j8_control/J8_control/install/car_interfaces:/home/rhobtor/PHD/ARGOSJ8_IA/ARGOSJ8_IA_/install/wiimote_msgs:/home/rhobtor/PHD/ARGOSJ8_IA/ARGOSJ8_IA_/install/ublox:/home/rhobtor/PHD/ARGOSJ8_IA/ARGOSJ8_IA_/install/ublox_gps:/home/rhobtor/PHD/ARGOSJ8_IA/ARGOSJ8_IA_/install/security_check:/home/rhobtor/PHD/ARGOSJ8_IA/ARGOSJ8_IA_/install/ctl_mission:/home/rhobtor/PHD/ARGOSJ8_IA/ARGOSJ8_IA_/install/ublox_msgs:/home/rhobtor/PHD/ARGOSJ8_IA/ARGOSJ8_IA_/install/ublox_serialization:/home/rhobtor/PHD/ARGOSJ8_IA/ARGOSJ8_IA_/install/spacenav:/home/rhobtor/PHD/ARGOSJ8_IA/ARGOSJ8_IA_/install/laser_segmentation:/home/rhobtor/PHD/ARGOSJ8_IA/ARGOSJ8_IA_/install/slg_msgs:/home/rhobtor/PHD/ARGOSJ8_IA/ARGOSJ8_IA_/install/security_check_interfaces:/home/rhobtor/PHD/ARGOSJ8_IA/ARGOSJ8_IA_/install/joy:/home/rhobtor/PHD/ARGOSJ8_IA/ARGOSJ8_IA_/install/sdl2_vendor:/home/rhobtor/PHD/ARGOSJ8_IA/ARGOSJ8_IA_/install/path_manager:/home/rhobtor/PHD/ARGOSJ8_IA/ARGOSJ8_IA_/install/path_manager_interfaces:/home/rhobtor/PHD/ARGOSJ8_IA/ARGOSJ8_IA_/install/joy_linux:/home/rhobtor/PHD/ARGOSJ8_IA/ARGOSJ8_IA_/install/j8_xacro_model:/home/rhobtor/PHD/ARGOSJ8_IA/ARGOSJ8_IA_/install/hikmicro_thermal_camera:/home/rhobtor/PHD/ARGOSJ8_IA/ARGOSJ8_IA_/install/hector_gazebo_plugins:/home/rhobtor/PHD/ARGOSJ8_IA/ARGOSJ8_IA_/install/fixposition_sensor_pkg:/home/rhobtor/PHD/ARGOSJ8_IA/ARGOSJ8_IA_/install/fixposition_odometry_converter_ros2:/home/rhobtor/PHD/ARGOSJ8_IA/ARGOSJ8_IA_/install/fixposition_driver_ros2:/home/rhobtor/PHD/ARGOSJ8_IA/ARGOSJ8_IA_/install/fixposition_driver_lib:/home/rhobtor/PHD/ARGOSJ8_IA/ARGOSJ8_IA_/install/fixposition_gnss_tf:/home/rhobtor/PHD/ARGOSJ8_IA/ARGOSJ8_IA_/install/ctl_mission_interfaces:/home/rhobtor/PHD/ARGOSJ8_IA/ARGOSJ8_IA_/install/car_cpp:/home/rhobtor/PHD/ARGOSJ8_IA/ARGOSJ8_IA_/install/car_interfaces:/home/rhobtor/PHD/ARGOSJ8_IA/ARGOSJ8_IA_/install/argj801_setup:/home/rhobtor/PHD/ARGOSJ8_IA/ARGOSJ8_IA_/install/argj801_sensors:/home/rhobtor/PHD/ARGOSJ8_IA/ARGOSJ8_IA_/install/argj801_sensors_msgs:/home/rhobtor/PHD/ARGOSJ8_IA/ARGOSJ8_IA_/install/argj801_ctl_platform:/home/rhobtor/PHD/ARGOSJ8_IA/ARGOSJ8_IA_/install/argj801_ctl_platform_interfaces:/home/rhobtor/PHD/model_terrain_ugv/Model_terrain_ugv/install/model_terrain_cpp:/home/rhobtor/PHD/path_dem/install_navigation/path_dem:/home/rhobtor/PHD/path_dem/install/path_dem:/home/rhobtor/PHD/install_global_belief_final/path_dem:/home/rhobtor/PHD/ARGOSJ8_IA/ARGOSJ8_IA_/install/car:/home/rhobtor/PHD/ARGOSJ8_IA/ARGOSJ8_IA_/install/ntrip_client:/home/rhobtor/PHD/ARGOSJ8_IA/ARGOSJ8_IA_/install/j8_gui:/home/rhobtor/PHD/ARGOSJ8_IA/ARGOSJ8_IA_/install/gui:/home/rhobtor/PHD/ARGOSJ8_IA/ARGOSJ8_IA_/install/android_ros2_server:/home/rhobtor/PHD/ARGOSJ8_IA/ARGOSJ8_IA_/install/GUI_pkg:/home/rhobtor/PHD/model_terrain_ugv/Model_terrain_ugv/install/model_terrain:/opt/ros/humble LD_LIBRARY_PATH=/home/rhobtor/PHD/j8_control/J8_control/install/car_interfaces/lib:${LD_LIBRARY_PATH} PYTHONPATH=/home/rhobtor/PHD/j8_control/J8_control/install/car_interfaces/local/lib/python3.10/dist-packages:${PYTHONPATH} /usr/bin/cmake --install /home/rhobtor/PHD/j8_control/J8_control/build/car_cpp
[72.041s] -- Install configuration: ""
[72.042s] -- Installing: /home/rhobtor/PHD/j8_control/J8_control/install/car_cpp/lib/car_cpp/frontier_values
[72.047s] -- Set runtime path of "/home/rhobtor/PHD/j8_control/J8_control/install/car_cpp/lib/car_cpp/frontier_values" to ""
[72.047s] -- Installing: /home/rhobtor/PHD/j8_control/J8_control/install/car_cpp/lib/car_cpp/check_goal
[72.052s] -- Set runtime path of "/home/rhobtor/PHD/j8_control/J8_control/install/car_cpp/lib/car_cpp/check_goal" to ""
[72.052s] -- Installing: /home/rhobtor/PHD/j8_control/J8_control/install/car_cpp/lib/car_cpp/voxel_grid_node
[72.056s] -- Set runtime path of "/home/rhobtor/PHD/j8_control/J8_control/install/car_cpp/lib/car_cpp/voxel_grid_node" to ""
[72.056s] -- Installing: /home/rhobtor/PHD/j8_control/J8_control/install/car_cpp/lib/car_cpp/velodyne_noise_filter_node
[72.061s] -- Set runtime path of "/home/rhobtor/PHD/j8_control/J8_control/install/car_cpp/lib/car_cpp/velodyne_noise_filter_node" to ""
[72.061s] -- Installing: /home/rhobtor/PHD/j8_control/J8_control/install/car_cpp/lib/car_cpp/termical_camera
[72.062s] -- Set runtime path of "/home/rhobtor/PHD/j8_control/J8_control/install/car_cpp/lib/car_cpp/termical_camera" to ""
[72.063s] -- Installing: /home/rhobtor/PHD/j8_control/J8_control/install/car_cpp/lib/car_cpp/termical_camera_ffmpeg_pipe
[72.064s] -- Set runtime path of "/home/rhobtor/PHD/j8_control/J8_control/install/car_cpp/lib/car_cpp/termical_camera_ffmpeg_pipe" to ""
[72.064s] -- Installing: /home/rhobtor/PHD/j8_control/J8_control/install/car_cpp/lib/libmove_plugin.so
[72.067s] -- Set runtime path of "/home/rhobtor/PHD/j8_control/J8_control/install/car_cpp/lib/libmove_plugin.so" to ""
[72.067s] -- Installing: /home/rhobtor/PHD/j8_control/J8_control/install/car_cpp/lib/libdrive_plugin.so
[72.076s] -- Set runtime path of "/home/rhobtor/PHD/j8_control/J8_control/install/car_cpp/lib/libdrive_plugin.so" to ""
[72.076s] -- Installing: /home/rhobtor/PHD/j8_control/J8_control/install/car_cpp/lib/libjoints_plugin.so
[72.079s] -- Set runtime path of "/home/rhobtor/PHD/j8_control/J8_control/install/car_cpp/lib/libjoints_plugin.so" to ""
[72.079s] -- Installing: /home/rhobtor/PHD/j8_control/J8_control/install/car_cpp/include/
[72.082s] -- Installing: /home/rhobtor/PHD/j8_control/J8_control/install/car_cpp/include//control_plugin.hpp
[72.082s] -- Installing: /home/rhobtor/PHD/j8_control/J8_control/install/car_cpp/include//motion.hpp
[72.082s] -- Installing: /home/rhobtor/PHD/j8_control/J8_control/install/car_cpp/include//move_ros.hpp
[72.082s] -- Installing: /home/rhobtor/PHD/j8_control/J8_control/install/car_cpp/include//odometria.hpp
[72.082s] -- Installing: /home/rhobtor/PHD/j8_control/J8_control/install/car_cpp/include//visualization.hpp
[72.082s] -- Installing: /home/rhobtor/PHD/j8_control/J8_control/install/car_cpp/include//obstacle_detection.hpp
[72.082s] -- Installing: /home/rhobtor/PHD/j8_control/J8_control/install/car_cpp/include//utilities.hpp
[72.082s] -- Installing: /home/rhobtor/PHD/j8_control/J8_control/install/car_cpp/share/ament_index/resource_index/package_run_dependencies/car_cpp
[72.082s] -- Installing: /home/rhobtor/PHD/j8_control/J8_control/install/car_cpp/share/ament_index/resource_index/parent_prefix_path/car_cpp
[72.082s] -- Installing: /home/rhobtor/PHD/j8_control/J8_control/install/car_cpp/share/car_cpp/environment/ament_prefix_path.sh
[72.083s] -- Installing: /home/rhobtor/PHD/j8_control/J8_control/install/car_cpp/share/car_cpp/environment/ament_prefix_path.dsv
[72.083s] -- Installing: /home/rhobtor/PHD/j8_control/J8_control/install/car_cpp/share/car_cpp/environment/path.sh
[72.083s] -- Installing: /home/rhobtor/PHD/j8_control/J8_control/install/car_cpp/share/car_cpp/environment/path.dsv
[72.084s] -- Installing: /home/rhobtor/PHD/j8_control/J8_control/install/car_cpp/share/car_cpp/local_setup.bash
[72.084s] -- Installing: /home/rhobtor/PHD/j8_control/J8_control/install/car_cpp/share/car_cpp/local_setup.sh
[72.084s] -- Installing: /home/rhobtor/PHD/j8_control/J8_control/install/car_cpp/share/car_cpp/local_setup.zsh
[72.084s] -- Installing: /home/rhobtor/PHD/j8_control/J8_control/install/car_cpp/share/car_cpp/local_setup.dsv
[72.084s] -- Installing: /home/rhobtor/PHD/j8_control/J8_control/install/car_cpp/share/car_cpp/package.dsv
[72.084s] -- Installing: /home/rhobtor/PHD/j8_control/J8_control/install/car_cpp/share/ament_index/resource_index/packages/car_cpp
[72.084s] -- Installing: /home/rhobtor/PHD/j8_control/J8_control/install/car_cpp/share/car_cpp/cmake/car_cppConfig.cmake
[72.084s] -- Installing: /home/rhobtor/PHD/j8_control/J8_control/install/car_cpp/share/car_cpp/cmake/car_cppConfig-version.cmake
[72.084s] -- Installing: /home/rhobtor/PHD/j8_control/J8_control/install/car_cpp/share/car_cpp/package.xml
[72.085s] Invoked command in '/home/rhobtor/PHD/j8_control/J8_control/build/car_cpp' returned '0': AMENT_PREFIX_PATH=/home/rhobtor/PHD/j8_control/J8_control/install/car_interfaces:${AMENT_PREFIX_PATH} CMAKE_PREFIX_PATH=/home/rhobtor/PHD/j8_control/J8_control/install/car_interfaces:/home/rhobtor/PHD/ARGOSJ8_IA/ARGOSJ8_IA_/install/wiimote_msgs:/home/rhobtor/PHD/ARGOSJ8_IA/ARGOSJ8_IA_/install/ublox:/home/rhobtor/PHD/ARGOSJ8_IA/ARGOSJ8_IA_/install/ublox_gps:/home/rhobtor/PHD/ARGOSJ8_IA/ARGOSJ8_IA_/install/security_check:/home/rhobtor/PHD/ARGOSJ8_IA/ARGOSJ8_IA_/install/ctl_mission:/home/rhobtor/PHD/ARGOSJ8_IA/ARGOSJ8_IA_/install/ublox_msgs:/home/rhobtor/PHD/ARGOSJ8_IA/ARGOSJ8_IA_/install/ublox_serialization:/home/rhobtor/PHD/ARGOSJ8_IA/ARGOSJ8_IA_/install/spacenav:/home/rhobtor/PHD/ARGOSJ8_IA/ARGOSJ8_IA_/install/laser_segmentation:/home/rhobtor/PHD/ARGOSJ8_IA/ARGOSJ8_IA_/install/slg_msgs:/home/rhobtor/PHD/ARGOSJ8_IA/ARGOSJ8_IA_/install/security_check_interfaces:/home/rhobtor/PHD/ARGOSJ8_IA/ARGOSJ8_IA_/install/joy:/home/rhobtor/PHD/ARGOSJ8_IA/ARGOSJ8_IA_/install/sdl2_vendor:/home/rhobtor/PHD/ARGOSJ8_IA/ARGOSJ8_IA_/install/path_manager:/home/rhobtor/PHD/ARGOSJ8_IA/ARGOSJ8_IA_/install/path_manager_interfaces:/home/rhobtor/PHD/ARGOSJ8_IA/ARGOSJ8_IA_/install/joy_linux:/home/rhobtor/PHD/ARGOSJ8_IA/ARGOSJ8_IA_/install/j8_xacro_model:/home/rhobtor/PHD/ARGOSJ8_IA/ARGOSJ8_IA_/install/hikmicro_thermal_camera:/home/rhobtor/PHD/ARGOSJ8_IA/ARGOSJ8_IA_/install/hector_gazebo_plugins:/home/rhobtor/PHD/ARGOSJ8_IA/ARGOSJ8_IA_/install/fixposition_sensor_pkg:/home/rhobtor/PHD/ARGOSJ8_IA/ARGOSJ8_IA_/install/fixposition_odometry_converter_ros2:/home/rhobtor/PHD/ARGOSJ8_IA/ARGOSJ8_IA_/install/fixposition_driver_ros2:/home/rhobtor/PHD/ARGOSJ8_IA/ARGOSJ8_IA_/install/fixposition_driver_lib:/home/rhobtor/PHD/ARGOSJ8_IA/ARGOSJ8_IA_/install/fixposition_gnss_tf:/home/rhobtor/PHD/ARGOSJ8_IA/ARGOSJ8_IA_/install/ctl_mission_interfaces:/home/rhobtor/PHD/ARGOSJ8_IA/ARGOSJ8_IA_/install/car_cpp:/home/rhobtor/PHD/ARGOSJ8_IA/ARGOSJ8_IA_/install/car_interfaces:/home/rhobtor/PHD/ARGOSJ8_IA/ARGOSJ8_IA_/install/argj801_setup:/home/rhobtor/PHD/ARGOSJ8_IA/ARGOSJ8_IA_/install/argj801_sensors:/home/rhobtor/PHD/ARGOSJ8_IA/ARGOSJ8_IA_/install/argj801_sensors_msgs:/home/rhobtor/PHD/ARGOSJ8_IA/ARGOSJ8_IA_/install/argj801_ctl_platform:/home/rhobtor/PHD/ARGOSJ8_IA/ARGOSJ8_IA_/install/argj801_ctl_platform_interfaces:/home/rhobtor/PHD/model_terrain_ugv/Model_terrain_ugv/install/model_terrain_cpp:/home/rhobtor/PHD/path_dem/install_navigation/path_dem:/home/rhobtor/PHD/path_dem/install/path_dem:/home/rhobtor/PHD/install_global_belief_final/path_dem:/home/rhobtor/PHD/ARGOSJ8_IA/ARGOSJ8_IA_/install/car:/home/rhobtor/PHD/ARGOSJ8_IA/ARGOSJ8_IA_/install/ntrip_client:/home/rhobtor/PHD/ARGOSJ8_IA/ARGOSJ8_IA_/install/j8_gui:/home/rhobtor/PHD/ARGOSJ8_IA/ARGOSJ8_IA_/install/gui:/home/rhobtor/PHD/ARGOSJ8_IA/ARGOSJ8_IA_/install/android_ros2_server:/home/rhobtor/PHD/ARGOSJ8_IA/ARGOSJ8_IA_/install/GUI_pkg:/home/rhobtor/PHD/model_terrain_ugv/Model_terrain_ugv/install/model_terrain:/opt/ros/humble LD_LIBRARY_PATH=/home/rhobtor/PHD/j8_control/J8_control/install/car_interfaces/lib:${LD_LIBRARY_PATH} PYTHONPATH=/home/rhobtor/PHD/j8_control/J8_control/install/car_interfaces/local/lib/python3.10/dist-packages:${PYTHONPATH} /usr/bin/cmake --install /home/rhobtor/PHD/j8_control/J8_control/build/car_cpp
