[0.027s] Invoking command in '/home/roverj8/LUIS/ARGJ08/ARGOSJ8_IA_/build/ublox_serialization': /usr/bin/cmake /home/roverj8/LUIS/ARGJ08/ARGOSJ8_IA_/src/argo_drivers_pkgs/ublox/ublox_serialization -DCMAKE_INSTALL_PREFIX=/home/roverj8/LUIS/ARGJ08/ARGOSJ8_IA_/install/ublox_serialization
[0.964s] [31mCMake Error at CMakeLists.txt:5 (find_package):
[0.965s]   By not providing "Findament_cmake.cmake" in CMAKE_MODULE_PATH this project
[0.965s]   has asked CMake to find a package configuration file provided by
[0.966s]   "ament_cmake", but CMake did not find one.
[0.966s] 
[0.967s]   Could not find a package configuration file provided by "ament_cmake" with
[0.968s]   any of the following names:
[0.968s] 
[0.969s]     ament_cmakeConfig.cmake
[0.969s]     ament_cmake-config.cmake
[0.969s] 
[0.970s]   Add the installation prefix of "ament_cmake" to CMAKE_PREFIX_PATH or set
[0.971s]   "ament_cmake_DIR" to a directory containing one of the above files.  If
[0.972s]   "ament_cmake" provides a separate development package or SDK, be sure it
[0.972s]   has been installed.
[0.973s] 
[0.973s] [0m
[0.978s] -- The C compiler identification is GNU 11.4.0
[0.978s] -- The CXX compiler identification is GNU 11.4.0
[0.978s] -- Detecting C compiler ABI info
[0.978s] -- Detecting C compiler ABI info - done
[0.978s] -- Check for working C compiler: /usr/bin/cc - skipped
[0.978s] -- Detecting C compile features
[0.978s] -- Detecting C compile features - done
[0.978s] -- Detecting CXX compiler ABI info
[0.978s] -- Detecting CXX compiler ABI info - done
[0.978s] -- Check for working CXX compiler: /usr/bin/c++ - skipped
[0.978s] -- Detecting CXX compile features
[0.978s] -- Detecting CXX compile features - done
[0.978s] -- Configuring incomplete, errors occurred!
[0.978s] See also "/home/roverj8/LUIS/ARGJ08/ARGOSJ8_IA_/build/ublox_serialization/CMakeFiles/CMakeOutput.log".
[1.019s] Invoked command in '/home/roverj8/LUIS/ARGJ08/ARGOSJ8_IA_/build/ublox_serialization' returned '1': /usr/bin/cmake /home/roverj8/LUIS/ARGJ08/ARGOSJ8_IA_/src/argo_drivers_pkgs/ublox/ublox_serialization -DCMAKE_INSTALL_PREFIX=/home/roverj8/LUIS/ARGJ08/ARGOSJ8_IA_/install/ublox_serialization
