-- Found ament_cmake: 1.3.14 (/opt/ros/humble/share/ament_cmake/cmake)
-- Found Python3: /usr/bin/python3 (found version "3.10.12") found components: Interpreter 
-- Found rosidl_default_generators: 1.2.1 (/opt/ros/humble/share/rosidl_default_generators/cmake)
-- Using all available rosidl_typesupport_c: rosidl_typesupport_fastrtps_c;rosidl_typesupport_introspection_c
-- Found rosidl_adapter: 3.1.8 (/opt/ros/humble/share/rosidl_adapter/cmake)
-- Using all available rosidl_typesupport_cpp: rosidl_typesupport_fastrtps_cpp;rosidl_typesupport_introspection_cpp
-- Found std_msgs: 4.9.1 (/opt/ros/humble/share/std_msgs/cmake)
-- Found nav_msgs: 4.9.1 (/opt/ros/humble/share/nav_msgs/cmake)
-- Found ament_cmake_ros: 0.10.0 (/opt/ros/humble/share/ament_cmake_ros/cmake)
-- Using all available rosidl_typesupport_c: rosidl_typesupport_fastrtps_c;rosidl_typesupport_introspection_c
-- Using all available rosidl_typesupport_cpp: rosidl_typesupport_fastrtps_cpp;rosidl_typesupport_introspection_cpp
-- Found PythonInterp: /usr/bin/python3 (found suitable version "3.10.12", minimum required is "3.6") 
-- Found python_cmake_module: 0.10.0 (/opt/ros/humble/share/python_cmake_module/cmake)
-- Found PythonLibs: /usr/lib/x86_64-linux-gnu/libpython3.10.so (found suitable version "3.10.12", minimum required is "3.5") 
-- Using PYTHON_EXECUTABLE: /usr/bin/python3
-- Using PYTHON_INCLUDE_DIRS: /usr/include/python3.10
-- Using PYTHON_LIBRARIES: /usr/lib/x86_64-linux-gnu/libpython3.10.so
-- Found PythonExtra: .so  
-- Configuring done
-- Generating done
-- Build files have been written to: /home/roverj8/LUIS/ARGJ08/ARGOSJ8_IA_/build/path_manager_interfaces
[  1%] [34m[1mGenerating C code for ROS interfaces[0m
[  2%] [34m[1mGenerating Rust code for ROS interfaces[0m
[  3%] [34m[1mGenerating C++ code for ROS interfaces[0m
[  3%] Built target ament_cmake_python_copy_path_manager_interfaces
running egg_info
creating path_manager_interfaces.egg-info
writing path_manager_interfaces.egg-info/PKG-INFO
writing dependency_links to path_manager_interfaces.egg-info/dependency_links.txt
writing top-level names to path_manager_interfaces.egg-info/top_level.txt
writing manifest file 'path_manager_interfaces.egg-info/SOURCES.txt'
reading manifest file 'path_manager_interfaces.egg-info/SOURCES.txt'
writing manifest file 'path_manager_interfaces.egg-info/SOURCES.txt'
[  3%] Built target ament_cmake_python_build_path_manager_interfaces_egg
[  3%] Built target path_manager_interfaces__rs
[  4%] [32mBuilding C object CMakeFiles/path_manager_interfaces__rosidl_generator_c.dir/rosidl_generator_c/path_manager_interfaces/srv/detail/read_path_from_file__functions.c.o[0m
[  5%] [32mBuilding C object CMakeFiles/path_manager_interfaces__rosidl_generator_c.dir/rosidl_generator_c/path_manager_interfaces/srv/detail/write_path_to_file__functions.c.o[0m
[  6%] [32mBuilding C object CMakeFiles/path_manager_interfaces__rosidl_generator_c.dir/rosidl_generator_c/path_manager_interfaces/srv/detail/return_robot_path__functions.c.o[0m
[  7%] [32mBuilding C object CMakeFiles/path_manager_interfaces__rosidl_generator_c.dir/rosidl_generator_c/path_manager_interfaces/srv/detail/robot_path__functions.c.o[0m
[  9%] [32mBuilding C object CMakeFiles/path_manager_interfaces__rosidl_generator_c.dir/rosidl_generator_c/path_manager_interfaces/srv/detail/get_fix_frame_path__functions.c.o[0m
[ 10%] [32mBuilding C object CMakeFiles/path_manager_interfaces__rosidl_generator_c.dir/rosidl_generator_c/path_manager_interfaces/srv/detail/get_ll_path__functions.c.o[0m
[ 11%] [32mBuilding C object CMakeFiles/path_manager_interfaces__rosidl_generator_c.dir/rosidl_generator_c/path_manager_interfaces/srv/detail/assist_emergency__functions.c.o[0m
[ 12%] [32mBuilding C object CMakeFiles/path_manager_interfaces__rosidl_generator_c.dir/rosidl_generator_c/path_manager_interfaces/srv/detail/plan_path__functions.c.o[0m
[ 13%] [32m[1mLinking C shared library libpath_manager_interfaces__rosidl_generator_c.so[0m
[ 13%] Built target path_manager_interfaces__rosidl_generator_c
[ 14%] [34m[1mGenerating C introspection for ROS interfaces[0m
[ 15%] [34m[1mGenerating C type support for eProsima Fast-RTPS[0m
[ 17%] [34m[1mGenerating C type support dispatch for ROS interfaces[0m
[ 17%] Built target path_manager_interfaces__cpp
[ 18%] [34m[1mGenerating C++ introspection for ROS interfaces[0m
[ 19%] [34m[1mGenerating C++ type support for eProsima Fast-RTPS[0m
[ 20%] [34m[1mGenerating C++ type support dispatch for ROS interfaces[0m
[ 21%] [32mBuilding C object CMakeFiles/path_manager_interfaces__rosidl_typesupport_introspection_c.dir/rosidl_typesupport_introspection_c/path_manager_interfaces/srv/detail/read_path_from_file__type_support.c.o[0m
[ 22%] [32mBuilding C object CMakeFiles/path_manager_interfaces__rosidl_typesupport_introspection_c.dir/rosidl_typesupport_introspection_c/path_manager_interfaces/srv/detail/write_path_to_file__type_support.c.o[0m
[ 23%] [32mBuilding C object CMakeFiles/path_manager_interfaces__rosidl_typesupport_introspection_c.dir/rosidl_typesupport_introspection_c/path_manager_interfaces/srv/detail/return_robot_path__type_support.c.o[0m
[ 25%] [32mBuilding C object CMakeFiles/path_manager_interfaces__rosidl_typesupport_introspection_c.dir/rosidl_typesupport_introspection_c/path_manager_interfaces/srv/detail/robot_path__type_support.c.o[0m
[ 26%] [32mBuilding C object CMakeFiles/path_manager_interfaces__rosidl_typesupport_introspection_c.dir/rosidl_typesupport_introspection_c/path_manager_interfaces/srv/detail/get_fix_frame_path__type_support.c.o[0m
[ 27%] [32mBuilding C object CMakeFiles/path_manager_interfaces__rosidl_typesupport_introspection_c.dir/rosidl_typesupport_introspection_c/path_manager_interfaces/srv/detail/get_ll_path__type_support.c.o[0m
[ 28%] [32mBuilding C object CMakeFiles/path_manager_interfaces__rosidl_typesupport_introspection_c.dir/rosidl_typesupport_introspection_c/path_manager_interfaces/srv/detail/assist_emergency__type_support.c.o[0m
[ 29%] [32mBuilding C object CMakeFiles/path_manager_interfaces__rosidl_typesupport_introspection_c.dir/rosidl_typesupport_introspection_c/path_manager_interfaces/srv/detail/plan_path__type_support.c.o[0m
[ 30%] [32m[1mLinking C shared library libpath_manager_interfaces__rosidl_typesupport_introspection_c.so[0m
[ 30%] Built target path_manager_interfaces__rosidl_typesupport_introspection_c
[ 32%] [32mBuilding CXX object CMakeFiles/path_manager_interfaces__rosidl_typesupport_c.dir/rosidl_typesupport_c/path_manager_interfaces/srv/write_path_to_file__type_support.cpp.o[0m
[ 32%] [32mBuilding CXX object CMakeFiles/path_manager_interfaces__rosidl_typesupport_c.dir/rosidl_typesupport_c/path_manager_interfaces/srv/read_path_from_file__type_support.cpp.o[0m
[ 34%] [32mBuilding CXX object CMakeFiles/path_manager_interfaces__rosidl_typesupport_c.dir/rosidl_typesupport_c/path_manager_interfaces/srv/robot_path__type_support.cpp.o[0m
[ 35%] [32mBuilding CXX object CMakeFiles/path_manager_interfaces__rosidl_typesupport_c.dir/rosidl_typesupport_c/path_manager_interfaces/srv/return_robot_path__type_support.cpp.o[0m
[ 36%] [32mBuilding CXX object CMakeFiles/path_manager_interfaces__rosidl_typesupport_c.dir/rosidl_typesupport_c/path_manager_interfaces/srv/get_fix_frame_path__type_support.cpp.o[0m
[ 37%] [32mBuilding CXX object CMakeFiles/path_manager_interfaces__rosidl_typesupport_c.dir/rosidl_typesupport_c/path_manager_interfaces/srv/get_ll_path__type_support.cpp.o[0m
[ 38%] [32mBuilding CXX object CMakeFiles/path_manager_interfaces__rosidl_typesupport_c.dir/rosidl_typesupport_c/path_manager_interfaces/srv/assist_emergency__type_support.cpp.o[0m
[ 39%] [32mBuilding CXX object CMakeFiles/path_manager_interfaces__rosidl_typesupport_c.dir/rosidl_typesupport_c/path_manager_interfaces/srv/plan_path__type_support.cpp.o[0m
[ 40%] [32m[1mLinking CXX shared library libpath_manager_interfaces__rosidl_typesupport_c.so[0m
[ 40%] Built target path_manager_interfaces__rosidl_typesupport_c
[ 43%] [32mBuilding CXX object CMakeFiles/path_manager_interfaces__rosidl_typesupport_fastrtps_c.dir/rosidl_typesupport_fastrtps_c/path_manager_interfaces/srv/detail/write_path_to_file__type_support_c.cpp.o[0m
[ 43%] [32mBuilding CXX object CMakeFiles/path_manager_interfaces__rosidl_typesupport_fastrtps_c.dir/rosidl_typesupport_fastrtps_c/path_manager_interfaces/srv/detail/read_path_from_file__type_support_c.cpp.o[0m
[ 44%] [32mBuilding CXX object CMakeFiles/path_manager_interfaces__rosidl_typesupport_fastrtps_c.dir/rosidl_typesupport_fastrtps_c/path_manager_interfaces/srv/detail/return_robot_path__type_support_c.cpp.o[0m
[ 45%] [32mBuilding CXX object CMakeFiles/path_manager_interfaces__rosidl_typesupport_fastrtps_c.dir/rosidl_typesupport_fastrtps_c/path_manager_interfaces/srv/detail/robot_path__type_support_c.cpp.o[0m
[ 46%] [32mBuilding CXX object CMakeFiles/path_manager_interfaces__rosidl_typesupport_fastrtps_c.dir/rosidl_typesupport_fastrtps_c/path_manager_interfaces/srv/detail/get_fix_frame_path__type_support_c.cpp.o[0m
[ 47%] [32mBuilding CXX object CMakeFiles/path_manager_interfaces__rosidl_typesupport_fastrtps_c.dir/rosidl_typesupport_fastrtps_c/path_manager_interfaces/srv/detail/get_ll_path__type_support_c.cpp.o[0m
[ 48%] [32mBuilding CXX object CMakeFiles/path_manager_interfaces__rosidl_typesupport_cpp.dir/rosidl_typesupport_cpp/path_manager_interfaces/srv/read_path_from_file__type_support.cpp.o[0m
[ 51%] [32mBuilding CXX object CMakeFiles/path_manager_interfaces__rosidl_typesupport_fastrtps_c.dir/rosidl_typesupport_fastrtps_c/path_manager_interfaces/srv/detail/plan_path__type_support_c.cpp.o[0m
[ 52%] [32mBuilding CXX object CMakeFiles/path_manager_interfaces__rosidl_typesupport_cpp.dir/rosidl_typesupport_cpp/path_manager_interfaces/srv/write_path_to_file__type_support.cpp.o[0m
[ 53%] [32mBuilding CXX object CMakeFiles/path_manager_interfaces__rosidl_typesupport_cpp.dir/rosidl_typesupport_cpp/path_manager_interfaces/srv/get_fix_frame_path__type_support.cpp.o[0m
[ 53%] [32mBuilding CXX object CMakeFiles/path_manager_interfaces__rosidl_typesupport_cpp.dir/rosidl_typesupport_cpp/path_manager_interfaces/srv/return_robot_path__type_support.cpp.o[0m
[ 55%] [32mBuilding CXX object CMakeFiles/path_manager_interfaces__rosidl_typesupport_cpp.dir/rosidl_typesupport_cpp/path_manager_interfaces/srv/robot_path__type_support.cpp.o[0m
[ 55%] [32mBuilding CXX object CMakeFiles/path_manager_interfaces__rosidl_typesupport_fastrtps_c.dir/rosidl_typesupport_fastrtps_c/path_manager_interfaces/srv/detail/assist_emergency__type_support_c.cpp.o[0m
[ 56%] [32mBuilding CXX object CMakeFiles/path_manager_interfaces__rosidl_typesupport_cpp.dir/rosidl_typesupport_cpp/path_manager_interfaces/srv/get_ll_path__type_support.cpp.o[0m
[ 57%] [32mBuilding CXX object CMakeFiles/path_manager_interfaces__rosidl_typesupport_cpp.dir/rosidl_typesupport_cpp/path_manager_interfaces/srv/plan_path__type_support.cpp.o[0m
[ 59%] [32mBuilding CXX object CMakeFiles/path_manager_interfaces__rosidl_typesupport_cpp.dir/rosidl_typesupport_cpp/path_manager_interfaces/srv/assist_emergency__type_support.cpp.o[0m
[ 60%] [32mBuilding CXX object CMakeFiles/path_manager_interfaces__rosidl_typesupport_introspection_cpp.dir/rosidl_typesupport_introspection_cpp/path_manager_interfaces/srv/detail/write_path_to_file__type_support.cpp.o[0m
[ 61%] [32mBuilding CXX object CMakeFiles/path_manager_interfaces__rosidl_typesupport_introspection_cpp.dir/rosidl_typesupport_introspection_cpp/path_manager_interfaces/srv/detail/read_path_from_file__type_support.cpp.o[0m
[ 62%] [32mBuilding CXX object CMakeFiles/path_manager_interfaces__rosidl_typesupport_introspection_cpp.dir/rosidl_typesupport_introspection_cpp/path_manager_interfaces/srv/detail/return_robot_path__type_support.cpp.o[0m
[ 63%] [32mBuilding CXX object CMakeFiles/path_manager_interfaces__rosidl_typesupport_introspection_cpp.dir/rosidl_typesupport_introspection_cpp/path_manager_interfaces/srv/detail/robot_path__type_support.cpp.o[0m
[ 64%] [32mBuilding CXX object CMakeFiles/path_manager_interfaces__rosidl_typesupport_introspection_cpp.dir/rosidl_typesupport_introspection_cpp/path_manager_interfaces/srv/detail/get_fix_frame_path__type_support.cpp.o[0m
[ 65%] [32mBuilding CXX object CMakeFiles/path_manager_interfaces__rosidl_typesupport_introspection_cpp.dir/rosidl_typesupport_introspection_cpp/path_manager_interfaces/srv/detail/get_ll_path__type_support.cpp.o[0m
[ 67%] [32mBuilding CXX object CMakeFiles/path_manager_interfaces__rosidl_typesupport_introspection_cpp.dir/rosidl_typesupport_introspection_cpp/path_manager_interfaces/srv/detail/plan_path__type_support.cpp.o[0m
[ 68%] [32mBuilding CXX object CMakeFiles/path_manager_interfaces__rosidl_typesupport_introspection_cpp.dir/rosidl_typesupport_introspection_cpp/path_manager_interfaces/srv/detail/assist_emergency__type_support.cpp.o[0m
[ 69%] [32mBuilding CXX object CMakeFiles/path_manager_interfaces__rosidl_typesupport_fastrtps_cpp.dir/rosidl_typesupport_fastrtps_cpp/path_manager_interfaces/srv/detail/dds_fastrtps/write_path_to_file__type_support.cpp.o[0m
[ 70%] [32m[1mLinking CXX shared library libpath_manager_interfaces__rosidl_typesupport_cpp.so[0m
[ 70%] Built target path_manager_interfaces__rosidl_typesupport_cpp
[ 71%] [32m[1mLinking CXX shared library libpath_manager_interfaces__rosidl_typesupport_fastrtps_c.so[0m
[ 72%] [32mBuilding CXX object CMakeFiles/path_manager_interfaces__rosidl_typesupport_fastrtps_cpp.dir/rosidl_typesupport_fastrtps_cpp/path_manager_interfaces/srv/detail/dds_fastrtps/assist_emergency__type_support.cpp.o[0m
[ 72%] Built target path_manager_interfaces__rosidl_typesupport_fastrtps_c
[ 73%] [32m[1mLinking CXX shared library libpath_manager_interfaces__rosidl_typesupport_introspection_cpp.so[0m
[ 73%] Built target path_manager_interfaces__rosidl_typesupport_introspection_cpp
[ 75%] [32mBuilding CXX object CMakeFiles/path_manager_interfaces__rosidl_typesupport_fastrtps_cpp.dir/rosidl_typesupport_fastrtps_cpp/path_manager_interfaces/srv/detail/dds_fastrtps/plan_path__type_support.cpp.o[0m
[ 76%] [32mBuilding CXX object CMakeFiles/path_manager_interfaces__rosidl_typesupport_fastrtps_cpp.dir/rosidl_typesupport_fastrtps_cpp/path_manager_interfaces/srv/detail/dds_fastrtps/get_ll_path__type_support.cpp.o[0m
[ 77%] [32mBuilding CXX object CMakeFiles/path_manager_interfaces__rosidl_typesupport_fastrtps_cpp.dir/rosidl_typesupport_fastrtps_cpp/path_manager_interfaces/srv/detail/dds_fastrtps/get_fix_frame_path__type_support.cpp.o[0m
[ 78%] [32mBuilding CXX object CMakeFiles/path_manager_interfaces__rosidl_typesupport_fastrtps_cpp.dir/rosidl_typesupport_fastrtps_cpp/path_manager_interfaces/srv/detail/dds_fastrtps/robot_path__type_support.cpp.o[0m
[ 79%] [32mBuilding CXX object CMakeFiles/path_manager_interfaces__rosidl_typesupport_fastrtps_cpp.dir/rosidl_typesupport_fastrtps_cpp/path_manager_interfaces/srv/detail/dds_fastrtps/return_robot_path__type_support.cpp.o[0m
[ 80%] [32mBuilding CXX object CMakeFiles/path_manager_interfaces__rosidl_typesupport_fastrtps_cpp.dir/rosidl_typesupport_fastrtps_cpp/path_manager_interfaces/srv/detail/dds_fastrtps/read_path_from_file__type_support.cpp.o[0m
[ 81%] [32m[1mLinking CXX shared library libpath_manager_interfaces__rosidl_typesupport_fastrtps_cpp.so[0m
[ 81%] Built target path_manager_interfaces__rosidl_typesupport_fastrtps_cpp
[ 81%] Built target path_manager_interfaces
[ 82%] [34m[1mGenerating Python code for ROS interfaces[0m
[ 82%] Built target path_manager_interfaces__py
[ 84%] [32mBuilding C object CMakeFiles/path_manager_interfaces__rosidl_generator_py.dir/rosidl_generator_py/path_manager_interfaces/srv/_write_path_to_file_s.c.o[0m
[ 85%] [32mBuilding C object CMakeFiles/path_manager_interfaces__rosidl_generator_py.dir/rosidl_generator_py/path_manager_interfaces/srv/_assist_emergency_s.c.o[0m
[ 86%] [32mBuilding C object CMakeFiles/path_manager_interfaces__rosidl_generator_py.dir/rosidl_generator_py/path_manager_interfaces/srv/_plan_path_s.c.o[0m
[ 87%] [32mBuilding C object CMakeFiles/path_manager_interfaces__rosidl_generator_py.dir/rosidl_generator_py/path_manager_interfaces/srv/_get_ll_path_s.c.o[0m
[ 88%] [32mBuilding C object CMakeFiles/path_manager_interfaces__rosidl_generator_py.dir/rosidl_generator_py/path_manager_interfaces/srv/_get_fix_frame_path_s.c.o[0m
[ 89%] [32mBuilding C object CMakeFiles/path_manager_interfaces__rosidl_generator_py.dir/rosidl_generator_py/path_manager_interfaces/srv/_robot_path_s.c.o[0m
[ 90%] [32mBuilding C object CMakeFiles/path_manager_interfaces__rosidl_generator_py.dir/rosidl_generator_py/path_manager_interfaces/srv/_return_robot_path_s.c.o[0m
[ 92%] [32mBuilding C object CMakeFiles/path_manager_interfaces__rosidl_generator_py.dir/rosidl_generator_py/path_manager_interfaces/srv/_read_path_from_file_s.c.o[0m
[ 93%] [32m[1mLinking C shared library rosidl_generator_py/path_manager_interfaces/libpath_manager_interfaces__rosidl_generator_py.so[0m
[ 93%] Built target path_manager_interfaces__rosidl_generator_py
[ 94%] [32mBuilding C object CMakeFiles/path_manager_interfaces__rosidl_typesupport_fastrtps_c__pyext.dir/rosidl_generator_py/path_manager_interfaces/_path_manager_interfaces_s.ep.rosidl_typesupport_fastrtps_c.c.o[0m
[ 95%] [32m[1mLinking C shared library rosidl_generator_py/path_manager_interfaces/path_manager_interfaces_s__rosidl_typesupport_fastrtps_c.cpython-310-x86_64-linux-gnu.so[0m
[ 95%] Built target path_manager_interfaces__rosidl_typesupport_fastrtps_c__pyext
[ 96%] [32mBuilding C object CMakeFiles/path_manager_interfaces__rosidl_typesupport_c__pyext.dir/rosidl_generator_py/path_manager_interfaces/_path_manager_interfaces_s.ep.rosidl_typesupport_c.c.o[0m
[ 97%] [32m[1mLinking C shared library rosidl_generator_py/path_manager_interfaces/path_manager_interfaces_s__rosidl_typesupport_c.cpython-310-x86_64-linux-gnu.so[0m
[ 97%] Built target path_manager_interfaces__rosidl_typesupport_c__pyext
[ 98%] [32mBuilding C object CMakeFiles/path_manager_interfaces__rosidl_typesupport_introspection_c__pyext.dir/rosidl_generator_py/path_manager_interfaces/_path_manager_interfaces_s.ep.rosidl_typesupport_introspection_c.c.o[0m
[100%] [32m[1mLinking C shared library rosidl_generator_py/path_manager_interfaces/path_manager_interfaces_s__rosidl_typesupport_introspection_c.cpython-310-x86_64-linux-gnu.so[0m
[100%] Built target path_manager_interfaces__rosidl_typesupport_introspection_c__pyext
