running egg_info
creating ../../build/gui/gui.egg-info
writing ../../build/gui/gui.egg-info/PKG-INFO
writing dependency_links to ../../build/gui/gui.egg-info/dependency_links.txt
writing entry points to ../../build/gui/gui.egg-info/entry_points.txt
writing requirements to ../../build/gui/gui.egg-info/requires.txt
writing top-level names to ../../build/gui/gui.egg-info/top_level.txt
writing manifest file '../../build/gui/gui.egg-info/SOURCES.txt'
reading manifest file '../../build/gui/gui.egg-info/SOURCES.txt'
writing manifest file '../../build/gui/gui.egg-info/SOURCES.txt'
running build
running build_py
creating /home/rhobtor/PHD/j8_control/J8_control/build/gui/build/lib/gui
copying gui/__init__.py -> /home/rhobtor/PHD/j8_control/J8_control/build/gui/build/lib/gui
copying gui/gui_node.py -> /home/rhobtor/PHD/j8_control/J8_control/build/gui/build/lib/gui
copying gui/ros_api.py -> /home/rhobtor/PHD/j8_control/J8_control/build/gui/build/lib/gui
creating /home/rhobtor/PHD/j8_control/J8_control/build/gui/build/lib/gui/app
copying gui/app/followzed_widget.py -> /home/rhobtor/PHD/j8_control/J8_control/build/gui/build/lib/gui/app
copying gui/app/__init__.py -> /home/rhobtor/PHD/j8_control/J8_control/build/gui/build/lib/gui/app
copying gui/app/control_widget.py -> /home/rhobtor/PHD/j8_control/J8_control/build/gui/build/lib/gui/app
copying gui/app/video_tab.py -> /home/rhobtor/PHD/j8_control/J8_control/build/gui/build/lib/gui/app
copying gui/app/dem_pure_pursuit.py -> /home/rhobtor/PHD/j8_control/J8_control/build/gui/build/lib/gui/app
copying gui/app/map_bridge.py -> /home/rhobtor/PHD/j8_control/J8_control/build/gui/build/lib/gui/app
copying gui/app/person_manager_widget.py -> /home/rhobtor/PHD/j8_control/J8_control/build/gui/build/lib/gui/app
copying gui/app/fsm_debug_widget.py -> /home/rhobtor/PHD/j8_control/J8_control/build/gui/build/lib/gui/app
copying gui/app/state_widget.py -> /home/rhobtor/PHD/j8_control/J8_control/build/gui/build/lib/gui/app
copying gui/app/geo_local.py -> /home/rhobtor/PHD/j8_control/J8_control/build/gui/build/lib/gui/app
copying gui/app/main_window.py -> /home/rhobtor/PHD/j8_control/J8_control/build/gui/build/lib/gui/app
running install
running install_lib
creating /home/rhobtor/PHD/j8_control/J8_control/install/gui/lib/python3.10/site-packages/gui
copying /home/rhobtor/PHD/j8_control/J8_control/build/gui/build/lib/gui/__init__.py -> /home/rhobtor/PHD/j8_control/J8_control/install/gui/lib/python3.10/site-packages/gui
copying /home/rhobtor/PHD/j8_control/J8_control/build/gui/build/lib/gui/gui_node.py -> /home/rhobtor/PHD/j8_control/J8_control/install/gui/lib/python3.10/site-packages/gui
copying /home/rhobtor/PHD/j8_control/J8_control/build/gui/build/lib/gui/ros_api.py -> /home/rhobtor/PHD/j8_control/J8_control/install/gui/lib/python3.10/site-packages/gui
creating /home/rhobtor/PHD/j8_control/J8_control/install/gui/lib/python3.10/site-packages/gui/app
copying /home/rhobtor/PHD/j8_control/J8_control/build/gui/build/lib/gui/app/followzed_widget.py -> /home/rhobtor/PHD/j8_control/J8_control/install/gui/lib/python3.10/site-packages/gui/app
copying /home/rhobtor/PHD/j8_control/J8_control/build/gui/build/lib/gui/app/__init__.py -> /home/rhobtor/PHD/j8_control/J8_control/install/gui/lib/python3.10/site-packages/gui/app
copying /home/rhobtor/PHD/j8_control/J8_control/build/gui/build/lib/gui/app/control_widget.py -> /home/rhobtor/PHD/j8_control/J8_control/install/gui/lib/python3.10/site-packages/gui/app
copying /home/rhobtor/PHD/j8_control/J8_control/build/gui/build/lib/gui/app/video_tab.py -> /home/rhobtor/PHD/j8_control/J8_control/install/gui/lib/python3.10/site-packages/gui/app
copying /home/rhobtor/PHD/j8_control/J8_control/build/gui/build/lib/gui/app/dem_pure_pursuit.py -> /home/rhobtor/PHD/j8_control/J8_control/install/gui/lib/python3.10/site-packages/gui/app
copying /home/rhobtor/PHD/j8_control/J8_control/build/gui/build/lib/gui/app/map_bridge.py -> /home/rhobtor/PHD/j8_control/J8_control/install/gui/lib/python3.10/site-packages/gui/app
copying /home/rhobtor/PHD/j8_control/J8_control/build/gui/build/lib/gui/app/person_manager_widget.py -> /home/rhobtor/PHD/j8_control/J8_control/install/gui/lib/python3.10/site-packages/gui/app
copying /home/rhobtor/PHD/j8_control/J8_control/build/gui/build/lib/gui/app/fsm_debug_widget.py -> /home/rhobtor/PHD/j8_control/J8_control/install/gui/lib/python3.10/site-packages/gui/app
copying /home/rhobtor/PHD/j8_control/J8_control/build/gui/build/lib/gui/app/state_widget.py -> /home/rhobtor/PHD/j8_control/J8_control/install/gui/lib/python3.10/site-packages/gui/app
copying /home/rhobtor/PHD/j8_control/J8_control/build/gui/build/lib/gui/app/geo_local.py -> /home/rhobtor/PHD/j8_control/J8_control/install/gui/lib/python3.10/site-packages/gui/app
copying /home/rhobtor/PHD/j8_control/J8_control/build/gui/build/lib/gui/app/main_window.py -> /home/rhobtor/PHD/j8_control/J8_control/install/gui/lib/python3.10/site-packages/gui/app
byte-compiling /home/rhobtor/PHD/j8_control/J8_control/install/gui/lib/python3.10/site-packages/gui/__init__.py to __init__.cpython-310.pyc
byte-compiling /home/rhobtor/PHD/j8_control/J8_control/install/gui/lib/python3.10/site-packages/gui/gui_node.py to gui_node.cpython-310.pyc
byte-compiling /home/rhobtor/PHD/j8_control/J8_control/install/gui/lib/python3.10/site-packages/gui/ros_api.py to ros_api.cpython-310.pyc
byte-compiling /home/rhobtor/PHD/j8_control/J8_control/install/gui/lib/python3.10/site-packages/gui/app/followzed_widget.py to followzed_widget.cpython-310.pyc
byte-compiling /home/rhobtor/PHD/j8_control/J8_control/install/gui/lib/python3.10/site-packages/gui/app/__init__.py to __init__.cpython-310.pyc
byte-compiling /home/rhobtor/PHD/j8_control/J8_control/install/gui/lib/python3.10/site-packages/gui/app/control_widget.py to control_widget.cpython-310.pyc
byte-compiling /home/rhobtor/PHD/j8_control/J8_control/install/gui/lib/python3.10/site-packages/gui/app/video_tab.py to video_tab.cpython-310.pyc
byte-compiling /home/rhobtor/PHD/j8_control/J8_control/install/gui/lib/python3.10/site-packages/gui/app/dem_pure_pursuit.py to dem_pure_pursuit.cpython-310.pyc
byte-compiling /home/rhobtor/PHD/j8_control/J8_control/install/gui/lib/python3.10/site-packages/gui/app/map_bridge.py to map_bridge.cpython-310.pyc
byte-compiling /home/rhobtor/PHD/j8_control/J8_control/install/gui/lib/python3.10/site-packages/gui/app/person_manager_widget.py to person_manager_widget.cpython-310.pyc
byte-compiling /home/rhobtor/PHD/j8_control/J8_control/install/gui/lib/python3.10/site-packages/gui/app/fsm_debug_widget.py to fsm_debug_widget.cpython-310.pyc
byte-compiling /home/rhobtor/PHD/j8_control/J8_control/install/gui/lib/python3.10/site-packages/gui/app/state_widget.py to state_widget.cpython-310.pyc
byte-compiling /home/rhobtor/PHD/j8_control/J8_control/install/gui/lib/python3.10/site-packages/gui/app/geo_local.py to geo_local.cpython-310.pyc
byte-compiling /home/rhobtor/PHD/j8_control/J8_control/install/gui/lib/python3.10/site-packages/gui/app/main_window.py to main_window.cpython-310.pyc
running install_data
creating /home/rhobtor/PHD/j8_control/J8_control/install/gui/share/ament_index/resource_index/packages
copying resource/gui -> /home/rhobtor/PHD/j8_control/J8_control/install/gui/share/ament_index/resource_index/packages
copying package.xml -> /home/rhobtor/PHD/j8_control/J8_control/install/gui/share/gui
creating /home/rhobtor/PHD/j8_control/J8_control/install/gui/share/gui/resources
copying gui/resources/map.html -> /home/rhobtor/PHD/j8_control/J8_control/install/gui/share/gui/resources
copying resource/gui -> /home/rhobtor/PHD/j8_control/J8_control/install/gui/share/ament_index/resource_index/packages
copying package.xml -> /home/rhobtor/PHD/j8_control/J8_control/install/gui/share/gui
copying gui/resources/map.html -> /home/rhobtor/PHD/j8_control/J8_control/install/gui/share/gui/resources
creating /home/rhobtor/PHD/j8_control/J8_control/install/gui/share/gui/resources/vendor/leaflet
copying gui/resources/vendor/leaflet/leaflet.js -> /home/rhobtor/PHD/j8_control/J8_control/install/gui/share/gui/resources/vendor/leaflet
copying gui/resources/vendor/leaflet/leaflet.css -> /home/rhobtor/PHD/j8_control/J8_control/install/gui/share/gui/resources/vendor/leaflet
creating /home/rhobtor/PHD/j8_control/J8_control/install/gui/share/gui/resources/vendor/leaflet/images
copying gui/resources/vendor/leaflet/images/marker-icon.png -> /home/rhobtor/PHD/j8_control/J8_control/install/gui/share/gui/resources/vendor/leaflet/images
copying gui/resources/vendor/leaflet/images/marker-icon-2x.png -> /home/rhobtor/PHD/j8_control/J8_control/install/gui/share/gui/resources/vendor/leaflet/images
copying gui/resources/vendor/leaflet/images/marker-shadow.png -> /home/rhobtor/PHD/j8_control/J8_control/install/gui/share/gui/resources/vendor/leaflet/images
running install_egg_info
Copying ../../build/gui/gui.egg-info to /home/rhobtor/PHD/j8_control/J8_control/install/gui/lib/python3.10/site-packages/gui-0.1.0-py3.10.egg-info
running install_scripts
/home/rhobtor/.local/lib/python3.10/site-packages/setuptools/_distutils/dist.py:287: UserWarning: Unknown distribution option: 'tests_require'
  warnings.warn(msg)
Installing gui script to /home/rhobtor/PHD/j8_control/J8_control/install/gui/lib/gui
writing list of installed files to '/home/rhobtor/PHD/j8_control/J8_control/build/gui/install.log'
