[1.951s] Invoking command in '/home/rhobtor/PHD/j8_control/J8_control/src/gui': PYTHONPATH=/home/rhobtor/PHD/j8_control/J8_control/build/gui/prefix_override:/usr/lib/python3/dist-packages/colcon_core/task/python/colcon_distutils_commands:/home/rhobtor/PHD/j8_control/J8_control/install/gui/lib/python3.10/site-packages:${PYTHONPATH} /usr/bin/python3 -W ignore:setup.py install is deprecated -W ignore:easy_install command is deprecated setup.py egg_info --egg-base ../../build/gui build --build-base /home/rhobtor/PHD/j8_control/J8_control/build/gui/build install --record /home/rhobtor/PHD/j8_control/J8_control/build/gui/install.log --install-scripts $base/lib/gui --single-version-externally-managed install_data
[2.557s] running egg_info
[2.557s] creating ../../build/gui/gui.egg-info
[2.557s] writing ../../build/gui/gui.egg-info/PKG-INFO
[2.557s] writing dependency_links to ../../build/gui/gui.egg-info/dependency_links.txt
[2.557s] writing entry points to ../../build/gui/gui.egg-info/entry_points.txt
[2.557s] writing requirements to ../../build/gui/gui.egg-info/requires.txt
[2.557s] writing top-level names to ../../build/gui/gui.egg-info/top_level.txt
[2.557s] writing manifest file '../../build/gui/gui.egg-info/SOURCES.txt'
[2.557s] reading manifest file '../../build/gui/gui.egg-info/SOURCES.txt'
[2.557s] writing manifest file '../../build/gui/gui.egg-info/SOURCES.txt'
[2.557s] running build
[2.557s] running build_py
[2.557s] creating /home/rhobtor/PHD/j8_control/J8_control/build/gui/build/lib/gui
[2.557s] copying gui/__init__.py -> /home/rhobtor/PHD/j8_control/J8_control/build/gui/build/lib/gui
[2.557s] copying gui/gui_node.py -> /home/rhobtor/PHD/j8_control/J8_control/build/gui/build/lib/gui
[2.557s] copying gui/ros_api.py -> /home/rhobtor/PHD/j8_control/J8_control/build/gui/build/lib/gui
[2.557s] creating /home/rhobtor/PHD/j8_control/J8_control/build/gui/build/lib/gui/app
[2.557s] copying gui/app/followzed_widget.py -> /home/rhobtor/PHD/j8_control/J8_control/build/gui/build/lib/gui/app
[2.557s] copying gui/app/__init__.py -> /home/rhobtor/PHD/j8_control/J8_control/build/gui/build/lib/gui/app
[2.558s] copying gui/app/control_widget.py -> /home/rhobtor/PHD/j8_control/J8_control/build/gui/build/lib/gui/app
[2.558s] copying gui/app/video_tab.py -> /home/rhobtor/PHD/j8_control/J8_control/build/gui/build/lib/gui/app
[2.558s] copying gui/app/dem_pure_pursuit.py -> /home/rhobtor/PHD/j8_control/J8_control/build/gui/build/lib/gui/app
[2.558s] copying gui/app/map_bridge.py -> /home/rhobtor/PHD/j8_control/J8_control/build/gui/build/lib/gui/app
[2.558s] copying gui/app/person_manager_widget.py -> /home/rhobtor/PHD/j8_control/J8_control/build/gui/build/lib/gui/app
[2.558s] copying gui/app/fsm_debug_widget.py -> /home/rhobtor/PHD/j8_control/J8_control/build/gui/build/lib/gui/app
[2.558s] copying gui/app/state_widget.py -> /home/rhobtor/PHD/j8_control/J8_control/build/gui/build/lib/gui/app
[2.558s] copying gui/app/geo_local.py -> /home/rhobtor/PHD/j8_control/J8_control/build/gui/build/lib/gui/app
[2.558s] copying gui/app/main_window.py -> /home/rhobtor/PHD/j8_control/J8_control/build/gui/build/lib/gui/app
[2.558s] running install
[2.558s] running install_lib
[2.558s] creating /home/rhobtor/PHD/j8_control/J8_control/install/gui/lib/python3.10/site-packages/gui
[2.558s] copying /home/rhobtor/PHD/j8_control/J8_control/build/gui/build/lib/gui/__init__.py -> /home/rhobtor/PHD/j8_control/J8_control/install/gui/lib/python3.10/site-packages/gui
[2.558s] copying /home/rhobtor/PHD/j8_control/J8_control/build/gui/build/lib/gui/gui_node.py -> /home/rhobtor/PHD/j8_control/J8_control/install/gui/lib/python3.10/site-packages/gui
[2.558s] copying /home/rhobtor/PHD/j8_control/J8_control/build/gui/build/lib/gui/ros_api.py -> /home/rhobtor/PHD/j8_control/J8_control/install/gui/lib/python3.10/site-packages/gui
[2.558s] creating /home/rhobtor/PHD/j8_control/J8_control/install/gui/lib/python3.10/site-packages/gui/app
[2.558s] copying /home/rhobtor/PHD/j8_control/J8_control/build/gui/build/lib/gui/app/followzed_widget.py -> /home/rhobtor/PHD/j8_control/J8_control/install/gui/lib/python3.10/site-packages/gui/app
[2.558s] copying /home/rhobtor/PHD/j8_control/J8_control/build/gui/build/lib/gui/app/__init__.py -> /home/rhobtor/PHD/j8_control/J8_control/install/gui/lib/python3.10/site-packages/gui/app
[2.558s] copying /home/rhobtor/PHD/j8_control/J8_control/build/gui/build/lib/gui/app/control_widget.py -> /home/rhobtor/PHD/j8_control/J8_control/install/gui/lib/python3.10/site-packages/gui/app
[2.558s] copying /home/rhobtor/PHD/j8_control/J8_control/build/gui/build/lib/gui/app/video_tab.py -> /home/rhobtor/PHD/j8_control/J8_control/install/gui/lib/python3.10/site-packages/gui/app
[2.558s] copying /home/rhobtor/PHD/j8_control/J8_control/build/gui/build/lib/gui/app/dem_pure_pursuit.py -> /home/rhobtor/PHD/j8_control/J8_control/install/gui/lib/python3.10/site-packages/gui/app
[2.558s] copying /home/rhobtor/PHD/j8_control/J8_control/build/gui/build/lib/gui/app/map_bridge.py -> /home/rhobtor/PHD/j8_control/J8_control/install/gui/lib/python3.10/site-packages/gui/app
[2.559s] copying /home/rhobtor/PHD/j8_control/J8_control/build/gui/build/lib/gui/app/person_manager_widget.py -> /home/rhobtor/PHD/j8_control/J8_control/install/gui/lib/python3.10/site-packages/gui/app
[2.559s] copying /home/rhobtor/PHD/j8_control/J8_control/build/gui/build/lib/gui/app/fsm_debug_widget.py -> /home/rhobtor/PHD/j8_control/J8_control/install/gui/lib/python3.10/site-packages/gui/app
[2.559s] copying /home/rhobtor/PHD/j8_control/J8_control/build/gui/build/lib/gui/app/state_widget.py -> /home/rhobtor/PHD/j8_control/J8_control/install/gui/lib/python3.10/site-packages/gui/app
[2.559s] copying /home/rhobtor/PHD/j8_control/J8_control/build/gui/build/lib/gui/app/geo_local.py -> /home/rhobtor/PHD/j8_control/J8_control/install/gui/lib/python3.10/site-packages/gui/app
[2.559s] copying /home/rhobtor/PHD/j8_control/J8_control/build/gui/build/lib/gui/app/main_window.py -> /home/rhobtor/PHD/j8_control/J8_control/install/gui/lib/python3.10/site-packages/gui/app
[2.559s] byte-compiling /home/rhobtor/PHD/j8_control/J8_control/install/gui/lib/python3.10/site-packages/gui/__init__.py to __init__.cpython-310.pyc
[2.559s] byte-compiling /home/rhobtor/PHD/j8_control/J8_control/install/gui/lib/python3.10/site-packages/gui/gui_node.py to gui_node.cpython-310.pyc
[2.559s] byte-compiling /home/rhobtor/PHD/j8_control/J8_control/install/gui/lib/python3.10/site-packages/gui/ros_api.py to ros_api.cpython-310.pyc
[2.559s] byte-compiling /home/rhobtor/PHD/j8_control/J8_control/install/gui/lib/python3.10/site-packages/gui/app/followzed_widget.py to followzed_widget.cpython-310.pyc
[2.559s] byte-compiling /home/rhobtor/PHD/j8_control/J8_control/install/gui/lib/python3.10/site-packages/gui/app/__init__.py to __init__.cpython-310.pyc
[2.559s] byte-compiling /home/rhobtor/PHD/j8_control/J8_control/install/gui/lib/python3.10/site-packages/gui/app/control_widget.py to control_widget.cpython-310.pyc
[2.559s] byte-compiling /home/rhobtor/PHD/j8_control/J8_control/install/gui/lib/python3.10/site-packages/gui/app/video_tab.py to video_tab.cpython-310.pyc
[2.561s] byte-compiling /home/rhobtor/PHD/j8_control/J8_control/install/gui/lib/python3.10/site-packages/gui/app/dem_pure_pursuit.py to dem_pure_pursuit.cpython-310.pyc
[2.561s] byte-compiling /home/rhobtor/PHD/j8_control/J8_control/install/gui/lib/python3.10/site-packages/gui/app/map_bridge.py to map_bridge.cpython-310.pyc
[2.561s] byte-compiling /home/rhobtor/PHD/j8_control/J8_control/install/gui/lib/python3.10/site-packages/gui/app/person_manager_widget.py to person_manager_widget.cpython-310.pyc
[2.561s] byte-compiling /home/rhobtor/PHD/j8_control/J8_control/install/gui/lib/python3.10/site-packages/gui/app/fsm_debug_widget.py to fsm_debug_widget.cpython-310.pyc
[2.561s] byte-compiling /home/rhobtor/PHD/j8_control/J8_control/install/gui/lib/python3.10/site-packages/gui/app/state_widget.py to state_widget.cpython-310.pyc
[2.561s] byte-compiling /home/rhobtor/PHD/j8_control/J8_control/install/gui/lib/python3.10/site-packages/gui/app/geo_local.py to geo_local.cpython-310.pyc
[2.561s] byte-compiling /home/rhobtor/PHD/j8_control/J8_control/install/gui/lib/python3.10/site-packages/gui/app/main_window.py to main_window.cpython-310.pyc
[2.561s] running install_data
[2.561s] creating /home/rhobtor/PHD/j8_control/J8_control/install/gui/share/ament_index/resource_index/packages
[2.561s] copying resource/gui -> /home/rhobtor/PHD/j8_control/J8_control/install/gui/share/ament_index/resource_index/packages
[2.562s] copying package.xml -> /home/rhobtor/PHD/j8_control/J8_control/install/gui/share/gui
[2.562s] creating /home/rhobtor/PHD/j8_control/J8_control/install/gui/share/gui/resources
[2.562s] copying gui/resources/map.html -> /home/rhobtor/PHD/j8_control/J8_control/install/gui/share/gui/resources
[2.562s] copying resource/gui -> /home/rhobtor/PHD/j8_control/J8_control/install/gui/share/ament_index/resource_index/packages
[2.562s] copying package.xml -> /home/rhobtor/PHD/j8_control/J8_control/install/gui/share/gui
[2.562s] copying gui/resources/map.html -> /home/rhobtor/PHD/j8_control/J8_control/install/gui/share/gui/resources
[2.562s] creating /home/rhobtor/PHD/j8_control/J8_control/install/gui/share/gui/resources/vendor/leaflet
[2.562s] copying gui/resources/vendor/leaflet/leaflet.js -> /home/rhobtor/PHD/j8_control/J8_control/install/gui/share/gui/resources/vendor/leaflet
[2.562s] copying gui/resources/vendor/leaflet/leaflet.css -> /home/rhobtor/PHD/j8_control/J8_control/install/gui/share/gui/resources/vendor/leaflet
[2.562s] creating /home/rhobtor/PHD/j8_control/J8_control/install/gui/share/gui/resources/vendor/leaflet/images
[2.562s] copying gui/resources/vendor/leaflet/images/marker-icon.png -> /home/rhobtor/PHD/j8_control/J8_control/install/gui/share/gui/resources/vendor/leaflet/images
[2.562s] copying gui/resources/vendor/leaflet/images/marker-icon-2x.png -> /home/rhobtor/PHD/j8_control/J8_control/install/gui/share/gui/resources/vendor/leaflet/images
[2.562s] copying gui/resources/vendor/leaflet/images/marker-shadow.png -> /home/rhobtor/PHD/j8_control/J8_control/install/gui/share/gui/resources/vendor/leaflet/images
[2.562s] running install_egg_info
[2.562s] Copying ../../build/gui/gui.egg-info to /home/rhobtor/PHD/j8_control/J8_control/install/gui/lib/python3.10/site-packages/gui-0.1.0-py3.10.egg-info
[2.562s] running install_scripts
[2.562s] /home/rhobtor/.local/lib/python3.10/site-packages/setuptools/_distutils/dist.py:287: UserWarning: Unknown distribution option: 'tests_require'
[2.562s]   warnings.warn(msg)
[2.566s] Installing gui script to /home/rhobtor/PHD/j8_control/J8_control/install/gui/lib/gui
[2.566s] writing list of installed files to '/home/rhobtor/PHD/j8_control/J8_control/build/gui/install.log'
[2.667s] Invoked command in '/home/rhobtor/PHD/j8_control/J8_control/src/gui' returned '0': PYTHONPATH=/home/rhobtor/PHD/j8_control/J8_control/build/gui/prefix_override:/usr/lib/python3/dist-packages/colcon_core/task/python/colcon_distutils_commands:/home/rhobtor/PHD/j8_control/J8_control/install/gui/lib/python3.10/site-packages:${PYTHONPATH} /usr/bin/python3 -W ignore:setup.py install is deprecated -W ignore:easy_install command is deprecated setup.py egg_info --egg-base ../../build/gui build --build-base /home/rhobtor/PHD/j8_control/J8_control/build/gui/build install --record /home/rhobtor/PHD/j8_control/J8_control/build/gui/install.log --install-scripts $base/lib/gui --single-version-externally-managed install_data
