[0.817s] Invoking command in '/home/roverj8/LUIS/ARGJ08/ARGOSJ8_IA_/build/spacenav': /usr/bin/cmake /home/roverj8/LUIS/ARGJ08/ARGOSJ8_IA_/src/j8_joystick/spacenav -DCMAKE_INSTALL_PREFIX=/home/roverj8/LUIS/ARGJ08/ARGOSJ8_IA_/install/spacenav
[0.864s] [31mCMake Error at CMakeLists.txt:15 (find_package):
[0.864s]   By not providing "Findament_cmake.cmake" in CMAKE_MODULE_PATH this project
[0.864s]   has asked CMake to find a package configuration file provided by
[0.864s]   "ament_cmake", but CMake did not find one.
[0.864s] 
[0.864s]   Could not find a package configuration file provided by "ament_cmake" with
[0.864s]   any of the following names:
[0.864s] 
[0.864s]     ament_cmakeConfig.cmake
[0.865s]     ament_cmake-config.cmake
[0.865s] 
[0.865s]   Add the installation prefix of "ament_cmake" to CMAKE_PREFIX_PATH or set
[0.865s]   "ament_cmake_DIR" to a directory containing one of the above files.  If
[0.865s]   "ament_cmake" provides a separate development package or SDK, be sure it
[0.865s]   has been installed.
[0.866s] 
[0.866s] [0m
[0.866s] -- Configuring incomplete, errors occurred!
[0.866s] See also "/home/roverj8/LUIS/ARGJ08/ARGOSJ8_IA_/build/spacenav/CMakeFiles/CMakeOutput.log".
[0.878s] Invoked command in '/home/roverj8/LUIS/ARGJ08/ARGOSJ8_IA_/build/spacenav' returned '1': /usr/bin/cmake /home/roverj8/LUIS/ARGJ08/ARGOSJ8_IA_/src/j8_joystick/spacenav -DCMAKE_INSTALL_PREFIX=/home/roverj8/LUIS/ARGJ08/ARGOSJ8_IA_/install/spacenav
