[0.081s] Invoking command in '/home/rhobtor/PHD/j8_control/J8_control/build/slg_msgs': CMAKE_PREFIX_PATH=${CMAKE_PREFIX_PATH}:/home/rhobtor/PHD/path_dem/install_navigation/path_dem:/home/rhobtor/PHD/path_dem/install/path_dem:/home/rhobtor/PHD/install_global_belief_final/path_dem:/home/rhobtor/PHD/ARGOSJ8_IA/ARGOSJ8_IA_/install/car:/home/rhobtor/PHD/ARGOSJ8_IA/ARGOSJ8_IA_/install/ntrip_client:/home/rhobtor/PHD/ARGOSJ8_IA/ARGOSJ8_IA_/install/j8_gui:/home/rhobtor/PHD/ARGOSJ8_IA/ARGOSJ8_IA_/install/gui:/home/rhobtor/PHD/ARGOSJ8_IA/ARGOSJ8_IA_/install/android_ros2_server:/home/rhobtor/PHD/ARGOSJ8_IA/ARGOSJ8_IA_/install/GUI_pkg:/home/rhobtor/PHD/model_terrain_ugv/Model_terrain_ugv/install/model_terrain:/opt/ros/humble /usr/bin/cmake /home/rhobtor/PHD/j8_control/J8_control/src/lidar_process_pkgs/slg_msgs -DCMAKE_INSTALL_PREFIX=/home/rhobtor/PHD/j8_control/J8_control/install/slg_msgs
[1.331s] -- The C compiler identification is GNU 11.4.0
[1.331s] -- The CXX compiler identification is GNU 11.4.0
[1.331s] -- Detecting C compiler ABI info
[1.331s] -- Detecting C compiler ABI info - done
[1.331s] -- Check for working C compiler: /usr/bin/cc - skipped
[1.331s] -- Detecting C compile features
[1.331s] -- Detecting C compile features - done
[1.331s] -- Detecting CXX compiler ABI info
[1.331s] -- Detecting CXX compiler ABI info - done
[1.332s] -- Check for working CXX compiler: /usr/bin/c++ - skipped
[1.332s] -- Detecting CXX compile features
[1.333s] -- Detecting CXX compile features - done
[1.333s] -- Setting build type to Release as none was specified.
[1.334s] -- Found ament_cmake: 1.3.14 (/opt/ros/humble/share/ament_cmake/cmake)
[1.335s] -- Found Python3: /usr/bin/python3 (found version "3.10.12") found components: Interpreter 
[1.335s] -- Found rosidl_default_generators: 1.2.1 (/opt/ros/humble/share/rosidl_default_generators/cmake)
[1.335s] -- Using all available rosidl_typesupport_c: rosidl_typesupport_fastrtps_c;rosidl_typesupport_introspection_c
[1.335s] -- Found rosidl_adapter: 3.1.9 (/opt/ros/humble/share/rosidl_adapter/cmake)
[1.335s] -- Using all available rosidl_typesupport_cpp: rosidl_typesupport_fastrtps_cpp;rosidl_typesupport_introspection_cpp
[1.335s] -- Found std_msgs: 4.9.2 (/opt/ros/humble/share/std_msgs/cmake)
[1.335s] -- Found geometry_msgs: 4.9.2 (/opt/ros/humble/share/geometry_msgs/cmake)
[1.553s] -- Found ament_cmake_ros: 0.10.0 (/opt/ros/humble/share/ament_cmake_ros/cmake)
[1.973s] -- Using all available rosidl_typesupport_c: rosidl_typesupport_fastrtps_c;rosidl_typesupport_introspection_c
[2.466s] -- Using all available rosidl_typesupport_cpp: rosidl_typesupport_fastrtps_cpp;rosidl_typesupport_introspection_cpp
[2.501s] -- Found PythonInterp: /usr/bin/python3 (found suitable version "3.10.12", minimum required is "3.6") 
[2.506s] -- Found python_cmake_module: 0.10.0 (/opt/ros/humble/share/python_cmake_module/cmake)
[2.542s] -- Found PythonLibs: /usr/lib/x86_64-linux-gnu/libpython3.10.so (found suitable version "3.10.12", minimum required is "3.5") 
[2.542s] -- Using PYTHON_EXECUTABLE: /usr/bin/python3
[2.542s] -- Using PYTHON_INCLUDE_DIRS: /usr/include/python3.10
[2.542s] -- Using PYTHON_LIBRARIES: /usr/lib/x86_64-linux-gnu/libpython3.10.so
[2.573s] -- Found PythonExtra: .so  
[2.841s] -- Found ament_lint_auto: 0.12.15 (/opt/ros/humble/share/ament_lint_auto/cmake)
[2.952s] -- Found gtest sources under '/opt/ros/humble/src/gtest_vendor': C++ tests using 'Google Test' will be built
[2.953s] -- Looking for pthread.h
[3.134s] -- Looking for pthread.h - found
[3.135s] -- Performing Test CMAKE_HAVE_LIBC_PTHREAD
[3.320s] -- Performing Test CMAKE_HAVE_LIBC_PTHREAD - Success
[3.320s] -- Found Threads: TRUE  
[3.367s] -- Added test 'cppcheck' to perform static code analysis on C / C++ code
[3.370s] -- Configured cppcheck include dirs: /home/rhobtor/PHD/j8_control/J8_control/src/lidar_process_pkgs/slg_msgs/include;$<BUILD_INTERFACE:/home/rhobtor/PHD/j8_control/J8_control/src/lidar_process_pkgs/slg_msgs/include>
[3.370s] -- Configured cppcheck exclude dirs and/or files: 
[3.374s] -- Added test 'cpplint' to check C / C++ code against the Google style
[3.374s] -- Configured cpplint exclude dirs and/or files: 
[3.380s] -- Added test 'lint_cmake' to check CMake code style
[3.380s] -- Added test 'uncrustify' to check C / C++ code style
[3.380s] -- Configured uncrustify additional arguments: 
[3.385s] -- Added test 'xmllint' to check XML markup files
[3.404s] -- Configuring done
[3.569s] -- Generating done
[3.621s] -- Build files have been written to: /home/rhobtor/PHD/j8_control/J8_control/build/slg_msgs
[3.672s] Invoked command in '/home/rhobtor/PHD/j8_control/J8_control/build/slg_msgs' returned '0': CMAKE_PREFIX_PATH=${CMAKE_PREFIX_PATH}:/home/rhobtor/PHD/path_dem/install_navigation/path_dem:/home/rhobtor/PHD/path_dem/install/path_dem:/home/rhobtor/PHD/install_global_belief_final/path_dem:/home/rhobtor/PHD/ARGOSJ8_IA/ARGOSJ8_IA_/install/car:/home/rhobtor/PHD/ARGOSJ8_IA/ARGOSJ8_IA_/install/ntrip_client:/home/rhobtor/PHD/ARGOSJ8_IA/ARGOSJ8_IA_/install/j8_gui:/home/rhobtor/PHD/ARGOSJ8_IA/ARGOSJ8_IA_/install/gui:/home/rhobtor/PHD/ARGOSJ8_IA/ARGOSJ8_IA_/install/android_ros2_server:/home/rhobtor/PHD/ARGOSJ8_IA/ARGOSJ8_IA_/install/GUI_pkg:/home/rhobtor/PHD/model_terrain_ugv/Model_terrain_ugv/install/model_terrain:/opt/ros/humble /usr/bin/cmake /home/rhobtor/PHD/j8_control/J8_control/src/lidar_process_pkgs/slg_msgs -DCMAKE_INSTALL_PREFIX=/home/rhobtor/PHD/j8_control/J8_control/install/slg_msgs
[3.673s] Invoking command in '/home/rhobtor/PHD/j8_control/J8_control/build/slg_msgs': CMAKE_PREFIX_PATH=${CMAKE_PREFIX_PATH}:/home/rhobtor/PHD/path_dem/install_navigation/path_dem:/home/rhobtor/PHD/path_dem/install/path_dem:/home/rhobtor/PHD/install_global_belief_final/path_dem:/home/rhobtor/PHD/ARGOSJ8_IA/ARGOSJ8_IA_/install/car:/home/rhobtor/PHD/ARGOSJ8_IA/ARGOSJ8_IA_/install/ntrip_client:/home/rhobtor/PHD/ARGOSJ8_IA/ARGOSJ8_IA_/install/j8_gui:/home/rhobtor/PHD/ARGOSJ8_IA/ARGOSJ8_IA_/install/gui:/home/rhobtor/PHD/ARGOSJ8_IA/ARGOSJ8_IA_/install/android_ros2_server:/home/rhobtor/PHD/ARGOSJ8_IA/ARGOSJ8_IA_/install/GUI_pkg:/home/rhobtor/PHD/model_terrain_ugv/Model_terrain_ugv/install/model_terrain:/opt/ros/humble /usr/bin/cmake --build /home/rhobtor/PHD/j8_control/J8_control/build/slg_msgs -- -j20 -l20
[8.697s] [  2%] [34m[1mGenerating C code for ROS interfaces[0m
[8.697s] [  4%] [34m[1mGenerating C++ code for ROS interfaces[0m
[8.698s] [  6%] [34m[1mGenerating Rust code for ROS interfaces[0m
[8.698s] [  8%] [32mBuilding CXX object gtest/CMakeFiles/gtest_main.dir/src/gtest_main.cc.o[0m
[8.698s] [ 10%] [32mBuilding CXX object gtest/CMakeFiles/gtest.dir/src/gtest-all.cc.o[0m
[8.698s] [ 10%] Built target ament_cmake_python_copy_slg_msgs
[8.698s] running egg_info
[8.698s] creating slg_msgs.egg-info
[8.698s] writing slg_msgs.egg-info/PKG-INFO
[8.698s] writing dependency_links to slg_msgs.egg-info/dependency_links.txt
[8.698s] writing top-level names to slg_msgs.egg-info/top_level.txt
[8.698s] writing manifest file 'slg_msgs.egg-info/SOURCES.txt'
[8.698s] reading manifest file 'slg_msgs.egg-info/SOURCES.txt'
[8.698s] writing manifest file 'slg_msgs.egg-info/SOURCES.txt'
[8.698s] [ 10%] Built target ament_cmake_python_build_slg_msgs_egg
[8.698s] [ 12%] [32mBuilding C object CMakeFiles/slg_msgs__rosidl_generator_c.dir/rosidl_generator_c/slg_msgs/msg/detail/segment__functions.c.o[0m
[8.698s] [ 14%] [32mBuilding C object CMakeFiles/slg_msgs__rosidl_generator_c.dir/rosidl_generator_c/slg_msgs/msg/detail/segment_array__functions.c.o[0m
[8.698s] [ 14%] Built target slg_msgs__cpp
[8.698s] [ 16%] [34m[1mGenerating C++ type support for eProsima Fast-RTPS[0m
[8.698s] [ 18%] [34m[1mGenerating C++ introspection for ROS interfaces[0m
[8.698s] [ 20%] [34m[1mGenerating C++ type support dispatch for ROS interfaces[0m
[8.699s] [ 20%] Built target slg_msgs__rs
[8.699s] [ 22%] [32m[1mLinking C shared library libslg_msgs__rosidl_generator_c.so[0m
[8.699s] [ 22%] Built target slg_msgs__rosidl_generator_c
[8.699s] [ 24%] [34m[1mGenerating C type support for eProsima Fast-RTPS[0m
[8.699s] [ 26%] [34m[1mGenerating C introspection for ROS interfaces[0m
[8.699s] [ 28%] [34m[1mGenerating C type support dispatch for ROS interfaces[0m
[8.699s] [ 30%] [32mBuilding CXX object CMakeFiles/slg_msgs__rosidl_typesupport_fastrtps_cpp.dir/rosidl_typesupport_fastrtps_cpp/slg_msgs/msg/detail/dds_fastrtps/segment__type_support.cpp.o[0m
[8.699s] [ 32%] [32mBuilding CXX object CMakeFiles/slg_msgs__rosidl_typesupport_fastrtps_cpp.dir/rosidl_typesupport_fastrtps_cpp/slg_msgs/msg/detail/dds_fastrtps/segment_array__type_support.cpp.o[0m
[8.699s] [ 34%] [32mBuilding CXX object CMakeFiles/slg_msgs__rosidl_typesupport_cpp.dir/rosidl_typesupport_cpp/slg_msgs/msg/segment__type_support.cpp.o[0m
[8.699s] [ 36%] [32mBuilding CXX object CMakeFiles/slg_msgs__rosidl_typesupport_cpp.dir/rosidl_typesupport_cpp/slg_msgs/msg/segment_array__type_support.cpp.o[0m
[8.699s] [ 38%] [32mBuilding CXX object CMakeFiles/slg_msgs__rosidl_typesupport_introspection_cpp.dir/rosidl_typesupport_introspection_cpp/slg_msgs/msg/detail/segment_array__type_support.cpp.o[0m
[8.699s] [ 40%] [32mBuilding CXX object CMakeFiles/slg_msgs__rosidl_typesupport_introspection_cpp.dir/rosidl_typesupport_introspection_cpp/slg_msgs/msg/detail/segment__type_support.cpp.o[0m
[8.699s] [ 42%] [32m[1mLinking CXX shared library libslg_msgs__rosidl_typesupport_cpp.so[0m
[8.699s] [ 42%] Built target slg_msgs__rosidl_typesupport_cpp
[8.699s] [ 44%] [32m[1mLinking CXX static library libgtest_main.a[0m
[8.699s] [ 46%] [32mBuilding CXX object CMakeFiles/slg_msgs__rosidl_typesupport_c.dir/rosidl_typesupport_c/slg_msgs/msg/segment__type_support.cpp.o[0m
[8.699s] [ 48%] [32mBuilding CXX object CMakeFiles/slg_msgs__rosidl_typesupport_c.dir/rosidl_typesupport_c/slg_msgs/msg/segment_array__type_support.cpp.o[0m
[8.699s] [ 52%] [32mBuilding C object CMakeFiles/slg_msgs__rosidl_typesupport_introspection_c.dir/rosidl_typesupport_introspection_c/slg_msgs/msg/detail/segment__type_support.c.o[0m
[8.699s] [ 52%] [32mBuilding C object CMakeFiles/slg_msgs__rosidl_typesupport_introspection_c.dir/rosidl_typesupport_introspection_c/slg_msgs/msg/detail/segment_array__type_support.c.o[0m
[8.699s] [ 54%] [32m[1mLinking CXX shared library libslg_msgs__rosidl_typesupport_c.so[0m
[8.699s] [ 54%] Built target gtest_main
[8.699s] [ 54%] Built target slg_msgs__rosidl_typesupport_c
[8.699s] [ 56%] [32mBuilding CXX object CMakeFiles/slg_msgs__rosidl_typesupport_fastrtps_c.dir/rosidl_typesupport_fastrtps_c/slg_msgs/msg/detail/segment__type_support_c.cpp.o[0m
[8.699s] [ 58%] [32mBuilding CXX object CMakeFiles/slg_msgs__rosidl_typesupport_fastrtps_c.dir/rosidl_typesupport_fastrtps_c/slg_msgs/msg/detail/segment_array__type_support_c.cpp.o[0m
[8.699s] [ 60%] [32m[1mLinking C shared library libslg_msgs__rosidl_typesupport_introspection_c.so[0m
[8.700s] [ 60%] Built target slg_msgs__rosidl_typesupport_introspection_c
[8.774s] [ 62%] [32m[1mLinking CXX shared library libslg_msgs__rosidl_typesupport_fastrtps_cpp.so[0m
[9.212s] [ 64%] [32m[1mLinking CXX shared library libslg_msgs__rosidl_typesupport_introspection_cpp.so[0m
[9.359s] [ 64%] Built target slg_msgs__rosidl_typesupport_fastrtps_cpp
[9.599s] [ 66%] [32m[1mLinking CXX shared library libslg_msgs__rosidl_typesupport_fastrtps_c.so[0m
[9.714s] [ 66%] Built target slg_msgs__rosidl_typesupport_introspection_cpp
[10.156s] [ 66%] Built target slg_msgs__rosidl_typesupport_fastrtps_c
[10.181s] [ 66%] Built target slg_msgs
[10.245s] [ 68%] [34m[1mGenerating Python code for ROS interfaces[0m
[12.300s] [ 68%] Built target slg_msgs__py
[12.403s] [ 70%] [32mBuilding C object CMakeFiles/slg_msgs__rosidl_generator_py.dir/rosidl_generator_py/slg_msgs/msg/_segment_array_s.c.o[0m
[12.403s] [ 72%] [32mBuilding C object CMakeFiles/slg_msgs__rosidl_generator_py.dir/rosidl_generator_py/slg_msgs/msg/_segment_s.c.o[0m
[12.772s] [ 74%] [32m[1mLinking C shared library rosidl_generator_py/slg_msgs/libslg_msgs__rosidl_generator_py.so[0m
[12.883s] [ 74%] Built target slg_msgs__rosidl_generator_py
[12.944s] [ 76%] [32mBuilding C object CMakeFiles/slg_msgs__rosidl_typesupport_fastrtps_c__pyext.dir/rosidl_generator_py/slg_msgs/_slg_msgs_s.ep.rosidl_typesupport_fastrtps_c.c.o[0m
[12.969s] [ 78%] [32mBuilding C object CMakeFiles/slg_msgs__rosidl_typesupport_introspection_c__pyext.dir/rosidl_generator_py/slg_msgs/_slg_msgs_s.ep.rosidl_typesupport_introspection_c.c.o[0m
[12.983s] [ 80%] [32mBuilding C object CMakeFiles/slg_msgs__rosidl_typesupport_c__pyext.dir/rosidl_generator_py/slg_msgs/_slg_msgs_s.ep.rosidl_typesupport_c.c.o[0m
[13.196s] [ 82%] [32m[1mLinking C shared library rosidl_generator_py/slg_msgs/slg_msgs_s__rosidl_typesupport_c.cpython-310-x86_64-linux-gnu.so[0m
[13.299s] [ 84%] [32m[1mLinking C shared library rosidl_generator_py/slg_msgs/slg_msgs_s__rosidl_typesupport_introspection_c.cpython-310-x86_64-linux-gnu.so[0m
[13.300s] [ 84%] Built target slg_msgs__rosidl_typesupport_c__pyext
[13.347s] [ 86%] [32m[1mLinking C shared library rosidl_generator_py/slg_msgs/slg_msgs_s__rosidl_typesupport_fastrtps_c.cpython-310-x86_64-linux-gnu.so[0m
[13.402s] [ 86%] Built target slg_msgs__rosidl_typesupport_introspection_c__pyext
[13.468s] [ 86%] Built target slg_msgs__rosidl_typesupport_fastrtps_c__pyext
[21.161s] [ 88%] [32m[1mLinking CXX static library libgtest.a[0m
[21.227s] [ 88%] Built target gtest
[21.273s] [ 90%] [32mBuilding CXX object test/CMakeFiles/test_point2d.dir/test_point2d.cpp.o[0m
[23.676s] [ 92%] [32m[1mLinking CXX executable test_point2d[0m
[23.827s] [ 92%] Built target test_point2d
[23.861s] [ 94%] [32mBuilding CXX object test/CMakeFiles/test_segment2d.dir/test_segment2d.cpp.o[0m
[28.118s] [ 96%] [32m[1mLinking CXX executable test_segment2d[0m
[28.277s] [ 96%] Built target test_segment2d
[28.307s] [ 98%] [32mBuilding CXX object test/CMakeFiles/test_polygon.dir/test_polygon.cpp.o[0m
[31.320s] [100%] [32m[1mLinking CXX executable test_polygon[0m
[31.476s] [100%] Built target test_polygon
[31.498s] Invoked command in '/home/rhobtor/PHD/j8_control/J8_control/build/slg_msgs' returned '0': CMAKE_PREFIX_PATH=${CMAKE_PREFIX_PATH}:/home/rhobtor/PHD/path_dem/install_navigation/path_dem:/home/rhobtor/PHD/path_dem/install/path_dem:/home/rhobtor/PHD/install_global_belief_final/path_dem:/home/rhobtor/PHD/ARGOSJ8_IA/ARGOSJ8_IA_/install/car:/home/rhobtor/PHD/ARGOSJ8_IA/ARGOSJ8_IA_/install/ntrip_client:/home/rhobtor/PHD/ARGOSJ8_IA/ARGOSJ8_IA_/install/j8_gui:/home/rhobtor/PHD/ARGOSJ8_IA/ARGOSJ8_IA_/install/gui:/home/rhobtor/PHD/ARGOSJ8_IA/ARGOSJ8_IA_/install/android_ros2_server:/home/rhobtor/PHD/ARGOSJ8_IA/ARGOSJ8_IA_/install/GUI_pkg:/home/rhobtor/PHD/model_terrain_ugv/Model_terrain_ugv/install/model_terrain:/opt/ros/humble /usr/bin/cmake --build /home/rhobtor/PHD/j8_control/J8_control/build/slg_msgs -- -j20 -l20
[31.500s] Invoking command in '/home/rhobtor/PHD/j8_control/J8_control/build/slg_msgs': CMAKE_PREFIX_PATH=${CMAKE_PREFIX_PATH}:/home/rhobtor/PHD/path_dem/install_navigation/path_dem:/home/rhobtor/PHD/path_dem/install/path_dem:/home/rhobtor/PHD/install_global_belief_final/path_dem:/home/rhobtor/PHD/ARGOSJ8_IA/ARGOSJ8_IA_/install/car:/home/rhobtor/PHD/ARGOSJ8_IA/ARGOSJ8_IA_/install/ntrip_client:/home/rhobtor/PHD/ARGOSJ8_IA/ARGOSJ8_IA_/install/j8_gui:/home/rhobtor/PHD/ARGOSJ8_IA/ARGOSJ8_IA_/install/gui:/home/rhobtor/PHD/ARGOSJ8_IA/ARGOSJ8_IA_/install/android_ros2_server:/home/rhobtor/PHD/ARGOSJ8_IA/ARGOSJ8_IA_/install/GUI_pkg:/home/rhobtor/PHD/model_terrain_ugv/Model_terrain_ugv/install/model_terrain:/opt/ros/humble /usr/bin/cmake --install /home/rhobtor/PHD/j8_control/J8_control/build/slg_msgs
[31.516s] -- Install configuration: "Release"
[31.517s] -- Installing: /home/rhobtor/PHD/j8_control/J8_control/install/slg_msgs/share/ament_index/resource_index/rosidl_interfaces/slg_msgs
[31.517s] -- Installing: /home/rhobtor/PHD/j8_control/J8_control/install/slg_msgs/include/slg_msgs/slg_msgs
[31.517s] -- Installing: /home/rhobtor/PHD/j8_control/J8_control/install/slg_msgs/include/slg_msgs/slg_msgs/msg
[31.517s] -- Installing: /home/rhobtor/PHD/j8_control/J8_control/install/slg_msgs/include/slg_msgs/slg_msgs/msg/rosidl_generator_c__visibility_control.h
[31.517s] -- Installing: /home/rhobtor/PHD/j8_control/J8_control/install/slg_msgs/include/slg_msgs/slg_msgs/msg/detail
[31.518s] -- Installing: /home/rhobtor/PHD/j8_control/J8_control/install/slg_msgs/include/slg_msgs/slg_msgs/msg/detail/segment__type_support.h
[31.518s] -- Installing: /home/rhobtor/PHD/j8_control/J8_control/install/slg_msgs/include/slg_msgs/slg_msgs/msg/detail/segment_array__functions.h
[31.518s] -- Installing: /home/rhobtor/PHD/j8_control/J8_control/install/slg_msgs/include/slg_msgs/slg_msgs/msg/detail/segment__functions.c
[31.518s] -- Installing: /home/rhobtor/PHD/j8_control/J8_control/install/slg_msgs/include/slg_msgs/slg_msgs/msg/detail/segment_array__struct.h
[31.518s] -- Installing: /home/rhobtor/PHD/j8_control/J8_control/install/slg_msgs/include/slg_msgs/slg_msgs/msg/detail/segment__struct.h
[31.518s] -- Installing: /home/rhobtor/PHD/j8_control/J8_control/install/slg_msgs/include/slg_msgs/slg_msgs/msg/detail/segment_array__functions.c
[31.518s] -- Installing: /home/rhobtor/PHD/j8_control/J8_control/install/slg_msgs/include/slg_msgs/slg_msgs/msg/detail/segment_array__type_support.h
[31.518s] -- Installing: /home/rhobtor/PHD/j8_control/J8_control/install/slg_msgs/include/slg_msgs/slg_msgs/msg/detail/segment__functions.h
[31.519s] -- Installing: /home/rhobtor/PHD/j8_control/J8_control/install/slg_msgs/include/slg_msgs/slg_msgs/msg/segment_array.h
[31.519s] -- Installing: /home/rhobtor/PHD/j8_control/J8_control/install/slg_msgs/include/slg_msgs/slg_msgs/msg/segment.h
[31.519s] -- Installing: /home/rhobtor/PHD/j8_control/J8_control/install/slg_msgs/share/slg_msgs/environment/library_path.sh
[31.519s] -- Installing: /home/rhobtor/PHD/j8_control/J8_control/install/slg_msgs/share/slg_msgs/environment/library_path.dsv
[31.519s] -- Installing: /home/rhobtor/PHD/j8_control/J8_control/install/slg_msgs/lib/libslg_msgs__rosidl_generator_c.so
[31.519s] -- Set runtime path of "/home/rhobtor/PHD/j8_control/J8_control/install/slg_msgs/lib/libslg_msgs__rosidl_generator_c.so" to ""
[31.519s] -- Up-to-date: /home/rhobtor/PHD/j8_control/J8_control/install/slg_msgs/include/slg_msgs/slg_msgs
[31.520s] -- Up-to-date: /home/rhobtor/PHD/j8_control/J8_control/install/slg_msgs/include/slg_msgs/slg_msgs/msg
[31.520s] -- Installing: /home/rhobtor/PHD/j8_control/J8_control/install/slg_msgs/include/slg_msgs/slg_msgs/msg/rosidl_typesupport_fastrtps_c__visibility_control.h
[31.520s] -- Up-to-date: /home/rhobtor/PHD/j8_control/J8_control/install/slg_msgs/include/slg_msgs/slg_msgs/msg/detail
[31.520s] -- Installing: /home/rhobtor/PHD/j8_control/J8_control/install/slg_msgs/include/slg_msgs/slg_msgs/msg/detail/segment__rosidl_typesupport_fastrtps_c.h
[31.521s] -- Installing: /home/rhobtor/PHD/j8_control/J8_control/install/slg_msgs/include/slg_msgs/slg_msgs/msg/detail/segment_array__rosidl_typesupport_fastrtps_c.h
[31.521s] -- Installing: /home/rhobtor/PHD/j8_control/J8_control/install/slg_msgs/lib/libslg_msgs__rosidl_typesupport_fastrtps_c.so
[31.521s] -- Set runtime path of "/home/rhobtor/PHD/j8_control/J8_control/install/slg_msgs/lib/libslg_msgs__rosidl_typesupport_fastrtps_c.so" to ""
[31.521s] -- Up-to-date: /home/rhobtor/PHD/j8_control/J8_control/install/slg_msgs/include/slg_msgs/slg_msgs
[31.522s] -- Up-to-date: /home/rhobtor/PHD/j8_control/J8_control/install/slg_msgs/include/slg_msgs/slg_msgs/msg
[31.524s] -- Installing: /home/rhobtor/PHD/j8_control/J8_control/install/slg_msgs/include/slg_msgs/slg_msgs/msg/rosidl_typesupport_introspection_c__visibility_control.h
[31.524s] -- Up-to-date: /home/rhobtor/PHD/j8_control/J8_control/install/slg_msgs/include/slg_msgs/slg_msgs/msg/detail
[31.524s] -- Installing: /home/rhobtor/PHD/j8_control/J8_control/install/slg_msgs/include/slg_msgs/slg_msgs/msg/detail/segment__rosidl_typesupport_introspection_c.h
[31.524s] -- Installing: /home/rhobtor/PHD/j8_control/J8_control/install/slg_msgs/include/slg_msgs/slg_msgs/msg/detail/segment_array__type_support.c
[31.524s] -- Installing: /home/rhobtor/PHD/j8_control/J8_control/install/slg_msgs/include/slg_msgs/slg_msgs/msg/detail/segment__type_support.c
[31.524s] -- Installing: /home/rhobtor/PHD/j8_control/J8_control/install/slg_msgs/include/slg_msgs/slg_msgs/msg/detail/segment_array__rosidl_typesupport_introspection_c.h
[31.524s] -- Installing: /home/rhobtor/PHD/j8_control/J8_control/install/slg_msgs/lib/libslg_msgs__rosidl_typesupport_introspection_c.so
[31.524s] -- Set runtime path of "/home/rhobtor/PHD/j8_control/J8_control/install/slg_msgs/lib/libslg_msgs__rosidl_typesupport_introspection_c.so" to ""
[31.524s] -- Installing: /home/rhobtor/PHD/j8_control/J8_control/install/slg_msgs/lib/libslg_msgs__rosidl_typesupport_c.so
[31.524s] -- Set runtime path of "/home/rhobtor/PHD/j8_control/J8_control/install/slg_msgs/lib/libslg_msgs__rosidl_typesupport_c.so" to ""
[31.524s] -- Up-to-date: /home/rhobtor/PHD/j8_control/J8_control/install/slg_msgs/include/slg_msgs/slg_msgs
[31.524s] -- Up-to-date: /home/rhobtor/PHD/j8_control/J8_control/install/slg_msgs/include/slg_msgs/slg_msgs/msg
[31.524s] -- Installing: /home/rhobtor/PHD/j8_control/J8_control/install/slg_msgs/include/slg_msgs/slg_msgs/msg/segment_array.hpp
[31.524s] -- Installing: /home/rhobtor/PHD/j8_control/J8_control/install/slg_msgs/include/slg_msgs/slg_msgs/msg/segment.hpp
[31.524s] -- Up-to-date: /home/rhobtor/PHD/j8_control/J8_control/install/slg_msgs/include/slg_msgs/slg_msgs/msg/detail
[31.525s] -- Installing: /home/rhobtor/PHD/j8_control/J8_control/install/slg_msgs/include/slg_msgs/slg_msgs/msg/detail/segment__type_support.hpp
[31.525s] -- Installing: /home/rhobtor/PHD/j8_control/J8_control/install/slg_msgs/include/slg_msgs/slg_msgs/msg/detail/segment_array__traits.hpp
[31.525s] -- Installing: /home/rhobtor/PHD/j8_control/J8_control/install/slg_msgs/include/slg_msgs/slg_msgs/msg/detail/segment_array__builder.hpp
[31.525s] -- Installing: /home/rhobtor/PHD/j8_control/J8_control/install/slg_msgs/include/slg_msgs/slg_msgs/msg/detail/segment__traits.hpp
[31.525s] -- Installing: /home/rhobtor/PHD/j8_control/J8_control/install/slg_msgs/include/slg_msgs/slg_msgs/msg/detail/segment_array__type_support.hpp
[31.525s] -- Installing: /home/rhobtor/PHD/j8_control/J8_control/install/slg_msgs/include/slg_msgs/slg_msgs/msg/detail/segment__builder.hpp
[31.525s] -- Installing: /home/rhobtor/PHD/j8_control/J8_control/install/slg_msgs/include/slg_msgs/slg_msgs/msg/detail/segment_array__struct.hpp
[31.525s] -- Installing: /home/rhobtor/PHD/j8_control/J8_control/install/slg_msgs/include/slg_msgs/slg_msgs/msg/detail/segment__struct.hpp
[31.525s] -- Installing: /home/rhobtor/PHD/j8_control/J8_control/install/slg_msgs/include/slg_msgs/slg_msgs/msg/rosidl_generator_cpp__visibility_control.hpp
[31.525s] -- Up-to-date: /home/rhobtor/PHD/j8_control/J8_control/install/slg_msgs/include/slg_msgs/slg_msgs
[31.525s] -- Up-to-date: /home/rhobtor/PHD/j8_control/J8_control/install/slg_msgs/include/slg_msgs/slg_msgs/msg
[31.525s] -- Installing: /home/rhobtor/PHD/j8_control/J8_control/install/slg_msgs/include/slg_msgs/slg_msgs/msg/rosidl_typesupport_fastrtps_cpp__visibility_control.h
[31.525s] -- Up-to-date: /home/rhobtor/PHD/j8_control/J8_control/install/slg_msgs/include/slg_msgs/slg_msgs/msg/detail
[31.525s] -- Installing: /home/rhobtor/PHD/j8_control/J8_control/install/slg_msgs/include/slg_msgs/slg_msgs/msg/detail/segment_array__rosidl_typesupport_fastrtps_cpp.hpp
[31.525s] -- Installing: /home/rhobtor/PHD/j8_control/J8_control/install/slg_msgs/include/slg_msgs/slg_msgs/msg/detail/dds_fastrtps
[31.525s] -- Installing: /home/rhobtor/PHD/j8_control/J8_control/install/slg_msgs/include/slg_msgs/slg_msgs/msg/detail/segment__rosidl_typesupport_fastrtps_cpp.hpp
[31.525s] -- Installing: /home/rhobtor/PHD/j8_control/J8_control/install/slg_msgs/lib/libslg_msgs__rosidl_typesupport_fastrtps_cpp.so
[31.526s] -- Set runtime path of "/home/rhobtor/PHD/j8_control/J8_control/install/slg_msgs/lib/libslg_msgs__rosidl_typesupport_fastrtps_cpp.so" to ""
[31.526s] -- Up-to-date: /home/rhobtor/PHD/j8_control/J8_control/install/slg_msgs/include/slg_msgs/slg_msgs
[31.526s] -- Up-to-date: /home/rhobtor/PHD/j8_control/J8_control/install/slg_msgs/include/slg_msgs/slg_msgs/msg
[31.526s] -- Up-to-date: /home/rhobtor/PHD/j8_control/J8_control/install/slg_msgs/include/slg_msgs/slg_msgs/msg/detail
[31.526s] -- Installing: /home/rhobtor/PHD/j8_control/J8_control/install/slg_msgs/include/slg_msgs/slg_msgs/msg/detail/segment__rosidl_typesupport_introspection_cpp.hpp
[31.526s] -- Installing: /home/rhobtor/PHD/j8_control/J8_control/install/slg_msgs/include/slg_msgs/slg_msgs/msg/detail/segment__type_support.cpp
[31.526s] -- Installing: /home/rhobtor/PHD/j8_control/J8_control/install/slg_msgs/include/slg_msgs/slg_msgs/msg/detail/segment_array__rosidl_typesupport_introspection_cpp.hpp
[31.526s] -- Installing: /home/rhobtor/PHD/j8_control/J8_control/install/slg_msgs/include/slg_msgs/slg_msgs/msg/detail/segment_array__type_support.cpp
[31.526s] -- Installing: /home/rhobtor/PHD/j8_control/J8_control/install/slg_msgs/lib/libslg_msgs__rosidl_typesupport_introspection_cpp.so
[31.526s] -- Set runtime path of "/home/rhobtor/PHD/j8_control/J8_control/install/slg_msgs/lib/libslg_msgs__rosidl_typesupport_introspection_cpp.so" to ""
[31.526s] -- Installing: /home/rhobtor/PHD/j8_control/J8_control/install/slg_msgs/lib/libslg_msgs__rosidl_typesupport_cpp.so
[31.526s] -- Set runtime path of "/home/rhobtor/PHD/j8_control/J8_control/install/slg_msgs/lib/libslg_msgs__rosidl_typesupport_cpp.so" to ""
[31.526s] -- Installing: /home/rhobtor/PHD/j8_control/J8_control/install/slg_msgs/share/slg_msgs/environment/pythonpath.sh
[31.526s] -- Installing: /home/rhobtor/PHD/j8_control/J8_control/install/slg_msgs/share/slg_msgs/environment/pythonpath.dsv
[31.526s] -- Installing: /home/rhobtor/PHD/j8_control/J8_control/install/slg_msgs/local/lib/python3.10/dist-packages/slg_msgs-3.8.0-py3.10.egg-info
[31.526s] -- Installing: /home/rhobtor/PHD/j8_control/J8_control/install/slg_msgs/local/lib/python3.10/dist-packages/slg_msgs-3.8.0-py3.10.egg-info/dependency_links.txt
[31.526s] -- Installing: /home/rhobtor/PHD/j8_control/J8_control/install/slg_msgs/local/lib/python3.10/dist-packages/slg_msgs-3.8.0-py3.10.egg-info/top_level.txt
[31.526s] -- Installing: /home/rhobtor/PHD/j8_control/J8_control/install/slg_msgs/local/lib/python3.10/dist-packages/slg_msgs-3.8.0-py3.10.egg-info/PKG-INFO
[31.527s] -- Installing: /home/rhobtor/PHD/j8_control/J8_control/install/slg_msgs/local/lib/python3.10/dist-packages/slg_msgs-3.8.0-py3.10.egg-info/SOURCES.txt
[31.527s] -- Installing: /home/rhobtor/PHD/j8_control/J8_control/install/slg_msgs/local/lib/python3.10/dist-packages/slg_msgs
[31.527s] -- Installing: /home/rhobtor/PHD/j8_control/J8_control/install/slg_msgs/local/lib/python3.10/dist-packages/slg_msgs/__init__.py
[31.527s] -- Installing: /home/rhobtor/PHD/j8_control/J8_control/install/slg_msgs/local/lib/python3.10/dist-packages/slg_msgs/_slg_msgs_s.ep.rosidl_typesupport_c.c
[31.527s] -- Installing: /home/rhobtor/PHD/j8_control/J8_control/install/slg_msgs/local/lib/python3.10/dist-packages/slg_msgs/_slg_msgs_s.ep.rosidl_typesupport_introspection_c.c
[31.527s] -- Installing: /home/rhobtor/PHD/j8_control/J8_control/install/slg_msgs/local/lib/python3.10/dist-packages/slg_msgs/libslg_msgs__rosidl_generator_py.so
[31.527s] -- Installing: /home/rhobtor/PHD/j8_control/J8_control/install/slg_msgs/local/lib/python3.10/dist-packages/slg_msgs/slg_msgs_s__rosidl_typesupport_fastrtps_c.cpython-310-x86_64-linux-gnu.so
[31.527s] -- Installing: /home/rhobtor/PHD/j8_control/J8_control/install/slg_msgs/local/lib/python3.10/dist-packages/slg_msgs/msg
[31.527s] -- Installing: /home/rhobtor/PHD/j8_control/J8_control/install/slg_msgs/local/lib/python3.10/dist-packages/slg_msgs/msg/__init__.py
[31.527s] -- Installing: /home/rhobtor/PHD/j8_control/J8_control/install/slg_msgs/local/lib/python3.10/dist-packages/slg_msgs/msg/_segment_array_s.c
[31.527s] -- Installing: /home/rhobtor/PHD/j8_control/J8_control/install/slg_msgs/local/lib/python3.10/dist-packages/slg_msgs/msg/_segment_array.py
[31.527s] -- Installing: /home/rhobtor/PHD/j8_control/J8_control/install/slg_msgs/local/lib/python3.10/dist-packages/slg_msgs/msg/_segment.py
[31.527s] -- Installing: /home/rhobtor/PHD/j8_control/J8_control/install/slg_msgs/local/lib/python3.10/dist-packages/slg_msgs/msg/_segment_s.c
[31.527s] -- Installing: /home/rhobtor/PHD/j8_control/J8_control/install/slg_msgs/local/lib/python3.10/dist-packages/slg_msgs/slg_msgs_s__rosidl_typesupport_c.cpython-310-x86_64-linux-gnu.so
[31.527s] -- Installing: /home/rhobtor/PHD/j8_control/J8_control/install/slg_msgs/local/lib/python3.10/dist-packages/slg_msgs/slg_msgs_s__rosidl_typesupport_introspection_c.cpython-310-x86_64-linux-gnu.so
[31.527s] -- Installing: /home/rhobtor/PHD/j8_control/J8_control/install/slg_msgs/local/lib/python3.10/dist-packages/slg_msgs/_slg_msgs_s.ep.rosidl_typesupport_fastrtps_c.c
[31.569s] Listing '/home/rhobtor/PHD/j8_control/J8_control/install/slg_msgs/local/lib/python3.10/dist-packages/slg_msgs'...
[31.569s] Compiling '/home/rhobtor/PHD/j8_control/J8_control/install/slg_msgs/local/lib/python3.10/dist-packages/slg_msgs/__init__.py'...
[31.569s] Listing '/home/rhobtor/PHD/j8_control/J8_control/install/slg_msgs/local/lib/python3.10/dist-packages/slg_msgs/msg'...
[31.569s] Compiling '/home/rhobtor/PHD/j8_control/J8_control/install/slg_msgs/local/lib/python3.10/dist-packages/slg_msgs/msg/__init__.py'...
[31.569s] Compiling '/home/rhobtor/PHD/j8_control/J8_control/install/slg_msgs/local/lib/python3.10/dist-packages/slg_msgs/msg/_segment.py'...
[31.570s] Compiling '/home/rhobtor/PHD/j8_control/J8_control/install/slg_msgs/local/lib/python3.10/dist-packages/slg_msgs/msg/_segment_array.py'...
[31.573s] -- Installing: /home/rhobtor/PHD/j8_control/J8_control/install/slg_msgs/local/lib/python3.10/dist-packages/slg_msgs/slg_msgs_s__rosidl_typesupport_fastrtps_c.cpython-310-x86_64-linux-gnu.so
[31.573s] -- Set runtime path of "/home/rhobtor/PHD/j8_control/J8_control/install/slg_msgs/local/lib/python3.10/dist-packages/slg_msgs/slg_msgs_s__rosidl_typesupport_fastrtps_c.cpython-310-x86_64-linux-gnu.so" to ""
[31.573s] -- Installing: /home/rhobtor/PHD/j8_control/J8_control/install/slg_msgs/local/lib/python3.10/dist-packages/slg_msgs/slg_msgs_s__rosidl_typesupport_introspection_c.cpython-310-x86_64-linux-gnu.so
[31.574s] -- Set runtime path of "/home/rhobtor/PHD/j8_control/J8_control/install/slg_msgs/local/lib/python3.10/dist-packages/slg_msgs/slg_msgs_s__rosidl_typesupport_introspection_c.cpython-310-x86_64-linux-gnu.so" to ""
[31.574s] -- Installing: /home/rhobtor/PHD/j8_control/J8_control/install/slg_msgs/local/lib/python3.10/dist-packages/slg_msgs/slg_msgs_s__rosidl_typesupport_c.cpython-310-x86_64-linux-gnu.so
[31.574s] -- Set runtime path of "/home/rhobtor/PHD/j8_control/J8_control/install/slg_msgs/local/lib/python3.10/dist-packages/slg_msgs/slg_msgs_s__rosidl_typesupport_c.cpython-310-x86_64-linux-gnu.so" to ""
[31.575s] -- Installing: /home/rhobtor/PHD/j8_control/J8_control/install/slg_msgs/lib/libslg_msgs__rosidl_generator_py.so
[31.575s] -- Set runtime path of "/home/rhobtor/PHD/j8_control/J8_control/install/slg_msgs/lib/libslg_msgs__rosidl_generator_py.so" to ""
[31.575s] -- Installing: /home/rhobtor/PHD/j8_control/J8_control/install/slg_msgs/share/ament_index/resource_index/rust_packages/slg_msgs
[31.575s] -- Installing: /home/rhobtor/PHD/j8_control/J8_control/install/slg_msgs/share/slg_msgs/rust
[31.575s] -- Installing: /home/rhobtor/PHD/j8_control/J8_control/install/slg_msgs/share/slg_msgs/rust/build.rs
[31.575s] -- Installing: /home/rhobtor/PHD/j8_control/J8_control/install/slg_msgs/share/slg_msgs/rust/src
[31.575s] -- Installing: /home/rhobtor/PHD/j8_control/J8_control/install/slg_msgs/share/slg_msgs/rust/src/msg.rs
[31.576s] -- Installing: /home/rhobtor/PHD/j8_control/J8_control/install/slg_msgs/share/slg_msgs/rust/src/msg
[31.576s] -- Installing: /home/rhobtor/PHD/j8_control/J8_control/install/slg_msgs/share/slg_msgs/rust/src/msg/rmw.rs
[31.576s] -- Installing: /home/rhobtor/PHD/j8_control/J8_control/install/slg_msgs/share/slg_msgs/rust/src/lib.rs
[31.576s] -- Installing: /home/rhobtor/PHD/j8_control/J8_control/install/slg_msgs/share/slg_msgs/rust/Cargo.toml
[31.576s] -- Installing: /home/rhobtor/PHD/j8_control/J8_control/install/slg_msgs/share/slg_msgs/msg/Segment.idl
[31.576s] -- Installing: /home/rhobtor/PHD/j8_control/J8_control/install/slg_msgs/share/slg_msgs/msg/SegmentArray.idl
[31.576s] -- Installing: /home/rhobtor/PHD/j8_control/J8_control/install/slg_msgs/share/slg_msgs/msg/Segment.msg
[31.576s] -- Installing: /home/rhobtor/PHD/j8_control/J8_control/install/slg_msgs/share/slg_msgs/msg/SegmentArray.msg
[31.576s] -- Up-to-date: /home/rhobtor/PHD/j8_control/J8_control/install/slg_msgs/include/slg_msgs
[31.576s] -- Installing: /home/rhobtor/PHD/j8_control/J8_control/install/slg_msgs/include/slg_msgs/point2D.hpp
[31.576s] -- Installing: /home/rhobtor/PHD/j8_control/J8_control/install/slg_msgs/include/slg_msgs/segment2D.hpp
[31.576s] -- Installing: /home/rhobtor/PHD/j8_control/J8_control/install/slg_msgs/include/slg_msgs/polygon.hpp
[31.576s] -- Installing: /home/rhobtor/PHD/j8_control/J8_control/install/slg_msgs/share/ament_index/resource_index/package_run_dependencies/slg_msgs
[31.576s] -- Installing: /home/rhobtor/PHD/j8_control/J8_control/install/slg_msgs/share/ament_index/resource_index/parent_prefix_path/slg_msgs
[31.576s] -- Installing: /home/rhobtor/PHD/j8_control/J8_control/install/slg_msgs/share/slg_msgs/environment/ament_prefix_path.sh
[31.576s] -- Installing: /home/rhobtor/PHD/j8_control/J8_control/install/slg_msgs/share/slg_msgs/environment/ament_prefix_path.dsv
[31.577s] -- Installing: /home/rhobtor/PHD/j8_control/J8_control/install/slg_msgs/share/slg_msgs/environment/path.sh
[31.577s] -- Installing: /home/rhobtor/PHD/j8_control/J8_control/install/slg_msgs/share/slg_msgs/environment/path.dsv
[31.578s] -- Installing: /home/rhobtor/PHD/j8_control/J8_control/install/slg_msgs/share/slg_msgs/local_setup.bash
[31.579s] -- Installing: /home/rhobtor/PHD/j8_control/J8_control/install/slg_msgs/share/slg_msgs/local_setup.sh
[31.579s] -- Installing: /home/rhobtor/PHD/j8_control/J8_control/install/slg_msgs/share/slg_msgs/local_setup.zsh
[31.579s] -- Installing: /home/rhobtor/PHD/j8_control/J8_control/install/slg_msgs/share/slg_msgs/local_setup.dsv
[31.579s] -- Installing: /home/rhobtor/PHD/j8_control/J8_control/install/slg_msgs/share/slg_msgs/package.dsv
[31.579s] -- Installing: /home/rhobtor/PHD/j8_control/J8_control/install/slg_msgs/share/ament_index/resource_index/packages/slg_msgs
[31.579s] -- Installing: /home/rhobtor/PHD/j8_control/J8_control/install/slg_msgs/share/slg_msgs/cmake/export_slg_msgs__rosidl_generator_cExport.cmake
[31.579s] -- Installing: /home/rhobtor/PHD/j8_control/J8_control/install/slg_msgs/share/slg_msgs/cmake/export_slg_msgs__rosidl_generator_cExport-release.cmake
[31.579s] -- Installing: /home/rhobtor/PHD/j8_control/J8_control/install/slg_msgs/share/slg_msgs/cmake/export_slg_msgs__rosidl_typesupport_fastrtps_cExport.cmake
[31.579s] -- Installing: /home/rhobtor/PHD/j8_control/J8_control/install/slg_msgs/share/slg_msgs/cmake/export_slg_msgs__rosidl_typesupport_fastrtps_cExport-release.cmake
[31.579s] -- Installing: /home/rhobtor/PHD/j8_control/J8_control/install/slg_msgs/share/slg_msgs/cmake/slg_msgs__rosidl_typesupport_introspection_cExport.cmake
[31.579s] -- Installing: /home/rhobtor/PHD/j8_control/J8_control/install/slg_msgs/share/slg_msgs/cmake/slg_msgs__rosidl_typesupport_introspection_cExport-release.cmake
[31.579s] -- Installing: /home/rhobtor/PHD/j8_control/J8_control/install/slg_msgs/share/slg_msgs/cmake/slg_msgs__rosidl_typesupport_cExport.cmake
[31.579s] -- Installing: /home/rhobtor/PHD/j8_control/J8_control/install/slg_msgs/share/slg_msgs/cmake/slg_msgs__rosidl_typesupport_cExport-release.cmake
[31.579s] -- Installing: /home/rhobtor/PHD/j8_control/J8_control/install/slg_msgs/share/slg_msgs/cmake/export_slg_msgs__rosidl_generator_cppExport.cmake
[31.580s] -- Installing: /home/rhobtor/PHD/j8_control/J8_control/install/slg_msgs/share/slg_msgs/cmake/export_slg_msgs__rosidl_typesupport_fastrtps_cppExport.cmake
[31.580s] -- Installing: /home/rhobtor/PHD/j8_control/J8_control/install/slg_msgs/share/slg_msgs/cmake/export_slg_msgs__rosidl_typesupport_fastrtps_cppExport-release.cmake
[31.580s] -- Installing: /home/rhobtor/PHD/j8_control/J8_control/install/slg_msgs/share/slg_msgs/cmake/slg_msgs__rosidl_typesupport_introspection_cppExport.cmake
[31.580s] -- Installing: /home/rhobtor/PHD/j8_control/J8_control/install/slg_msgs/share/slg_msgs/cmake/slg_msgs__rosidl_typesupport_introspection_cppExport-release.cmake
[31.580s] -- Installing: /home/rhobtor/PHD/j8_control/J8_control/install/slg_msgs/share/slg_msgs/cmake/slg_msgs__rosidl_typesupport_cppExport.cmake
[31.580s] -- Installing: /home/rhobtor/PHD/j8_control/J8_control/install/slg_msgs/share/slg_msgs/cmake/slg_msgs__rosidl_typesupport_cppExport-release.cmake
[31.580s] -- Installing: /home/rhobtor/PHD/j8_control/J8_control/install/slg_msgs/share/slg_msgs/cmake/export_slg_msgs__rosidl_generator_pyExport.cmake
[31.580s] -- Installing: /home/rhobtor/PHD/j8_control/J8_control/install/slg_msgs/share/slg_msgs/cmake/export_slg_msgs__rosidl_generator_pyExport-release.cmake
[31.580s] -- Installing: /home/rhobtor/PHD/j8_control/J8_control/install/slg_msgs/share/slg_msgs/cmake/export_slg_msgsExport.cmake
[31.580s] -- Installing: /home/rhobtor/PHD/j8_control/J8_control/install/slg_msgs/share/slg_msgs/cmake/rosidl_cmake-extras.cmake
[31.580s] -- Installing: /home/rhobtor/PHD/j8_control/J8_control/install/slg_msgs/share/slg_msgs/cmake/ament_cmake_export_dependencies-extras.cmake
[31.580s] -- Installing: /home/rhobtor/PHD/j8_control/J8_control/install/slg_msgs/share/slg_msgs/cmake/ament_cmake_export_include_directories-extras.cmake
[31.580s] -- Installing: /home/rhobtor/PHD/j8_control/J8_control/install/slg_msgs/share/slg_msgs/cmake/ament_cmake_export_libraries-extras.cmake
[31.580s] -- Installing: /home/rhobtor/PHD/j8_control/J8_control/install/slg_msgs/share/slg_msgs/cmake/ament_cmake_export_targets-extras.cmake
[31.580s] -- Installing: /home/rhobtor/PHD/j8_control/J8_control/install/slg_msgs/share/slg_msgs/cmake/rosidl_cmake_export_typesupport_targets-extras.cmake
[31.581s] -- Installing: /home/rhobtor/PHD/j8_control/J8_control/install/slg_msgs/share/slg_msgs/cmake/rosidl_cmake_export_typesupport_libraries-extras.cmake
[31.581s] -- Installing: /home/rhobtor/PHD/j8_control/J8_control/install/slg_msgs/share/slg_msgs/cmake/rosidl_cmake_aggregate_target-extras.cmake
[31.581s] -- Installing: /home/rhobtor/PHD/j8_control/J8_control/install/slg_msgs/share/slg_msgs/cmake/slg_msgsConfig.cmake
[31.581s] -- Installing: /home/rhobtor/PHD/j8_control/J8_control/install/slg_msgs/share/slg_msgs/cmake/slg_msgsConfig-version.cmake
[31.581s] -- Installing: /home/rhobtor/PHD/j8_control/J8_control/install/slg_msgs/share/slg_msgs/package.xml
[31.585s] Invoked command in '/home/rhobtor/PHD/j8_control/J8_control/build/slg_msgs' returned '0': CMAKE_PREFIX_PATH=${CMAKE_PREFIX_PATH}:/home/rhobtor/PHD/path_dem/install_navigation/path_dem:/home/rhobtor/PHD/path_dem/install/path_dem:/home/rhobtor/PHD/install_global_belief_final/path_dem:/home/rhobtor/PHD/ARGOSJ8_IA/ARGOSJ8_IA_/install/car:/home/rhobtor/PHD/ARGOSJ8_IA/ARGOSJ8_IA_/install/ntrip_client:/home/rhobtor/PHD/ARGOSJ8_IA/ARGOSJ8_IA_/install/j8_gui:/home/rhobtor/PHD/ARGOSJ8_IA/ARGOSJ8_IA_/install/gui:/home/rhobtor/PHD/ARGOSJ8_IA/ARGOSJ8_IA_/install/android_ros2_server:/home/rhobtor/PHD/ARGOSJ8_IA/ARGOSJ8_IA_/install/GUI_pkg:/home/rhobtor/PHD/model_terrain_ugv/Model_terrain_ugv/install/model_terrain:/opt/ros/humble /usr/bin/cmake --install /home/rhobtor/PHD/j8_control/J8_control/build/slg_msgs
