[0.062s] Invoking command in '/home/roverj8/LUIS/ARGJ08/ARGOSJ8_IA_/build/car_interfaces': /usr/bin/cmake /home/roverj8/LUIS/ARGJ08/ARGOSJ8_IA_/src/car_interfaces -DCMAKE_INSTALL_PREFIX=/home/roverj8/LUIS/ARGJ08/ARGOSJ8_IA_/install/car_interfaces
[1.169s] -- Configuring incomplete, errors occurred!
[1.170s] See also "/home/roverj8/LUIS/ARGJ08/ARGOSJ8_IA_/build/car_interfaces/CMakeFiles/CMakeOutput.log".
[1.177s] [31mCMake Error at CMakeLists.txt:9 (find_package):
[1.177s]   By not providing "Findament_cmake.cmake" in CMAKE_MODULE_PATH this project
[1.177s]   has asked CMake to find a package configuration file provided by
[1.177s]   "ament_cmake", but CMake did not find one.
[1.177s] 
[1.177s]   Could not find a package configuration file provided by "ament_cmake" with
[1.177s]   any of the following names:
[1.177s] 
[1.177s]     ament_cmakeConfig.cmake
[1.177s]     ament_cmake-config.cmake
[1.178s] 
[1.178s]   Add the installation prefix of "ament_cmake" to CMAKE_PREFIX_PATH or set
[1.178s]   "ament_cmake_DIR" to a directory containing one of the above files.  If
[1.178s]   "ament_cmake" provides a separate development package or SDK, be sure it
[1.178s]   has been installed.
[1.178s] 
[1.178s] [0m
[1.214s] Invoked command in '/home/roverj8/LUIS/ARGJ08/ARGOSJ8_IA_/build/car_interfaces' returned '1': /usr/bin/cmake /home/roverj8/LUIS/ARGJ08/ARGOSJ8_IA_/src/car_interfaces -DCMAKE_INSTALL_PREFIX=/home/roverj8/LUIS/ARGJ08/ARGOSJ8_IA_/install/car_interfaces
