[0.404s] Invoking command in '/home/roverj8/LUIS/ARGJ08/ARGOSJ8_IA_/build/fixposition_sensor_pkg': /usr/bin/cmake /home/roverj8/LUIS/ARGJ08/ARGOSJ8_IA_/src/gazebo_sim_pkgs/fix_position_pkg -DCMAKE_INSTALL_PREFIX=/home/roverj8/LUIS/ARGJ08/ARGOSJ8_IA_/install/fixposition_sensor_pkg
[0.994s] -- The C compiler identification is GNU 11.4.0
[0.994s] -- The CXX compiler identification is GNU 11.4.0
[0.994s] -- Detecting C compiler ABI info
[0.994s] -- Detecting C compiler ABI info - done
[0.995s] -- Check for working C compiler: /usr/bin/cc - skipped
[0.995s] -- Detecting C compile features
[0.995s] -- Detecting C compile features - done
[0.995s] -- Detecting CXX compiler ABI info
[0.995s] -- Detecting CXX compiler ABI info - done
[0.995s] -- Check for working CXX compiler: /usr/bin/c++ - skipped
[0.995s] -- Detecting CXX compile features
[0.996s] -- Detecting CXX compile features - done
[0.996s] -- Configuring incomplete, errors occurred!
[0.996s] See also "/home/roverj8/LUIS/ARGJ08/ARGOSJ8_IA_/build/fixposition_sensor_pkg/CMakeFiles/CMakeOutput.log".
[0.997s] [31mCMake Error at CMakeLists.txt:9 (find_package):
[0.997s]   By not providing "Findament_cmake.cmake" in CMAKE_MODULE_PATH this project
[0.997s]   has asked CMake to find a package configuration file provided by
[0.997s]   "ament_cmake", but CMake did not find one.
[0.997s] 
[0.997s]   Could not find a package configuration file provided by "ament_cmake" with
[0.997s]   any of the following names:
[0.997s] 
[0.997s]     ament_cmakeConfig.cmake
[0.997s]     ament_cmake-config.cmake
[0.997s] 
[0.997s]   Add the installation prefix of "ament_cmake" to CMAKE_PREFIX_PATH or set
[0.997s]   "ament_cmake_DIR" to a directory containing one of the above files.  If
[0.997s]   "ament_cmake" provides a separate development package or SDK, be sure it
[0.997s]   has been installed.
[0.997s] 
[0.997s] [0m
[1.018s] Invoked command in '/home/roverj8/LUIS/ARGJ08/ARGOSJ8_IA_/build/fixposition_sensor_pkg' returned '1': /usr/bin/cmake /home/roverj8/LUIS/ARGJ08/ARGOSJ8_IA_/src/gazebo_sim_pkgs/fix_position_pkg -DCMAKE_INSTALL_PREFIX=/home/roverj8/LUIS/ARGJ08/ARGOSJ8_IA_/install/fixposition_sensor_pkg
