[0.077s] Invoking command in '/home/roverj8/LUIS/ARGJ08/ARGOSJ8_IA_/build/slg_msgs': /usr/bin/cmake /home/roverj8/LUIS/ARGJ08/ARGOSJ8_IA_/src/lidar_process_pkgs/slg_msgs -DCMAKE_INSTALL_PREFIX=/home/roverj8/LUIS/ARGJ08/ARGOSJ8_IA_/install/slg_msgs
[1.177s] -- Configuring incomplete, errors occurred!
[1.177s] See also "/home/roverj8/LUIS/ARGJ08/ARGOSJ8_IA_/build/slg_msgs/CMakeFiles/CMakeOutput.log".
[1.178s] [31mCMake Error at CMakeLists.txt:52 (find_package):
[1.178s]   By not providing "Findament_cmake.cmake" in CMAKE_MODULE_PATH this project
[1.178s]   has asked CMake to find a package configuration file provided by
[1.178s]   "ament_cmake", but CMake did not find one.
[1.178s] 
[1.178s]   Could not find a package configuration file provided by "ament_cmake" with
[1.178s]   any of the following names:
[1.179s] 
[1.179s]     ament_cmakeConfig.cmake
[1.180s]     ament_cmake-config.cmake
[1.180s] 
[1.180s]   Add the installation prefix of "ament_cmake" to CMAKE_PREFIX_PATH or set
[1.180s]   "ament_cmake_DIR" to a directory containing one of the above files.  If
[1.181s]   "ament_cmake" provides a separate development package or SDK, be sure it
[1.181s]   has been installed.
[1.182s] 
[1.182s] [0m
[1.207s] Invoked command in '/home/roverj8/LUIS/ARGJ08/ARGOSJ8_IA_/build/slg_msgs' returned '1': /usr/bin/cmake /home/roverj8/LUIS/ARGJ08/ARGOSJ8_IA_/src/lidar_process_pkgs/slg_msgs -DCMAKE_INSTALL_PREFIX=/home/roverj8/LUIS/ARGJ08/ARGOSJ8_IA_/install/slg_msgs
