[0.064s] Invoking command in '/home/roverj8/LUIS/ARGJ08/ARGOSJ8_IA_/build/ctl_mission_interfaces': /usr/bin/cmake /home/roverj8/LUIS/ARGJ08/ARGOSJ8_IA_/src/ctl_mission/ctl_mission_interfaces -DCMAKE_INSTALL_PREFIX=/home/roverj8/LUIS/ARGJ08/ARGOSJ8_IA_/install/ctl_mission_interfaces
[1.169s] -- Configuring incomplete, errors occurred!
[1.170s] See also "/home/roverj8/LUIS/ARGJ08/ARGOSJ8_IA_/build/ctl_mission_interfaces/CMakeFiles/CMakeOutput.log".
[1.170s] [31mCMake Error at CMakeLists.txt:12 (find_package):
[1.170s]   By not providing "Findament_cmake.cmake" in CMAKE_MODULE_PATH this project
[1.170s]   has asked CMake to find a package configuration file provided by
[1.171s]   "ament_cmake", but CMake did not find one.
[1.171s] 
[1.172s]   Could not find a package configuration file provided by "ament_cmake" with
[1.173s]   any of the following names:
[1.174s] 
[1.174s]     ament_cmakeConfig.cmake
[1.175s]     ament_cmake-config.cmake
[1.175s] 
[1.175s]   Add the installation prefix of "ament_cmake" to CMAKE_PREFIX_PATH or set
[1.175s]   "ament_cmake_DIR" to a directory containing one of the above files.  If
[1.175s]   "ament_cmake" provides a separate development package or SDK, be sure it
[1.175s]   has been installed.
[1.175s] 
[1.175s] [0m
[1.207s] Invoked command in '/home/roverj8/LUIS/ARGJ08/ARGOSJ8_IA_/build/ctl_mission_interfaces' returned '1': /usr/bin/cmake /home/roverj8/LUIS/ARGJ08/ARGOSJ8_IA_/src/ctl_mission/ctl_mission_interfaces -DCMAKE_INSTALL_PREFIX=/home/roverj8/LUIS/ARGJ08/ARGOSJ8_IA_/install/ctl_mission_interfaces
